[Launcher] Config/saves anchored to '/home/deck/argame/capture-fast-path-20260912.XW1iYR/'.
[run-dir] runs/20260912-173146 (console.log + dumps ringfenced here; AR_NO_RUN_DIR=1 disables)
[runner-trace] recorder=excluded deep_instrumentation=excluded mode=off
Loaded ROM: /home/deck/argame/capture-fast-path-20260912.XW1iYR/ar.sfc (1048576 bytes)
[video-geometry] 16:10 square-PAR -> 120 extra columns/side (render width 496)
[video] driver: wayland (available: x11 wayland offscreen dummy evdev)
[render] ordered GPU interop enabled (offscreen SDL + one swapchain present)
[display] GPU frames in flight: 1
[hd-manifest] [replace:title-logo] game-assets/hd/title-logo.png (2087x754)
[hd-manifest] [replace:title-swirl] game-assets/hd/title-logo.png (2087x754, mode7)
[hd-manifest] 2 entries, 2 with art
[settings-menu] decoded ActRaiser font: $1000 bytes from ROM offset $0BECFB (2725 compressed bytes consumed)
[settings-menu] decoded native dialog frame: chars ROM $06C000, palette ROM $0E3F73
[diorama-layers] loaded diorama-layers.ini: 24 room(s), 34 plane override(s)
[input] gamepad 1 connected: Steam Deck Controller
[music-manifest] [music:title-theme] game-assets/audio/title.ogg (48000 Hz, 8845689 frames, loop 0..8845689)
[music-manifest] [music:song-00] game-assets/audio/fillmore.ogg (44100 Hz, 7050707 frames, loop 0..7050707)
[music-manifest] [music:song-01] game-assets/audio/sky-palace.ogg (48000 Hz, 6389760 frames, loop 0..6389760)
[music-manifest] [music:song-02] game-assets/audio/bp.ogg (44100 Hz, 5369615 frames, loop 0..5369615)
[music-manifest] [music:song-08] game-assets/audio/advent.ogg (48000 Hz, 735609 frames, loop 0..735609)
[music-manifest] [music:song-09] game-assets/audio/act2.ogg (44100 Hz, 6182827 frames, loop 0..6182827)
[music-manifest] [music:song-10] game-assets/audio/birth-of-the-people.ogg (48000 Hz, 16201213 frames, loop 0..16201213)
[music-manifest] [music:song-11] game-assets/audio/level-up.ogg (48000 Hz, 451396 frames, loop 0..451396)
[music-manifest] 17 entries, 8 with audio
[audio-ext] extended sound channels enabled (40 voices, 8 effect lanes)
[saves] loaded native-srm backend from /home/deck/argame/capture-fast-path-20260912.XW1iYR/visible-fillmore-vsync/seed.srm
[save-editor] boot edits rejected: no staged save edits change the image
[input-replay] 2548 legacy records, max gf=21845 last gf=2508 from /home/deck/argame/capture-fast-path-20260912.XW1iYR/saves/fillmore-act.rec
[audio] stream input 44100 Hz, device 44100 Hz 512-frame buffer (requested 512 frames)
[widescreen] gf=0 $18=00 $19=00 -> pillarbox clamp=00 mirror=00 repeat=00 bands=0/811c9dc5 normal=00 hud=0/0/0 left-only-y=0 bg-plan=0 source=none/none hle=00
[localization] enhanced: Excellent Adventure English - Full Edition
[crt] shader ready
[music] src=1A:94B8 song=01 -> [music:title-theme] game-assets/audio/title.ogg
[pipeline-perf] scene=Native/menu host=0 map=00/00 output=1280x800 frames=94 fps=92.2 cadence-ms=10.841 p95=11.829 max=17.293 refresh=0 vsync=1 cap=0 gpu-ms=unavailable
[pipeline-stage] events/input mean-ms=0.0610 peak-call-ms=0.2114 calls=121
[pipeline-stage] emulation mean-ms=0.1228 peak-call-ms=3.5572 calls=61
[pipeline-stage] PPU + capture mean-ms=0.1290 peak-call-ms=1.2003 calls=61
[pipeline-stage] world map build mean-ms=0.0003 peak-call-ms=0.0009 calls=61
[pipeline-stage] SIM metadata mean-ms=0.0145 peak-call-ms=0.1208 calls=61
[pipeline-stage] town canvas mean-ms=0.0008 peak-call-ms=0.0117 calls=61
[pipeline-stage] frame snapshot mean-ms=0.0969 peak-call-ms=6.6237 calls=61
[pipeline-stage] upload mean-ms=0.1230 peak-call-ms=2.7678 calls=61
[pipeline-stage] presentation mean-ms=0.1517 peak-call-ms=1.5373 calls=94
[pipeline-stage] CRT/resolve mean-ms=0.0235 peak-call-ms=0.3786 calls=188
[pipeline-stage] host UI mean-ms=0.0085 peak-call-ms=0.0341 calls=94
[pipeline-stage] settings UI mean-ms=0.0006 peak-call-ms=0.0012 calls=94
[pipeline-stage] present/wait mean-ms=9.9339 peak-call-ms=12.0374 calls=94
[pipeline-stage] pacing/sleep mean-ms=0.3069 peak-call-ms=1.0830 calls=121
[pipeline-stage] housekeeping mean-ms=0.0008 peak-call-ms=0.0029 calls=61
[pipeline-stage] PPU setup mean-ms=0.0038 peak-call-ms=0.0625 calls=61
[pipeline-stage] PPU scanout mean-ms=0.1125 peak-call-ms=0.8420 calls=61
[pipeline-stage] PPU finish mean-ms=0.0008 peak-call-ms=0.0027 calls=61
[pipeline-work] ticks=0.65 repre=0.35 draws=0.0 vertices=0 upload-MiB=0.027 depth-MiB=0.000 depth-copy-MiB=0.000 depth-copy-calls=0.00 jobs=0.00 helpers=0.00 fallback=0.00 failed=0.00 (per-present)
[pipeline-traffic] upload-calls=0.04 skipped=0.00 scan-MiB=1.623 upload-MiB=0.027 mirror-realloc=0.03 (per-present)
[pipeline-atlas] reuse=0.00 copy-MiB=0.000 copy-calls=0.00 (per-present; copies are GPU-only)
[pipeline-path] cpu-project=0.00 cpu-stage=0.00 gpu-reuse=0.00 publish=0.00 opt-out=0.00 limit=0.00 rejected=0.00 (events/present, not view fallbacks)
[pipeline-perf] scene=Native/menu host=0 map=00/00 output=1280x800 frames=92 fps=90.0 cadence-ms=11.108 p95=11.355 max=15.474 refresh=0 vsync=1 cap=0 gpu-ms=unavailable
[pipeline-stage] events/input mean-ms=0.1353 peak-call-ms=7.7808 calls=92
[pipeline-stage] emulation mean-ms=0.0637 peak-call-ms=1.1382 calls=62
[pipeline-stage] PPU + capture mean-ms=0.7804 peak-call-ms=4.8745 calls=62
[pipeline-stage] world map build mean-ms=0.0003 peak-call-ms=0.0008 calls=62
[pipeline-stage] SIM metadata mean-ms=0.0143 peak-call-ms=0.0524 calls=62
[pipeline-stage] town canvas mean-ms=0.0007 peak-call-ms=0.0017 calls=62
[pipeline-stage] frame snapshot mean-ms=0.0271 peak-call-ms=0.0556 calls=62
[pipeline-stage] upload mean-ms=0.4286 peak-call-ms=2.5084 calls=62
[pipeline-stage] presentation mean-ms=0.1231 peak-call-ms=0.3095 calls=92
[pipeline-stage] CRT/resolve mean-ms=0.0178 peak-call-ms=0.0464 calls=184
[pipeline-stage] host UI mean-ms=0.0083 peak-call-ms=0.0180 calls=92
[pipeline-stage] settings UI mean-ms=0.0006 peak-call-ms=0.0010 calls=92
[pipeline-stage] present/wait mean-ms=9.4162 peak-call-ms=11.2193 calls=92
[pipeline-stage] pacing/sleep mean-ms=0.0006 peak-call-ms=0.0010 calls=92
[pipeline-stage] housekeeping mean-ms=0.0007 peak-call-ms=0.0017 calls=62
[pipeline-stage] PPU setup mean-ms=0.0033 peak-call-ms=0.0066 calls=62
[pipeline-stage] PPU scanout mean-ms=0.7669 peak-call-ms=4.8534 calls=62
[pipeline-stage] PPU finish mean-ms=0.0008 peak-call-ms=0.0024 calls=62
[pipeline-work] ticks=0.67 repre=0.33 draws=0.0 vertices=0 upload-MiB=1.498 depth-MiB=0.000 depth-copy-MiB=0.000 depth-copy-calls=0.00 jobs=0.00 helpers=0.00 fallback=0.00 failed=0.00 (per-present)
[pipeline-traffic] upload-calls=0.15 skipped=0.00 scan-MiB=1.714 upload-MiB=1.498 mirror-realloc=0.00 (per-present)
[pipeline-atlas] reuse=0.00 copy-MiB=0.000 copy-calls=0.00 (per-present; copies are GPU-only)
[pipeline-path] cpu-project=0.00 cpu-stage=0.00 gpu-reuse=0.00 publish=0.00 opt-out=0.00 limit=0.00 rejected=0.00 (events/present, not view fallbacks)
[pipeline-perf] scene=Native/menu host=0 map=00/00 output=1280x800 frames=92 fps=90.0 cadence-ms=11.108 p95=11.342 max=11.533 refresh=0 vsync=1 cap=0 gpu-ms=unavailable
[pipeline-stage] events/input mean-ms=0.0522 peak-call-ms=0.0747 calls=92
[pipeline-stage] emulation mean-ms=0.1065 peak-call-ms=1.1260 calls=61
[pipeline-stage] PPU + capture mean-ms=1.3961 peak-call-ms=4.8622 calls=61
[pipeline-stage] world map build mean-ms=0.0003 peak-call-ms=0.0009 calls=61
[pipeline-stage] SIM metadata mean-ms=0.0142 peak-call-ms=0.0542 calls=61
[pipeline-stage] town canvas mean-ms=0.0007 peak-call-ms=0.0020 calls=61
[pipeline-stage] frame snapshot mean-ms=0.0291 peak-call-ms=0.2673 calls=61
[pipeline-stage] upload mean-ms=0.5014 peak-call-ms=2.4337 calls=61
[pipeline-stage] presentation mean-ms=0.1144 peak-call-ms=0.1791 calls=92
[pipeline-stage] CRT/resolve mean-ms=0.0159 peak-call-ms=0.0140 calls=184
[pipeline-stage] host UI mean-ms=0.0077 peak-call-ms=0.0170 calls=92
[pipeline-stage] settings UI mean-ms=0.0006 peak-call-ms=0.0008 calls=92
[pipeline-stage] present/wait mean-ms=8.7722 peak-call-ms=11.1366 calls=92
[pipeline-stage] pacing/sleep mean-ms=0.0005 peak-call-ms=0.0012 calls=92
[pipeline-stage] housekeeping mean-ms=0.0008 peak-call-ms=0.0018 calls=61
[pipeline-stage] PPU setup mean-ms=0.0032 peak-call-ms=0.0069 calls=61
[pipeline-stage] PPU scanout mean-ms=1.3826 peak-call-ms=4.8424 calls=61
[pipeline-stage] PPU finish mean-ms=0.0010 peak-call-ms=0.0024 calls=61
[pipeline-work] ticks=0.66 repre=0.34 draws=0.0 vertices=0 upload-MiB=1.725 depth-MiB=0.000 depth-copy-MiB=0.000 depth-copy-calls=0.00 jobs=0.00 helpers=0.00 fallback=0.00 failed=0.00 (per-present)
[pipeline-traffic] upload-calls=0.29 skipped=0.00 scan-MiB=1.704 upload-MiB=1.725 mirror-realloc=0.00 (per-present)
[pipeline-atlas] reuse=0.00 copy-MiB=0.000 copy-calls=0.00 (per-present; copies are GPU-only)
[pipeline-path] cpu-project=0.00 cpu-stage=0.00 gpu-reuse=0.00 publish=0.00 opt-out=0.00 limit=0.00 rejected=0.00 (events/present, not view fallbacks)
[pipeline-perf] scene=Native/menu host=0 map=00/00 output=1280x800 frames=91 fps=89.9 cadence-ms=11.118 p95=11.453 max=11.779 refresh=0 vsync=1 cap=0 gpu-ms=unavailable
[pipeline-stage] events/input mean-ms=0.0521 peak-call-ms=0.0824 calls=91
[pipeline-stage] emulation mean-ms=0.1297 peak-call-ms=2.1183 calls=61
[pipeline-stage] PPU + capture mean-ms=1.5526 peak-call-ms=4.5774 calls=61
[pipeline-stage] world map build mean-ms=0.0003 peak-call-ms=0.0008 calls=61
[pipeline-stage] SIM metadata mean-ms=0.0131 peak-call-ms=0.0246 calls=61
[pipeline-stage] town canvas mean-ms=0.0007 peak-call-ms=0.0014 calls=61
[pipeline-stage] frame snapshot mean-ms=0.0274 peak-call-ms=0.1756 calls=61
[pipeline-stage] upload mean-ms=0.7136 peak-call-ms=4.3877 calls=61
[pipeline-stage] presentation mean-ms=0.1932 peak-call-ms=6.4273 calls=91
[pipeline-stage] CRT/resolve mean-ms=0.0166 peak-call-ms=0.0339 calls=182
[pipeline-stage] host UI mean-ms=0.0078 peak-call-ms=0.0259 calls=91
[pipeline-stage] settings UI mean-ms=0.0006 peak-call-ms=0.0008 calls=91
[pipeline-stage] present/wait mean-ms=8.3175 peak-call-ms=10.9825 calls=91
[pipeline-stage] pacing/sleep mean-ms=0.0005 peak-call-ms=0.0011 calls=91
[pipeline-stage] housekeeping mean-ms=0.0008 peak-call-ms=0.0021 calls=61
[pipeline-stage] PPU setup mean-ms=0.0032 peak-call-ms=0.0061 calls=61
[pipeline-stage] PPU scanout mean-ms=1.5392 peak-call-ms=4.5567 calls=61
[pipeline-stage] PPU finish mean-ms=0.0009 peak-call-ms=0.0020 calls=61
[pipeline-work] ticks=0.67 repre=0.33 draws=0.0 vertices=0 upload-MiB=2.070 depth-MiB=0.000 depth-copy-MiB=0.000 depth-copy-calls=0.00 jobs=0.00 helpers=0.00 fallback=0.00 failed=0.00 (per-present)
[pipeline-traffic] upload-calls=0.69 skipped=0.00 scan-MiB=1.765 upload-MiB=2.070 mirror-realloc=0.00 (per-present)
[pipeline-atlas] reuse=0.00 copy-MiB=0.000 copy-calls=0.00 (per-present; copies are GPU-only)
[pipeline-path] cpu-project=0.00 cpu-stage=0.00 gpu-reuse=0.00 publish=0.00 opt-out=0.00 limit=0.00 rejected=0.00 (events/present, not view fallbacks)
[music] stop [music:title-theme] (driver halt $F0)
[widescreen] gf=310 $18=00 $19=07 -> WIDE clamp=00 mirror=00 repeat=00 bands=0/811c9dc5 normal=00 hud=32/168/168 left-only-y=32 bg-plan=0 source=none/none hle=00
[sim-worldmap] HLE built from sim state at gf=310 after Sky Palace entry (2623 tiles changed)
[sim3d-view] gf=310 none -> authentic (view fallback) (inactive, view=authentic_fallback, integrity=$0, mismatch=0 px) after 310 frame(s)
[music] src=1C:A988 song=01 -> [music:song-01] game-assets/audio/sky-palace.ogg
[sim3d-view] gf=311 authentic (view fallback) -> Sky Palace globe (inactive, view=sky_palace, integrity=$0, mismatch=0 px) after 1 frame(s)
[world-navigation-setup] mountains=26.404ms cliffs=17.651ms art=26.183ms
[pipeline-perf] scene=Sky Palace host=0 map=00/07 output=1280x800 frames=93 fps=92.0 cadence-ms=10.873 p95=11.963 max=14.892 refresh=0 vsync=1 cap=0 gpu-ms=unavailable
[pipeline-stage] events/input mean-ms=0.0556 peak-call-ms=0.2140 calls=93
[pipeline-stage] emulation mean-ms=0.1666 peak-call-ms=1.5373 calls=63
[pipeline-stage] PPU + capture mean-ms=2.6344 peak-call-ms=4.2528 calls=61
[pipeline-stage] world map build mean-ms=0.0033 peak-call-ms=0.0280 calls=61
[pipeline-stage] SIM metadata mean-ms=0.0237 peak-call-ms=0.0434 calls=61
[pipeline-stage] town canvas mean-ms=0.0006 peak-call-ms=0.0015 calls=61
[pipeline-stage] frame snapshot mean-ms=0.0325 peak-call-ms=0.0870 calls=61
[pipeline-stage] upload mean-ms=0.8216 peak-call-ms=3.1368 calls=61
[pipeline-stage] presentation mean-ms=3.4151 peak-call-ms=224.6015 calls=93
[pipeline-stage] CRT/resolve mean-ms=0.0177 peak-call-ms=0.0956 calls=186
[pipeline-stage] host UI mean-ms=0.0080 peak-call-ms=0.0311 calls=93
[pipeline-stage] settings UI mean-ms=0.0007 peak-call-ms=0.0017 calls=93
[pipeline-stage] present/wait mean-ms=5.9755 peak-call-ms=11.2374 calls=93
[pipeline-stage] pacing/sleep mean-ms=0.0008 peak-call-ms=0.0024 calls=93
[pipeline-stage] housekeeping mean-ms=0.0008 peak-call-ms=0.0026 calls=61
[pipeline-stage] PPU setup mean-ms=0.0044 peak-call-ms=0.0279 calls=61
[pipeline-stage] PPU scanout mean-ms=2.5972 peak-call-ms=4.1809 calls=61
[pipeline-stage] PPU finish mean-ms=0.0050 peak-call-ms=0.0137 calls=61
[pipeline-stage] job owner mean-ms=0.0736 peak-call-ms=2.3236 calls=6
[pipeline-stage] job helpers* mean-ms=0.2990 peak-call-ms=3.5984 calls=15
[pipeline-stage] job join wait mean-ms=0.0566 peak-call-ms=1.9109 calls=5
[pipeline-stage] SIM upload mean-ms=1.0598 peak-call-ms=70.2747 calls=93
[pipeline-stage] SIM backdrop mean-ms=0.0030 peak-call-ms=0.0093 calls=93
[pipeline-stage] SIM terrain mean-ms=0.6786 peak-call-ms=62.2844 calls=93
[pipeline-stage] SIM depth pass mean-ms=0.2177 peak-call-ms=0.1306 calls=752
[pipeline-stage] SIM model project mean-ms=0.3110 peak-call-ms=28.8787 calls=93
[pipeline-stage] SIM depth submit mean-ms=0.2689 peak-call-ms=1.7645 calls=93
[pipeline-stage] SIM clouds mean-ms=0.4691 peak-call-ms=34.8134 calls=93
[pipeline-stage] world animation mean-ms=0.1296 peak-call-ms=4.2598 calls=3
[pipeline-stage] world transfer mean-ms=0.2200 peak-call-ms=6.2313 calls=62
[pipeline-stage] world prepare mean-ms=0.2121 peak-call-ms=18.9681 calls=186
[pipeline-stage] world atmosphere mean-ms=0.0525 peak-call-ms=0.2870 calls=93
[pipeline-work] ticks=0.68 repre=0.34 draws=27.0 vertices=971162 upload-MiB=1.431 depth-MiB=0.185 depth-copy-MiB=0.070 depth-copy-calls=0.04 jobs=0.06 helpers=0.16 fallback=0.00 failed=0.00 (per-present)
[pipeline-traffic] upload-calls=2.67 skipped=0.00 scan-MiB=1.636 upload-MiB=1.431 mirror-realloc=0.00 (per-present)
[pipeline-atlas] reuse=0.96 copy-MiB=0.688 copy-calls=0.04 (per-present; copies are GPU-only)
[pipeline-path] cpu-project=1.01 cpu-stage=0.00 gpu-reuse=2.00 publish=0.02 opt-out=0.00 limit=0.00 rejected=0.00 (events/present, not view fallbacks)
[widescreen] gf=374 $18=00 $19=09 -> WIDE clamp=00 mirror=00 repeat=00 bands=0/811c9dc5 normal=00 hud=0/0/0 left-only-y=0 bg-plan=0 source=none/none hle=00
[sim-worldmap] HLE built from sim state at gf=374 after world-navigation entry (0 tiles changed)
[world-navigation-capture] gf=374 fallback=forced-blank
[sim3d-view] gf=374 Sky Palace globe -> authentic (view fallback) (inactive, view=authentic_fallback, integrity=$0, mismatch=0 px) after 63 frame(s)
[sim3d-view] gf=375 authentic (view fallback) -> world navigation 3D (inactive, view=world_navigation, integrity=$0, mismatch=0 px) after 1 frame(s)
[warp] from $18=$00 $19=$09 staged region=$01 map=$01 ($1B/$1A/$FB set); transition processor should pick it up.
[world-navigation-capture] gf=402 fallback=forced-blank
[sim3d-view] gf=402 world navigation 3D -> authentic (view fallback) (inactive, view=authentic_fallback, integrity=$0, mismatch=0 px) after 27 frame(s)
[pipeline-perf] scene=Native/menu host=0 map=00/09 output=1280x800 frames=91 fps=89.9 cadence-ms=11.120 p95=11.291 max=12.116 refresh=0 vsync=1 cap=0 gpu-ms=unavailable
[pipeline-stage] events/input mean-ms=0.0514 peak-call-ms=0.0771 calls=91
[pipeline-stage] emulation mean-ms=0.0637 peak-call-ms=1.1396 calls=61
[pipeline-stage] PPU + capture mean-ms=0.0799 peak-call-ms=0.1550 calls=61
[pipeline-stage] world map build mean-ms=0.0011 peak-call-ms=0.0026 calls=61
[pipeline-stage] SIM metadata mean-ms=0.0237 peak-call-ms=0.0591 calls=61
[pipeline-stage] town canvas mean-ms=0.0006 peak-call-ms=0.0014 calls=61
[pipeline-stage] frame snapshot mean-ms=0.0285 peak-call-ms=0.0784 calls=61
[pipeline-stage] upload mean-ms=0.0660 peak-call-ms=0.8695 calls=61
[pipeline-stage] presentation mean-ms=0.0892 peak-call-ms=0.2170 calls=91
[pipeline-stage] CRT/resolve mean-ms=0.0691 peak-call-ms=0.1869 calls=182
[pipeline-stage] host UI mean-ms=0.0089 peak-call-ms=0.0185 calls=91
[pipeline-stage] settings UI mean-ms=0.0006 peak-call-ms=0.0011 calls=91
[pipeline-stage] present/wait mean-ms=10.5995 peak-call-ms=11.9105 calls=91
[pipeline-stage] pacing/sleep mean-ms=0.0005 peak-call-ms=0.0011 calls=91
[pipeline-stage] housekeeping mean-ms=0.0008 peak-call-ms=0.0027 calls=61
[pipeline-stage] PPU setup mean-ms=0.0034 peak-call-ms=0.0106 calls=61
[pipeline-stage] PPU scanout mean-ms=0.0661 peak-call-ms=0.1290 calls=61
[pipeline-stage] PPU finish mean-ms=0.0007 peak-call-ms=0.0022 calls=61
[pipeline-work] ticks=0.67 repre=0.33 draws=0.0 vertices=0 upload-MiB=0.014 depth-MiB=0.000 depth-copy-MiB=0.000 depth-copy-calls=0.00 jobs=0.00 helpers=0.00 fallback=1.00 failed=0.00 (per-present)
[pipeline-traffic] upload-calls=0.02 skipped=0.00 scan-MiB=1.132 upload-MiB=0.014 mirror-realloc=0.00 (per-present)
[pipeline-atlas] reuse=0.00 copy-MiB=0.000 copy-calls=0.00 (per-present; copies are GPU-only)
[pipeline-path] cpu-project=0.00 cpu-stage=0.00 gpu-reuse=0.00 publish=0.00 opt-out=0.00 limit=0.00 rejected=0.00 (events/present, not view fallbacks)
[pipeline-perf] scene=Native/menu host=0 map=00/09 output=1280x800 frames=92 fps=90.0 cadence-ms=11.110 p95=11.323 max=11.402 refresh=0 vsync=1 cap=0 gpu-ms=unavailable
[pipeline-stage] events/input mean-ms=0.0498 peak-call-ms=0.1163 calls=92
[pipeline-stage] emulation mean-ms=0.0507 peak-call-ms=1.4461 calls=62
[pipeline-stage] PPU + capture mean-ms=0.0776 peak-call-ms=0.1585 calls=62
[pipeline-stage] world map build mean-ms=0.0011 peak-call-ms=0.0029 calls=62
[pipeline-stage] SIM metadata mean-ms=0.0233 peak-call-ms=0.0731 calls=62
[pipeline-stage] town canvas mean-ms=0.0006 peak-call-ms=0.0015 calls=62
[pipeline-stage] frame snapshot mean-ms=0.0267 peak-call-ms=0.0622 calls=62
[pipeline-stage] upload mean-ms=0.0612 peak-call-ms=0.2649 calls=62
[pipeline-stage] presentation mean-ms=0.0893 peak-call-ms=0.2188 calls=92
[pipeline-stage] CRT/resolve mean-ms=0.0697 peak-call-ms=0.1867 calls=184
[pipeline-stage] host UI mean-ms=0.0087 peak-call-ms=0.0289 calls=92
[pipeline-stage] settings UI mean-ms=0.0006 peak-call-ms=0.0010 calls=92
[pipeline-stage] present/wait mean-ms=10.6235 peak-call-ms=11.1357 calls=92
[pipeline-stage] pacing/sleep mean-ms=0.0005 peak-call-ms=0.0012 calls=92
[pipeline-stage] housekeeping mean-ms=0.0008 peak-call-ms=0.0019 calls=62
[pipeline-stage] PPU setup mean-ms=0.0033 peak-call-ms=0.0085 calls=62
[pipeline-stage] PPU scanout mean-ms=0.0638 peak-call-ms=0.1304 calls=62
[pipeline-stage] PPU finish mean-ms=0.0007 peak-call-ms=0.0017 calls=62
[pipeline-work] ticks=0.67 repre=0.33 draws=0.0 vertices=0 upload-MiB=0.000 depth-MiB=0.000 depth-copy-MiB=0.000 depth-copy-calls=0.00 jobs=0.00 helpers=0.00 fallback=1.00 failed=0.00 (per-present)
[pipeline-traffic] upload-calls=0.00 skipped=0.00 scan-MiB=1.142 upload-MiB=0.000 mirror-realloc=0.00 (per-present)
[pipeline-atlas] reuse=0.00 copy-MiB=0.000 copy-calls=0.00 (per-present; copies are GPU-only)
[pipeline-path] cpu-project=0.00 cpu-stage=0.00 gpu-reuse=0.00 publish=0.00 opt-out=0.00 limit=0.00 rejected=0.00 (events/present, not view fallbacks)
[pipeline-perf] scene=Native/menu host=0 map=00/09 output=1280x800 frames=91 fps=90.0 cadence-ms=11.111 p95=11.278 max=11.373 refresh=0 vsync=1 cap=0 gpu-ms=unavailable
[pipeline-stage] events/input mean-ms=0.1410 peak-call-ms=8.3127 calls=91
[pipeline-stage] emulation mean-ms=0.0516 peak-call-ms=1.0955 calls=60
[pipeline-stage] PPU + capture mean-ms=0.0763 peak-call-ms=0.1504 calls=60
[pipeline-stage] world map build mean-ms=0.0010 peak-call-ms=0.0022 calls=60
[pipeline-stage] SIM metadata mean-ms=0.0223 peak-call-ms=0.0593 calls=60
[pipeline-stage] town canvas mean-ms=0.0006 peak-call-ms=0.0013 calls=60
[pipeline-stage] frame snapshot mean-ms=0.0272 peak-call-ms=0.0765 calls=60
[pipeline-stage] upload mean-ms=0.0563 peak-call-ms=0.1209 calls=60
[pipeline-stage] presentation mean-ms=0.0872 peak-call-ms=0.1507 calls=91
[pipeline-stage] CRT/resolve mean-ms=0.0677 peak-call-ms=0.1222 calls=182
[pipeline-stage] host UI mean-ms=0.0087 peak-call-ms=0.0243 calls=91
[pipeline-stage] settings UI mean-ms=0.0005 peak-call-ms=0.0009 calls=91
[pipeline-stage] present/wait mean-ms=10.5352 peak-call-ms=11.1657 calls=91
[pipeline-stage] pacing/sleep mean-ms=0.0005 peak-call-ms=0.0009 calls=91
[pipeline-stage] housekeeping mean-ms=0.0008 peak-call-ms=0.0017 calls=60
[pipeline-stage] PPU setup mean-ms=0.0036 peak-call-ms=0.0236 calls=60
[pipeline-stage] PPU scanout mean-ms=0.0632 peak-call-ms=0.1212 calls=60
[pipeline-stage] PPU finish mean-ms=0.0007 peak-call-ms=0.0016 calls=60
[pipeline-work] ticks=0.66 repre=0.34 draws=0.0 vertices=0 upload-MiB=0.000 depth-MiB=0.000 depth-copy-MiB=0.000 depth-copy-calls=0.00 jobs=0.00 helpers=0.00 fallback=1.00 failed=0.00 (per-present)
[pipeline-traffic] upload-calls=0.00 skipped=0.00 scan-MiB=1.118 upload-MiB=0.000 mirror-realloc=0.00 (per-present)
[pipeline-atlas] reuse=0.00 copy-MiB=0.000 copy-calls=0.00 (per-present; copies are GPU-only)
[pipeline-path] cpu-project=0.00 cpu-stage=0.00 gpu-reuse=0.00 publish=0.00 opt-out=0.00 limit=0.00 rejected=0.00 (events/present, not view fallbacks)
[pipeline-perf] scene=Native/menu host=0 map=00/09 output=1280x800 frames=92 fps=90.0 cadence-ms=11.109 p95=11.291 max=11.385 refresh=0 vsync=1 cap=0 gpu-ms=unavailable
[pipeline-stage] events/input mean-ms=0.0509 peak-call-ms=0.0702 calls=92
[pipeline-stage] emulation mean-ms=0.0903 peak-call-ms=1.4722 calls=62
[pipeline-stage] PPU + capture mean-ms=0.0768 peak-call-ms=0.1466 calls=62
[pipeline-stage] world map build mean-ms=0.0010 peak-call-ms=0.0022 calls=62
[pipeline-stage] SIM metadata mean-ms=0.0229 peak-call-ms=0.0614 calls=62
[pipeline-stage] town canvas mean-ms=0.0006 peak-call-ms=0.0012 calls=62
[pipeline-stage] frame snapshot mean-ms=0.0267 peak-call-ms=0.0507 calls=62
[pipeline-stage] upload mean-ms=0.0573 peak-call-ms=0.1138 calls=62
[pipeline-stage] presentation mean-ms=0.0867 peak-call-ms=0.1276 calls=92
[pipeline-stage] CRT/resolve mean-ms=0.0669 peak-call-ms=0.1030 calls=184
[pipeline-stage] host UI mean-ms=0.0088 peak-call-ms=0.0245 calls=92
[pipeline-stage] settings UI mean-ms=0.0006 peak-call-ms=0.0010 calls=92
[pipeline-stage] present/wait mean-ms=10.5809 peak-call-ms=11.0529 calls=92
[pipeline-stage] pacing/sleep mean-ms=0.0005 peak-call-ms=0.0008 calls=92
[pipeline-stage] housekeeping mean-ms=0.0010 peak-call-ms=0.0192 calls=62
[pipeline-stage] PPU setup mean-ms=0.0032 peak-call-ms=0.0067 calls=62
[pipeline-stage] PPU scanout mean-ms=0.0639 peak-call-ms=0.1278 calls=62
[pipeline-stage] PPU finish mean-ms=0.0007 peak-call-ms=0.0016 calls=62
[pipeline-work] ticks=0.67 repre=0.33 draws=0.0 vertices=0 upload-MiB=0.000 depth-MiB=0.000 depth-copy-MiB=0.000 depth-copy-calls=0.00 jobs=0.00 helpers=0.00 fallback=1.00 failed=0.00 (per-present)
[pipeline-traffic] upload-calls=0.00 skipped=0.00 scan-MiB=1.142 upload-MiB=0.000 mirror-realloc=0.00 (per-present)
[pipeline-atlas] reuse=0.00 copy-MiB=0.000 copy-calls=0.00 (per-present; copies are GPU-only)
[pipeline-path] cpu-project=0.00 cpu-stage=0.00 gpu-reuse=0.00 publish=0.00 opt-out=0.00 limit=0.00 rejected=0.00 (events/present, not view fallbacks)
[pipeline-perf] scene=Native/menu host=0 map=00/09 output=1280x800 frames=91 fps=90.0 cadence-ms=11.113 p95=11.280 max=11.395 refresh=0 vsync=1 cap=0 gpu-ms=unavailable
[pipeline-stage] events/input mean-ms=0.1398 peak-call-ms=8.1373 calls=91
[pipeline-stage] emulation mean-ms=0.0919 peak-call-ms=1.6273 calls=61
[pipeline-stage] PPU + capture mean-ms=0.0752 peak-call-ms=0.1626 calls=61
[pipeline-stage] world map build mean-ms=0.0010 peak-call-ms=0.0022 calls=61
[pipeline-stage] SIM metadata mean-ms=0.0228 peak-call-ms=0.0625 calls=61
[pipeline-stage] town canvas mean-ms=0.0006 peak-call-ms=0.0014 calls=61
[pipeline-stage] frame snapshot mean-ms=0.0260 peak-call-ms=0.0616 calls=61
[pipeline-stage] upload mean-ms=0.0538 peak-call-ms=0.1078 calls=61
[pipeline-stage] presentation mean-ms=0.0848 peak-call-ms=0.1564 calls=91
[pipeline-stage] CRT/resolve mean-ms=0.0660 peak-call-ms=0.1185 calls=182
[pipeline-stage] host UI mean-ms=0.0082 peak-call-ms=0.0178 calls=91
[pipeline-stage] settings UI mean-ms=0.0005 peak-call-ms=0.0009 calls=91
[pipeline-stage] present/wait mean-ms=10.5087 peak-call-ms=11.2045 calls=91
[pipeline-stage] pacing/sleep mean-ms=0.0004 peak-call-ms=0.0010 calls=91
[pipeline-stage] housekeeping mean-ms=0.0007 peak-call-ms=0.0018 calls=61
[pipeline-stage] PPU setup mean-ms=0.0032 peak-call-ms=0.0069 calls=61
[pipeline-stage] PPU scanout mean-ms=0.0626 peak-call-ms=0.1436 calls=61
[pipeline-stage] PPU finish mean-ms=0.0007 peak-call-ms=0.0014 calls=61
[pipeline-work] ticks=0.67 repre=0.33 draws=0.0 vertices=0 upload-MiB=0.000 depth-MiB=0.000 depth-copy-MiB=0.000 depth-copy-calls=0.00 jobs=0.00 helpers=0.00 fallback=1.00 failed=0.00 (per-present)
[pipeline-traffic] upload-calls=0.00 skipped=0.00 scan-MiB=1.136 upload-MiB=0.000 mirror-realloc=0.00 (per-present)
[pipeline-atlas] reuse=0.00 copy-MiB=0.000 copy-calls=0.00 (per-present; copies are GPU-only)
[pipeline-path] cpu-project=0.00 cpu-stage=0.00 gpu-reuse=0.00 publish=0.00 opt-out=0.00 limit=0.00 rejected=0.00 (events/present, not view fallbacks)
[music] stop [music:song-01] (driver halt $F0)
[action-bg-hle] full world-layer provider enabled
[action-bg-hle] fallback=forced-blank map=01/01 BG1
[widescreen] gf=402 $18=01 $19=01 -> WIDE clamp=00 mirror=00 repeat=00 bands=0/811c9dc5 normal=00 hud=40/88/168 left-only-y=28 bg-plan=1 source=world/world hle=00
[sim3d-view] gf=402 authentic (view fallback) -> none (inactive, view=none, integrity=$0, mismatch=0 px) after 0 frame(s)
[act-enter] $18=01 $19=01 at game-frame 402
[music] src=18:947F song=01 -> [music:song-00] game-assets/audio/fillmore.ogg
[action-room-scene] ROM-derived world source enabled
[widescreen] gf=403 $18=01 $19=01 -> WIDE clamp=00 mirror=00 repeat=00 bands=0/811c9dc5 normal=00 hud=40/88/168 left-only-y=28 bg-plan=1 source=world/world hle=03
[gpu-fx] blur shader ready
[gpu-fx] DOF shader ready
[gpu-fx] rim light shader ready
[pipeline-perf] scene=Action 3D host=0 map=01/01 output=1280x800 frames=92 fps=90.3 cadence-ms=11.069 p95=11.926 max=24.005 refresh=0 vsync=1 cap=0 gpu-ms=unavailable
[pipeline-stage] events/input mean-ms=0.0491 peak-call-ms=0.0685 calls=92
[pipeline-stage] emulation mean-ms=0.3055 peak-call-ms=7.8059 calls=61
[pipeline-stage] PPU + capture mean-ms=4.2503 peak-call-ms=8.6059 calls=61
[pipeline-stage] world map build mean-ms=0.0003 peak-call-ms=0.0009 calls=61
[pipeline-stage] SIM metadata mean-ms=0.0150 peak-call-ms=0.0322 calls=61
[pipeline-stage] town canvas mean-ms=0.0007 peak-call-ms=0.0063 calls=61
[pipeline-stage] frame snapshot mean-ms=0.0363 peak-call-ms=0.1056 calls=61
[pipeline-stage] upload mean-ms=0.9649 peak-call-ms=4.3158 calls=61
[pipeline-stage] presentation mean-ms=0.3893 peak-call-ms=10.1614 calls=92
[pipeline-stage] CRT/resolve mean-ms=0.0201 peak-call-ms=0.1040 calls=184
[pipeline-stage] host UI mean-ms=0.0066 peak-call-ms=0.0124 calls=92
[pipeline-stage] settings UI mean-ms=0.0006 peak-call-ms=0.0011 calls=92
[pipeline-stage] present/wait mean-ms=4.9718 peak-call-ms=10.9242 calls=92
[pipeline-stage] pacing/sleep mean-ms=0.0006 peak-call-ms=0.0012 calls=92
[pipeline-stage] housekeeping mean-ms=0.0008 peak-call-ms=0.0021 calls=61
[pipeline-stage] PPU setup mean-ms=0.0316 peak-call-ms=0.6331 calls=61
[pipeline-stage] PPU scanout mean-ms=4.1761 peak-call-ms=7.6631 calls=61
[pipeline-stage] PPU finish mean-ms=0.0033 peak-call-ms=0.0063 calls=61
[pipeline-stage] action total mean-ms=0.3565 peak-call-ms=10.0438 calls=80
[pipeline-stage] action upload mean-ms=0.5289 peak-call-ms=3.4820 calls=61
[pipeline-stage] action analysis mean-ms=0.0005 peak-call-ms=0.0013 calls=61
[pipeline-stage] action setup mean-ms=0.0311 peak-call-ms=0.6312 calls=61
[pipeline-stage] action scanout mean-ms=4.1757 peak-call-ms=7.6625 calls=61
[pipeline-stage] action finish mean-ms=0.0031 peak-call-ms=0.0060 calls=61
[pipeline-stage] action host-post mean-ms=0.0293 peak-call-ms=0.0613 calls=61
[pipeline-stage] action synthesis mean-ms=0.0004 peak-call-ms=0.0013 calls=80
[pipeline-stage] action mesh mean-ms=0.0053 peak-call-ms=0.0029 calls=400
[pipeline-stage] action supersample mean-ms=0.0243 peak-call-ms=0.1981 calls=80
[pipeline-stage] action DOF mean-ms=0.0532 peak-call-ms=0.3530 calls=80
[pipeline-stage] action submit mean-ms=0.0151 peak-call-ms=0.0256 calls=586
[pipeline-stage] action callback mean-ms=0.0006 peak-call-ms=0.0006 calls=400
[pipeline-work] ticks=0.66 repre=0.34 draws=6.4 vertices=431 upload-MiB=0.629 depth-MiB=0.000 depth-copy-MiB=0.000 depth-copy-calls=0.00 jobs=0.00 helpers=0.00 fallback=0.00 failed=0.00 (per-present)
[pipeline-traffic] upload-calls=2.52 skipped=1.11 scan-MiB=5.002 upload-MiB=0.629 mirror-realloc=0.08 (per-present)
[pipeline-atlas] reuse=0.00 copy-MiB=0.000 copy-calls=0.00 (per-present; copies are GPU-only)
[pipeline-path] cpu-project=0.00 cpu-stage=0.00 gpu-reuse=0.00 publish=0.00 opt-out=0.00 limit=0.00 rejected=0.00 (events/present, not view fallbacks)
[pipeline-perf] scene=Action 3D host=0 map=01/01 output=1280x800 frames=92 fps=90.0 cadence-ms=11.110 p95=12.521 max=18.176 refresh=0 vsync=1 cap=0 gpu-ms=unavailable
[pipeline-stage] events/input mean-ms=0.1308 peak-call-ms=7.5144 calls=92
[pipeline-stage] emulation mean-ms=0.2177 peak-call-ms=1.7650 calls=62
[pipeline-stage] PPU + capture mean-ms=4.7464 peak-call-ms=7.6723 calls=61
[pipeline-stage] world map build mean-ms=0.0003 peak-call-ms=0.0008 calls=61
[pipeline-stage] SIM metadata mean-ms=0.0146 peak-call-ms=0.0308 calls=61
[pipeline-stage] town canvas mean-ms=0.0007 peak-call-ms=0.0014 calls=61
[pipeline-stage] frame snapshot mean-ms=0.0345 peak-call-ms=0.0667 calls=61
[pipeline-stage] upload mean-ms=0.8252 peak-call-ms=1.8826 calls=61
[pipeline-stage] presentation mean-ms=0.3073 peak-call-ms=1.2598 calls=92
[pipeline-stage] CRT/resolve mean-ms=0.0143 peak-call-ms=0.0283 calls=184
[pipeline-stage] host UI mean-ms=0.0062 peak-call-ms=0.0127 calls=92
[pipeline-stage] settings UI mean-ms=0.0006 peak-call-ms=0.0009 calls=92
[pipeline-stage] present/wait mean-ms=4.7267 peak-call-ms=11.8953 calls=92
[pipeline-stage] pacing/sleep mean-ms=0.0006 peak-call-ms=0.0010 calls=92
[pipeline-stage] housekeeping mean-ms=0.0008 peak-call-ms=0.0033 calls=61
[pipeline-stage] PPU setup mean-ms=0.0262 peak-call-ms=0.0577 calls=61
[pipeline-stage] PPU scanout mean-ms=4.6927 peak-call-ms=7.5955 calls=61
[pipeline-stage] PPU finish mean-ms=0.0036 peak-call-ms=0.0076 calls=61
[pipeline-stage] action total mean-ms=0.2816 peak-call-ms=1.2282 calls=92
[pipeline-stage] action upload mean-ms=0.4692 peak-call-ms=1.0408 calls=61
[pipeline-stage] action analysis mean-ms=0.0005 peak-call-ms=0.0017 calls=61
[pipeline-stage] action setup mean-ms=0.0258 peak-call-ms=0.0569 calls=61
[pipeline-stage] action scanout mean-ms=4.6923 peak-call-ms=7.5947 calls=61
[pipeline-stage] action finish mean-ms=0.0034 peak-call-ms=0.0073 calls=61
[pipeline-stage] action host-post mean-ms=0.0285 peak-call-ms=0.0551 calls=61
[pipeline-stage] action synthesis mean-ms=0.0004 peak-call-ms=0.0009 calls=92
[pipeline-stage] action mesh mean-ms=0.0061 peak-call-ms=0.0022 calls=460
[pipeline-stage] action supersample mean-ms=0.0241 peak-call-ms=0.0399 calls=92
[pipeline-stage] action DOF mean-ms=0.0632 peak-call-ms=0.1115 calls=92
[pipeline-stage] action submit mean-ms=0.0170 peak-call-ms=0.0214 calls=661
[pipeline-stage] action callback mean-ms=0.0006 peak-call-ms=0.0005 calls=460
[pipeline-work] ticks=0.67 repre=0.34 draws=7.2 vertices=495 upload-MiB=0.390 depth-MiB=0.000 depth-copy-MiB=0.000 depth-copy-calls=0.00 jobs=0.00 helpers=0.00 fallback=0.00 failed=0.00 (per-present)
[pipeline-traffic] upload-calls=1.93 skipped=1.59 scan-MiB=5.578 upload-MiB=0.390 mirror-realloc=0.00 (per-present)
[pipeline-atlas] reuse=0.00 copy-MiB=0.000 copy-calls=0.00 (per-present; copies are GPU-only)
[pipeline-path] cpu-project=0.00 cpu-stage=0.00 gpu-reuse=0.00 publish=0.00 opt-out=0.00 limit=0.00 rejected=0.00 (events/present, not view fallbacks)
[pipeline-perf] scene=Action 3D host=0 map=01/01 output=1280x800 frames=92 fps=90.0 cadence-ms=11.110 p95=11.573 max=12.628 refresh=0 vsync=1 cap=0 gpu-ms=unavailable
[pipeline-stage] events/input mean-ms=0.0525 peak-call-ms=0.0785 calls=92
[pipeline-stage] emulation mean-ms=0.1950 peak-call-ms=1.6616 calls=61
[pipeline-stage] PPU + capture mean-ms=4.7522 peak-call-ms=8.1257 calls=61
[pipeline-stage] world map build mean-ms=0.0004 peak-call-ms=0.0070 calls=61
[pipeline-stage] SIM metadata mean-ms=0.0150 peak-call-ms=0.0445 calls=61
[pipeline-stage] town canvas mean-ms=0.0007 peak-call-ms=0.0014 calls=61
[pipeline-stage] frame snapshot mean-ms=0.0348 peak-call-ms=0.0789 calls=61
[pipeline-stage] upload mean-ms=0.8089 peak-call-ms=1.9299 calls=61
[pipeline-stage] presentation mean-ms=0.3076 peak-call-ms=1.2249 calls=92
[pipeline-stage] CRT/resolve mean-ms=0.0135 peak-call-ms=0.0123 calls=184
[pipeline-stage] host UI mean-ms=0.0062 peak-call-ms=0.0131 calls=92
[pipeline-stage] settings UI mean-ms=0.0006 peak-call-ms=0.0010 calls=92
[pipeline-stage] present/wait mean-ms=4.8355 peak-call-ms=10.9219 calls=92
[pipeline-stage] pacing/sleep mean-ms=0.0006 peak-call-ms=0.0010 calls=92
[pipeline-stage] housekeeping mean-ms=0.0008 peak-call-ms=0.0028 calls=61
[pipeline-stage] PPU setup mean-ms=0.0277 peak-call-ms=0.0654 calls=61
[pipeline-stage] PPU scanout mean-ms=4.6955 peak-call-ms=8.0306 calls=61
[pipeline-stage] PPU finish mean-ms=0.0036 peak-call-ms=0.0074 calls=61
[pipeline-stage] action total mean-ms=0.2826 peak-call-ms=1.1931 calls=92
[pipeline-stage] action upload mean-ms=0.4626 peak-call-ms=1.0464 calls=61
[pipeline-stage] action analysis mean-ms=0.0005 peak-call-ms=0.0010 calls=61
[pipeline-stage] action setup mean-ms=0.0273 peak-call-ms=0.0648 calls=61
[pipeline-stage] action scanout mean-ms=4.6952 peak-call-ms=8.0300 calls=61
[pipeline-stage] action finish mean-ms=0.0034 peak-call-ms=0.0070 calls=61
[pipeline-stage] action host-post mean-ms=0.0286 peak-call-ms=0.0650 calls=61
[pipeline-stage] action synthesis mean-ms=0.0004 peak-call-ms=0.0010 calls=92
[pipeline-stage] action mesh mean-ms=0.0059 peak-call-ms=0.0022 calls=460
[pipeline-stage] action supersample mean-ms=0.0237 peak-call-ms=0.0389 calls=92
[pipeline-stage] action DOF mean-ms=0.0660 peak-call-ms=0.1026 calls=92
[pipeline-stage] action submit mean-ms=0.0167 peak-call-ms=0.0260 calls=660
[pipeline-stage] action callback mean-ms=0.0006 peak-call-ms=0.0005 calls=460
[pipeline-work] ticks=0.66 repre=0.34 draws=7.2 vertices=495 upload-MiB=0.359 depth-MiB=0.000 depth-copy-MiB=0.000 depth-copy-calls=0.00 jobs=0.00 helpers=0.00 fallback=0.00 failed=0.00 (per-present)
[pipeline-traffic] upload-calls=1.87 skipped=1.64 scan-MiB=5.560 upload-MiB=0.359 mirror-realloc=0.00 (per-present)
[pipeline-atlas] reuse=0.00 copy-MiB=0.000 copy-calls=0.00 (per-present; copies are GPU-only)
[pipeline-path] cpu-project=0.00 cpu-stage=0.00 gpu-reuse=0.00 publish=0.00 opt-out=0.00 limit=0.00 rejected=0.00 (events/present, not view fallbacks)
[pipeline-perf] scene=Action 3D host=0 map=01/01 output=1280x800 frames=92 fps=90.1 cadence-ms=11.099 p95=11.585 max=17.805 refresh=0 vsync=1 cap=0 gpu-ms=unavailable
[pipeline-stage] events/input mean-ms=0.1394 peak-call-ms=8.2558 calls=92
[pipeline-stage] emulation mean-ms=0.2186 peak-call-ms=1.7367 calls=62
[pipeline-stage] PPU + capture mean-ms=4.8837 peak-call-ms=7.7347 calls=62
[pipeline-stage] world map build mean-ms=0.0003 peak-call-ms=0.0007 calls=62
[pipeline-stage] SIM metadata mean-ms=0.0149 peak-call-ms=0.0272 calls=62
[pipeline-stage] town canvas mean-ms=0.0007 peak-call-ms=0.0017 calls=62
[pipeline-stage] frame snapshot mean-ms=0.0354 peak-call-ms=0.0625 calls=62
[pipeline-stage] upload mean-ms=0.6825 peak-call-ms=1.5571 calls=62
[pipeline-stage] presentation mean-ms=0.3008 peak-call-ms=0.9741 calls=92
[pipeline-stage] CRT/resolve mean-ms=0.0139 peak-call-ms=0.0260 calls=184
[pipeline-stage] host UI mean-ms=0.0061 peak-call-ms=0.0116 calls=92
[pipeline-stage] settings UI mean-ms=0.0006 peak-call-ms=0.0011 calls=92
[pipeline-stage] present/wait mean-ms=4.7218 peak-call-ms=10.9196 calls=92
[pipeline-stage] pacing/sleep mean-ms=0.0006 peak-call-ms=0.0011 calls=92
[pipeline-stage] housekeeping mean-ms=0.0008 peak-call-ms=0.0020 calls=62
[pipeline-stage] PPU setup mean-ms=0.0268 peak-call-ms=0.0542 calls=62
[pipeline-stage] PPU scanout mean-ms=4.8288 peak-call-ms=7.6379 calls=62
[pipeline-stage] PPU finish mean-ms=0.0037 peak-call-ms=0.0068 calls=62
[pipeline-stage] action total mean-ms=0.2752 peak-call-ms=0.9475 calls=92
[pipeline-stage] action upload mean-ms=0.3950 peak-call-ms=0.7591 calls=62
[pipeline-stage] action analysis mean-ms=0.0005 peak-call-ms=0.0011 calls=62
[pipeline-stage] action setup mean-ms=0.0264 peak-call-ms=0.0537 calls=62
[pipeline-stage] action scanout mean-ms=4.8285 peak-call-ms=7.6372 calls=62
[pipeline-stage] action finish mean-ms=0.0035 peak-call-ms=0.0066 calls=62
[pipeline-stage] action host-post mean-ms=0.0289 peak-call-ms=0.0524 calls=62
[pipeline-stage] action synthesis mean-ms=0.0004 peak-call-ms=0.0011 calls=92
[pipeline-stage] action mesh mean-ms=0.0062 peak-call-ms=0.0256 calls=460
[pipeline-stage] action supersample mean-ms=0.0238 peak-call-ms=0.0407 calls=92
[pipeline-stage] action DOF mean-ms=0.0753 peak-call-ms=0.1025 calls=92
[pipeline-stage] action submit mean-ms=0.0160 peak-call-ms=0.0193 calls=644
[pipeline-stage] action callback mean-ms=0.0006 peak-call-ms=0.0008 calls=460
[pipeline-work] ticks=0.67 repre=0.33 draws=7.0 vertices=494 upload-MiB=0.073 depth-MiB=0.000 depth-copy-MiB=0.000 depth-copy-calls=0.00 jobs=0.00 helpers=0.00 fallback=0.00 failed=0.00 (per-present)
[pipeline-traffic] upload-calls=1.39 skipped=2.02 scan-MiB=5.658 upload-MiB=0.073 mirror-realloc=0.00 (per-present)
[pipeline-atlas] reuse=0.00 copy-MiB=0.000 copy-calls=0.00 (per-present; copies are GPU-only)
[pipeline-path] cpu-project=0.00 cpu-stage=0.00 gpu-reuse=0.00 publish=0.00 opt-out=0.00 limit=0.00 rejected=0.00 (events/present, not view fallbacks)
[pipeline-perf] scene=Action 3D host=0 map=01/01 output=1280x800 frames=91 fps=90.0 cadence-ms=11.111 p95=11.820 max=12.615 refresh=0 vsync=1 cap=0 gpu-ms=unavailable
[pipeline-stage] events/input mean-ms=0.0519 peak-call-ms=0.0883 calls=91
[pipeline-stage] emulation mean-ms=0.2737 peak-call-ms=1.9625 calls=60
[pipeline-stage] PPU + capture mean-ms=4.8129 peak-call-ms=7.9367 calls=60
[pipeline-stage] world map build mean-ms=0.0003 peak-call-ms=0.0008 calls=60
[pipeline-stage] SIM metadata mean-ms=0.0152 peak-call-ms=0.0474 calls=60
[pipeline-stage] town canvas mean-ms=0.0007 peak-call-ms=0.0014 calls=60
[pipeline-stage] frame snapshot mean-ms=0.0352 peak-call-ms=0.0669 calls=60
[pipeline-stage] upload mean-ms=0.6551 peak-call-ms=1.2179 calls=60
[pipeline-stage] presentation mean-ms=0.3001 peak-call-ms=0.6868 calls=91
[pipeline-stage] CRT/resolve mean-ms=0.0138 peak-call-ms=0.0395 calls=182
[pipeline-stage] host UI mean-ms=0.0063 peak-call-ms=0.0264 calls=91
[pipeline-stage] settings UI mean-ms=0.0005 peak-call-ms=0.0008 calls=91
[pipeline-stage] present/wait mean-ms=4.8630 peak-call-ms=10.9301 calls=91
[pipeline-stage] pacing/sleep mean-ms=0.0006 peak-call-ms=0.0010 calls=91
[pipeline-stage] housekeeping mean-ms=0.0009 peak-call-ms=0.0023 calls=60
[pipeline-stage] PPU setup mean-ms=0.0273 peak-call-ms=0.0652 calls=60
[pipeline-stage] PPU scanout mean-ms=4.7561 peak-call-ms=7.8542 calls=60
[pipeline-stage] PPU finish mean-ms=0.0039 peak-call-ms=0.0211 calls=60
[pipeline-stage] action total mean-ms=0.2746 peak-call-ms=0.6611 calls=91
[pipeline-stage] action upload mean-ms=0.3833 peak-call-ms=0.7819 calls=60
[pipeline-stage] action analysis mean-ms=0.0005 peak-call-ms=0.0012 calls=60
[pipeline-stage] action setup mean-ms=0.0269 peak-call-ms=0.0641 calls=60
[pipeline-stage] action scanout mean-ms=4.7557 peak-call-ms=7.8534 calls=60
[pipeline-stage] action finish mean-ms=0.0037 peak-call-ms=0.0208 calls=60
[pipeline-stage] action host-post mean-ms=0.0288 peak-call-ms=0.0705 calls=60
[pipeline-stage] action synthesis mean-ms=0.0004 peak-call-ms=0.0008 calls=91
[pipeline-stage] action mesh mean-ms=0.0060 peak-call-ms=0.0022 calls=455
[pipeline-stage] action supersample mean-ms=0.0246 peak-call-ms=0.0463 calls=91
[pipeline-stage] action DOF mean-ms=0.0771 peak-call-ms=0.1245 calls=91
[pipeline-stage] action submit mean-ms=0.0162 peak-call-ms=0.0055 calls=637
[pipeline-stage] action callback mean-ms=0.0006 peak-call-ms=0.0008 calls=455
[pipeline-work] ticks=0.66 repre=0.34 draws=7.0 vertices=494 upload-MiB=0.070 depth-MiB=0.000 depth-copy-MiB=0.000 depth-copy-calls=0.00 jobs=0.00 helpers=0.00 fallback=0.00 failed=0.00 (per-present)
[pipeline-traffic] upload-calls=1.34 skipped=1.98 scan-MiB=5.520 upload-MiB=0.070 mirror-realloc=0.00 (per-present)
[pipeline-atlas] reuse=0.00 copy-MiB=0.000 copy-calls=0.00 (per-present; copies are GPU-only)
[pipeline-path] cpu-project=0.00 cpu-stage=0.00 gpu-reuse=0.00 publish=0.00 opt-out=0.00 limit=0.00 rejected=0.00 (events/present, not view fallbacks)
[pipeline-perf] scene=Action 3D host=0 map=01/01 output=1280x800 frames=92 fps=90.0 cadence-ms=11.109 p95=11.789 max=17.173 refresh=0 vsync=1 cap=0 gpu-ms=unavailable
[pipeline-stage] events/input mean-ms=0.1324 peak-call-ms=7.7238 calls=92
[pipeline-stage] emulation mean-ms=0.2321 peak-call-ms=1.6563 calls=62
[pipeline-stage] PPU + capture mean-ms=4.9520 peak-call-ms=8.0392 calls=62
[pipeline-stage] world map build mean-ms=0.0003 peak-call-ms=0.0008 calls=62
[pipeline-stage] SIM metadata mean-ms=0.0149 peak-call-ms=0.0273 calls=62
[pipeline-stage] town canvas mean-ms=0.0007 peak-call-ms=0.0016 calls=62
[pipeline-stage] frame snapshot mean-ms=0.0351 peak-call-ms=0.0600 calls=62
[pipeline-stage] upload mean-ms=0.6859 peak-call-ms=1.2142 calls=62
[pipeline-stage] presentation mean-ms=0.3121 peak-call-ms=1.2586 calls=92
[pipeline-stage] CRT/resolve mean-ms=0.0137 peak-call-ms=0.0153 calls=184
[pipeline-stage] host UI mean-ms=0.0061 peak-call-ms=0.0118 calls=92
[pipeline-stage] settings UI mean-ms=0.0006 peak-call-ms=0.0010 calls=92
[pipeline-stage] present/wait mean-ms=4.6436 peak-call-ms=10.9090 calls=92
[pipeline-stage] pacing/sleep mean-ms=0.0006 peak-call-ms=0.0011 calls=92
[pipeline-stage] housekeeping mean-ms=0.0009 peak-call-ms=0.0027 calls=62
[pipeline-stage] PPU setup mean-ms=0.0281 peak-call-ms=0.0616 calls=62
[pipeline-stage] PPU scanout mean-ms=4.8946 peak-call-ms=7.9382 calls=62
[pipeline-stage] PPU finish mean-ms=0.0037 peak-call-ms=0.0128 calls=62
[pipeline-stage] action total mean-ms=0.2868 peak-call-ms=1.2264 calls=92
[pipeline-stage] action upload mean-ms=0.4068 peak-call-ms=0.7323 calls=62
[pipeline-stage] action analysis mean-ms=0.0005 peak-call-ms=0.0013 calls=62
[pipeline-stage] action setup mean-ms=0.0277 peak-call-ms=0.0609 calls=62
[pipeline-stage] action scanout mean-ms=4.8941 peak-call-ms=7.9378 calls=62
[pipeline-stage] action finish mean-ms=0.0035 peak-call-ms=0.0125 calls=62
[pipeline-stage] action host-post mean-ms=0.0287 peak-call-ms=0.0495 calls=62
[pipeline-stage] action synthesis mean-ms=0.0004 peak-call-ms=0.0013 calls=92
[pipeline-stage] action mesh mean-ms=0.0064 peak-call-ms=0.0154 calls=460
[pipeline-stage] action supersample mean-ms=0.0253 peak-call-ms=0.0488 calls=92
[pipeline-stage] action DOF mean-ms=0.0760 peak-call-ms=0.1088 calls=92
[pipeline-stage] action submit mean-ms=0.0173 peak-call-ms=0.0187 calls=644
[pipeline-stage] action callback mean-ms=0.0007 peak-call-ms=0.0008 calls=460
[pipeline-work] ticks=0.67 repre=0.33 draws=7.0 vertices=494 upload-MiB=0.065 depth-MiB=0.000 depth-copy-MiB=0.000 depth-copy-calls=0.00 jobs=0.00 helpers=0.00 fallback=0.00 failed=0.00 (per-present)
[pipeline-traffic] upload-calls=1.38 skipped=2.02 scan-MiB=5.646 upload-MiB=0.065 mirror-realloc=0.00 (per-present)
[pipeline-atlas] reuse=0.00 copy-MiB=0.000 copy-calls=0.00 (per-present; copies are GPU-only)
[pipeline-path] cpu-project=0.00 cpu-stage=0.00 gpu-reuse=0.00 publish=0.00 opt-out=0.00 limit=0.00 rejected=0.00 (events/present, not view fallbacks)
[pipeline-perf] scene=Action 3D host=0 map=01/01 output=1280x800 frames=91 fps=90.0 cadence-ms=11.117 p95=11.599 max=12.405 refresh=0 vsync=1 cap=0 gpu-ms=unavailable
[pipeline-stage] events/input mean-ms=0.0502 peak-call-ms=0.0864 calls=91
[pipeline-stage] emulation mean-ms=0.3236 peak-call-ms=2.3086 calls=61
[pipeline-stage] PPU + capture mean-ms=4.9229 peak-call-ms=7.5636 calls=61
[pipeline-stage] world map build mean-ms=0.0003 peak-call-ms=0.0007 calls=61
[pipeline-stage] SIM metadata mean-ms=0.0148 peak-call-ms=0.0264 calls=61
[pipeline-stage] town canvas mean-ms=0.0007 peak-call-ms=0.0016 calls=61
[pipeline-stage] frame snapshot mean-ms=0.0346 peak-call-ms=0.0613 calls=61
[pipeline-stage] upload mean-ms=0.7357 peak-call-ms=2.7457 calls=61
[pipeline-stage] presentation mean-ms=0.3094 peak-call-ms=1.1132 calls=91
[pipeline-stage] CRT/resolve mean-ms=0.0140 peak-call-ms=0.0279 calls=182
[pipeline-stage] host UI mean-ms=0.0062 peak-call-ms=0.0120 calls=91
[pipeline-stage] settings UI mean-ms=0.0006 peak-call-ms=0.0009 calls=91
[pipeline-stage] present/wait mean-ms=4.6219 peak-call-ms=10.9234 calls=91
[pipeline-stage] pacing/sleep mean-ms=0.0006 peak-call-ms=0.0011 calls=91
[pipeline-stage] housekeeping mean-ms=0.0009 peak-call-ms=0.0029 calls=61
[pipeline-stage] PPU setup mean-ms=0.0274 peak-call-ms=0.0597 calls=61
[pipeline-stage] PPU scanout mean-ms=4.8662 peak-call-ms=7.4679 calls=61
[pipeline-stage] PPU finish mean-ms=0.0036 peak-call-ms=0.0072 calls=61
[pipeline-stage] action total mean-ms=0.2835 peak-call-ms=1.0849 calls=91
[pipeline-stage] action upload mean-ms=0.4548 peak-call-ms=2.3379 calls=61
[pipeline-stage] action analysis mean-ms=0.0005 peak-call-ms=0.0010 calls=61
[pipeline-stage] action setup mean-ms=0.0270 peak-call-ms=0.0592 calls=61
[pipeline-stage] action scanout mean-ms=4.8658 peak-call-ms=7.4675 calls=61
[pipeline-stage] action finish mean-ms=0.0034 peak-call-ms=0.0069 calls=61
[pipeline-stage] action host-post mean-ms=0.0286 peak-call-ms=0.0486 calls=61
[pipeline-stage] action synthesis mean-ms=0.0004 peak-call-ms=0.0011 calls=91
[pipeline-stage] action mesh mean-ms=0.0067 peak-call-ms=0.0206 calls=455
[pipeline-stage] action supersample mean-ms=0.0255 peak-call-ms=0.0543 calls=91
[pipeline-stage] action DOF mean-ms=0.0752 peak-call-ms=0.1189 calls=91
[pipeline-stage] action submit mean-ms=0.0176 peak-call-ms=0.0204 calls=637
[pipeline-stage] action callback mean-ms=0.0007 peak-call-ms=0.0006 calls=455
[pipeline-work] ticks=0.67 repre=0.33 draws=7.0 vertices=494 upload-MiB=0.072 depth-MiB=0.000 depth-copy-MiB=0.000 depth-copy-calls=0.00 jobs=0.00 helpers=0.00 fallback=0.00 failed=0.00 (per-present)
[pipeline-traffic] upload-calls=1.36 skipped=2.01 scan-MiB=5.632 upload-MiB=0.072 mirror-realloc=0.00 (per-present)
[pipeline-atlas] reuse=0.00 copy-MiB=0.000 copy-calls=0.00 (per-present; copies are GPU-only)
[pipeline-path] cpu-project=0.00 cpu-stage=0.00 gpu-reuse=0.00 publish=0.00 opt-out=0.00 limit=0.00 rejected=0.00 (events/present, not view fallbacks)
[pipeline-perf] scene=Action 3D host=0 map=01/01 output=1280x800 frames=91 fps=89.6 cadence-ms=11.160 p95=11.978 max=17.466 refresh=0 vsync=1 cap=0 gpu-ms=unavailable
[pipeline-stage] events/input mean-ms=0.1362 peak-call-ms=7.7498 calls=91
[pipeline-stage] emulation mean-ms=0.2024 peak-call-ms=1.4280 calls=61
[pipeline-stage] PPU + capture mean-ms=4.9472 peak-call-ms=7.7377 calls=61
[pipeline-stage] world map build mean-ms=0.0003 peak-call-ms=0.0009 calls=61
[pipeline-stage] SIM metadata mean-ms=0.0146 peak-call-ms=0.0260 calls=61
[pipeline-stage] town canvas mean-ms=0.0007 peak-call-ms=0.0015 calls=61
[pipeline-stage] frame snapshot mean-ms=0.0346 peak-call-ms=0.0646 calls=61
[pipeline-stage] upload mean-ms=0.6690 peak-call-ms=1.8510 calls=61
[pipeline-stage] presentation mean-ms=0.3030 peak-call-ms=0.6767 calls=91
[pipeline-stage] CRT/resolve mean-ms=0.0136 peak-call-ms=0.0139 calls=182
[pipeline-stage] host UI mean-ms=0.0061 peak-call-ms=0.0129 calls=91
[pipeline-stage] settings UI mean-ms=0.0006 peak-call-ms=0.0010 calls=91
[pipeline-stage] present/wait mean-ms=4.7331 peak-call-ms=11.0049 calls=91
[pipeline-stage] pacing/sleep mean-ms=0.0006 peak-call-ms=0.0010 calls=91
[pipeline-stage] housekeeping mean-ms=0.0010 peak-call-ms=0.0180 calls=61
[pipeline-stage] PPU setup mean-ms=0.0281 peak-call-ms=0.0541 calls=61
[pipeline-stage] PPU scanout mean-ms=4.8896 peak-call-ms=7.6390 calls=61
[pipeline-stage] PPU finish mean-ms=0.0036 peak-call-ms=0.0066 calls=61
[pipeline-stage] action total mean-ms=0.2774 peak-call-ms=0.6511 calls=91
[pipeline-stage] action upload mean-ms=0.3897 peak-call-ms=0.7516 calls=61
[pipeline-stage] action analysis mean-ms=0.0005 peak-call-ms=0.0011 calls=61
[pipeline-stage] action setup mean-ms=0.0277 peak-call-ms=0.0535 calls=61
[pipeline-stage] action scanout mean-ms=4.8892 peak-call-ms=7.6385 calls=61
[pipeline-stage] action finish mean-ms=0.0034 peak-call-ms=0.0063 calls=61
[pipeline-stage] action host-post mean-ms=0.0283 peak-call-ms=0.0540 calls=61
[pipeline-stage] action synthesis mean-ms=0.0005 peak-call-ms=0.0014 calls=91
[pipeline-stage] action mesh mean-ms=0.0063 peak-call-ms=0.0212 calls=455
[pipeline-stage] action supersample mean-ms=0.0259 peak-call-ms=0.1262 calls=91
[pipeline-stage] action DOF mean-ms=0.0757 peak-call-ms=0.1273 calls=91
[pipeline-stage] action submit mean-ms=0.0164 peak-call-ms=0.0147 calls=637
[pipeline-stage] action callback mean-ms=0.0006 peak-call-ms=0.0006 calls=455
[pipeline-work] ticks=0.67 repre=0.33 draws=7.0 vertices=494 upload-MiB=0.055 depth-MiB=0.000 depth-copy-MiB=0.000 depth-copy-calls=0.00 jobs=0.00 helpers=0.00 fallback=0.00 failed=0.00 (per-present)
[pipeline-traffic] upload-calls=1.36 skipped=2.01 scan-MiB=5.596 upload-MiB=0.055 mirror-realloc=0.00 (per-present)
[pipeline-atlas] reuse=0.00 copy-MiB=0.000 copy-calls=0.00 (per-present; copies are GPU-only)
[pipeline-path] cpu-project=0.00 cpu-stage=0.00 gpu-reuse=0.00 publish=0.00 opt-out=0.00 limit=0.00 rejected=0.00 (events/present, not view fallbacks)
[pipeline-perf] scene=Action 3D host=0 map=01/01 output=1280x800 frames=92 fps=90.0 cadence-ms=11.110 p95=11.803 max=12.228 refresh=0 vsync=1 cap=0 gpu-ms=unavailable
[pipeline-stage] events/input mean-ms=0.0507 peak-call-ms=0.0965 calls=92
[pipeline-stage] emulation mean-ms=0.1874 peak-call-ms=1.4538 calls=61
[pipeline-stage] PPU + capture mean-ms=4.8910 peak-call-ms=8.0746 calls=61
[pipeline-stage] world map build mean-ms=0.0003 peak-call-ms=0.0008 calls=61
[pipeline-stage] SIM metadata mean-ms=0.0147 peak-call-ms=0.0270 calls=61
[pipeline-stage] town canvas mean-ms=0.0007 peak-call-ms=0.0014 calls=61
[pipeline-stage] frame snapshot mean-ms=0.0350 peak-call-ms=0.0659 calls=61
[pipeline-stage] upload mean-ms=0.6379 peak-call-ms=1.1428 calls=61
[pipeline-stage] presentation mean-ms=0.3009 peak-call-ms=0.7045 calls=92
[pipeline-stage] CRT/resolve mean-ms=0.0139 peak-call-ms=0.0239 calls=184
[pipeline-stage] host UI mean-ms=0.0063 peak-call-ms=0.0251 calls=92
[pipeline-stage] settings UI mean-ms=0.0005 peak-call-ms=0.0008 calls=92
[pipeline-stage] present/wait mean-ms=4.8389 peak-call-ms=10.9629 calls=92
[pipeline-stage] pacing/sleep mean-ms=0.0006 peak-call-ms=0.0011 calls=92
[pipeline-stage] housekeeping mean-ms=0.0009 peak-call-ms=0.0094 calls=61
[pipeline-stage] PPU setup mean-ms=0.0278 peak-call-ms=0.0687 calls=61
[pipeline-stage] PPU scanout mean-ms=4.8332 peak-call-ms=7.9762 calls=61
[pipeline-stage] PPU finish mean-ms=0.0036 peak-call-ms=0.0076 calls=61
[pipeline-stage] action total mean-ms=0.2752 peak-call-ms=0.6787 calls=92
[pipeline-stage] action upload mean-ms=0.3733 peak-call-ms=0.7069 calls=61
[pipeline-stage] action analysis mean-ms=0.0004 peak-call-ms=0.0010 calls=61
[pipeline-stage] action setup mean-ms=0.0275 peak-call-ms=0.0680 calls=61
[pipeline-stage] action scanout mean-ms=4.8328 peak-call-ms=7.9752 calls=61
[pipeline-stage] action finish mean-ms=0.0034 peak-call-ms=0.0073 calls=61
[pipeline-stage] action host-post mean-ms=0.0284 peak-call-ms=0.0495 calls=61
[pipeline-stage] action synthesis mean-ms=0.0004 peak-call-ms=0.0013 calls=92
[pipeline-stage] action mesh mean-ms=0.0061 peak-call-ms=0.0026 calls=460
[pipeline-stage] action supersample mean-ms=0.0250 peak-call-ms=0.0694 calls=92
[pipeline-stage] action DOF mean-ms=0.0737 peak-call-ms=0.1021 calls=92
[pipeline-stage] action submit mean-ms=0.0169 peak-call-ms=0.0194 calls=644
[pipeline-stage] action callback mean-ms=0.0006 peak-call-ms=0.0006 calls=460
[pipeline-work] ticks=0.66 repre=0.34 draws=7.0 vertices=494 upload-MiB=0.041 depth-MiB=0.000 depth-copy-MiB=0.000 depth-copy-calls=0.00 jobs=0.00 helpers=0.00 fallback=0.00 failed=0.00 (per-present)
[pipeline-traffic] upload-calls=1.35 skipped=1.99 scan-MiB=5.546 upload-MiB=0.041 mirror-realloc=0.00 (per-present)
[pipeline-atlas] reuse=0.00 copy-MiB=0.000 copy-calls=0.00 (per-present; copies are GPU-only)
[pipeline-path] cpu-project=0.00 cpu-stage=0.00 gpu-reuse=0.00 publish=0.00 opt-out=0.00 limit=0.00 rejected=0.00 (events/present, not view fallbacks)
[pipeline-perf] scene=Action 3D host=0 map=01/01 output=1280x800 frames=92 fps=90.1 cadence-ms=11.100 p95=11.920 max=12.783 refresh=0 vsync=1 cap=0 gpu-ms=unavailable
[pipeline-stage] events/input mean-ms=0.0501 peak-call-ms=0.1090 calls=92
[pipeline-stage] emulation mean-ms=0.2239 peak-call-ms=1.6551 calls=61
[pipeline-stage] PPU + capture mean-ms=4.9787 peak-call-ms=8.1588 calls=61
[pipeline-stage] world map build mean-ms=0.0003 peak-call-ms=0.0009 calls=61
[pipeline-stage] SIM metadata mean-ms=0.0148 peak-call-ms=0.0343 calls=61
[pipeline-stage] town canvas mean-ms=0.0007 peak-call-ms=0.0016 calls=61
[pipeline-stage] frame snapshot mean-ms=0.0345 peak-call-ms=0.0652 calls=61
[pipeline-stage] upload mean-ms=0.6354 peak-call-ms=2.7131 calls=61
[pipeline-stage] presentation mean-ms=0.3050 peak-call-ms=0.7576 calls=92
[pipeline-stage] CRT/resolve mean-ms=0.0139 peak-call-ms=0.0137 calls=184
[pipeline-stage] host UI mean-ms=0.0062 peak-call-ms=0.0133 calls=92
[pipeline-stage] settings UI mean-ms=0.0006 peak-call-ms=0.0009 calls=92
[pipeline-stage] present/wait mean-ms=4.7627 peak-call-ms=10.9781 calls=92
[pipeline-stage] pacing/sleep mean-ms=0.0006 peak-call-ms=0.0011 calls=92
[pipeline-stage] housekeeping mean-ms=0.0009 peak-call-ms=0.0026 calls=61
[pipeline-stage] PPU setup mean-ms=0.0282 peak-call-ms=0.0793 calls=61
[pipeline-stage] PPU scanout mean-ms=4.9214 peak-call-ms=8.0608 calls=61
[pipeline-stage] PPU finish mean-ms=0.0036 peak-call-ms=0.0077 calls=61
[pipeline-stage] action total mean-ms=0.2796 peak-call-ms=0.7258 calls=92
[pipeline-stage] action upload mean-ms=0.4051 peak-call-ms=2.3271 calls=61
[pipeline-stage] action analysis mean-ms=0.0004 peak-call-ms=0.0010 calls=61
[pipeline-stage] action setup mean-ms=0.0278 peak-call-ms=0.0785 calls=61
[pipeline-stage] action scanout mean-ms=4.9209 peak-call-ms=8.0601 calls=61
[pipeline-stage] action finish mean-ms=0.0034 peak-call-ms=0.0074 calls=61
[pipeline-stage] action host-post mean-ms=0.0284 peak-call-ms=0.0545 calls=61
[pipeline-stage] action synthesis mean-ms=0.0004 peak-call-ms=0.0008 calls=92
[pipeline-stage] action mesh mean-ms=0.0062 peak-call-ms=0.0026 calls=460
[pipeline-stage] action supersample mean-ms=0.0251 peak-call-ms=0.0634 calls=92
[pipeline-stage] action DOF mean-ms=0.0747 peak-call-ms=0.1071 calls=92
[pipeline-stage] action submit mean-ms=0.0171 peak-call-ms=0.0141 calls=644
[pipeline-stage] action callback mean-ms=0.0006 peak-call-ms=0.0006 calls=460
[pipeline-work] ticks=0.66 repre=0.34 draws=7.0 vertices=494 upload-MiB=0.022 depth-MiB=0.000 depth-copy-MiB=0.000 depth-copy-calls=0.00 jobs=0.00 helpers=0.00 fallback=0.00 failed=0.00 (per-present)
[pipeline-traffic] upload-calls=1.17 skipped=1.99 scan-MiB=5.545 upload-MiB=0.022 mirror-realloc=0.00 (per-present)
[pipeline-atlas] reuse=0.00 copy-MiB=0.000 copy-calls=0.00 (per-present; copies are GPU-only)
[pipeline-path] cpu-project=0.00 cpu-stage=0.00 gpu-reuse=0.00 publish=0.00 opt-out=0.00 limit=0.00 rejected=0.00 (events/present, not view fallbacks)
[pipeline-perf] scene=Action 3D host=0 map=01/01 output=1280x800 frames=92 fps=90.0 cadence-ms=11.112 p95=11.352 max=17.735 refresh=0 vsync=1 cap=0 gpu-ms=unavailable
[pipeline-stage] events/input mean-ms=0.1365 peak-call-ms=8.1752 calls=92
[pipeline-stage] emulation mean-ms=0.2115 peak-call-ms=1.5811 calls=62
[pipeline-stage] PPU + capture mean-ms=4.9430 peak-call-ms=7.5618 calls=62
[pipeline-stage] world map build mean-ms=0.0003 peak-call-ms=0.0009 calls=62
[pipeline-stage] SIM metadata mean-ms=0.0151 peak-call-ms=0.0369 calls=62
[pipeline-stage] town canvas mean-ms=0.0007 peak-call-ms=0.0015 calls=62
[pipeline-stage] frame snapshot mean-ms=0.0352 peak-call-ms=0.0763 calls=62
[pipeline-stage] upload mean-ms=0.5601 peak-call-ms=1.1324 calls=62
[pipeline-stage] presentation mean-ms=0.2966 peak-call-ms=0.7012 calls=92
[pipeline-stage] CRT/resolve mean-ms=0.0134 peak-call-ms=0.0130 calls=184
[pipeline-stage] host UI mean-ms=0.0062 peak-call-ms=0.0165 calls=92
[pipeline-stage] settings UI mean-ms=0.0006 peak-call-ms=0.0008 calls=92
[pipeline-stage] present/wait mean-ms=4.8036 peak-call-ms=11.0123 calls=92
[pipeline-stage] pacing/sleep mean-ms=0.0006 peak-call-ms=0.0010 calls=92
[pipeline-stage] housekeeping mean-ms=0.0008 peak-call-ms=0.0031 calls=62
[pipeline-stage] PPU setup mean-ms=0.0302 peak-call-ms=0.0772 calls=62
[pipeline-stage] PPU scanout mean-ms=4.8830 peak-call-ms=7.4632 calls=62
[pipeline-stage] PPU finish mean-ms=0.0038 peak-call-ms=0.0159 calls=62
[pipeline-stage] action total mean-ms=0.2716 peak-call-ms=0.6746 calls=92
[pipeline-stage] action upload mean-ms=0.4248 peak-call-ms=0.8663 calls=62
[pipeline-stage] action analysis mean-ms=0.0005 peak-call-ms=0.0011 calls=62
[pipeline-stage] action setup mean-ms=0.0298 peak-call-ms=0.0759 calls=62
[pipeline-stage] action scanout mean-ms=4.8826 peak-call-ms=7.4626 calls=62
[pipeline-stage] action finish mean-ms=0.0036 peak-call-ms=0.0157 calls=62
[pipeline-stage] action host-post mean-ms=0.0289 peak-call-ms=0.0572 calls=62
[pipeline-stage] action synthesis mean-ms=0.0004 peak-call-ms=0.0011 calls=92
[pipeline-stage] action mesh mean-ms=0.0059 peak-call-ms=0.0023 calls=460
[pipeline-stage] action supersample mean-ms=0.0241 peak-call-ms=0.0579 calls=92
[pipeline-stage] action DOF mean-ms=0.0716 peak-call-ms=0.1121 calls=92
[pipeline-stage] action submit mean-ms=0.0163 peak-call-ms=0.0148 calls=644
[pipeline-stage] action callback mean-ms=0.0006 peak-call-ms=0.0006 calls=460
[pipeline-work] ticks=0.67 repre=0.33 draws=7.0 vertices=494 upload-MiB=0.021 depth-MiB=0.000 depth-copy-MiB=0.000 depth-copy-calls=0.00 jobs=0.00 helpers=0.00 fallback=0.00 failed=0.00 (per-present)
[pipeline-traffic] upload-calls=0.71 skipped=2.02 scan-MiB=5.594 upload-MiB=0.021 mirror-realloc=0.00 (per-present)
[pipeline-atlas] reuse=0.00 copy-MiB=0.000 copy-calls=0.00 (per-present; copies are GPU-only)
[pipeline-path] cpu-project=0.00 cpu-stage=0.00 gpu-reuse=0.00 publish=0.00 opt-out=0.00 limit=0.00 rejected=0.00 (events/present, not view fallbacks)
[pipeline-perf] scene=Action 3D host=0 map=01/01 output=1280x800 frames=92 fps=90.0 cadence-ms=11.107 p95=11.509 max=12.654 refresh=0 vsync=1 cap=0 gpu-ms=unavailable
[pipeline-stage] events/input mean-ms=0.0517 peak-call-ms=0.0947 calls=92
[pipeline-stage] emulation mean-ms=0.1986 peak-call-ms=1.6831 calls=61
[pipeline-stage] PPU + capture mean-ms=4.8439 peak-call-ms=7.7568 calls=61
[pipeline-stage] world map build mean-ms=0.0003 peak-call-ms=0.0007 calls=61
[pipeline-stage] SIM metadata mean-ms=0.0146 peak-call-ms=0.0290 calls=61
[pipeline-stage] town canvas mean-ms=0.0007 peak-call-ms=0.0013 calls=61
[pipeline-stage] frame snapshot mean-ms=0.0343 peak-call-ms=0.0688 calls=61
[pipeline-stage] upload mean-ms=0.6474 peak-call-ms=1.2153 calls=61
[pipeline-stage] presentation mean-ms=0.3055 peak-call-ms=0.6881 calls=92
[pipeline-stage] CRT/resolve mean-ms=0.0141 peak-call-ms=0.0240 calls=184
[pipeline-stage] host UI mean-ms=0.0063 peak-call-ms=0.0227 calls=92
[pipeline-stage] settings UI mean-ms=0.0006 peak-call-ms=0.0012 calls=92
[pipeline-stage] present/wait mean-ms=4.9075 peak-call-ms=10.8678 calls=92
[pipeline-stage] pacing/sleep mean-ms=0.0006 peak-call-ms=0.0011 calls=92
[pipeline-stage] housekeeping mean-ms=0.0008 peak-call-ms=0.0028 calls=61
[pipeline-stage] PPU setup mean-ms=0.0276 peak-call-ms=0.0704 calls=61
[pipeline-stage] PPU scanout mean-ms=4.7865 peak-call-ms=7.6388 calls=61
[pipeline-stage] PPU finish mean-ms=0.0036 peak-call-ms=0.0075 calls=61
[pipeline-stage] action total mean-ms=0.2798 peak-call-ms=0.6624 calls=92
[pipeline-stage] action upload mean-ms=0.3793 peak-call-ms=0.6957 calls=61
[pipeline-stage] action analysis mean-ms=0.0004 peak-call-ms=0.0010 calls=61
[pipeline-stage] action setup mean-ms=0.0272 peak-call-ms=0.0698 calls=61
[pipeline-stage] action scanout mean-ms=4.7861 peak-call-ms=7.6383 calls=61
[pipeline-stage] action finish mean-ms=0.0034 peak-call-ms=0.0072 calls=61
[pipeline-stage] action host-post mean-ms=0.0281 peak-call-ms=0.0514 calls=61
[pipeline-stage] action synthesis mean-ms=0.0004 peak-call-ms=0.0014 calls=92
[pipeline-stage] action mesh mean-ms=0.0061 peak-call-ms=0.0026 calls=460
[pipeline-stage] action supersample mean-ms=0.0247 peak-call-ms=0.0463 calls=92
[pipeline-stage] action DOF mean-ms=0.0774 peak-call-ms=0.1403 calls=92
[pipeline-stage] action submit mean-ms=0.0169 peak-call-ms=0.0267 calls=644
[pipeline-stage] action callback mean-ms=0.0006 peak-call-ms=0.0004 calls=460
[pipeline-work] ticks=0.66 repre=0.34 draws=7.0 vertices=494 upload-MiB=0.066 depth-MiB=0.000 depth-copy-MiB=0.000 depth-copy-calls=0.00 jobs=0.00 helpers=0.00 fallback=0.00 failed=0.00 (per-present)
[pipeline-traffic] upload-calls=1.34 skipped=1.99 scan-MiB=5.556 upload-MiB=0.066 mirror-realloc=0.00 (per-present)
[pipeline-atlas] reuse=0.00 copy-MiB=0.000 copy-calls=0.00 (per-present; copies are GPU-only)
[pipeline-path] cpu-project=0.00 cpu-stage=0.00 gpu-reuse=0.00 publish=0.00 opt-out=0.00 limit=0.00 rejected=0.00 (events/present, not view fallbacks)
[pipeline-perf] scene=Action 3D host=0 map=01/01 output=1280x800 frames=92 fps=90.0 cadence-ms=11.110 p95=11.743 max=18.807 refresh=0 vsync=1 cap=0 gpu-ms=unavailable
[pipeline-stage] events/input mean-ms=0.1356 peak-call-ms=7.8484 calls=92
[pipeline-stage] emulation mean-ms=0.2295 peak-call-ms=1.8273 calls=62
[pipeline-stage] PPU + capture mean-ms=4.9870 peak-call-ms=7.7538 calls=62
[pipeline-stage] world map build mean-ms=0.0003 peak-call-ms=0.0010 calls=62
[pipeline-stage] SIM metadata mean-ms=0.0148 peak-call-ms=0.0301 calls=62
[pipeline-stage] town canvas mean-ms=0.0007 peak-call-ms=0.0015 calls=62
[pipeline-stage] frame snapshot mean-ms=0.0356 peak-call-ms=0.0684 calls=62
[pipeline-stage] upload mean-ms=0.7341 peak-call-ms=1.3228 calls=62
[pipeline-stage] presentation mean-ms=0.3469 peak-call-ms=1.5877 calls=92
[pipeline-stage] CRT/resolve mean-ms=0.0145 peak-call-ms=0.0307 calls=184
[pipeline-stage] host UI mean-ms=0.0067 peak-call-ms=0.0335 calls=92
[pipeline-stage] settings UI mean-ms=0.0006 peak-call-ms=0.0009 calls=92
[pipeline-stage] present/wait mean-ms=4.5210 peak-call-ms=10.8460 calls=92
[pipeline-stage] pacing/sleep mean-ms=0.0006 peak-call-ms=0.0009 calls=92
[pipeline-stage] housekeeping mean-ms=0.0009 peak-call-ms=0.0026 calls=62
[pipeline-stage] PPU setup mean-ms=0.0292 peak-call-ms=0.0616 calls=62
[pipeline-stage] PPU scanout mean-ms=4.9278 peak-call-ms=7.6765 calls=62
[pipeline-stage] PPU finish mean-ms=0.0036 peak-call-ms=0.0068 calls=62
[pipeline-stage] action total mean-ms=0.3065 peak-call-ms=1.4695 calls=92
[pipeline-stage] action upload mean-ms=0.4031 peak-call-ms=0.7947 calls=62
[pipeline-stage] action analysis mean-ms=0.0005 peak-call-ms=0.0010 calls=62
[pipeline-stage] action setup mean-ms=0.0288 peak-call-ms=0.0608 calls=62
[pipeline-stage] action scanout mean-ms=4.9274 peak-call-ms=7.6759 calls=62
[pipeline-stage] action finish mean-ms=0.0034 peak-call-ms=0.0065 calls=62
[pipeline-stage] action host-post mean-ms=0.0286 peak-call-ms=0.0555 calls=62
[pipeline-stage] action synthesis mean-ms=0.0004 peak-call-ms=0.0010 calls=92
[pipeline-stage] action mesh mean-ms=0.0063 peak-call-ms=0.0025 calls=460
[pipeline-stage] action supersample mean-ms=0.0257 peak-call-ms=0.0447 calls=92
[pipeline-stage] action DOF mean-ms=0.0763 peak-call-ms=0.1245 calls=92
[pipeline-stage] action submit mean-ms=0.0175 peak-call-ms=0.0255 calls=644
[pipeline-stage] action callback mean-ms=0.0006 peak-call-ms=0.0007 calls=460
[pipeline-work] ticks=0.67 repre=0.33 draws=7.0 vertices=494 upload-MiB=0.212 depth-MiB=0.000 depth-copy-MiB=0.000 depth-copy-calls=0.00 jobs=0.00 helpers=0.00 fallback=0.00 failed=0.00 (per-present)
[pipeline-traffic] upload-calls=1.38 skipped=2.02 scan-MiB=5.757 upload-MiB=0.212 mirror-realloc=0.00 (per-present)
[pipeline-atlas] reuse=0.00 copy-MiB=0.000 copy-calls=0.00 (per-present; copies are GPU-only)
[pipeline-path] cpu-project=0.00 cpu-stage=0.00 gpu-reuse=0.00 publish=0.00 opt-out=0.00 limit=0.00 rejected=0.00 (events/present, not view fallbacks)
[action-fx] first scene accents captured: actors=1/1 decorations=0/0 (lighting=1 particles=1)
[action-fx] first scene accent geometry submitted: 1 effect(s), 586 vertices / 1548 indices (lighting=1 particles=1)
[pipeline-perf] scene=Action 3D host=0 map=01/01 output=1280x800 frames=91 fps=90.0 cadence-ms=11.112 p95=12.383 max=14.526 refresh=0 vsync=1 cap=0 gpu-ms=unavailable
[pipeline-stage] events/input mean-ms=0.0525 peak-call-ms=0.1076 calls=91
[pipeline-stage] emulation mean-ms=0.2863 peak-call-ms=2.6285 calls=60
[pipeline-stage] PPU + capture mean-ms=4.9222 peak-call-ms=10.9816 calls=60
[pipeline-stage] world map build mean-ms=0.0003 peak-call-ms=0.0008 calls=60
[pipeline-stage] SIM metadata mean-ms=0.0146 peak-call-ms=0.0268 calls=60
[pipeline-stage] town canvas mean-ms=0.0007 peak-call-ms=0.0015 calls=60
[pipeline-stage] frame snapshot mean-ms=0.0350 peak-call-ms=0.0696 calls=60
[pipeline-stage] upload mean-ms=0.7213 peak-call-ms=2.0841 calls=60
[pipeline-stage] presentation mean-ms=0.3456 peak-call-ms=1.5352 calls=91
[pipeline-stage] CRT/resolve mean-ms=0.0137 peak-call-ms=0.0142 calls=182
[pipeline-stage] host UI mean-ms=0.0063 peak-call-ms=0.0221 calls=91
[pipeline-stage] settings UI mean-ms=0.0006 peak-call-ms=0.0009 calls=91
[pipeline-stage] present/wait mean-ms=4.6282 peak-call-ms=10.9905 calls=91
[pipeline-stage] pacing/sleep mean-ms=0.0006 peak-call-ms=0.0010 calls=91
[pipeline-stage] housekeeping mean-ms=0.0009 peak-call-ms=0.0034 calls=60
[pipeline-stage] PPU setup mean-ms=0.0291 peak-call-ms=0.0730 calls=60
[pipeline-stage] PPU scanout mean-ms=4.8629 peak-call-ms=10.8813 calls=60
[pipeline-stage] PPU finish mean-ms=0.0037 peak-call-ms=0.0143 calls=60
[pipeline-stage] action total mean-ms=0.3202 peak-call-ms=1.5094 calls=91
[pipeline-stage] action upload mean-ms=0.4015 peak-call-ms=1.4161 calls=60
[pipeline-stage] action analysis mean-ms=0.0004 peak-call-ms=0.0010 calls=60
[pipeline-stage] action setup mean-ms=0.0287 peak-call-ms=0.0723 calls=60
[pipeline-stage] action scanout mean-ms=4.8625 peak-call-ms=10.8807 calls=60
[pipeline-stage] action finish mean-ms=0.0035 peak-call-ms=0.0141 calls=60
[pipeline-stage] action host-post mean-ms=0.0282 peak-call-ms=0.0502 calls=60
[pipeline-stage] action synthesis mean-ms=0.0004 peak-call-ms=0.0013 calls=91
[pipeline-stage] action mesh mean-ms=0.0061 peak-call-ms=0.0023 calls=455
[pipeline-stage] action supersample mean-ms=0.0243 peak-call-ms=0.0482 calls=91
[pipeline-stage] action DOF mean-ms=0.0774 peak-call-ms=0.1516 calls=91
[pipeline-stage] action submit mean-ms=0.0166 peak-call-ms=0.0053 calls=637
[pipeline-stage] action callback mean-ms=0.0196 peak-call-ms=0.2010 calls=500
[pipeline-work] ticks=0.66 repre=0.34 draws=7.0 vertices=494 upload-MiB=0.204 depth-MiB=0.000 depth-copy-MiB=0.000 depth-copy-calls=0.00 jobs=0.00 helpers=0.00 fallback=0.00 failed=0.00 (per-present)
[pipeline-traffic] upload-calls=1.41 skipped=1.93 scan-MiB=5.628 upload-MiB=0.204 mirror-realloc=0.00 (per-present)
[pipeline-atlas] reuse=0.00 copy-MiB=0.000 copy-calls=0.00 (per-present; copies are GPU-only)
[pipeline-path] cpu-project=0.00 cpu-stage=0.00 gpu-reuse=0.00 publish=0.00 opt-out=0.00 limit=0.00 rejected=0.00 (events/present, not view fallbacks)
[pipeline-perf] scene=Action 3D host=0 map=01/01 output=1280x800 frames=92 fps=90.1 cadence-ms=11.103 p95=11.956 max=19.515 refresh=0 vsync=1 cap=0 gpu-ms=unavailable
[pipeline-stage] events/input mean-ms=0.1307 peak-call-ms=7.4816 calls=92
[pipeline-stage] emulation mean-ms=0.4099 peak-call-ms=2.6681 calls=62
[pipeline-stage] PPU + capture mean-ms=4.7908 peak-call-ms=7.7373 calls=62
[pipeline-stage] world map build mean-ms=0.0003 peak-call-ms=0.0009 calls=62
[pipeline-stage] SIM metadata mean-ms=0.0150 peak-call-ms=0.0302 calls=62
[pipeline-stage] town canvas mean-ms=0.0007 peak-call-ms=0.0014 calls=62
[pipeline-stage] frame snapshot mean-ms=0.0354 peak-call-ms=0.0646 calls=62
[pipeline-stage] upload mean-ms=0.8645 peak-call-ms=1.7184 calls=62
[pipeline-stage] presentation mean-ms=0.3171 peak-call-ms=0.7104 calls=92
[pipeline-stage] CRT/resolve mean-ms=0.0136 peak-call-ms=0.0188 calls=184
[pipeline-stage] host UI mean-ms=0.0061 peak-call-ms=0.0135 calls=92
[pipeline-stage] settings UI mean-ms=0.0006 peak-call-ms=0.0015 calls=92
[pipeline-stage] present/wait mean-ms=4.4410 peak-call-ms=10.8460 calls=92
[pipeline-stage] pacing/sleep mean-ms=0.0006 peak-call-ms=0.0011 calls=92
[pipeline-stage] housekeeping mean-ms=0.0012 peak-call-ms=0.0247 calls=62
[pipeline-stage] PPU setup mean-ms=0.0284 peak-call-ms=0.1006 calls=62
[pipeline-stage] PPU scanout mean-ms=4.7300 peak-call-ms=7.6494 calls=62
[pipeline-stage] PPU finish mean-ms=0.0065 peak-call-ms=0.0228 calls=62
[pipeline-stage] action total mean-ms=0.2921 peak-call-ms=0.6840 calls=92
[pipeline-stage] action upload mean-ms=0.5778 peak-call-ms=1.1879 calls=62
[pipeline-stage] action analysis mean-ms=0.0005 peak-call-ms=0.0013 calls=62
[pipeline-stage] action setup mean-ms=0.0280 peak-call-ms=0.1000 calls=62
[pipeline-stage] action scanout mean-ms=4.7297 peak-call-ms=7.6486 calls=62
[pipeline-stage] action finish mean-ms=0.0063 peak-call-ms=0.0225 calls=62
[pipeline-stage] action host-post mean-ms=0.0292 peak-call-ms=0.0513 calls=62
[pipeline-stage] action synthesis mean-ms=0.0004 peak-call-ms=0.0007 calls=92
[pipeline-stage] action mesh mean-ms=0.0060 peak-call-ms=0.0021 calls=460
[pipeline-stage] action supersample mean-ms=0.0251 peak-call-ms=0.0689 calls=92
[pipeline-stage] action DOF mean-ms=0.0715 peak-call-ms=0.1153 calls=92
[pipeline-stage] action submit mean-ms=0.0162 peak-call-ms=0.0052 calls=644
[pipeline-stage] action callback mean-ms=0.0166 peak-call-ms=0.0600 calls=505
[pipeline-work] ticks=0.67 repre=0.33 draws=7.0 vertices=494 upload-MiB=0.487 depth-MiB=0.000 depth-copy-MiB=0.000 depth-copy-calls=0.00 jobs=0.00 helpers=0.00 fallback=0.00 failed=0.00 (per-present)
[pipeline-traffic] upload-calls=1.95 skipped=1.28 scan-MiB=5.681 upload-MiB=0.487 mirror-realloc=0.00 (per-present)
[pipeline-atlas] reuse=0.00 copy-MiB=0.000 copy-calls=0.00 (per-present; copies are GPU-only)
[pipeline-path] cpu-project=0.00 cpu-stage=0.00 gpu-reuse=0.00 publish=0.00 opt-out=0.00 limit=0.00 rejected=0.00 (events/present, not view fallbacks)
[pipeline-perf] scene=Action 3D host=0 map=01/01 output=1280x800 frames=91 fps=89.9 cadence-ms=11.123 p95=11.310 max=12.120 refresh=0 vsync=1 cap=0 gpu-ms=unavailable
[pipeline-stage] events/input mean-ms=0.0517 peak-call-ms=0.0864 calls=91
[pipeline-stage] emulation mean-ms=0.2506 peak-call-ms=1.8327 calls=61
[pipeline-stage] PPU + capture mean-ms=4.7976 peak-call-ms=7.8987 calls=61
[pipeline-stage] world map build mean-ms=0.0003 peak-call-ms=0.0008 calls=61
[pipeline-stage] SIM metadata mean-ms=0.0146 peak-call-ms=0.0318 calls=61
[pipeline-stage] town canvas mean-ms=0.0007 peak-call-ms=0.0013 calls=61
[pipeline-stage] frame snapshot mean-ms=0.0349 peak-call-ms=0.1030 calls=61
[pipeline-stage] upload mean-ms=0.4238 peak-call-ms=1.2080 calls=61
[pipeline-stage] presentation mean-ms=0.3099 peak-call-ms=0.6999 calls=91
[pipeline-stage] CRT/resolve mean-ms=0.0141 peak-call-ms=0.0138 calls=182
[pipeline-stage] host UI mean-ms=0.0063 peak-call-ms=0.0128 calls=91
[pipeline-stage] settings UI mean-ms=0.0006 peak-call-ms=0.0010 calls=91
[pipeline-stage] present/wait mean-ms=5.1256 peak-call-ms=11.6775 calls=91
[pipeline-stage] pacing/sleep mean-ms=0.0005 peak-call-ms=0.0009 calls=91
[pipeline-stage] housekeeping mean-ms=0.0008 peak-call-ms=0.0025 calls=61
[pipeline-stage] PPU setup mean-ms=0.0318 peak-call-ms=0.0976 calls=61
[pipeline-stage] PPU scanout mean-ms=4.7241 peak-call-ms=7.7822 calls=61
[pipeline-stage] PPU finish mean-ms=0.0159 peak-call-ms=0.0314 calls=61
[pipeline-stage] action total mean-ms=0.2843 peak-call-ms=0.6719 calls=91
[pipeline-stage] action upload mean-ms=0.2888 peak-call-ms=0.6935 calls=61
[pipeline-stage] action analysis mean-ms=0.0004 peak-call-ms=0.0009 calls=61
[pipeline-stage] action setup mean-ms=0.0314 peak-call-ms=0.0968 calls=61
[pipeline-stage] action scanout mean-ms=4.7238 peak-call-ms=7.7816 calls=61
[pipeline-stage] action finish mean-ms=0.0157 peak-call-ms=0.0312 calls=61
[pipeline-stage] action host-post mean-ms=0.0285 peak-call-ms=0.0540 calls=61
[pipeline-stage] action synthesis mean-ms=0.0004 peak-call-ms=0.0007 calls=91
[pipeline-stage] action mesh mean-ms=0.0061 peak-call-ms=0.0027 calls=455
[pipeline-stage] action supersample mean-ms=0.0257 peak-call-ms=0.0585 calls=91
[pipeline-stage] action DOF mean-ms=0.0788 peak-call-ms=0.1133 calls=91
[pipeline-stage] action submit mean-ms=0.0164 peak-call-ms=0.0146 calls=637
[pipeline-stage] action callback mean-ms=0.0008 peak-call-ms=0.0162 calls=455
[pipeline-work] ticks=0.67 repre=0.33 draws=7.0 vertices=494 upload-MiB=0.000 depth-MiB=0.000 depth-copy-MiB=0.000 depth-copy-calls=0.00 jobs=0.00 helpers=0.00 fallback=0.00 failed=0.00 (per-present)
[pipeline-traffic] upload-calls=0.31 skipped=2.41 scan-MiB=5.461 upload-MiB=0.000 mirror-realloc=0.00 (per-present)
[pipeline-atlas] reuse=0.00 copy-MiB=0.000 copy-calls=0.00 (per-present; copies are GPU-only)
[pipeline-path] cpu-project=0.00 cpu-stage=0.00 gpu-reuse=0.00 publish=0.00 opt-out=0.00 limit=0.00 rejected=0.00 (events/present, not view fallbacks)
[pipeline-perf] scene=Action 3D host=0 map=01/01 output=1280x800 frames=92 fps=90.0 cadence-ms=11.111 p95=11.351 max=16.985 refresh=0 vsync=1 cap=0 gpu-ms=unavailable
[pipeline-stage] events/input mean-ms=0.1424 peak-call-ms=8.0920 calls=92
[pipeline-stage] emulation mean-ms=0.2440 peak-call-ms=1.7011 calls=61
[pipeline-stage] PPU + capture mean-ms=4.7028 peak-call-ms=7.3452 calls=61
[pipeline-stage] world map build mean-ms=0.0003 peak-call-ms=0.0008 calls=61
[pipeline-stage] SIM metadata mean-ms=0.0145 peak-call-ms=0.0258 calls=61
[pipeline-stage] town canvas mean-ms=0.0007 peak-call-ms=0.0014 calls=61
[pipeline-stage] frame snapshot mean-ms=0.0341 peak-call-ms=0.0658 calls=61
[pipeline-stage] upload mean-ms=0.3380 peak-call-ms=0.8573 calls=61
[pipeline-stage] presentation mean-ms=0.3222 peak-call-ms=0.6696 calls=92
[pipeline-stage] CRT/resolve mean-ms=0.0148 peak-call-ms=0.0323 calls=184
[pipeline-stage] host UI mean-ms=0.0067 peak-call-ms=0.0308 calls=92
[pipeline-stage] settings UI mean-ms=0.0006 peak-call-ms=0.0010 calls=92
[pipeline-stage] present/wait mean-ms=5.1920 peak-call-ms=11.5980 calls=92
[pipeline-stage] pacing/sleep mean-ms=0.0005 peak-call-ms=0.0010 calls=92
[pipeline-stage] housekeeping mean-ms=0.0008 peak-call-ms=0.0028 calls=61
[pipeline-stage] PPU setup mean-ms=0.0312 peak-call-ms=0.0699 calls=61
[pipeline-stage] PPU scanout mean-ms=4.6300 peak-call-ms=7.2282 calls=61
[pipeline-stage] PPU finish mean-ms=0.0157 peak-call-ms=0.0341 calls=61
[pipeline-stage] action total mean-ms=0.2959 peak-call-ms=0.6441 calls=92
[pipeline-stage] action upload mean-ms=0.2058 peak-call-ms=0.3568 calls=61
[pipeline-stage] action analysis mean-ms=0.0004 peak-call-ms=0.0010 calls=61
[pipeline-stage] action setup mean-ms=0.0308 peak-call-ms=0.0692 calls=61
[pipeline-stage] action scanout mean-ms=4.6298 peak-call-ms=7.2276 calls=61
[pipeline-stage] action finish mean-ms=0.0155 peak-call-ms=0.0338 calls=61
[pipeline-stage] action host-post mean-ms=0.0284 peak-call-ms=0.0619 calls=61
[pipeline-stage] action synthesis mean-ms=0.0004 peak-call-ms=0.0009 calls=92
[pipeline-stage] action mesh mean-ms=0.0066 peak-call-ms=0.0202 calls=460
[pipeline-stage] action supersample mean-ms=0.0252 peak-call-ms=0.0451 calls=92
[pipeline-stage] action DOF mean-ms=0.0861 peak-call-ms=0.1226 calls=92
[pipeline-stage] action submit mean-ms=0.0167 peak-call-ms=0.0236 calls=644
[pipeline-stage] action callback mean-ms=0.0006 peak-call-ms=0.0005 calls=460
[pipeline-work] ticks=0.66 repre=0.34 draws=7.0 vertices=494 upload-MiB=0.000 depth-MiB=0.000 depth-copy-MiB=0.000 depth-copy-calls=0.00 jobs=0.00 helpers=0.00 fallback=0.00 failed=0.00 (per-present)
[pipeline-traffic] upload-calls=0.03 skipped=2.65 scan-MiB=5.372 upload-MiB=0.000 mirror-realloc=0.00 (per-present)
[pipeline-atlas] reuse=0.00 copy-MiB=0.000 copy-calls=0.00 (per-present; copies are GPU-only)
[pipeline-path] cpu-project=0.00 cpu-stage=0.00 gpu-reuse=0.00 publish=0.00 opt-out=0.00 limit=0.00 rejected=0.00 (events/present, not view fallbacks)
[pipeline-perf] scene=Action 3D host=0 map=01/01 output=1280x800 frames=92 fps=90.0 cadence-ms=11.110 p95=11.303 max=11.378 refresh=0 vsync=1 cap=0 gpu-ms=unavailable
[pipeline-stage] events/input mean-ms=0.0542 peak-call-ms=0.0821 calls=92
[pipeline-stage] emulation mean-ms=0.2552 peak-call-ms=1.8546 calls=61
[pipeline-stage] PPU + capture mean-ms=4.7059 peak-call-ms=8.0391 calls=61
[pipeline-stage] world map build mean-ms=0.0003 peak-call-ms=0.0009 calls=61
[pipeline-stage] SIM metadata mean-ms=0.0146 peak-call-ms=0.0352 calls=61
[pipeline-stage] town canvas mean-ms=0.0007 peak-call-ms=0.0014 calls=61
[pipeline-stage] frame snapshot mean-ms=0.0349 peak-call-ms=0.0756 calls=61
[pipeline-stage] upload mean-ms=0.3376 peak-call-ms=0.8360 calls=61
[pipeline-stage] presentation mean-ms=0.3158 peak-call-ms=0.6678 calls=92
[pipeline-stage] CRT/resolve mean-ms=0.0149 peak-call-ms=0.0405 calls=184
[pipeline-stage] host UI mean-ms=0.0065 peak-call-ms=0.0225 calls=92
[pipeline-stage] settings UI mean-ms=0.0006 peak-call-ms=0.0010 calls=92
[pipeline-stage] present/wait mean-ms=5.2791 peak-call-ms=10.9301 calls=92
[pipeline-stage] pacing/sleep mean-ms=0.0005 peak-call-ms=0.0009 calls=92
[pipeline-stage] housekeeping mean-ms=0.0008 peak-call-ms=0.0019 calls=61
[pipeline-stage] PPU setup mean-ms=0.0293 peak-call-ms=0.0703 calls=61
[pipeline-stage] PPU scanout mean-ms=4.6349 peak-call-ms=7.9204 calls=61
[pipeline-stage] PPU finish mean-ms=0.0157 peak-call-ms=0.0374 calls=61
[pipeline-stage] action total mean-ms=0.2898 peak-call-ms=0.6425 calls=92
[pipeline-stage] action upload mean-ms=0.2044 peak-call-ms=0.3466 calls=61
[pipeline-stage] action analysis mean-ms=0.0004 peak-call-ms=0.0011 calls=61
[pipeline-stage] action setup mean-ms=0.0289 peak-call-ms=0.0697 calls=61
[pipeline-stage] action scanout mean-ms=4.6346 peak-call-ms=7.9199 calls=61
[pipeline-stage] action finish mean-ms=0.0156 peak-call-ms=0.0372 calls=61
[pipeline-stage] action host-post mean-ms=0.0282 peak-call-ms=0.0565 calls=61
[pipeline-stage] action synthesis mean-ms=0.0007 peak-call-ms=0.0238 calls=92
[pipeline-stage] action mesh mean-ms=0.0063 peak-call-ms=0.0029 calls=460
[pipeline-stage] action supersample mean-ms=0.0254 peak-call-ms=0.0416 calls=92
[pipeline-stage] action DOF mean-ms=0.0851 peak-call-ms=0.1219 calls=92
[pipeline-stage] action submit mean-ms=0.0168 peak-call-ms=0.0347 calls=644
[pipeline-stage] action callback mean-ms=0.0006 peak-call-ms=0.0005 calls=460
[pipeline-work] ticks=0.66 repre=0.34 draws=7.0 vertices=494 upload-MiB=0.000 depth-MiB=0.000 depth-copy-MiB=0.000 depth-copy-calls=0.00 jobs=0.00 helpers=0.00 fallback=0.00 failed=0.00 (per-present)
[pipeline-traffic] upload-calls=0.03 skipped=2.65 scan-MiB=5.372 upload-MiB=0.000 mirror-realloc=0.00 (per-present)
[pipeline-atlas] reuse=0.00 copy-MiB=0.000 copy-calls=0.00 (per-present; copies are GPU-only)
[pipeline-path] cpu-project=0.00 cpu-stage=0.00 gpu-reuse=0.00 publish=0.00 opt-out=0.00 limit=0.00 rejected=0.00 (events/present, not view fallbacks)
[pipeline-perf] scene=Action 3D host=0 map=01/01 output=1280x800 frames=91 fps=89.5 cadence-ms=11.172 p95=11.336 max=16.767 refresh=0 vsync=1 cap=0 gpu-ms=unavailable
[pipeline-stage] events/input mean-ms=0.1404 peak-call-ms=7.8948 calls=91
[pipeline-stage] emulation mean-ms=0.2202 peak-call-ms=1.4634 calls=62
[pipeline-stage] PPU + capture mean-ms=4.8341 peak-call-ms=7.8346 calls=62
[pipeline-stage] world map build mean-ms=0.0003 peak-call-ms=0.0009 calls=62
[pipeline-stage] SIM metadata mean-ms=0.0149 peak-call-ms=0.0317 calls=62
[pipeline-stage] town canvas mean-ms=0.0007 peak-call-ms=0.0015 calls=62
[pipeline-stage] frame snapshot mean-ms=0.0354 peak-call-ms=0.0678 calls=62
[pipeline-stage] upload mean-ms=0.3442 peak-call-ms=0.8162 calls=62
[pipeline-stage] presentation mean-ms=0.3198 peak-call-ms=0.6675 calls=91
[pipeline-stage] CRT/resolve mean-ms=0.0144 peak-call-ms=0.0338 calls=182
[pipeline-stage] host UI mean-ms=0.0070 peak-call-ms=0.0348 calls=91
[pipeline-stage] settings UI mean-ms=0.0006 peak-call-ms=0.0009 calls=91
[pipeline-stage] present/wait mean-ms=5.1491 peak-call-ms=10.9803 calls=91
[pipeline-stage] pacing/sleep mean-ms=0.0005 peak-call-ms=0.0011 calls=91
[pipeline-stage] housekeeping mean-ms=0.0008 peak-call-ms=0.0022 calls=62
[pipeline-stage] PPU setup mean-ms=0.0298 peak-call-ms=0.0692 calls=62
[pipeline-stage] PPU scanout mean-ms=4.7615 peak-call-ms=7.6975 calls=62
[pipeline-stage] PPU finish mean-ms=0.0160 peak-call-ms=0.0286 calls=62
[pipeline-stage] action total mean-ms=0.2937 peak-call-ms=0.6425 calls=91
[pipeline-stage] action upload mean-ms=0.2100 peak-call-ms=0.3488 calls=62
[pipeline-stage] action analysis mean-ms=0.0004 peak-call-ms=0.0012 calls=62
[pipeline-stage] action setup mean-ms=0.0294 peak-call-ms=0.0686 calls=62
[pipeline-stage] action scanout mean-ms=4.7613 peak-call-ms=7.6970 calls=62
[pipeline-stage] action finish mean-ms=0.0158 peak-call-ms=0.0280 calls=62
[pipeline-stage] action host-post mean-ms=0.0289 peak-call-ms=0.0517 calls=62
[pipeline-stage] action synthesis mean-ms=0.0004 peak-call-ms=0.0008 calls=91
[pipeline-stage] action mesh mean-ms=0.0062 peak-call-ms=0.0026 calls=455
[pipeline-stage] action supersample mean-ms=0.0252 peak-call-ms=0.0566 calls=91
[pipeline-stage] action DOF mean-ms=0.0873 peak-call-ms=0.1260 calls=91
[pipeline-stage] action submit mean-ms=0.0171 peak-call-ms=0.0354 calls=637
[pipeline-stage] action callback mean-ms=0.0006 peak-call-ms=0.0005 calls=455
[pipeline-work] ticks=0.68 repre=0.32 draws=7.0 vertices=494 upload-MiB=0.000 depth-MiB=0.000 depth-copy-MiB=0.000 depth-copy-calls=0.00 jobs=0.00 helpers=0.00 fallback=0.00 failed=0.00 (per-present)
[pipeline-traffic] upload-calls=0.03 skipped=2.73 scan-MiB=5.520 upload-MiB=0.000 mirror-realloc=0.00 (per-present)
[pipeline-atlas] reuse=0.00 copy-MiB=0.000 copy-calls=0.00 (per-present; copies are GPU-only)
[pipeline-path] cpu-project=0.00 cpu-stage=0.00 gpu-reuse=0.00 publish=0.00 opt-out=0.00 limit=0.00 rejected=0.00 (events/present, not view fallbacks)
[pipeline-perf] scene=Action 3D host=0 map=01/01 output=1280x800 frames=92 fps=90.0 cadence-ms=11.110 p95=11.336 max=11.377 refresh=0 vsync=1 cap=0 gpu-ms=unavailable
[pipeline-stage] events/input mean-ms=0.0537 peak-call-ms=0.0769 calls=92
[pipeline-stage] emulation mean-ms=0.2017 peak-call-ms=1.6054 calls=61
[pipeline-stage] PPU + capture mean-ms=4.6797 peak-call-ms=7.6537 calls=61
[pipeline-stage] world map build mean-ms=0.0003 peak-call-ms=0.0008 calls=61
[pipeline-stage] SIM metadata mean-ms=0.0145 peak-call-ms=0.0270 calls=61
[pipeline-stage] town canvas mean-ms=0.0007 peak-call-ms=0.0016 calls=61
[pipeline-stage] frame snapshot mean-ms=0.0341 peak-call-ms=0.0622 calls=61
[pipeline-stage] upload mean-ms=0.3424 peak-call-ms=0.8380 calls=61
[pipeline-stage] presentation mean-ms=0.3160 peak-call-ms=0.7725 calls=92
[pipeline-stage] CRT/resolve mean-ms=0.0139 peak-call-ms=0.0268 calls=184
[pipeline-stage] host UI mean-ms=0.0061 peak-call-ms=0.0107 calls=92
[pipeline-stage] settings UI mean-ms=0.0006 peak-call-ms=0.0011 calls=92
[pipeline-stage] present/wait mean-ms=5.2970 peak-call-ms=10.9959 calls=92
[pipeline-stage] pacing/sleep mean-ms=0.0005 peak-call-ms=0.0011 calls=92
[pipeline-stage] housekeeping mean-ms=0.0008 peak-call-ms=0.0021 calls=61
[pipeline-stage] PPU setup mean-ms=0.0264 peak-call-ms=0.0630 calls=61
[pipeline-stage] PPU scanout mean-ms=4.6130 peak-call-ms=7.5454 calls=61
[pipeline-stage] PPU finish mean-ms=0.0154 peak-call-ms=0.0285 calls=61
[pipeline-stage] action total mean-ms=0.2913 peak-call-ms=0.7450 calls=92
[pipeline-stage] action upload mean-ms=0.2065 peak-call-ms=0.3729 calls=61
[pipeline-stage] action analysis mean-ms=0.0004 peak-call-ms=0.0009 calls=61
[pipeline-stage] action setup mean-ms=0.0260 peak-call-ms=0.0621 calls=61
[pipeline-stage] action scanout mean-ms=4.6127 peak-call-ms=7.5448 calls=61
[pipeline-stage] action finish mean-ms=0.0153 peak-call-ms=0.0281 calls=61
[pipeline-stage] action host-post mean-ms=0.0282 peak-call-ms=0.0508 calls=61
[pipeline-stage] action synthesis mean-ms=0.0004 peak-call-ms=0.0012 calls=92
[pipeline-stage] action mesh mean-ms=0.0065 peak-call-ms=0.0367 calls=460
[pipeline-stage] action supersample mean-ms=0.0249 peak-call-ms=0.0479 calls=92
[pipeline-stage] action DOF mean-ms=0.0859 peak-call-ms=0.1268 calls=92
[pipeline-stage] action submit mean-ms=0.0162 peak-call-ms=0.0354 calls=644
[pipeline-stage] action callback mean-ms=0.0006 peak-call-ms=0.0007 calls=460
[pipeline-work] ticks=0.66 repre=0.34 draws=7.0 vertices=494 upload-MiB=0.000 depth-MiB=0.000 depth-copy-MiB=0.000 depth-copy-calls=0.00 jobs=0.00 helpers=0.00 fallback=0.00 failed=0.00 (per-present)
[pipeline-traffic] upload-calls=0.07 skipped=2.65 scan-MiB=5.372 upload-MiB=0.000 mirror-realloc=0.00 (per-present)
[pipeline-atlas] reuse=0.00 copy-MiB=0.000 copy-calls=0.00 (per-present; copies are GPU-only)
[pipeline-path] cpu-project=0.00 cpu-stage=0.00 gpu-reuse=0.00 publish=0.00 opt-out=0.00 limit=0.00 rejected=0.00 (events/present, not view fallbacks)
[pipeline-perf] scene=Action 3D host=0 map=01/01 output=1280x800 frames=91 fps=90.0 cadence-ms=11.112 p95=11.332 max=11.393 refresh=0 vsync=1 cap=0 gpu-ms=unavailable
[pipeline-stage] events/input mean-ms=0.0541 peak-call-ms=0.0869 calls=91
[pipeline-stage] emulation mean-ms=0.2026 peak-call-ms=1.7748 calls=60
[pipeline-stage] PPU + capture mean-ms=4.6405 peak-call-ms=7.5050 calls=60
[pipeline-stage] world map build mean-ms=0.0003 peak-call-ms=0.0010 calls=60
[pipeline-stage] SIM metadata mean-ms=0.0146 peak-call-ms=0.0426 calls=60
[pipeline-stage] town canvas mean-ms=0.0007 peak-call-ms=0.0014 calls=60
[pipeline-stage] frame snapshot mean-ms=0.0346 peak-call-ms=0.0780 calls=60
[pipeline-stage] upload mean-ms=0.3398 peak-call-ms=0.8500 calls=60
[pipeline-stage] presentation mean-ms=0.3129 peak-call-ms=0.6879 calls=91
[pipeline-stage] CRT/resolve mean-ms=0.0148 peak-call-ms=0.0406 calls=182
[pipeline-stage] host UI mean-ms=0.0062 peak-call-ms=0.0123 calls=91
[pipeline-stage] settings UI mean-ms=0.0006 peak-call-ms=0.0009 calls=91
[pipeline-stage] present/wait mean-ms=5.4043 peak-call-ms=10.9824 calls=91
[pipeline-stage] pacing/sleep mean-ms=0.0005 peak-call-ms=0.0010 calls=91
[pipeline-stage] housekeeping mean-ms=0.0007 peak-call-ms=0.0019 calls=60
[pipeline-stage] PPU setup mean-ms=0.0262 peak-call-ms=0.0532 calls=60
[pipeline-stage] PPU scanout mean-ms=4.5748 peak-call-ms=7.3946 calls=60
[pipeline-stage] PPU finish mean-ms=0.0156 peak-call-ms=0.0303 calls=60
[pipeline-stage] action total mean-ms=0.2872 peak-call-ms=0.6620 calls=91
[pipeline-stage] action upload mean-ms=0.2063 peak-call-ms=0.3974 calls=60
[pipeline-stage] action analysis mean-ms=0.0004 peak-call-ms=0.0010 calls=60
[pipeline-stage] action setup mean-ms=0.0258 peak-call-ms=0.0526 calls=60
[pipeline-stage] action scanout mean-ms=4.5745 peak-call-ms=7.3944 calls=60
[pipeline-stage] action finish mean-ms=0.0154 peak-call-ms=0.0300 calls=60
[pipeline-stage] action host-post mean-ms=0.0281 peak-call-ms=0.0624 calls=60
[pipeline-stage] action synthesis mean-ms=0.0004 peak-call-ms=0.0008 calls=91
[pipeline-stage] action mesh mean-ms=0.0086 peak-call-ms=0.0035 calls=455
[pipeline-stage] action supersample mean-ms=0.0244 peak-call-ms=0.0397 calls=91
[pipeline-stage] action DOF mean-ms=0.0852 peak-call-ms=0.1207 calls=91
[pipeline-stage] action submit mean-ms=0.0164 peak-call-ms=0.0267 calls=637
[pipeline-stage] action callback mean-ms=0.0006 peak-call-ms=0.0005 calls=455
[pipeline-work] ticks=0.66 repre=0.34 draws=7.0 vertices=494 upload-MiB=0.000 depth-MiB=0.000 depth-copy-MiB=0.000 depth-copy-calls=0.00 jobs=0.00 helpers=0.00 fallback=0.00 failed=0.00 (per-present)
[pipeline-traffic] upload-calls=0.03 skipped=2.64 scan-MiB=5.342 upload-MiB=0.000 mirror-realloc=0.00 (per-present)
[pipeline-atlas] reuse=0.00 copy-MiB=0.000 copy-calls=0.00 (per-present; copies are GPU-only)
[pipeline-path] cpu-project=0.00 cpu-stage=0.00 gpu-reuse=0.00 publish=0.00 opt-out=0.00 limit=0.00 rejected=0.00 (events/present, not view fallbacks)
[present-cadence] tick-presents=1995 re-presents=1000 max-represent-alpha=0.000 no-present-no-sleep=0
[dump] wrote runs/20260912-173146/dump_state.txt + wram/sram/dispatch_log (exit)
[action-bg-hle] provider-summary frames=1292 preflight={layers:2568,tiles:2409760,mismatches:0,outside:0} eligible=2568 layers=2568 lookups=61070464 batches=2963520 tiles=58698208 outside=2372256 band-cache={builds:0,hits:0}
[action-room-scene] provider-summary layers=2568 live-fallbacks=0
[localized-text] cache lookups=14212 hits=14171 misses=41 rasters=41 uploads=41 failures=0
[action-room-load-hle] summary command5=2 command4=2 bytes=20992
[action-room-gfx-hle] summary command7=5 command6=3 bytes=37248
[action-room-video-hle] summary command3=1 bytes=28
[run-dir] all diagnostics from this run: runs/20260912-173146/  (share with: zip -r report.zip runs/20260912-173146)
