[Launcher] Config/saves anchored to '/home/deck/argame/capture-fast-path-20260912.XW1iYR/'.
[run-dir] runs/20260912-174133 (console.log + dumps ringfenced here; AR_NO_RUN_DIR=1 disables)
[runner-trace] recorder=excluded deep_instrumentation=excluded mode=off
Loaded ROM: /home/deck/argame/capture-fast-path-20260912.XW1iYR/ar.sfc (1048576 bytes)
[video-geometry] 16:10 square-PAR -> 120 extra columns/side (render width 496)
[video] driver: wayland (available: x11 wayland offscreen dummy evdev)
[render] ordered GPU interop enabled (offscreen SDL + one swapchain present)
[display] GPU frames in flight: 1
[hd-manifest] [replace:title-logo] game-assets/hd/title-logo.png (2087x754)
[hd-manifest] [replace:title-swirl] game-assets/hd/title-logo.png (2087x754, mode7)
[hd-manifest] 2 entries, 2 with art
[settings-menu] decoded ActRaiser font: $1000 bytes from ROM offset $0BECFB (2725 compressed bytes consumed)
[settings-menu] decoded native dialog frame: chars ROM $06C000, palette ROM $0E3F73
[diorama-layers] loaded diorama-layers.ini: 24 room(s), 34 plane override(s)
[input] gamepad 1 connected: Steam Deck Controller
[music-manifest] [music:title-theme] game-assets/audio/title.ogg (48000 Hz, 8845689 frames, loop 0..8845689)
[music-manifest] [music:song-00] game-assets/audio/fillmore.ogg (44100 Hz, 7050707 frames, loop 0..7050707)
[music-manifest] [music:song-01] game-assets/audio/sky-palace.ogg (48000 Hz, 6389760 frames, loop 0..6389760)
[music-manifest] [music:song-02] game-assets/audio/bp.ogg (44100 Hz, 5369615 frames, loop 0..5369615)
[music-manifest] [music:song-08] game-assets/audio/advent.ogg (48000 Hz, 735609 frames, loop 0..735609)
[music-manifest] [music:song-09] game-assets/audio/act2.ogg (44100 Hz, 6182827 frames, loop 0..6182827)
[music-manifest] [music:song-10] game-assets/audio/birth-of-the-people.ogg (48000 Hz, 16201213 frames, loop 0..16201213)
[music-manifest] [music:song-11] game-assets/audio/level-up.ogg (48000 Hz, 451396 frames, loop 0..451396)
[music-manifest] 17 entries, 8 with audio
[audio-ext] extended sound channels enabled (40 voices, 8 effect lanes)
[saves] loaded native-srm backend from /home/deck/argame/capture-fast-path-20260912.XW1iYR/visible-fillmore-interp-vsync/seed.srm
[save-editor] boot edits rejected: no staged save edits change the image
[input-replay] 2548 legacy records, max gf=21845 last gf=2508 from /home/deck/argame/capture-fast-path-20260912.XW1iYR/saves/fillmore-act.rec
[audio] stream input 44100 Hz, device 44100 Hz 512-frame buffer (requested 512 frames)
[widescreen] gf=0 $18=00 $19=00 -> pillarbox clamp=00 mirror=00 repeat=00 bands=0/811c9dc5 normal=00 hud=0/0/0 left-only-y=0 bg-plan=0 source=none/none hle=00
[localization] enhanced: Excellent Adventure English - Full Edition
[crt] shader ready
[music] src=1A:94B8 song=01 -> [music:title-theme] game-assets/audio/title.ogg
[pipeline-perf] scene=Native/menu host=0 map=00/00 output=1280x800 frames=95 fps=93.4 cadence-ms=10.706 p95=11.439 max=12.004 refresh=0 vsync=1 cap=0 gpu-ms=unavailable
[pipeline-stage] events/input mean-ms=0.0590 peak-call-ms=0.1796 calls=111
[pipeline-stage] emulation mean-ms=0.1137 peak-call-ms=3.6192 calls=61
[pipeline-stage] PPU + capture mean-ms=0.1311 peak-call-ms=0.9875 calls=61
[pipeline-stage] world map build mean-ms=0.0003 peak-call-ms=0.0008 calls=61
[pipeline-stage] SIM metadata mean-ms=0.0152 peak-call-ms=0.1172 calls=61
[pipeline-stage] town canvas mean-ms=0.0009 peak-call-ms=0.0115 calls=61
[pipeline-stage] frame snapshot mean-ms=0.0802 peak-call-ms=5.0554 calls=61
[pipeline-stage] upload mean-ms=0.1117 peak-call-ms=2.1347 calls=61
[pipeline-stage] presentation mean-ms=0.1529 peak-call-ms=1.1955 calls=95
[pipeline-stage] CRT/resolve mean-ms=0.0235 peak-call-ms=0.3307 calls=190
[pipeline-stage] host UI mean-ms=0.0086 peak-call-ms=0.0185 calls=95
[pipeline-stage] settings UI mean-ms=0.0006 peak-call-ms=0.0011 calls=95
[pipeline-stage] present/wait mean-ms=9.9273 peak-call-ms=11.3722 calls=95
[pipeline-stage] pacing/sleep mean-ms=0.1819 peak-call-ms=1.0878 calls=111
[pipeline-stage] housekeeping mean-ms=0.0008 peak-call-ms=0.0023 calls=61
[pipeline-stage] PPU setup mean-ms=0.0037 peak-call-ms=0.0489 calls=61
[pipeline-stage] PPU scanout mean-ms=0.1150 peak-call-ms=0.7026 calls=61
[pipeline-stage] PPU finish mean-ms=0.0007 peak-call-ms=0.0024 calls=61
[pipeline-work] ticks=0.64 repre=0.36 draws=0.0 vertices=0 upload-MiB=0.027 depth-MiB=0.000 depth-copy-MiB=0.000 depth-copy-calls=0.00 jobs=0.00 helpers=0.00 fallback=0.00 failed=0.00 (per-present)
[pipeline-traffic] upload-calls=0.04 skipped=0.00 scan-MiB=1.606 upload-MiB=0.027 mirror-realloc=0.03 (per-present)
[pipeline-atlas] reuse=0.00 copy-MiB=0.000 copy-calls=0.00 (per-present; copies are GPU-only)
[pipeline-path] cpu-project=0.00 cpu-stage=0.00 gpu-reuse=0.00 publish=0.00 opt-out=0.00 limit=0.00 rejected=0.00 (events/present, not view fallbacks)
[pipeline-perf] scene=Native/menu host=0 map=00/00 output=1280x800 frames=91 fps=89.6 cadence-ms=11.155 p95=11.362 max=15.106 refresh=0 vsync=1 cap=0 gpu-ms=unavailable
[pipeline-stage] events/input mean-ms=0.1320 peak-call-ms=7.3422 calls=91
[pipeline-stage] emulation mean-ms=0.1121 peak-call-ms=1.3026 calls=61
[pipeline-stage] PPU + capture mean-ms=0.7336 peak-call-ms=4.5925 calls=61
[pipeline-stage] world map build mean-ms=0.0003 peak-call-ms=0.0008 calls=61
[pipeline-stage] SIM metadata mean-ms=0.0140 peak-call-ms=0.0374 calls=61
[pipeline-stage] town canvas mean-ms=0.0007 peak-call-ms=0.0015 calls=61
[pipeline-stage] frame snapshot mean-ms=0.0290 peak-call-ms=0.1256 calls=61
[pipeline-stage] upload mean-ms=0.4078 peak-call-ms=2.6911 calls=61
[pipeline-stage] presentation mean-ms=0.1272 peak-call-ms=0.2851 calls=91
[pipeline-stage] CRT/resolve mean-ms=0.0179 peak-call-ms=0.0432 calls=182
[pipeline-stage] host UI mean-ms=0.0087 peak-call-ms=0.0245 calls=91
[pipeline-stage] settings UI mean-ms=0.0007 peak-call-ms=0.0036 calls=91
[pipeline-stage] present/wait mean-ms=9.4739 peak-call-ms=12.0909 calls=91
[pipeline-stage] pacing/sleep mean-ms=0.0006 peak-call-ms=0.0013 calls=91
[pipeline-stage] housekeeping mean-ms=0.0008 peak-call-ms=0.0019 calls=61
[pipeline-stage] PPU setup mean-ms=0.0032 peak-call-ms=0.0072 calls=61
[pipeline-stage] PPU scanout mean-ms=0.7204 peak-call-ms=4.5655 calls=61
[pipeline-stage] PPU finish mean-ms=0.0007 peak-call-ms=0.0025 calls=61
[pipeline-work] ticks=0.67 repre=0.33 draws=0.0 vertices=0 upload-MiB=1.406 depth-MiB=0.000 depth-copy-MiB=0.000 depth-copy-calls=0.00 jobs=0.00 helpers=0.00 fallback=0.00 failed=0.00 (per-present)
[pipeline-traffic] upload-calls=0.14 skipped=0.00 scan-MiB=1.705 upload-MiB=1.406 mirror-realloc=0.00 (per-present)
[pipeline-atlas] reuse=0.00 copy-MiB=0.000 copy-calls=0.00 (per-present; copies are GPU-only)
[pipeline-path] cpu-project=0.00 cpu-stage=0.00 gpu-reuse=0.00 publish=0.00 opt-out=0.00 limit=0.00 rejected=0.00 (events/present, not view fallbacks)
[pipeline-perf] scene=Native/menu host=0 map=00/00 output=1280x800 frames=92 fps=90.1 cadence-ms=11.099 p95=11.423 max=12.113 refresh=0 vsync=1 cap=0 gpu-ms=unavailable
[pipeline-stage] events/input mean-ms=0.0530 peak-call-ms=0.0770 calls=92
[pipeline-stage] emulation mean-ms=0.1426 peak-call-ms=1.5551 calls=61
[pipeline-stage] PPU + capture mean-ms=1.4317 peak-call-ms=4.6063 calls=61
[pipeline-stage] world map build mean-ms=0.0003 peak-call-ms=0.0009 calls=61
[pipeline-stage] SIM metadata mean-ms=0.0134 peak-call-ms=0.0311 calls=61
[pipeline-stage] town canvas mean-ms=0.0006 peak-call-ms=0.0015 calls=61
[pipeline-stage] frame snapshot mean-ms=0.0255 peak-call-ms=0.0668 calls=61
[pipeline-stage] upload mean-ms=0.5184 peak-call-ms=2.3491 calls=61
[pipeline-stage] presentation mean-ms=0.1216 peak-call-ms=0.3733 calls=92
[pipeline-stage] CRT/resolve mean-ms=0.0167 peak-call-ms=0.0286 calls=184
[pipeline-stage] host UI mean-ms=0.0084 peak-call-ms=0.0251 calls=92
[pipeline-stage] settings UI mean-ms=0.0006 peak-call-ms=0.0009 calls=92
[pipeline-stage] present/wait mean-ms=8.6483 peak-call-ms=11.8486 calls=92
[pipeline-stage] pacing/sleep mean-ms=0.0006 peak-call-ms=0.0011 calls=92
[pipeline-stage] housekeeping mean-ms=0.0010 peak-call-ms=0.0144 calls=61
[pipeline-stage] PPU setup mean-ms=0.0032 peak-call-ms=0.0067 calls=61
[pipeline-stage] PPU scanout mean-ms=1.4182 peak-call-ms=4.5836 calls=61
[pipeline-stage] PPU finish mean-ms=0.0009 peak-call-ms=0.0019 calls=61
[pipeline-work] ticks=0.66 repre=0.34 draws=0.0 vertices=0 upload-MiB=1.832 depth-MiB=0.000 depth-copy-MiB=0.000 depth-copy-calls=0.00 jobs=0.00 helpers=0.00 fallback=0.00 failed=0.00 (per-present)
[pipeline-traffic] upload-calls=0.30 skipped=0.00 scan-MiB=1.704 upload-MiB=1.832 mirror-realloc=0.00 (per-present)
[pipeline-atlas] reuse=0.00 copy-MiB=0.000 copy-calls=0.00 (per-present; copies are GPU-only)
[pipeline-path] cpu-project=0.00 cpu-stage=0.00 gpu-reuse=0.00 publish=0.00 opt-out=0.00 limit=0.00 rejected=0.00 (events/present, not view fallbacks)
[pipeline-perf] scene=Native/menu host=0 map=00/00 output=1280x800 frames=91 fps=90.0 cadence-ms=11.111 p95=11.554 max=11.907 refresh=0 vsync=1 cap=0 gpu-ms=unavailable
[pipeline-stage] events/input mean-ms=0.0527 peak-call-ms=0.0771 calls=91
[pipeline-stage] emulation mean-ms=0.1492 peak-call-ms=3.1619 calls=61
[pipeline-stage] PPU + capture mean-ms=1.5069 peak-call-ms=4.7104 calls=61
[pipeline-stage] world map build mean-ms=0.0003 peak-call-ms=0.0009 calls=61
[pipeline-stage] SIM metadata mean-ms=0.0135 peak-call-ms=0.0397 calls=61
[pipeline-stage] town canvas mean-ms=0.0007 peak-call-ms=0.0021 calls=61
[pipeline-stage] frame snapshot mean-ms=0.0279 peak-call-ms=0.1755 calls=61
[pipeline-stage] upload mean-ms=0.6390 peak-call-ms=4.3967 calls=61
[pipeline-stage] presentation mean-ms=0.2026 peak-call-ms=6.5602 calls=91
[pipeline-stage] CRT/resolve mean-ms=0.0168 peak-call-ms=0.0184 calls=182
[pipeline-stage] host UI mean-ms=0.0081 peak-call-ms=0.0197 calls=91
[pipeline-stage] settings UI mean-ms=0.0006 peak-call-ms=0.0012 calls=91
[pipeline-stage] present/wait mean-ms=8.3976 peak-call-ms=11.0788 calls=91
[pipeline-stage] pacing/sleep mean-ms=0.0006 peak-call-ms=0.0013 calls=91
[pipeline-stage] housekeeping mean-ms=0.0008 peak-call-ms=0.0021 calls=61
[pipeline-stage] PPU setup mean-ms=0.0032 peak-call-ms=0.0070 calls=61
[pipeline-stage] PPU scanout mean-ms=1.4929 peak-call-ms=4.6902 calls=61
[pipeline-stage] PPU finish mean-ms=0.0012 peak-call-ms=0.0161 calls=61
[pipeline-work] ticks=0.67 repre=0.33 draws=0.0 vertices=0 upload-MiB=1.961 depth-MiB=0.000 depth-copy-MiB=0.000 depth-copy-calls=0.00 jobs=0.00 helpers=0.00 fallback=0.00 failed=0.00 (per-present)
[pipeline-traffic] upload-calls=0.66 skipped=0.00 scan-MiB=1.764 upload-MiB=1.961 mirror-realloc=0.00 (per-present)
[pipeline-atlas] reuse=0.00 copy-MiB=0.000 copy-calls=0.00 (per-present; copies are GPU-only)
[pipeline-path] cpu-project=0.00 cpu-stage=0.00 gpu-reuse=0.00 publish=0.00 opt-out=0.00 limit=0.00 rejected=0.00 (events/present, not view fallbacks)
[music] stop [music:title-theme] (driver halt $F0)
[widescreen] gf=310 $18=00 $19=07 -> WIDE clamp=00 mirror=00 repeat=00 bands=0/811c9dc5 normal=00 hud=32/168/168 left-only-y=32 bg-plan=0 source=none/none hle=00
[sim-worldmap] HLE built from sim state at gf=310 after Sky Palace entry (2623 tiles changed)
[sim3d-view] gf=310 none -> authentic (view fallback) (inactive, view=authentic_fallback, integrity=$0, mismatch=0 px) after 310 frame(s)
[music] src=1C:A988 song=01 -> [music:song-01] game-assets/audio/sky-palace.ogg
[sim3d-view] gf=311 authentic (view fallback) -> Sky Palace globe (inactive, view=sky_palace, integrity=$0, mismatch=0 px) after 1 frame(s)
[world-navigation-setup] mountains=26.251ms cliffs=17.691ms art=25.985ms
[pipeline-perf] scene=Sky Palace host=0 map=00/07 output=1280x800 frames=93 fps=91.8 cadence-ms=10.893 p95=12.288 max=15.864 refresh=0 vsync=1 cap=0 gpu-ms=unavailable
[pipeline-stage] events/input mean-ms=0.0531 peak-call-ms=0.1724 calls=93
[pipeline-stage] emulation mean-ms=0.1634 peak-call-ms=1.6149 calls=63
[pipeline-stage] PPU + capture mean-ms=2.6380 peak-call-ms=4.8450 calls=61
[pipeline-stage] world map build mean-ms=0.0033 peak-call-ms=0.0279 calls=61
[pipeline-stage] SIM metadata mean-ms=0.0243 peak-call-ms=0.0646 calls=61
[pipeline-stage] town canvas mean-ms=0.0007 peak-call-ms=0.0057 calls=61
[pipeline-stage] frame snapshot mean-ms=0.0320 peak-call-ms=0.0731 calls=61
[pipeline-stage] upload mean-ms=0.7550 peak-call-ms=3.5564 calls=61
[pipeline-stage] presentation mean-ms=3.3218 peak-call-ms=222.0803 calls=93
[pipeline-stage] CRT/resolve mean-ms=0.0172 peak-call-ms=0.0904 calls=186
[pipeline-stage] host UI mean-ms=0.0078 peak-call-ms=0.0175 calls=93
[pipeline-stage] settings UI mean-ms=0.0007 peak-call-ms=0.0019 calls=93
[pipeline-stage] present/wait mean-ms=6.1330 peak-call-ms=11.1820 calls=93
[pipeline-stage] pacing/sleep mean-ms=0.0007 peak-call-ms=0.0022 calls=93
[pipeline-stage] housekeeping mean-ms=0.0008 peak-call-ms=0.0024 calls=61
[pipeline-stage] PPU setup mean-ms=0.0039 peak-call-ms=0.0147 calls=61
[pipeline-stage] PPU scanout mean-ms=2.6026 peak-call-ms=4.7803 calls=61
[pipeline-stage] PPU finish mean-ms=0.0048 peak-call-ms=0.0096 calls=61
[pipeline-stage] job owner mean-ms=0.0915 peak-call-ms=2.9638 calls=6
[pipeline-stage] job helpers* mean-ms=0.2464 peak-call-ms=2.9857 calls=15
[pipeline-stage] job join wait mean-ms=0.0142 peak-call-ms=0.6961 calls=5
[pipeline-stage] SIM upload mean-ms=1.0378 peak-call-ms=70.1460 calls=93
[pipeline-stage] SIM backdrop mean-ms=0.0028 peak-call-ms=0.0059 calls=93
[pipeline-stage] SIM terrain mean-ms=0.6661 peak-call-ms=61.1414 calls=93
[pipeline-stage] SIM depth pass mean-ms=0.2140 peak-call-ms=0.0933 calls=752
[pipeline-stage] SIM model project mean-ms=0.3044 peak-call-ms=28.2687 calls=93
[pipeline-stage] SIM depth submit mean-ms=0.2358 peak-call-ms=1.6911 calls=93
[pipeline-stage] SIM clouds mean-ms=0.4541 peak-call-ms=34.0848 calls=93
[pipeline-stage] world animation mean-ms=0.1120 peak-call-ms=3.7274 calls=3
[pipeline-stage] world transfer mean-ms=0.2162 peak-call-ms=6.1696 calls=62
[pipeline-stage] world prepare mean-ms=0.2119 peak-call-ms=18.9565 calls=186
[pipeline-stage] world atmosphere mean-ms=0.0621 peak-call-ms=0.9758 calls=93
[pipeline-work] ticks=0.68 repre=0.34 draws=27.0 vertices=971162 upload-MiB=1.431 depth-MiB=0.185 depth-copy-MiB=0.070 depth-copy-calls=0.04 jobs=0.06 helpers=0.16 fallback=0.00 failed=0.00 (per-present)
[pipeline-traffic] upload-calls=2.67 skipped=0.00 scan-MiB=1.636 upload-MiB=1.431 mirror-realloc=0.00 (per-present)
[pipeline-atlas] reuse=0.96 copy-MiB=0.688 copy-calls=0.04 (per-present; copies are GPU-only)
[pipeline-path] cpu-project=1.01 cpu-stage=0.00 gpu-reuse=2.00 publish=0.02 opt-out=0.00 limit=0.00 rejected=0.00 (events/present, not view fallbacks)
[widescreen] gf=374 $18=00 $19=09 -> WIDE clamp=00 mirror=00 repeat=00 bands=0/811c9dc5 normal=00 hud=0/0/0 left-only-y=0 bg-plan=0 source=none/none hle=00
[sim-worldmap] HLE built from sim state at gf=374 after world-navigation entry (0 tiles changed)
[world-navigation-capture] gf=374 fallback=forced-blank
[sim3d-view] gf=374 Sky Palace globe -> authentic (view fallback) (inactive, view=authentic_fallback, integrity=$0, mismatch=0 px) after 63 frame(s)
[sim3d-view] gf=375 authentic (view fallback) -> world navigation 3D (inactive, view=world_navigation, integrity=$0, mismatch=0 px) after 1 frame(s)
[warp] from $18=$00 $19=$09 staged region=$01 map=$01 ($1B/$1A/$FB set); transition processor should pick it up.
[world-navigation-capture] gf=402 fallback=forced-blank
[sim3d-view] gf=402 world navigation 3D -> authentic (view fallback) (inactive, view=authentic_fallback, integrity=$0, mismatch=0 px) after 27 frame(s)
[pipeline-perf] scene=Native/menu host=0 map=00/09 output=1280x800 frames=91 fps=89.9 cadence-ms=11.120 p95=11.352 max=11.852 refresh=0 vsync=1 cap=0 gpu-ms=unavailable
[pipeline-stage] events/input mean-ms=0.1403 peak-call-ms=7.9889 calls=91
[pipeline-stage] emulation mean-ms=0.0816 peak-call-ms=1.4345 calls=61
[pipeline-stage] PPU + capture mean-ms=0.0808 peak-call-ms=0.1620 calls=60
[pipeline-stage] world map build mean-ms=0.0011 peak-call-ms=0.0028 calls=60
[pipeline-stage] SIM metadata mean-ms=0.0238 peak-call-ms=0.0663 calls=60
[pipeline-stage] town canvas mean-ms=0.0006 peak-call-ms=0.0018 calls=60
[pipeline-stage] frame snapshot mean-ms=0.0282 peak-call-ms=0.1401 calls=60
[pipeline-stage] upload mean-ms=0.0686 peak-call-ms=0.7541 calls=60
[pipeline-stage] presentation mean-ms=0.0892 peak-call-ms=0.1340 calls=91
[pipeline-stage] CRT/resolve mean-ms=0.0690 peak-call-ms=0.1034 calls=182
[pipeline-stage] host UI mean-ms=0.0089 peak-call-ms=0.0243 calls=91
[pipeline-stage] settings UI mean-ms=0.0006 peak-call-ms=0.0009 calls=91
[pipeline-stage] present/wait mean-ms=10.4921 peak-call-ms=11.3580 calls=91
[pipeline-stage] pacing/sleep mean-ms=0.0005 peak-call-ms=0.0010 calls=91
[pipeline-stage] housekeeping mean-ms=0.0008 peak-call-ms=0.0019 calls=60
[pipeline-stage] PPU setup mean-ms=0.0032 peak-call-ms=0.0068 calls=60
[pipeline-stage] PPU scanout mean-ms=0.0674 peak-call-ms=0.1378 calls=60
[pipeline-stage] PPU finish mean-ms=0.0007 peak-call-ms=0.0018 calls=60
[pipeline-work] ticks=0.67 repre=0.34 draws=0.0 vertices=0 upload-MiB=0.014 depth-MiB=0.000 depth-copy-MiB=0.000 depth-copy-calls=0.00 jobs=0.00 helpers=0.00 fallback=1.00 failed=0.00 (per-present)
[pipeline-traffic] upload-calls=0.02 skipped=0.00 scan-MiB=1.113 upload-MiB=0.014 mirror-realloc=0.00 (per-present)
[pipeline-atlas] reuse=0.00 copy-MiB=0.000 copy-calls=0.00 (per-present; copies are GPU-only)
[pipeline-path] cpu-project=0.00 cpu-stage=0.00 gpu-reuse=0.00 publish=0.00 opt-out=0.00 limit=0.00 rejected=0.00 (events/present, not view fallbacks)
[pipeline-perf] scene=Native/menu host=0 map=00/09 output=1280x800 frames=91 fps=90.0 cadence-ms=11.112 p95=11.350 max=11.455 refresh=0 vsync=1 cap=0 gpu-ms=unavailable
[pipeline-stage] events/input mean-ms=0.0533 peak-call-ms=0.0766 calls=91
[pipeline-stage] emulation mean-ms=0.0398 peak-call-ms=1.2084 calls=61
[pipeline-stage] PPU + capture mean-ms=0.0825 peak-call-ms=0.1644 calls=61
[pipeline-stage] world map build mean-ms=0.0011 peak-call-ms=0.0027 calls=61
[pipeline-stage] SIM metadata mean-ms=0.0245 peak-call-ms=0.0549 calls=61
[pipeline-stage] town canvas mean-ms=0.0007 peak-call-ms=0.0016 calls=61
[pipeline-stage] frame snapshot mean-ms=0.0290 peak-call-ms=0.0683 calls=61
[pipeline-stage] upload mean-ms=0.0586 peak-call-ms=0.1496 calls=61
[pipeline-stage] presentation mean-ms=0.0896 peak-call-ms=0.1706 calls=91
[pipeline-stage] CRT/resolve mean-ms=0.0692 peak-call-ms=0.1415 calls=182
[pipeline-stage] host UI mean-ms=0.0092 peak-call-ms=0.0311 calls=91
[pipeline-stage] settings UI mean-ms=0.0006 peak-call-ms=0.0018 calls=91
[pipeline-stage] present/wait mean-ms=10.6136 peak-call-ms=11.2207 calls=91
[pipeline-stage] pacing/sleep mean-ms=0.0005 peak-call-ms=0.0028 calls=91
[pipeline-stage] housekeeping mean-ms=0.0008 peak-call-ms=0.0018 calls=61
[pipeline-stage] PPU setup mean-ms=0.0035 peak-call-ms=0.0287 calls=61
[pipeline-stage] PPU scanout mean-ms=0.0686 peak-call-ms=0.1363 calls=61
[pipeline-stage] PPU finish mean-ms=0.0007 peak-call-ms=0.0016 calls=61
[pipeline-work] ticks=0.67 repre=0.33 draws=0.0 vertices=0 upload-MiB=0.000 depth-MiB=0.000 depth-copy-MiB=0.000 depth-copy-calls=0.00 jobs=0.00 helpers=0.00 fallback=1.00 failed=0.00 (per-present)
[pipeline-traffic] upload-calls=0.00 skipped=0.00 scan-MiB=1.136 upload-MiB=0.000 mirror-realloc=0.00 (per-present)
[pipeline-atlas] reuse=0.00 copy-MiB=0.000 copy-calls=0.00 (per-present; copies are GPU-only)
[pipeline-path] cpu-project=0.00 cpu-stage=0.00 gpu-reuse=0.00 publish=0.00 opt-out=0.00 limit=0.00 rejected=0.00 (events/present, not view fallbacks)
[pipeline-perf] scene=Native/menu host=0 map=00/09 output=1280x800 frames=92 fps=90.0 cadence-ms=11.110 p95=11.349 max=11.433 refresh=0 vsync=1 cap=0 gpu-ms=unavailable
[pipeline-stage] events/input mean-ms=0.1372 peak-call-ms=7.7677 calls=92
[pipeline-stage] emulation mean-ms=0.1019 peak-call-ms=1.4284 calls=61
[pipeline-stage] PPU + capture mean-ms=0.0806 peak-call-ms=0.1640 calls=61
[pipeline-stage] world map build mean-ms=0.0010 peak-call-ms=0.0025 calls=61
[pipeline-stage] SIM metadata mean-ms=0.0229 peak-call-ms=0.0478 calls=61
[pipeline-stage] town canvas mean-ms=0.0006 peak-call-ms=0.0014 calls=61
[pipeline-stage] frame snapshot mean-ms=0.0291 peak-call-ms=0.1277 calls=61
[pipeline-stage] upload mean-ms=0.0571 peak-call-ms=0.1437 calls=61
[pipeline-stage] presentation mean-ms=0.0880 peak-call-ms=0.1708 calls=92
[pipeline-stage] CRT/resolve mean-ms=0.0679 peak-call-ms=0.1069 calls=184
[pipeline-stage] host UI mean-ms=0.0090 peak-call-ms=0.0558 calls=92
[pipeline-stage] settings UI mean-ms=0.0006 peak-call-ms=0.0036 calls=92
[pipeline-stage] present/wait mean-ms=10.4749 peak-call-ms=11.2198 calls=92
[pipeline-stage] pacing/sleep mean-ms=0.0005 peak-call-ms=0.0031 calls=92
[pipeline-stage] housekeeping mean-ms=0.0008 peak-call-ms=0.0018 calls=61
[pipeline-stage] PPU setup mean-ms=0.0037 peak-call-ms=0.0513 calls=61
[pipeline-stage] PPU scanout mean-ms=0.0670 peak-call-ms=0.1355 calls=61
[pipeline-stage] PPU finish mean-ms=0.0007 peak-call-ms=0.0020 calls=61
[pipeline-work] ticks=0.66 repre=0.34 draws=0.0 vertices=0 upload-MiB=0.000 depth-MiB=0.000 depth-copy-MiB=0.000 depth-copy-calls=0.00 jobs=0.00 helpers=0.00 fallback=1.00 failed=0.00 (per-present)
[pipeline-traffic] upload-calls=0.00 skipped=0.00 scan-MiB=1.124 upload-MiB=0.000 mirror-realloc=0.00 (per-present)
[pipeline-atlas] reuse=0.00 copy-MiB=0.000 copy-calls=0.00 (per-present; copies are GPU-only)
[pipeline-path] cpu-project=0.00 cpu-stage=0.00 gpu-reuse=0.00 publish=0.00 opt-out=0.00 limit=0.00 rejected=0.00 (events/present, not view fallbacks)
[pipeline-perf] scene=Native/menu host=0 map=00/09 output=1280x800 frames=92 fps=90.0 cadence-ms=11.112 p95=11.332 max=11.406 refresh=0 vsync=1 cap=0 gpu-ms=unavailable
[pipeline-stage] events/input mean-ms=0.0546 peak-call-ms=0.0944 calls=92
[pipeline-stage] emulation mean-ms=0.0877 peak-call-ms=1.4088 calls=62
[pipeline-stage] PPU + capture mean-ms=0.0833 peak-call-ms=0.1724 calls=62
[pipeline-stage] world map build mean-ms=0.0011 peak-call-ms=0.0025 calls=62
[pipeline-stage] SIM metadata mean-ms=0.0243 peak-call-ms=0.1103 calls=62
[pipeline-stage] town canvas mean-ms=0.0007 peak-call-ms=0.0030 calls=62
[pipeline-stage] frame snapshot mean-ms=0.0284 peak-call-ms=0.0650 calls=62
[pipeline-stage] upload mean-ms=0.0615 peak-call-ms=0.2135 calls=62
[pipeline-stage] presentation mean-ms=0.0915 peak-call-ms=0.1694 calls=92
[pipeline-stage] CRT/resolve mean-ms=0.0708 peak-call-ms=0.1356 calls=184
[pipeline-stage] host UI mean-ms=0.0091 peak-call-ms=0.0237 calls=92
[pipeline-stage] settings UI mean-ms=0.0006 peak-call-ms=0.0010 calls=92
[pipeline-stage] present/wait mean-ms=10.5616 peak-call-ms=11.0774 calls=92
[pipeline-stage] pacing/sleep mean-ms=0.0005 peak-call-ms=0.0009 calls=92
[pipeline-stage] housekeeping mean-ms=0.0008 peak-call-ms=0.0018 calls=62
[pipeline-stage] PPU setup mean-ms=0.0033 peak-call-ms=0.0079 calls=62
[pipeline-stage] PPU scanout mean-ms=0.0699 peak-call-ms=0.1438 calls=62
[pipeline-stage] PPU finish mean-ms=0.0007 peak-call-ms=0.0018 calls=62
[pipeline-work] ticks=0.67 repre=0.33 draws=0.0 vertices=0 upload-MiB=0.000 depth-MiB=0.000 depth-copy-MiB=0.000 depth-copy-calls=0.00 jobs=0.00 helpers=0.00 fallback=1.00 failed=0.00 (per-present)
[pipeline-traffic] upload-calls=0.00 skipped=0.00 scan-MiB=1.142 upload-MiB=0.000 mirror-realloc=0.00 (per-present)
[pipeline-atlas] reuse=0.00 copy-MiB=0.000 copy-calls=0.00 (per-present; copies are GPU-only)
[pipeline-path] cpu-project=0.00 cpu-stage=0.00 gpu-reuse=0.00 publish=0.00 opt-out=0.00 limit=0.00 rejected=0.00 (events/present, not view fallbacks)
[pipeline-perf] scene=Native/menu host=0 map=00/09 output=1280x800 frames=92 fps=90.0 cadence-ms=11.110 p95=11.376 max=11.447 refresh=0 vsync=1 cap=0 gpu-ms=unavailable
[pipeline-stage] events/input mean-ms=0.1325 peak-call-ms=7.3254 calls=92
[pipeline-stage] emulation mean-ms=0.0929 peak-call-ms=1.5115 calls=61
[pipeline-stage] PPU + capture mean-ms=0.0809 peak-call-ms=0.2094 calls=61
[pipeline-stage] world map build mean-ms=0.0011 peak-call-ms=0.0027 calls=61
[pipeline-stage] SIM metadata mean-ms=0.0240 peak-call-ms=0.0945 calls=61
[pipeline-stage] town canvas mean-ms=0.0006 peak-call-ms=0.0015 calls=61
[pipeline-stage] frame snapshot mean-ms=0.0279 peak-call-ms=0.0665 calls=61
[pipeline-stage] upload mean-ms=0.0600 peak-call-ms=0.2139 calls=61
[pipeline-stage] presentation mean-ms=0.0901 peak-call-ms=0.1469 calls=92
[pipeline-stage] CRT/resolve mean-ms=0.0700 peak-call-ms=0.1188 calls=184
[pipeline-stage] host UI mean-ms=0.0091 peak-call-ms=0.0395 calls=92
[pipeline-stage] settings UI mean-ms=0.0006 peak-call-ms=0.0010 calls=92
[pipeline-stage] present/wait mean-ms=10.4811 peak-call-ms=11.1843 calls=92
[pipeline-stage] pacing/sleep mean-ms=0.0005 peak-call-ms=0.0015 calls=92
[pipeline-stage] housekeeping mean-ms=0.0008 peak-call-ms=0.0022 calls=61
[pipeline-stage] PPU setup mean-ms=0.0034 peak-call-ms=0.0141 calls=61
[pipeline-stage] PPU scanout mean-ms=0.0668 peak-call-ms=0.1394 calls=61
[pipeline-stage] PPU finish mean-ms=0.0007 peak-call-ms=0.0016 calls=61
[pipeline-work] ticks=0.66 repre=0.34 draws=0.0 vertices=0 upload-MiB=0.000 depth-MiB=0.000 depth-copy-MiB=0.000 depth-copy-calls=0.00 jobs=0.00 helpers=0.00 fallback=1.00 failed=0.00 (per-present)
[pipeline-traffic] upload-calls=0.00 skipped=0.00 scan-MiB=1.124 upload-MiB=0.000 mirror-realloc=0.00 (per-present)
[pipeline-atlas] reuse=0.00 copy-MiB=0.000 copy-calls=0.00 (per-present; copies are GPU-only)
[pipeline-path] cpu-project=0.00 cpu-stage=0.00 gpu-reuse=0.00 publish=0.00 opt-out=0.00 limit=0.00 rejected=0.00 (events/present, not view fallbacks)
[music] stop [music:song-01] (driver halt $F0)
[action-bg-hle] full world-layer provider enabled
[action-bg-hle] fallback=forced-blank map=01/01 BG1
[widescreen] gf=402 $18=01 $19=01 -> WIDE clamp=00 mirror=00 repeat=00 bands=0/811c9dc5 normal=00 hud=40/88/168 left-only-y=28 bg-plan=1 source=world/world hle=00
[sim3d-view] gf=402 authentic (view fallback) -> none (inactive, view=none, integrity=$0, mismatch=0 px) after 0 frame(s)
[act-enter] $18=01 $19=01 at game-frame 402
[music] src=18:947F song=01 -> [music:song-00] game-assets/audio/fillmore.ogg
[action-room-scene] ROM-derived world source enabled
[widescreen] gf=403 $18=01 $19=01 -> WIDE clamp=00 mirror=00 repeat=00 bands=0/811c9dc5 normal=00 hud=40/88/168 left-only-y=28 bg-plan=1 source=world/world hle=03
[gpu-fx] blur shader ready
[gpu-fx] DOF shader ready
[gpu-fx] rim light shader ready
[pipeline-perf] scene=Action 3D host=0 map=01/01 output=1280x800 frames=92 fps=89.7 cadence-ms=11.146 p95=14.567 max=28.304 refresh=0 vsync=1 cap=0 gpu-ms=unavailable
[pipeline-stage] events/input mean-ms=0.0520 peak-call-ms=0.0882 calls=92
[pipeline-stage] emulation mean-ms=0.2955 peak-call-ms=8.4616 calls=62
[pipeline-stage] PPU + capture mean-ms=4.2972 peak-call-ms=8.8848 calls=62
[pipeline-stage] world map build mean-ms=0.0003 peak-call-ms=0.0009 calls=62
[pipeline-stage] SIM metadata mean-ms=0.0151 peak-call-ms=0.0296 calls=62
[pipeline-stage] town canvas mean-ms=0.0007 peak-call-ms=0.0017 calls=62
[pipeline-stage] frame snapshot mean-ms=0.0352 peak-call-ms=0.0827 calls=62
[pipeline-stage] upload mean-ms=2.1103 peak-call-ms=8.1120 calls=62
[pipeline-stage] presentation mean-ms=0.4517 peak-call-ms=10.3407 calls=92
[pipeline-stage] CRT/resolve mean-ms=0.0192 peak-call-ms=0.0932 calls=184
[pipeline-stage] host UI mean-ms=0.0063 peak-call-ms=0.0128 calls=92
[pipeline-stage] settings UI mean-ms=0.0006 peak-call-ms=0.0011 calls=92
[pipeline-stage] present/wait mean-ms=3.8087 peak-call-ms=11.0015 calls=92
[pipeline-stage] pacing/sleep mean-ms=0.0006 peak-call-ms=0.0011 calls=92
[pipeline-stage] housekeeping mean-ms=0.0008 peak-call-ms=0.0020 calls=62
[pipeline-stage] PPU setup mean-ms=0.0305 peak-call-ms=0.6171 calls=62
[pipeline-stage] PPU scanout mean-ms=4.2228 peak-call-ms=7.2863 calls=62
[pipeline-stage] PPU finish mean-ms=0.0034 peak-call-ms=0.0083 calls=62
[pipeline-stage] action total mean-ms=0.4214 peak-call-ms=10.2265 calls=80
[pipeline-stage] action upload mean-ms=0.5131 peak-call-ms=3.5248 calls=62
[pipeline-stage] action analysis mean-ms=1.1503 peak-call-ms=4.9500 calls=62
[pipeline-stage] action setup mean-ms=0.0302 peak-call-ms=0.6151 calls=62
[pipeline-stage] action scanout mean-ms=4.2225 peak-call-ms=7.2855 calls=62
[pipeline-stage] action finish mean-ms=0.0032 peak-call-ms=0.0079 calls=62
[pipeline-stage] action host-post mean-ms=0.0298 peak-call-ms=0.0713 calls=62
[pipeline-stage] action synthesis mean-ms=0.1057 peak-call-ms=0.4129 calls=80
[pipeline-stage] action mesh mean-ms=0.0049 peak-call-ms=0.0020 calls=400
[pipeline-stage] action supersample mean-ms=0.0274 peak-call-ms=0.3746 calls=80
[pipeline-stage] action DOF mean-ms=0.0287 peak-call-ms=0.5076 calls=80
[pipeline-stage] action submit mean-ms=0.0134 peak-call-ms=0.0173 calls=599
[pipeline-stage] action callback mean-ms=0.0005 peak-call-ms=0.0006 calls=400
[pipeline-work] ticks=0.67 repre=0.33 draws=6.5 vertices=431 upload-MiB=0.647 depth-MiB=0.000 depth-copy-MiB=0.000 depth-copy-calls=0.00 jobs=0.00 helpers=0.00 fallback=0.00 failed=0.00 (per-present)
[pipeline-traffic] upload-calls=2.58 skipped=1.12 scan-MiB=5.090 upload-MiB=0.647 mirror-realloc=0.08 (per-present)
[pipeline-atlas] reuse=0.00 copy-MiB=0.000 copy-calls=0.00 (per-present; copies are GPU-only)
[pipeline-path] cpu-project=0.00 cpu-stage=0.00 gpu-reuse=0.00 publish=0.00 opt-out=0.00 limit=0.00 rejected=0.00 (events/present, not view fallbacks)
[pipeline-perf] scene=Action 3D host=0 map=01/01 output=1280x800 frames=92 fps=90.0 cadence-ms=11.105 p95=13.391 max=18.346 refresh=0 vsync=1 cap=0 gpu-ms=unavailable
[pipeline-stage] events/input mean-ms=0.1405 peak-call-ms=8.1193 calls=92
[pipeline-stage] emulation mean-ms=0.1698 peak-call-ms=1.3012 calls=61
[pipeline-stage] PPU + capture mean-ms=4.7485 peak-call-ms=7.4940 calls=61
[pipeline-stage] world map build mean-ms=0.0003 peak-call-ms=0.0012 calls=61
[pipeline-stage] SIM metadata mean-ms=0.0151 peak-call-ms=0.0322 calls=61
[pipeline-stage] town canvas mean-ms=0.0007 peak-call-ms=0.0015 calls=61
[pipeline-stage] frame snapshot mean-ms=0.0345 peak-call-ms=0.0609 calls=61
[pipeline-stage] upload mean-ms=1.6624 peak-call-ms=5.5483 calls=61
[pipeline-stage] presentation mean-ms=0.3724 peak-call-ms=1.3839 calls=92
[pipeline-stage] CRT/resolve mean-ms=0.0126 peak-call-ms=0.0264 calls=184
[pipeline-stage] host UI mean-ms=0.0061 peak-call-ms=0.0143 calls=92
[pipeline-stage] settings UI mean-ms=0.0006 peak-call-ms=0.0011 calls=92
[pipeline-stage] present/wait mean-ms=3.7947 peak-call-ms=10.8164 calls=92
[pipeline-stage] pacing/sleep mean-ms=0.0007 peak-call-ms=0.0014 calls=92
[pipeline-stage] housekeeping mean-ms=0.0008 peak-call-ms=0.0022 calls=61
[pipeline-stage] PPU setup mean-ms=0.0268 peak-call-ms=0.0593 calls=61
[pipeline-stage] PPU scanout mean-ms=4.6939 peak-call-ms=7.4164 calls=61
[pipeline-stage] PPU finish mean-ms=0.0038 peak-call-ms=0.0138 calls=61
[pipeline-stage] action total mean-ms=0.3489 peak-call-ms=1.3556 calls=92
[pipeline-stage] action upload mean-ms=0.4928 peak-call-ms=2.1459 calls=61
[pipeline-stage] action analysis mean-ms=0.8159 peak-call-ms=3.7518 calls=61
[pipeline-stage] action setup mean-ms=0.0265 peak-call-ms=0.0587 calls=61
[pipeline-stage] action scanout mean-ms=4.6935 peak-call-ms=7.4159 calls=61
[pipeline-stage] action finish mean-ms=0.0036 peak-call-ms=0.0134 calls=61
[pipeline-stage] action host-post mean-ms=0.0293 peak-call-ms=0.0549 calls=61
[pipeline-stage] action synthesis mean-ms=0.1175 peak-call-ms=0.1906 calls=92
[pipeline-stage] action mesh mean-ms=0.0059 peak-call-ms=0.0139 calls=460
[pipeline-stage] action supersample mean-ms=0.0225 peak-call-ms=0.0423 calls=92
[pipeline-stage] action DOF mean-ms=0.0271 peak-call-ms=0.0485 calls=92
[pipeline-stage] action submit mean-ms=0.0158 peak-call-ms=0.0374 calls=672
[pipeline-stage] action callback mean-ms=0.0009 peak-call-ms=0.0278 calls=460
[pipeline-work] ticks=0.66 repre=0.34 draws=7.3 vertices=495 upload-MiB=0.374 depth-MiB=0.000 depth-copy-MiB=0.000 depth-copy-calls=0.00 jobs=0.00 helpers=0.00 fallback=0.00 failed=0.00 (per-present)
[pipeline-traffic] upload-calls=1.90 skipped=1.61 scan-MiB=5.582 upload-MiB=0.374 mirror-realloc=0.00 (per-present)
[pipeline-atlas] reuse=0.00 copy-MiB=0.000 copy-calls=0.00 (per-present; copies are GPU-only)
[pipeline-path] cpu-project=0.00 cpu-stage=0.00 gpu-reuse=0.00 publish=0.00 opt-out=0.00 limit=0.00 rejected=0.00 (events/present, not view fallbacks)
[pipeline-perf] scene=Action 3D host=0 map=01/01 output=1280x800 frames=91 fps=90.0 cadence-ms=11.116 p95=14.263 max=15.501 refresh=0 vsync=1 cap=0 gpu-ms=unavailable
[pipeline-stage] events/input mean-ms=0.0529 peak-call-ms=0.0812 calls=91
[pipeline-stage] emulation mean-ms=0.1955 peak-call-ms=1.2982 calls=61
[pipeline-stage] PPU + capture mean-ms=4.8514 peak-call-ms=7.8367 calls=61
[pipeline-stage] world map build mean-ms=0.0003 peak-call-ms=0.0008 calls=61
[pipeline-stage] SIM metadata mean-ms=0.0148 peak-call-ms=0.0269 calls=61
[pipeline-stage] town canvas mean-ms=0.0007 peak-call-ms=0.0015 calls=61
[pipeline-stage] frame snapshot mean-ms=0.0353 peak-call-ms=0.0881 calls=61
[pipeline-stage] upload mean-ms=1.7015 peak-call-ms=6.9324 calls=61
[pipeline-stage] presentation mean-ms=0.3791 peak-call-ms=1.2412 calls=91
[pipeline-stage] CRT/resolve mean-ms=0.0131 peak-call-ms=0.0506 calls=182
[pipeline-stage] host UI mean-ms=0.0068 peak-call-ms=0.0290 calls=91
[pipeline-stage] settings UI mean-ms=0.0006 peak-call-ms=0.0012 calls=91
[pipeline-stage] present/wait mean-ms=3.7754 peak-call-ms=10.7860 calls=91
[pipeline-stage] pacing/sleep mean-ms=0.0006 peak-call-ms=0.0013 calls=91
[pipeline-stage] housekeeping mean-ms=0.0008 peak-call-ms=0.0020 calls=61
[pipeline-stage] PPU setup mean-ms=0.0279 peak-call-ms=0.0562 calls=61
[pipeline-stage] PPU scanout mean-ms=4.7949 peak-call-ms=7.7569 calls=61
[pipeline-stage] PPU finish mean-ms=0.0038 peak-call-ms=0.0135 calls=61
[pipeline-stage] action total mean-ms=0.3548 peak-call-ms=1.2132 calls=91
[pipeline-stage] action upload mean-ms=0.5230 peak-call-ms=2.7012 calls=61
[pipeline-stage] action analysis mean-ms=0.8039 peak-call-ms=3.6545 calls=61
[pipeline-stage] action setup mean-ms=0.0276 peak-call-ms=0.0557 calls=61
[pipeline-stage] action scanout mean-ms=4.7945 peak-call-ms=7.7564 calls=61
[pipeline-stage] action finish mean-ms=0.0036 peak-call-ms=0.0132 calls=61
[pipeline-stage] action host-post mean-ms=0.0290 peak-call-ms=0.0495 calls=61
[pipeline-stage] action synthesis mean-ms=0.1198 peak-call-ms=0.2045 calls=91
[pipeline-stage] action mesh mean-ms=0.0059 peak-call-ms=0.0020 calls=455
[pipeline-stage] action supersample mean-ms=0.0241 peak-call-ms=0.0487 calls=91
[pipeline-stage] action DOF mean-ms=0.0282 peak-call-ms=0.0651 calls=91
[pipeline-stage] action submit mean-ms=0.0163 peak-call-ms=0.0254 calls=662
[pipeline-stage] action callback mean-ms=0.0006 peak-call-ms=0.0007 calls=455
[pipeline-work] ticks=0.67 repre=0.33 draws=7.3 vertices=495 upload-MiB=0.363 depth-MiB=0.000 depth-copy-MiB=0.000 depth-copy-calls=0.00 jobs=0.00 helpers=0.00 fallback=0.00 failed=0.00 (per-present)
[pipeline-traffic] upload-calls=1.89 skipped=1.66 scan-MiB=5.621 upload-MiB=0.363 mirror-realloc=0.00 (per-present)
[pipeline-atlas] reuse=0.00 copy-MiB=0.000 copy-calls=0.00 (per-present; copies are GPU-only)
[pipeline-path] cpu-project=0.00 cpu-stage=0.00 gpu-reuse=0.00 publish=0.00 opt-out=0.00 limit=0.00 rejected=0.00 (events/present, not view fallbacks)
[pipeline-perf] scene=Action 3D host=0 map=01/01 output=1280x800 frames=91 fps=89.9 cadence-ms=11.122 p95=12.044 max=18.851 refresh=0 vsync=1 cap=0 gpu-ms=unavailable
[pipeline-stage] events/input mean-ms=0.1433 peak-call-ms=8.1271 calls=91
[pipeline-stage] emulation mean-ms=0.2281 peak-call-ms=1.8960 calls=60
[pipeline-stage] PPU + capture mean-ms=4.8477 peak-call-ms=7.7598 calls=60
[pipeline-stage] world map build mean-ms=0.0003 peak-call-ms=0.0007 calls=60
[pipeline-stage] SIM metadata mean-ms=0.0147 peak-call-ms=0.0346 calls=60
[pipeline-stage] town canvas mean-ms=0.0007 peak-call-ms=0.0015 calls=60
[pipeline-stage] frame snapshot mean-ms=0.0344 peak-call-ms=0.0772 calls=60
[pipeline-stage] upload mean-ms=1.0522 peak-call-ms=3.1796 calls=60
[pipeline-stage] presentation mean-ms=0.3627 peak-call-ms=1.1299 calls=91
[pipeline-stage] CRT/resolve mean-ms=0.0127 peak-call-ms=0.0341 calls=182
[pipeline-stage] host UI mean-ms=0.0063 peak-call-ms=0.0124 calls=91
[pipeline-stage] settings UI mean-ms=0.0006 peak-call-ms=0.0011 calls=91
[pipeline-stage] present/wait mean-ms=4.3219 peak-call-ms=10.7893 calls=91
[pipeline-stage] pacing/sleep mean-ms=0.0006 peak-call-ms=0.0011 calls=91
[pipeline-stage] housekeeping mean-ms=0.0009 peak-call-ms=0.0023 calls=60
[pipeline-stage] PPU setup mean-ms=0.0298 peak-call-ms=0.0618 calls=60
[pipeline-stage] PPU scanout mean-ms=4.7884 peak-call-ms=7.6649 calls=60
[pipeline-stage] PPU finish mean-ms=0.0037 peak-call-ms=0.0140 calls=60
[pipeline-stage] action total mean-ms=0.3394 peak-call-ms=1.1010 calls=91
[pipeline-stage] action upload mean-ms=0.4079 peak-call-ms=2.1938 calls=60
[pipeline-stage] action analysis mean-ms=0.3640 peak-call-ms=0.6637 calls=60
[pipeline-stage] action setup mean-ms=0.0295 peak-call-ms=0.0612 calls=60
[pipeline-stage] action scanout mean-ms=4.7880 peak-call-ms=7.6644 calls=60
[pipeline-stage] action finish mean-ms=0.0035 peak-call-ms=0.0138 calls=60
[pipeline-stage] action host-post mean-ms=0.0290 peak-call-ms=0.0593 calls=60
[pipeline-stage] action synthesis mean-ms=0.1070 peak-call-ms=0.1958 calls=91
[pipeline-stage] action mesh mean-ms=0.0061 peak-call-ms=0.0142 calls=455
[pipeline-stage] action supersample mean-ms=0.0241 peak-call-ms=0.0520 calls=91
[pipeline-stage] action DOF mean-ms=0.0318 peak-call-ms=0.0546 calls=91
[pipeline-stage] action submit mean-ms=0.0165 peak-call-ms=0.0387 calls=637
[pipeline-stage] action callback mean-ms=0.0006 peak-call-ms=0.0005 calls=455
[pipeline-work] ticks=0.66 repre=0.34 draws=7.0 vertices=494 upload-MiB=0.071 depth-MiB=0.000 depth-copy-MiB=0.000 depth-copy-calls=0.00 jobs=0.00 helpers=0.00 fallback=0.00 failed=0.00 (per-present)
[pipeline-traffic] upload-calls=1.36 skipped=1.98 scan-MiB=5.534 upload-MiB=0.071 mirror-realloc=0.00 (per-present)
[pipeline-atlas] reuse=0.00 copy-MiB=0.000 copy-calls=0.00 (per-present; copies are GPU-only)
[pipeline-path] cpu-project=0.00 cpu-stage=0.00 gpu-reuse=0.00 publish=0.00 opt-out=0.00 limit=0.00 rejected=0.00 (events/present, not view fallbacks)
[pipeline-perf] scene=Action 3D host=0 map=01/01 output=1280x800 frames=92 fps=90.0 cadence-ms=11.111 p95=12.185 max=13.326 refresh=0 vsync=1 cap=0 gpu-ms=unavailable
[pipeline-stage] events/input mean-ms=0.0546 peak-call-ms=0.0906 calls=92
[pipeline-stage] emulation mean-ms=0.2920 peak-call-ms=2.3068 calls=62
[pipeline-stage] PPU + capture mean-ms=5.0344 peak-call-ms=8.3383 calls=62
[pipeline-stage] world map build mean-ms=0.0003 peak-call-ms=0.0009 calls=62
[pipeline-stage] SIM metadata mean-ms=0.0150 peak-call-ms=0.0369 calls=62
[pipeline-stage] town canvas mean-ms=0.0007 peak-call-ms=0.0014 calls=62
[pipeline-stage] frame snapshot mean-ms=0.0357 peak-call-ms=0.0680 calls=62
[pipeline-stage] upload mean-ms=1.0804 peak-call-ms=3.3220 calls=62
[pipeline-stage] presentation mean-ms=0.3634 peak-call-ms=0.6836 calls=92
[pipeline-stage] CRT/resolve mean-ms=0.0135 peak-call-ms=0.0276 calls=184
[pipeline-stage] host UI mean-ms=0.0064 peak-call-ms=0.0122 calls=92
[pipeline-stage] settings UI mean-ms=0.0006 peak-call-ms=0.0011 calls=92
[pipeline-stage] present/wait mean-ms=4.1254 peak-call-ms=10.7819 calls=92
[pipeline-stage] pacing/sleep mean-ms=0.0007 peak-call-ms=0.0013 calls=92
[pipeline-stage] housekeeping mean-ms=0.0009 peak-call-ms=0.0025 calls=62
[pipeline-stage] PPU setup mean-ms=0.0299 peak-call-ms=0.0788 calls=62
[pipeline-stage] PPU scanout mean-ms=4.9747 peak-call-ms=8.2411 calls=62
[pipeline-stage] PPU finish mean-ms=0.0038 peak-call-ms=0.0072 calls=62
[pipeline-stage] action total mean-ms=0.3392 peak-call-ms=0.6553 calls=92
[pipeline-stage] action upload mean-ms=0.4173 peak-call-ms=2.2746 calls=62
[pipeline-stage] action analysis mean-ms=0.3824 peak-call-ms=0.8921 calls=62
[pipeline-stage] action setup mean-ms=0.0295 peak-call-ms=0.0781 calls=62
[pipeline-stage] action scanout mean-ms=4.9743 peak-call-ms=8.2404 calls=62
[pipeline-stage] action finish mean-ms=0.0036 peak-call-ms=0.0068 calls=62
[pipeline-stage] action host-post mean-ms=0.0295 peak-call-ms=0.0592 calls=62
[pipeline-stage] action synthesis mean-ms=0.1054 peak-call-ms=0.1678 calls=92
[pipeline-stage] action mesh mean-ms=0.0063 peak-call-ms=0.0208 calls=460
[pipeline-stage] action supersample mean-ms=0.0248 peak-call-ms=0.0529 calls=92
[pipeline-stage] action DOF mean-ms=0.0336 peak-call-ms=0.0658 calls=92
[pipeline-stage] action submit mean-ms=0.0166 peak-call-ms=0.0226 calls=644
[pipeline-stage] action callback mean-ms=0.0006 peak-call-ms=0.0004 calls=460
[pipeline-work] ticks=0.67 repre=0.33 draws=7.0 vertices=494 upload-MiB=0.073 depth-MiB=0.000 depth-copy-MiB=0.000 depth-copy-calls=0.00 jobs=0.00 helpers=0.00 fallback=0.00 failed=0.00 (per-present)
[pipeline-traffic] upload-calls=1.37 skipped=2.02 scan-MiB=5.644 upload-MiB=0.073 mirror-realloc=0.00 (per-present)
[pipeline-atlas] reuse=0.00 copy-MiB=0.000 copy-calls=0.00 (per-present; copies are GPU-only)
[pipeline-path] cpu-project=0.00 cpu-stage=0.00 gpu-reuse=0.00 publish=0.00 opt-out=0.00 limit=0.00 rejected=0.00 (events/present, not view fallbacks)
[pipeline-perf] scene=Action 3D host=0 map=01/01 output=1280x800 frames=92 fps=90.0 cadence-ms=11.110 p95=11.897 max=18.501 refresh=0 vsync=1 cap=0 gpu-ms=unavailable
[pipeline-stage] events/input mean-ms=0.1431 peak-call-ms=8.1795 calls=92
[pipeline-stage] emulation mean-ms=0.2595 peak-call-ms=1.8185 calls=61
[pipeline-stage] PPU + capture mean-ms=4.9007 peak-call-ms=7.8866 calls=61
[pipeline-stage] world map build mean-ms=0.0003 peak-call-ms=0.0008 calls=61
[pipeline-stage] SIM metadata mean-ms=0.0149 peak-call-ms=0.0327 calls=61
[pipeline-stage] town canvas mean-ms=0.0007 peak-call-ms=0.0015 calls=61
[pipeline-stage] frame snapshot mean-ms=0.0348 peak-call-ms=0.0708 calls=61
[pipeline-stage] upload mean-ms=1.0755 peak-call-ms=3.3442 calls=61
[pipeline-stage] presentation mean-ms=0.3796 peak-call-ms=1.5655 calls=92
[pipeline-stage] CRT/resolve mean-ms=0.0131 peak-call-ms=0.0246 calls=184
[pipeline-stage] host UI mean-ms=0.0064 peak-call-ms=0.0126 calls=92
[pipeline-stage] settings UI mean-ms=0.0006 peak-call-ms=0.0013 calls=92
[pipeline-stage] present/wait mean-ms=4.1768 peak-call-ms=10.9682 calls=92
[pipeline-stage] pacing/sleep mean-ms=0.0007 peak-call-ms=0.0020 calls=92
[pipeline-stage] housekeeping mean-ms=0.0008 peak-call-ms=0.0020 calls=61
[pipeline-stage] PPU setup mean-ms=0.0284 peak-call-ms=0.0657 calls=61
[pipeline-stage] PPU scanout mean-ms=4.8431 peak-call-ms=7.7938 calls=61
[pipeline-stage] PPU finish mean-ms=0.0039 peak-call-ms=0.0155 calls=61
[pipeline-stage] action total mean-ms=0.3558 peak-call-ms=1.5222 calls=92
[pipeline-stage] action upload mean-ms=0.4085 peak-call-ms=2.3629 calls=61
[pipeline-stage] action analysis mean-ms=0.3686 peak-call-ms=0.8197 calls=61
[pipeline-stage] action setup mean-ms=0.0280 peak-call-ms=0.0651 calls=61
[pipeline-stage] action scanout mean-ms=4.8427 peak-call-ms=7.7933 calls=61
[pipeline-stage] action finish mean-ms=0.0036 peak-call-ms=0.0129 calls=61
[pipeline-stage] action host-post mean-ms=0.0289 peak-call-ms=0.0546 calls=61
[pipeline-stage] action synthesis mean-ms=0.1153 peak-call-ms=0.8609 calls=92
[pipeline-stage] action mesh mean-ms=0.0060 peak-call-ms=0.0022 calls=460
[pipeline-stage] action supersample mean-ms=0.0229 peak-call-ms=0.0299 calls=92
[pipeline-stage] action DOF mean-ms=0.0321 peak-call-ms=0.0601 calls=92
[pipeline-stage] action submit mean-ms=0.0159 peak-call-ms=0.0170 calls=644
[pipeline-stage] action callback mean-ms=0.0006 peak-call-ms=0.0004 calls=460
[pipeline-work] ticks=0.66 repre=0.34 draws=7.0 vertices=494 upload-MiB=0.064 depth-MiB=0.000 depth-copy-MiB=0.000 depth-copy-calls=0.00 jobs=0.00 helpers=0.00 fallback=0.00 failed=0.00 (per-present)
[pipeline-traffic] upload-calls=1.36 skipped=1.99 scan-MiB=5.555 upload-MiB=0.064 mirror-realloc=0.00 (per-present)
[pipeline-atlas] reuse=0.00 copy-MiB=0.000 copy-calls=0.00 (per-present; copies are GPU-only)
[pipeline-path] cpu-project=0.00 cpu-stage=0.00 gpu-reuse=0.00 publish=0.00 opt-out=0.00 limit=0.00 rejected=0.00 (events/present, not view fallbacks)
[pipeline-perf] scene=Action 3D host=0 map=01/01 output=1280x800 frames=92 fps=90.0 cadence-ms=11.110 p95=12.475 max=13.116 refresh=0 vsync=1 cap=0 gpu-ms=unavailable
[pipeline-stage] events/input mean-ms=0.0537 peak-call-ms=0.1064 calls=92
[pipeline-stage] emulation mean-ms=0.3255 peak-call-ms=2.4497 calls=62
[pipeline-stage] PPU + capture mean-ms=4.9697 peak-call-ms=8.4241 calls=62
[pipeline-stage] world map build mean-ms=0.0003 peak-call-ms=0.0008 calls=62
[pipeline-stage] SIM metadata mean-ms=0.0149 peak-call-ms=0.0308 calls=62
[pipeline-stage] town canvas mean-ms=0.0007 peak-call-ms=0.0014 calls=62
[pipeline-stage] frame snapshot mean-ms=0.0353 peak-call-ms=0.0866 calls=62
[pipeline-stage] upload mean-ms=1.1314 peak-call-ms=3.3262 calls=62
[pipeline-stage] presentation mean-ms=0.3556 peak-call-ms=1.2954 calls=92
[pipeline-stage] CRT/resolve mean-ms=0.0126 peak-call-ms=0.0265 calls=184
[pipeline-stage] host UI mean-ms=0.0062 peak-call-ms=0.0129 calls=92
[pipeline-stage] settings UI mean-ms=0.0006 peak-call-ms=0.0009 calls=92
[pipeline-stage] present/wait mean-ms=4.1178 peak-call-ms=10.8178 calls=92
[pipeline-stage] pacing/sleep mean-ms=0.0007 peak-call-ms=0.0020 calls=92
[pipeline-stage] housekeeping mean-ms=0.0010 peak-call-ms=0.0117 calls=62
[pipeline-stage] PPU setup mean-ms=0.0284 peak-call-ms=0.0912 calls=62
[pipeline-stage] PPU scanout mean-ms=4.9117 peak-call-ms=8.3273 calls=62
[pipeline-stage] PPU finish mean-ms=0.0042 peak-call-ms=0.0373 calls=62
[pipeline-stage] action total mean-ms=0.3323 peak-call-ms=1.2571 calls=92
[pipeline-stage] action upload mean-ms=0.4390 peak-call-ms=2.2599 calls=62
[pipeline-stage] action analysis mean-ms=0.4056 peak-call-ms=1.6977 calls=62
[pipeline-stage] action setup mean-ms=0.0280 peak-call-ms=0.0901 calls=62
[pipeline-stage] action scanout mean-ms=4.9113 peak-call-ms=8.3267 calls=62
[pipeline-stage] action finish mean-ms=0.0040 peak-call-ms=0.0370 calls=62
[pipeline-stage] action host-post mean-ms=0.0290 peak-call-ms=0.0534 calls=62
[pipeline-stage] action synthesis mean-ms=0.1094 peak-call-ms=0.1507 calls=92
[pipeline-stage] action mesh mean-ms=0.0057 peak-call-ms=0.0020 calls=460
[pipeline-stage] action supersample mean-ms=0.0229 peak-call-ms=0.0528 calls=92
[pipeline-stage] action DOF mean-ms=0.0299 peak-call-ms=0.0690 calls=92
[pipeline-stage] action submit mean-ms=0.0150 peak-call-ms=0.0050 calls=644
[pipeline-stage] action callback mean-ms=0.0006 peak-call-ms=0.0004 calls=460
[pipeline-work] ticks=0.67 repre=0.33 draws=7.0 vertices=494 upload-MiB=0.072 depth-MiB=0.000 depth-copy-MiB=0.000 depth-copy-calls=0.00 jobs=0.00 helpers=0.00 fallback=0.00 failed=0.00 (per-present)
[pipeline-traffic] upload-calls=1.37 skipped=2.02 scan-MiB=5.662 upload-MiB=0.072 mirror-realloc=0.00 (per-present)
[pipeline-atlas] reuse=0.00 copy-MiB=0.000 copy-calls=0.00 (per-present; copies are GPU-only)
[pipeline-path] cpu-project=0.00 cpu-stage=0.00 gpu-reuse=0.00 publish=0.00 opt-out=0.00 limit=0.00 rejected=0.00 (events/present, not view fallbacks)
[pipeline-perf] scene=Action 3D host=0 map=01/01 output=1280x800 frames=92 fps=90.0 cadence-ms=11.105 p95=11.670 max=12.354 refresh=0 vsync=1 cap=0 gpu-ms=unavailable
[pipeline-stage] events/input mean-ms=0.0530 peak-call-ms=0.0892 calls=92
[pipeline-stage] emulation mean-ms=0.2623 peak-call-ms=1.8927 calls=61
[pipeline-stage] PPU + capture mean-ms=4.8404 peak-call-ms=7.9301 calls=61
[pipeline-stage] world map build mean-ms=0.0003 peak-call-ms=0.0008 calls=61
[pipeline-stage] SIM metadata mean-ms=0.0147 peak-call-ms=0.0254 calls=61
[pipeline-stage] town canvas mean-ms=0.0007 peak-call-ms=0.0014 calls=61
[pipeline-stage] frame snapshot mean-ms=0.0343 peak-call-ms=0.0680 calls=61
[pipeline-stage] upload mean-ms=1.0238 peak-call-ms=1.8728 calls=61
[pipeline-stage] presentation mean-ms=0.3613 peak-call-ms=1.2383 calls=92
[pipeline-stage] CRT/resolve mean-ms=0.0123 peak-call-ms=0.0137 calls=184
[pipeline-stage] host UI mean-ms=0.0061 peak-call-ms=0.0120 calls=92
[pipeline-stage] settings UI mean-ms=0.0006 peak-call-ms=0.0009 calls=92
[pipeline-stage] present/wait mean-ms=4.4120 peak-call-ms=10.8662 calls=92
[pipeline-stage] pacing/sleep mean-ms=0.0011 peak-call-ms=0.0408 calls=92
[pipeline-stage] housekeeping mean-ms=0.0010 peak-call-ms=0.0175 calls=61
[pipeline-stage] PPU setup mean-ms=0.0271 peak-call-ms=0.1039 calls=61
[pipeline-stage] PPU scanout mean-ms=4.7835 peak-call-ms=7.6322 calls=61
[pipeline-stage] PPU finish mean-ms=0.0036 peak-call-ms=0.0061 calls=61
[pipeline-stage] action total mean-ms=0.3387 peak-call-ms=1.2136 calls=92
[pipeline-stage] action upload mean-ms=0.3842 peak-call-ms=0.8044 calls=61
[pipeline-stage] action analysis mean-ms=0.3715 peak-call-ms=0.6828 calls=61
[pipeline-stage] action setup mean-ms=0.0268 peak-call-ms=0.1013 calls=61
[pipeline-stage] action scanout mean-ms=4.7831 peak-call-ms=7.6318 calls=61
[pipeline-stage] action finish mean-ms=0.0034 peak-call-ms=0.0059 calls=61
[pipeline-stage] action host-post mean-ms=0.0285 peak-call-ms=0.0471 calls=61
[pipeline-stage] action synthesis mean-ms=0.1177 peak-call-ms=0.9905 calls=92
[pipeline-stage] action mesh mean-ms=0.0061 peak-call-ms=0.0256 calls=460
[pipeline-stage] action supersample mean-ms=0.0231 peak-call-ms=0.0523 calls=92
[pipeline-stage] action DOF mean-ms=0.0295 peak-call-ms=0.0547 calls=92
[pipeline-stage] action submit mean-ms=0.0148 peak-call-ms=0.0044 calls=644
[pipeline-stage] action callback mean-ms=0.0006 peak-call-ms=0.0005 calls=460
[pipeline-work] ticks=0.66 repre=0.34 draws=7.0 vertices=494 upload-MiB=0.055 depth-MiB=0.000 depth-copy-MiB=0.000 depth-copy-calls=0.00 jobs=0.00 helpers=0.00 fallback=0.00 failed=0.00 (per-present)
[pipeline-traffic] upload-calls=1.35 skipped=1.99 scan-MiB=5.535 upload-MiB=0.055 mirror-realloc=0.00 (per-present)
[pipeline-atlas] reuse=0.00 copy-MiB=0.000 copy-calls=0.00 (per-present; copies are GPU-only)
[pipeline-path] cpu-project=0.00 cpu-stage=0.00 gpu-reuse=0.00 publish=0.00 opt-out=0.00 limit=0.00 rejected=0.00 (events/present, not view fallbacks)
[pipeline-perf] scene=Action 3D host=0 map=01/01 output=1280x800 frames=91 fps=89.9 cadence-ms=11.122 p95=11.525 max=18.154 refresh=0 vsync=1 cap=0 gpu-ms=unavailable
[pipeline-stage] events/input mean-ms=0.1408 peak-call-ms=7.9883 calls=91
[pipeline-stage] emulation mean-ms=0.1824 peak-call-ms=1.4724 calls=61
[pipeline-stage] PPU + capture mean-ms=4.8697 peak-call-ms=7.7414 calls=61
[pipeline-stage] world map build mean-ms=0.0003 peak-call-ms=0.0009 calls=61
[pipeline-stage] SIM metadata mean-ms=0.0150 peak-call-ms=0.0340 calls=61
[pipeline-stage] town canvas mean-ms=0.0007 peak-call-ms=0.0013 calls=61
[pipeline-stage] frame snapshot mean-ms=0.0351 peak-call-ms=0.0801 calls=61
[pipeline-stage] upload mean-ms=1.0197 peak-call-ms=1.7152 calls=61
[pipeline-stage] presentation mean-ms=0.3509 peak-call-ms=0.7709 calls=91
[pipeline-stage] CRT/resolve mean-ms=0.0127 peak-call-ms=0.0193 calls=182
[pipeline-stage] host UI mean-ms=0.0066 peak-call-ms=0.0300 calls=91
[pipeline-stage] settings UI mean-ms=0.0006 peak-call-ms=0.0013 calls=91
[pipeline-stage] present/wait mean-ms=4.4033 peak-call-ms=11.0106 calls=91
[pipeline-stage] pacing/sleep mean-ms=0.0006 peak-call-ms=0.0012 calls=91
[pipeline-stage] housekeeping mean-ms=0.0008 peak-call-ms=0.0025 calls=61
[pipeline-stage] PPU setup mean-ms=0.0269 peak-call-ms=0.0628 calls=61
[pipeline-stage] PPU scanout mean-ms=4.8147 peak-call-ms=7.6518 calls=61
[pipeline-stage] PPU finish mean-ms=0.0038 peak-call-ms=0.0162 calls=61
[pipeline-stage] action total mean-ms=0.3273 peak-call-ms=0.7419 calls=91
[pipeline-stage] action upload mean-ms=0.3690 peak-call-ms=0.5867 calls=61
[pipeline-stage] action analysis mean-ms=0.3793 peak-call-ms=0.7436 calls=61
[pipeline-stage] action setup mean-ms=0.0266 peak-call-ms=0.0622 calls=61
[pipeline-stage] action scanout mean-ms=4.8143 peak-call-ms=7.6511 calls=61
[pipeline-stage] action finish mean-ms=0.0036 peak-call-ms=0.0159 calls=61
[pipeline-stage] action host-post mean-ms=0.0294 peak-call-ms=0.0573 calls=61
[pipeline-stage] action synthesis mean-ms=0.1084 peak-call-ms=0.1484 calls=91
[pipeline-stage] action mesh mean-ms=0.0057 peak-call-ms=0.0022 calls=455
[pipeline-stage] action supersample mean-ms=0.0228 peak-call-ms=0.0465 calls=91
[pipeline-stage] action DOF mean-ms=0.0300 peak-call-ms=0.0543 calls=91
[pipeline-stage] action submit mean-ms=0.0151 peak-call-ms=0.0259 calls=637
[pipeline-stage] action callback mean-ms=0.0006 peak-call-ms=0.0005 calls=455
[pipeline-work] ticks=0.67 repre=0.33 draws=7.0 vertices=494 upload-MiB=0.042 depth-MiB=0.000 depth-copy-MiB=0.000 depth-copy-calls=0.00 jobs=0.00 helpers=0.00 fallback=0.00 failed=0.00 (per-present)
[pipeline-traffic] upload-calls=1.36 skipped=2.01 scan-MiB=5.607 upload-MiB=0.042 mirror-realloc=0.00 (per-present)
[pipeline-atlas] reuse=0.00 copy-MiB=0.000 copy-calls=0.00 (per-present; copies are GPU-only)
[pipeline-path] cpu-project=0.00 cpu-stage=0.00 gpu-reuse=0.00 publish=0.00 opt-out=0.00 limit=0.00 rejected=0.00 (events/present, not view fallbacks)
[pipeline-perf] scene=Action 3D host=0 map=01/01 output=1280x800 frames=92 fps=90.1 cadence-ms=11.100 p95=11.602 max=12.555 refresh=0 vsync=1 cap=0 gpu-ms=unavailable
[pipeline-stage] events/input mean-ms=0.0519 peak-call-ms=0.0771 calls=92
[pipeline-stage] emulation mean-ms=0.2218 peak-call-ms=1.6143 calls=61
[pipeline-stage] PPU + capture mean-ms=4.8340 peak-call-ms=7.4927 calls=61
[pipeline-stage] world map build mean-ms=0.0003 peak-call-ms=0.0007 calls=61
[pipeline-stage] SIM metadata mean-ms=0.0151 peak-call-ms=0.0463 calls=61
[pipeline-stage] town canvas mean-ms=0.0007 peak-call-ms=0.0014 calls=61
[pipeline-stage] frame snapshot mean-ms=0.0348 peak-call-ms=0.0673 calls=61
[pipeline-stage] upload mean-ms=1.0110 peak-call-ms=2.9294 calls=61
[pipeline-stage] presentation mean-ms=0.3523 peak-call-ms=0.7736 calls=92
[pipeline-stage] CRT/resolve mean-ms=0.0130 peak-call-ms=0.0793 calls=184
[pipeline-stage] host UI mean-ms=0.0062 peak-call-ms=0.0122 calls=92
[pipeline-stage] settings UI mean-ms=0.0006 peak-call-ms=0.0010 calls=92
[pipeline-stage] present/wait mean-ms=4.4709 peak-call-ms=10.8106 calls=92
[pipeline-stage] pacing/sleep mean-ms=0.0006 peak-call-ms=0.0012 calls=92
[pipeline-stage] housekeeping mean-ms=0.0009 peak-call-ms=0.0027 calls=61
[pipeline-stage] PPU setup mean-ms=0.0287 peak-call-ms=0.0802 calls=61
[pipeline-stage] PPU scanout mean-ms=4.7764 peak-call-ms=7.3663 calls=61
[pipeline-stage] PPU finish mean-ms=0.0037 peak-call-ms=0.0077 calls=61
[pipeline-stage] action total mean-ms=0.3288 peak-call-ms=0.7482 calls=92
[pipeline-stage] action upload mean-ms=0.3941 peak-call-ms=1.9372 calls=61
[pipeline-stage] action analysis mean-ms=0.3747 peak-call-ms=0.7007 calls=61
[pipeline-stage] action setup mean-ms=0.0283 peak-call-ms=0.0796 calls=61
[pipeline-stage] action scanout mean-ms=4.7761 peak-call-ms=7.3655 calls=61
[pipeline-stage] action finish mean-ms=0.0035 peak-call-ms=0.0074 calls=61
[pipeline-stage] action host-post mean-ms=0.0296 peak-call-ms=0.0768 calls=61
[pipeline-stage] action synthesis mean-ms=0.1094 peak-call-ms=0.1660 calls=92
[pipeline-stage] action mesh mean-ms=0.0057 peak-call-ms=0.0023 calls=460
[pipeline-stage] action supersample mean-ms=0.0234 peak-call-ms=0.0581 calls=92
[pipeline-stage] action DOF mean-ms=0.0301 peak-call-ms=0.0536 calls=92
[pipeline-stage] action submit mean-ms=0.0149 peak-call-ms=0.0231 calls=644
[pipeline-stage] action callback mean-ms=0.0006 peak-call-ms=0.0005 calls=460
[pipeline-work] ticks=0.66 repre=0.34 draws=7.0 vertices=494 upload-MiB=0.022 depth-MiB=0.000 depth-copy-MiB=0.000 depth-copy-calls=0.00 jobs=0.00 helpers=0.00 fallback=0.00 failed=0.00 (per-present)
[pipeline-traffic] upload-calls=1.17 skipped=1.99 scan-MiB=5.545 upload-MiB=0.022 mirror-realloc=0.00 (per-present)
[pipeline-atlas] reuse=0.00 copy-MiB=0.000 copy-calls=0.00 (per-present; copies are GPU-only)
[pipeline-path] cpu-project=0.00 cpu-stage=0.00 gpu-reuse=0.00 publish=0.00 opt-out=0.00 limit=0.00 rejected=0.00 (events/present, not view fallbacks)
[pipeline-perf] scene=Action 3D host=0 map=01/01 output=1280x800 frames=92 fps=90.0 cadence-ms=11.110 p95=11.385 max=17.691 refresh=0 vsync=1 cap=0 gpu-ms=unavailable
[pipeline-stage] events/input mean-ms=0.1372 peak-call-ms=7.7632 calls=92
[pipeline-stage] emulation mean-ms=0.1705 peak-call-ms=1.5406 calls=62
[pipeline-stage] PPU + capture mean-ms=4.9800 peak-call-ms=8.0227 calls=62
[pipeline-stage] world map build mean-ms=0.0003 peak-call-ms=0.0008 calls=62
[pipeline-stage] SIM metadata mean-ms=0.0150 peak-call-ms=0.0288 calls=62
[pipeline-stage] town canvas mean-ms=0.0007 peak-call-ms=0.0014 calls=62
[pipeline-stage] frame snapshot mean-ms=0.0354 peak-call-ms=0.0638 calls=62
[pipeline-stage] upload mean-ms=0.9302 peak-call-ms=1.7862 calls=62
[pipeline-stage] presentation mean-ms=0.3537 peak-call-ms=0.7329 calls=92
[pipeline-stage] CRT/resolve mean-ms=0.0125 peak-call-ms=0.0203 calls=184
[pipeline-stage] host UI mean-ms=0.0063 peak-call-ms=0.0152 calls=92
[pipeline-stage] settings UI mean-ms=0.0006 peak-call-ms=0.0011 calls=92
[pipeline-stage] present/wait mean-ms=4.3810 peak-call-ms=11.3727 calls=92
[pipeline-stage] pacing/sleep mean-ms=0.0006 peak-call-ms=0.0011 calls=92
[pipeline-stage] housekeeping mean-ms=0.0008 peak-call-ms=0.0026 calls=62
[pipeline-stage] PPU setup mean-ms=0.0284 peak-call-ms=0.0621 calls=62
[pipeline-stage] PPU scanout mean-ms=4.9222 peak-call-ms=7.9441 calls=62
[pipeline-stage] PPU finish mean-ms=0.0037 peak-call-ms=0.0068 calls=62
[pipeline-stage] action total mean-ms=0.3309 peak-call-ms=0.7085 calls=92
[pipeline-stage] action upload mean-ms=0.4189 peak-call-ms=0.7442 calls=62
[pipeline-stage] action analysis mean-ms=0.3758 peak-call-ms=0.8712 calls=62
[pipeline-stage] action setup mean-ms=0.0281 peak-call-ms=0.0615 calls=62
[pipeline-stage] action scanout mean-ms=4.9218 peak-call-ms=7.9435 calls=62
[pipeline-stage] action finish mean-ms=0.0035 peak-call-ms=0.0064 calls=62
[pipeline-stage] action host-post mean-ms=0.0293 peak-call-ms=0.0503 calls=62
[pipeline-stage] action synthesis mean-ms=0.1083 peak-call-ms=0.1739 calls=92
[pipeline-stage] action mesh mean-ms=0.0057 peak-call-ms=0.0025 calls=460
[pipeline-stage] action supersample mean-ms=0.0234 peak-call-ms=0.0414 calls=92
[pipeline-stage] action DOF mean-ms=0.0306 peak-call-ms=0.0517 calls=92
[pipeline-stage] action submit mean-ms=0.0148 peak-call-ms=0.0048 calls=644
[pipeline-stage] action callback mean-ms=0.0006 peak-call-ms=0.0006 calls=460
[pipeline-work] ticks=0.67 repre=0.33 draws=7.0 vertices=494 upload-MiB=0.021 depth-MiB=0.000 depth-copy-MiB=0.000 depth-copy-calls=0.00 jobs=0.00 helpers=0.00 fallback=0.00 failed=0.00 (per-present)
[pipeline-traffic] upload-calls=0.71 skipped=2.02 scan-MiB=5.594 upload-MiB=0.021 mirror-realloc=0.00 (per-present)
[pipeline-atlas] reuse=0.00 copy-MiB=0.000 copy-calls=0.00 (per-present; copies are GPU-only)
[pipeline-path] cpu-project=0.00 cpu-stage=0.00 gpu-reuse=0.00 publish=0.00 opt-out=0.00 limit=0.00 rejected=0.00 (events/present, not view fallbacks)
[pipeline-perf] scene=Action 3D host=0 map=01/01 output=1280x800 frames=92 fps=90.0 cadence-ms=11.108 p95=11.500 max=12.600 refresh=0 vsync=1 cap=0 gpu-ms=unavailable
[pipeline-stage] events/input mean-ms=0.0541 peak-call-ms=0.0880 calls=92
[pipeline-stage] emulation mean-ms=0.2207 peak-call-ms=1.7511 calls=61
[pipeline-stage] PPU + capture mean-ms=4.8225 peak-call-ms=7.4820 calls=61
[pipeline-stage] world map build mean-ms=0.0003 peak-call-ms=0.0009 calls=61
[pipeline-stage] SIM metadata mean-ms=0.0146 peak-call-ms=0.0241 calls=61
[pipeline-stage] town canvas mean-ms=0.0007 peak-call-ms=0.0014 calls=61
[pipeline-stage] frame snapshot mean-ms=0.0344 peak-call-ms=0.0742 calls=61
[pipeline-stage] upload mean-ms=1.0377 peak-call-ms=2.4839 calls=61
[pipeline-stage] presentation mean-ms=0.3538 peak-call-ms=0.7608 calls=92
[pipeline-stage] CRT/resolve mean-ms=0.0129 peak-call-ms=0.0300 calls=184
[pipeline-stage] host UI mean-ms=0.0064 peak-call-ms=0.0231 calls=92
[pipeline-stage] settings UI mean-ms=0.0006 peak-call-ms=0.0014 calls=92
[pipeline-stage] present/wait mean-ms=4.4665 peak-call-ms=10.8236 calls=92
[pipeline-stage] pacing/sleep mean-ms=0.0006 peak-call-ms=0.0011 calls=92
[pipeline-stage] housekeeping mean-ms=0.0008 peak-call-ms=0.0023 calls=61
[pipeline-stage] PPU setup mean-ms=0.0268 peak-call-ms=0.0573 calls=61
[pipeline-stage] PPU scanout mean-ms=4.7666 peak-call-ms=7.3857 calls=61
[pipeline-stage] PPU finish mean-ms=0.0036 peak-call-ms=0.0063 calls=61
[pipeline-stage] action total mean-ms=0.3300 peak-call-ms=0.7347 calls=92
[pipeline-stage] action upload mean-ms=0.3764 peak-call-ms=0.7077 calls=61
[pipeline-stage] action analysis mean-ms=0.3803 peak-call-ms=0.7317 calls=61
[pipeline-stage] action setup mean-ms=0.0264 peak-call-ms=0.0566 calls=61
[pipeline-stage] action scanout mean-ms=4.7661 peak-call-ms=7.3849 calls=61
[pipeline-stage] action finish mean-ms=0.0034 peak-call-ms=0.0060 calls=61
[pipeline-stage] action host-post mean-ms=0.0285 peak-call-ms=0.0450 calls=61
[pipeline-stage] action synthesis mean-ms=0.1081 peak-call-ms=0.2265 calls=92
[pipeline-stage] action mesh mean-ms=0.0059 peak-call-ms=0.0180 calls=460
[pipeline-stage] action supersample mean-ms=0.0233 peak-call-ms=0.0507 calls=92
[pipeline-stage] action DOF mean-ms=0.0312 peak-call-ms=0.0943 calls=92
[pipeline-stage] action submit mean-ms=0.0150 peak-call-ms=0.0046 calls=644
[pipeline-stage] action callback mean-ms=0.0006 peak-call-ms=0.0006 calls=460
[pipeline-work] ticks=0.66 repre=0.34 draws=7.0 vertices=494 upload-MiB=0.066 depth-MiB=0.000 depth-copy-MiB=0.000 depth-copy-calls=0.00 jobs=0.00 helpers=0.00 fallback=0.00 failed=0.00 (per-present)
[pipeline-traffic] upload-calls=1.34 skipped=1.99 scan-MiB=5.556 upload-MiB=0.066 mirror-realloc=0.00 (per-present)
[pipeline-atlas] reuse=0.00 copy-MiB=0.000 copy-calls=0.00 (per-present; copies are GPU-only)
[pipeline-path] cpu-project=0.00 cpu-stage=0.00 gpu-reuse=0.00 publish=0.00 opt-out=0.00 limit=0.00 rejected=0.00 (events/present, not view fallbacks)
[pipeline-perf] scene=Action 3D host=0 map=01/01 output=1280x800 frames=92 fps=90.0 cadence-ms=11.110 p95=12.098 max=18.365 refresh=0 vsync=1 cap=0 gpu-ms=unavailable
[pipeline-stage] events/input mean-ms=0.1450 peak-call-ms=8.3208 calls=92
[pipeline-stage] emulation mean-ms=0.2700 peak-call-ms=1.9050 calls=62
[pipeline-stage] PPU + capture mean-ms=4.8555 peak-call-ms=8.2904 calls=61
[pipeline-stage] world map build mean-ms=0.0003 peak-call-ms=0.0008 calls=61
[pipeline-stage] SIM metadata mean-ms=0.0150 peak-call-ms=0.0299 calls=61
[pipeline-stage] town canvas mean-ms=0.0007 peak-call-ms=0.0014 calls=61
[pipeline-stage] frame snapshot mean-ms=0.0342 peak-call-ms=0.0600 calls=61
[pipeline-stage] upload mean-ms=1.0874 peak-call-ms=1.9233 calls=61
[pipeline-stage] presentation mean-ms=0.3479 peak-call-ms=0.7601 calls=92
[pipeline-stage] CRT/resolve mean-ms=0.0126 peak-call-ms=0.0243 calls=184
[pipeline-stage] host UI mean-ms=0.0067 peak-call-ms=0.0526 calls=92
[pipeline-stage] settings UI mean-ms=0.0006 peak-call-ms=0.0010 calls=92
[pipeline-stage] present/wait mean-ms=4.2495 peak-call-ms=10.7566 calls=92
[pipeline-stage] pacing/sleep mean-ms=0.0006 peak-call-ms=0.0010 calls=92
[pipeline-stage] housekeeping mean-ms=0.0009 peak-call-ms=0.0037 calls=61
[pipeline-stage] PPU setup mean-ms=0.0281 peak-call-ms=0.0984 calls=61
[pipeline-stage] PPU scanout mean-ms=4.7991 peak-call-ms=8.1914 calls=61
[pipeline-stage] PPU finish mean-ms=0.0038 peak-call-ms=0.0136 calls=61
[pipeline-stage] action total mean-ms=0.3244 peak-call-ms=0.7302 calls=92
[pipeline-stage] action upload mean-ms=0.3929 peak-call-ms=0.8251 calls=61
[pipeline-stage] action analysis mean-ms=0.3683 peak-call-ms=0.7184 calls=61
[pipeline-stage] action setup mean-ms=0.0278 peak-call-ms=0.0977 calls=61
[pipeline-stage] action scanout mean-ms=4.7987 peak-call-ms=8.1908 calls=61
[pipeline-stage] action finish mean-ms=0.0036 peak-call-ms=0.0133 calls=61
[pipeline-stage] action host-post mean-ms=0.0291 peak-call-ms=0.0579 calls=61
[pipeline-stage] action synthesis mean-ms=0.1036 peak-call-ms=0.1541 calls=92
[pipeline-stage] action mesh mean-ms=0.0057 peak-call-ms=0.0019 calls=460
[pipeline-stage] action supersample mean-ms=0.0232 peak-call-ms=0.0486 calls=92
[pipeline-stage] action DOF mean-ms=0.0303 peak-call-ms=0.0717 calls=92
[pipeline-stage] action submit mean-ms=0.0149 peak-call-ms=0.0050 calls=644
[pipeline-stage] action callback mean-ms=0.0006 peak-call-ms=0.0005 calls=460
[pipeline-work] ticks=0.67 repre=0.34 draws=7.0 vertices=494 upload-MiB=0.208 depth-MiB=0.000 depth-copy-MiB=0.000 depth-copy-calls=0.00 jobs=0.00 helpers=0.00 fallback=0.00 failed=0.00 (per-present)
[pipeline-traffic] upload-calls=1.36 skipped=1.99 scan-MiB=5.664 upload-MiB=0.208 mirror-realloc=0.00 (per-present)
[pipeline-atlas] reuse=0.00 copy-MiB=0.000 copy-calls=0.00 (per-present; copies are GPU-only)
[pipeline-path] cpu-project=0.00 cpu-stage=0.00 gpu-reuse=0.00 publish=0.00 opt-out=0.00 limit=0.00 rejected=0.00 (events/present, not view fallbacks)
[action-fx] first scene accents captured: actors=1/1 decorations=0/0 (lighting=1 particles=1)
[action-fx] first scene accent geometry submitted: 1 effect(s), 586 vertices / 1548 indices (lighting=1 particles=1)
[pipeline-perf] scene=Action 3D host=0 map=01/01 output=1280x800 frames=92 fps=90.0 cadence-ms=11.108 p95=12.190 max=12.593 refresh=0 vsync=1 cap=0 gpu-ms=unavailable
[pipeline-stage] events/input mean-ms=0.0553 peak-call-ms=0.0842 calls=92
[pipeline-stage] emulation mean-ms=0.3384 peak-call-ms=2.5753 calls=61
[pipeline-stage] PPU + capture mean-ms=4.8210 peak-call-ms=7.8025 calls=61
[pipeline-stage] world map build mean-ms=0.0003 peak-call-ms=0.0007 calls=61
[pipeline-stage] SIM metadata mean-ms=0.0150 peak-call-ms=0.0399 calls=61
[pipeline-stage] town canvas mean-ms=0.0007 peak-call-ms=0.0016 calls=61
[pipeline-stage] frame snapshot mean-ms=0.0351 peak-call-ms=0.0700 calls=61
[pipeline-stage] upload mean-ms=1.1273 peak-call-ms=3.6512 calls=61
[pipeline-stage] presentation mean-ms=0.3798 peak-call-ms=0.9029 calls=92
[pipeline-stage] CRT/resolve mean-ms=0.0123 peak-call-ms=0.0238 calls=184
[pipeline-stage] host UI mean-ms=0.0062 peak-call-ms=0.0119 calls=92
[pipeline-stage] settings UI mean-ms=0.0006 peak-call-ms=0.0009 calls=92
[pipeline-stage] present/wait mean-ms=4.2279 peak-call-ms=10.7289 calls=92
[pipeline-stage] pacing/sleep mean-ms=0.0006 peak-call-ms=0.0013 calls=92
[pipeline-stage] housekeeping mean-ms=0.0008 peak-call-ms=0.0021 calls=61
[pipeline-stage] PPU setup mean-ms=0.0292 peak-call-ms=0.0848 calls=61
[pipeline-stage] PPU scanout mean-ms=4.7632 peak-call-ms=7.7063 calls=61
[pipeline-stage] PPU finish mean-ms=0.0039 peak-call-ms=0.0182 calls=61
[pipeline-stage] action total mean-ms=0.3567 peak-call-ms=0.8777 calls=92
[pipeline-stage] action upload mean-ms=0.3993 peak-call-ms=1.0400 calls=61
[pipeline-stage] action analysis mean-ms=0.4091 peak-call-ms=2.1125 calls=61
[pipeline-stage] action setup mean-ms=0.0289 peak-call-ms=0.0842 calls=61
[pipeline-stage] action scanout mean-ms=4.7628 peak-call-ms=7.7056 calls=61
[pipeline-stage] action finish mean-ms=0.0037 peak-call-ms=0.0179 calls=61
[pipeline-stage] action host-post mean-ms=0.0291 peak-call-ms=0.0634 calls=61
[pipeline-stage] action synthesis mean-ms=0.1075 peak-call-ms=0.2021 calls=92
[pipeline-stage] action mesh mean-ms=0.0057 peak-call-ms=0.0021 calls=460
[pipeline-stage] action supersample mean-ms=0.0227 peak-call-ms=0.0399 calls=92
[pipeline-stage] action DOF mean-ms=0.0304 peak-call-ms=0.0564 calls=92
[pipeline-stage] action submit mean-ms=0.0150 peak-call-ms=0.0184 calls=644
[pipeline-stage] action callback mean-ms=0.0198 peak-call-ms=0.2568 calls=506
[pipeline-work] ticks=0.66 repre=0.34 draws=7.0 vertices=494 upload-MiB=0.204 depth-MiB=0.000 depth-copy-MiB=0.000 depth-copy-calls=0.00 jobs=0.00 helpers=0.00 fallback=0.00 failed=0.00 (per-present)
[pipeline-traffic] upload-calls=1.41 skipped=1.95 scan-MiB=5.659 upload-MiB=0.204 mirror-realloc=0.00 (per-present)
[pipeline-atlas] reuse=0.00 copy-MiB=0.000 copy-calls=0.00 (per-present; copies are GPU-only)
[pipeline-path] cpu-project=0.00 cpu-stage=0.00 gpu-reuse=0.00 publish=0.00 opt-out=0.00 limit=0.00 rejected=0.00 (events/present, not view fallbacks)
[pipeline-perf] scene=Action 3D host=0 map=01/01 output=1280x800 frames=92 fps=90.0 cadence-ms=11.110 p95=13.360 max=19.964 refresh=0 vsync=1 cap=0 gpu-ms=unavailable
[pipeline-stage] events/input mean-ms=0.1397 peak-call-ms=7.7843 calls=92
[pipeline-stage] emulation mean-ms=0.2831 peak-call-ms=2.5467 calls=61
[pipeline-stage] PPU + capture mean-ms=4.7424 peak-call-ms=7.5552 calls=61
[pipeline-stage] world map build mean-ms=0.0003 peak-call-ms=0.0008 calls=61
[pipeline-stage] SIM metadata mean-ms=0.0147 peak-call-ms=0.0282 calls=61
[pipeline-stage] town canvas mean-ms=0.0007 peak-call-ms=0.0013 calls=61
[pipeline-stage] frame snapshot mean-ms=0.0343 peak-call-ms=0.0704 calls=61
[pipeline-stage] upload mean-ms=1.7834 peak-call-ms=4.1731 calls=61
[pipeline-stage] presentation mean-ms=0.3703 peak-call-ms=0.7876 calls=92
[pipeline-stage] CRT/resolve mean-ms=0.0128 peak-call-ms=0.0358 calls=184
[pipeline-stage] host UI mean-ms=0.0060 peak-call-ms=0.0124 calls=92
[pipeline-stage] settings UI mean-ms=0.0006 peak-call-ms=0.0010 calls=92
[pipeline-stage] present/wait mean-ms=3.6385 peak-call-ms=10.7661 calls=92
[pipeline-stage] pacing/sleep mean-ms=0.0006 peak-call-ms=0.0011 calls=92
[pipeline-stage] housekeeping mean-ms=0.0008 peak-call-ms=0.0025 calls=61
[pipeline-stage] PPU setup mean-ms=0.0284 peak-call-ms=0.0815 calls=61
[pipeline-stage] PPU scanout mean-ms=4.6817 peak-call-ms=7.4746 calls=61
[pipeline-stage] PPU finish mean-ms=0.0065 peak-call-ms=0.0189 calls=61
[pipeline-stage] action total mean-ms=0.3470 peak-call-ms=0.7630 calls=92
[pipeline-stage] action upload mean-ms=0.5856 peak-call-ms=1.6612 calls=61
[pipeline-stage] action analysis mean-ms=0.9167 peak-call-ms=2.2879 calls=61
[pipeline-stage] action setup mean-ms=0.0281 peak-call-ms=0.0809 calls=61
[pipeline-stage] action scanout mean-ms=4.6814 peak-call-ms=7.4741 calls=61
[pipeline-stage] action finish mean-ms=0.0063 peak-call-ms=0.0186 calls=61
[pipeline-stage] action host-post mean-ms=0.0286 peak-call-ms=0.0490 calls=61
[pipeline-stage] action synthesis mean-ms=0.1086 peak-call-ms=0.1530 calls=92
[pipeline-stage] action mesh mean-ms=0.0057 peak-call-ms=0.0022 calls=460
[pipeline-stage] action supersample mean-ms=0.0222 peak-call-ms=0.0469 calls=92
[pipeline-stage] action DOF mean-ms=0.0312 peak-call-ms=0.0815 calls=92
[pipeline-stage] action submit mean-ms=0.0151 peak-call-ms=0.0202 calls=644
[pipeline-stage] action callback mean-ms=0.0165 peak-call-ms=0.0624 calls=504
[pipeline-work] ticks=0.66 repre=0.34 draws=7.0 vertices=494 upload-MiB=0.485 depth-MiB=0.000 depth-copy-MiB=0.000 depth-copy-calls=0.00 jobs=0.00 helpers=0.00 fallback=0.00 failed=0.00 (per-present)
[pipeline-traffic] upload-calls=1.92 skipped=1.25 scan-MiB=5.589 upload-MiB=0.485 mirror-realloc=0.00 (per-present)
[pipeline-atlas] reuse=0.00 copy-MiB=0.000 copy-calls=0.00 (per-present; copies are GPU-only)
[pipeline-path] cpu-project=0.00 cpu-stage=0.00 gpu-reuse=0.00 publish=0.00 opt-out=0.00 limit=0.00 rejected=0.00 (events/present, not view fallbacks)
[pipeline-perf] scene=Action 3D host=0 map=01/01 output=1280x800 frames=91 fps=90.0 cadence-ms=11.111 p95=11.307 max=11.391 refresh=0 vsync=1 cap=0 gpu-ms=unavailable
[pipeline-stage] events/input mean-ms=0.0555 peak-call-ms=0.0821 calls=91
[pipeline-stage] emulation mean-ms=0.2103 peak-call-ms=1.4706 calls=61
[pipeline-stage] PPU + capture mean-ms=4.7730 peak-call-ms=7.8324 calls=61
[pipeline-stage] world map build mean-ms=0.0004 peak-call-ms=0.0010 calls=61
[pipeline-stage] SIM metadata mean-ms=0.0149 peak-call-ms=0.0272 calls=61
[pipeline-stage] town canvas mean-ms=0.0008 peak-call-ms=0.0131 calls=61
[pipeline-stage] frame snapshot mean-ms=0.0351 peak-call-ms=0.0661 calls=61
[pipeline-stage] upload mean-ms=0.5569 peak-call-ms=1.5548 calls=61
[pipeline-stage] presentation mean-ms=0.3275 peak-call-ms=0.7272 calls=91
[pipeline-stage] CRT/resolve mean-ms=0.0140 peak-call-ms=0.0171 calls=182
[pipeline-stage] host UI mean-ms=0.0068 peak-call-ms=0.0336 calls=91
[pipeline-stage] settings UI mean-ms=0.0006 peak-call-ms=0.0013 calls=91
[pipeline-stage] present/wait mean-ms=5.0227 peak-call-ms=10.8201 calls=91
[pipeline-stage] pacing/sleep mean-ms=0.0006 peak-call-ms=0.0010 calls=91
[pipeline-stage] housekeeping mean-ms=0.0009 peak-call-ms=0.0068 calls=61
[pipeline-stage] PPU setup mean-ms=0.0302 peak-call-ms=0.0861 calls=61
[pipeline-stage] PPU scanout mean-ms=4.6981 peak-call-ms=7.6944 calls=61
[pipeline-stage] PPU finish mean-ms=0.0161 peak-call-ms=0.0301 calls=61
[pipeline-stage] action total mean-ms=0.3028 peak-call-ms=0.7011 calls=91
[pipeline-stage] action upload mean-ms=0.2850 peak-call-ms=0.6191 calls=61
[pipeline-stage] action analysis mean-ms=0.1383 peak-call-ms=0.5266 calls=61
[pipeline-stage] action setup mean-ms=0.0299 peak-call-ms=0.0852 calls=61
[pipeline-stage] action scanout mean-ms=4.6978 peak-call-ms=7.6930 calls=61
[pipeline-stage] action finish mean-ms=0.0158 peak-call-ms=0.0298 calls=61
[pipeline-stage] action host-post mean-ms=0.0294 peak-call-ms=0.0547 calls=61
[pipeline-stage] action synthesis mean-ms=0.0250 peak-call-ms=0.1370 calls=91
[pipeline-stage] action mesh mean-ms=0.0063 peak-call-ms=0.0034 calls=455
[pipeline-stage] action supersample mean-ms=0.0253 peak-call-ms=0.0513 calls=91
[pipeline-stage] action DOF mean-ms=0.0687 peak-call-ms=0.1211 calls=91
[pipeline-stage] action submit mean-ms=0.0189 peak-call-ms=0.0296 calls=637
[pipeline-stage] action callback mean-ms=0.0007 peak-call-ms=0.0006 calls=455
[pipeline-work] ticks=0.67 repre=0.33 draws=7.0 vertices=494 upload-MiB=0.000 depth-MiB=0.000 depth-copy-MiB=0.000 depth-copy-calls=0.00 jobs=0.00 helpers=0.00 fallback=0.00 failed=0.00 (per-present)
[pipeline-traffic] upload-calls=0.31 skipped=2.41 scan-MiB=5.461 upload-MiB=0.000 mirror-realloc=0.00 (per-present)
[pipeline-atlas] reuse=0.00 copy-MiB=0.000 copy-calls=0.00 (per-present; copies are GPU-only)
[pipeline-path] cpu-project=0.00 cpu-stage=0.00 gpu-reuse=0.00 publish=0.00 opt-out=0.00 limit=0.00 rejected=0.00 (events/present, not view fallbacks)
[pipeline-perf] scene=Action 3D host=0 map=01/01 output=1280x800 frames=91 fps=89.9 cadence-ms=11.124 p95=11.474 max=16.655 refresh=0 vsync=1 cap=0 gpu-ms=unavailable
[pipeline-stage] events/input mean-ms=0.1394 peak-call-ms=7.8240 calls=91
[pipeline-stage] emulation mean-ms=0.2180 peak-call-ms=1.6017 calls=61
[pipeline-stage] PPU + capture mean-ms=4.7635 peak-call-ms=7.7603 calls=61
[pipeline-stage] world map build mean-ms=0.0003 peak-call-ms=0.0008 calls=61
[pipeline-stage] SIM metadata mean-ms=0.0151 peak-call-ms=0.0287 calls=61
[pipeline-stage] town canvas mean-ms=0.0007 peak-call-ms=0.0015 calls=61
[pipeline-stage] frame snapshot mean-ms=0.0348 peak-call-ms=0.0611 calls=61
[pipeline-stage] upload mean-ms=0.3423 peak-call-ms=0.8269 calls=61
[pipeline-stage] presentation mean-ms=0.3227 peak-call-ms=0.7255 calls=91
[pipeline-stage] CRT/resolve mean-ms=0.0146 peak-call-ms=0.0362 calls=182
[pipeline-stage] host UI mean-ms=0.0068 peak-call-ms=0.0283 calls=91
[pipeline-stage] settings UI mean-ms=0.0006 peak-call-ms=0.0013 calls=91
[pipeline-stage] present/wait mean-ms=5.1703 peak-call-ms=11.9022 calls=91
[pipeline-stage] pacing/sleep mean-ms=0.0005 peak-call-ms=0.0011 calls=91
[pipeline-stage] housekeeping mean-ms=0.0009 peak-call-ms=0.0092 calls=61
[pipeline-stage] PPU setup mean-ms=0.0311 peak-call-ms=0.0678 calls=61
[pipeline-stage] PPU scanout mean-ms=4.6866 peak-call-ms=7.6273 calls=61
[pipeline-stage] PPU finish mean-ms=0.0161 peak-call-ms=0.0355 calls=61
[pipeline-stage] action total mean-ms=0.2976 peak-call-ms=0.6996 calls=91
[pipeline-stage] action upload mean-ms=0.2075 peak-call-ms=0.3692 calls=61
[pipeline-stage] action analysis mean-ms=0.0027 peak-call-ms=0.0059 calls=61
[pipeline-stage] action setup mean-ms=0.0307 peak-call-ms=0.0673 calls=61
[pipeline-stage] action scanout mean-ms=4.6863 peak-call-ms=7.6267 calls=61
[pipeline-stage] action finish mean-ms=0.0159 peak-call-ms=0.0352 calls=61
[pipeline-stage] action host-post mean-ms=0.0295 peak-call-ms=0.0552 calls=61
[pipeline-stage] action synthesis mean-ms=0.0005 peak-call-ms=0.0016 calls=91
[pipeline-stage] action mesh mean-ms=0.0063 peak-call-ms=0.0026 calls=455
[pipeline-stage] action supersample mean-ms=0.0261 peak-call-ms=0.0519 calls=91
[pipeline-stage] action DOF mean-ms=0.0848 peak-call-ms=0.1217 calls=91
[pipeline-stage] action submit mean-ms=0.0198 peak-call-ms=0.0289 calls=637
[pipeline-stage] action callback mean-ms=0.0006 peak-call-ms=0.0006 calls=455
[pipeline-work] ticks=0.67 repre=0.33 draws=7.0 vertices=494 upload-MiB=0.000 depth-MiB=0.000 depth-copy-MiB=0.000 depth-copy-calls=0.00 jobs=0.00 helpers=0.00 fallback=0.00 failed=0.00 (per-present)
[pipeline-traffic] upload-calls=0.03 skipped=2.68 scan-MiB=5.431 upload-MiB=0.000 mirror-realloc=0.00 (per-present)
[pipeline-atlas] reuse=0.00 copy-MiB=0.000 copy-calls=0.00 (per-present; copies are GPU-only)
[pipeline-path] cpu-project=0.00 cpu-stage=0.00 gpu-reuse=0.00 publish=0.00 opt-out=0.00 limit=0.00 rejected=0.00 (events/present, not view fallbacks)
[pipeline-perf] scene=Action 3D host=0 map=01/01 output=1280x800 frames=92 fps=90.0 cadence-ms=11.109 p95=11.279 max=11.339 refresh=0 vsync=1 cap=0 gpu-ms=unavailable
[pipeline-stage] events/input mean-ms=0.0565 peak-call-ms=0.0843 calls=92
[pipeline-stage] emulation mean-ms=0.2120 peak-call-ms=1.2793 calls=61
[pipeline-stage] PPU + capture mean-ms=4.7287 peak-call-ms=7.5031 calls=61
[pipeline-stage] world map build mean-ms=0.0003 peak-call-ms=0.0008 calls=61
[pipeline-stage] SIM metadata mean-ms=0.0147 peak-call-ms=0.0316 calls=61
[pipeline-stage] town canvas mean-ms=0.0007 peak-call-ms=0.0015 calls=61
[pipeline-stage] frame snapshot mean-ms=0.0343 peak-call-ms=0.0669 calls=61
[pipeline-stage] upload mean-ms=0.3394 peak-call-ms=0.8530 calls=61
[pipeline-stage] presentation mean-ms=0.3267 peak-call-ms=0.6630 calls=92
[pipeline-stage] CRT/resolve mean-ms=0.0147 peak-call-ms=0.0303 calls=184
[pipeline-stage] host UI mean-ms=0.0070 peak-call-ms=0.0315 calls=92
[pipeline-stage] settings UI mean-ms=0.0008 peak-call-ms=0.0178 calls=92
[pipeline-stage] present/wait mean-ms=5.2764 peak-call-ms=10.7618 calls=92
[pipeline-stage] pacing/sleep mean-ms=0.0006 peak-call-ms=0.0012 calls=92
[pipeline-stage] housekeeping mean-ms=0.0008 peak-call-ms=0.0027 calls=61
[pipeline-stage] PPU setup mean-ms=0.0304 peak-call-ms=0.0708 calls=61
[pipeline-stage] PPU scanout mean-ms=4.6548 peak-call-ms=7.4044 calls=61
[pipeline-stage] PPU finish mean-ms=0.0160 peak-call-ms=0.0346 calls=61
[pipeline-stage] action total mean-ms=0.3013 peak-call-ms=0.6386 calls=92
[pipeline-stage] action upload mean-ms=0.2041 peak-call-ms=0.3738 calls=61
[pipeline-stage] action analysis mean-ms=0.0031 peak-call-ms=0.0280 calls=61
[pipeline-stage] action setup mean-ms=0.0300 peak-call-ms=0.0701 calls=61
[pipeline-stage] action scanout mean-ms=4.6545 peak-call-ms=7.4038 calls=61
[pipeline-stage] action finish mean-ms=0.0158 peak-call-ms=0.0343 calls=61
[pipeline-stage] action host-post mean-ms=0.0287 peak-call-ms=0.0530 calls=61
[pipeline-stage] action synthesis mean-ms=0.0005 peak-call-ms=0.0015 calls=92
[pipeline-stage] action mesh mean-ms=0.0064 peak-call-ms=0.0032 calls=460
[pipeline-stage] action supersample mean-ms=0.0260 peak-call-ms=0.0591 calls=92
[pipeline-stage] action DOF mean-ms=0.0861 peak-call-ms=0.1221 calls=92
[pipeline-stage] action submit mean-ms=0.0200 peak-call-ms=0.0323 calls=644
[pipeline-stage] action callback mean-ms=0.0007 peak-call-ms=0.0008 calls=460
[pipeline-work] ticks=0.66 repre=0.34 draws=7.0 vertices=494 upload-MiB=0.000 depth-MiB=0.000 depth-copy-MiB=0.000 depth-copy-calls=0.00 jobs=0.00 helpers=0.00 fallback=0.00 failed=0.00 (per-present)
[pipeline-traffic] upload-calls=0.03 skipped=2.65 scan-MiB=5.372 upload-MiB=0.000 mirror-realloc=0.00 (per-present)
[pipeline-atlas] reuse=0.00 copy-MiB=0.000 copy-calls=0.00 (per-present; copies are GPU-only)
[pipeline-path] cpu-project=0.00 cpu-stage=0.00 gpu-reuse=0.00 publish=0.00 opt-out=0.00 limit=0.00 rejected=0.00 (events/present, not view fallbacks)
[pipeline-perf] scene=Action 3D host=0 map=01/01 output=1280x800 frames=92 fps=90.0 cadence-ms=11.110 p95=11.328 max=11.478 refresh=0 vsync=1 cap=0 gpu-ms=unavailable
[pipeline-stage] events/input mean-ms=0.0565 peak-call-ms=0.0841 calls=92
[pipeline-stage] emulation mean-ms=0.2041 peak-call-ms=1.3699 calls=62
[pipeline-stage] PPU + capture mean-ms=4.8034 peak-call-ms=8.0238 calls=62
[pipeline-stage] world map build mean-ms=0.0003 peak-call-ms=0.0008 calls=62
[pipeline-stage] SIM metadata mean-ms=0.0149 peak-call-ms=0.0283 calls=62
[pipeline-stage] town canvas mean-ms=0.0007 peak-call-ms=0.0015 calls=62
[pipeline-stage] frame snapshot mean-ms=0.0347 peak-call-ms=0.0631 calls=62
[pipeline-stage] upload mean-ms=0.3438 peak-call-ms=0.8520 calls=62
[pipeline-stage] presentation mean-ms=0.3240 peak-call-ms=0.6891 calls=92
[pipeline-stage] CRT/resolve mean-ms=0.0147 peak-call-ms=0.0311 calls=184
[pipeline-stage] host UI mean-ms=0.0067 peak-call-ms=0.0240 calls=92
[pipeline-stage] settings UI mean-ms=0.0006 peak-call-ms=0.0011 calls=92
[pipeline-stage] present/wait mean-ms=5.2095 peak-call-ms=10.7257 calls=92
[pipeline-stage] pacing/sleep mean-ms=0.0006 peak-call-ms=0.0012 calls=92
[pipeline-stage] housekeeping mean-ms=0.0008 peak-call-ms=0.0019 calls=62
[pipeline-stage] PPU setup mean-ms=0.0304 peak-call-ms=0.0774 calls=62
[pipeline-stage] PPU scanout mean-ms=4.7275 peak-call-ms=7.7768 calls=62
[pipeline-stage] PPU finish mean-ms=0.0161 peak-call-ms=0.0335 calls=62
[pipeline-stage] action total mean-ms=0.2989 peak-call-ms=0.6632 calls=92
[pipeline-stage] action upload mean-ms=0.2071 peak-call-ms=0.3500 calls=62
[pipeline-stage] action analysis mean-ms=0.0026 peak-call-ms=0.0059 calls=62
[pipeline-stage] action setup mean-ms=0.0300 peak-call-ms=0.0735 calls=62
[pipeline-stage] action scanout mean-ms=4.7271 peak-call-ms=7.7761 calls=62
[pipeline-stage] action finish mean-ms=0.0159 peak-call-ms=0.0333 calls=62
[pipeline-stage] action host-post mean-ms=0.0291 peak-call-ms=0.0499 calls=62
[pipeline-stage] action synthesis mean-ms=0.0005 peak-call-ms=0.0017 calls=92
[pipeline-stage] action mesh mean-ms=0.0062 peak-call-ms=0.0026 calls=460
[pipeline-stage] action supersample mean-ms=0.0257 peak-call-ms=0.0560 calls=92
[pipeline-stage] action DOF mean-ms=0.0853 peak-call-ms=0.1173 calls=92
[pipeline-stage] action submit mean-ms=0.0190 peak-call-ms=0.0068 calls=644
[pipeline-stage] action callback mean-ms=0.0009 peak-call-ms=0.0254 calls=460
[pipeline-work] ticks=0.67 repre=0.33 draws=7.0 vertices=494 upload-MiB=0.000 depth-MiB=0.000 depth-copy-MiB=0.000 depth-copy-calls=0.00 jobs=0.00 helpers=0.00 fallback=0.00 failed=0.00 (per-present)
[pipeline-traffic] upload-calls=0.03 skipped=2.70 scan-MiB=5.460 upload-MiB=0.000 mirror-realloc=0.00 (per-present)
[pipeline-atlas] reuse=0.00 copy-MiB=0.000 copy-calls=0.00 (per-present; copies are GPU-only)
[pipeline-path] cpu-project=0.00 cpu-stage=0.00 gpu-reuse=0.00 publish=0.00 opt-out=0.00 limit=0.00 rejected=0.00 (events/present, not view fallbacks)
[pipeline-perf] scene=Action 3D host=0 map=01/01 output=1280x800 frames=92 fps=90.0 cadence-ms=11.112 p95=11.369 max=16.332 refresh=0 vsync=1 cap=0 gpu-ms=unavailable
[pipeline-stage] events/input mean-ms=0.1374 peak-call-ms=7.4587 calls=92
[pipeline-stage] emulation mean-ms=0.1814 peak-call-ms=1.4108 calls=61
[pipeline-stage] PPU + capture mean-ms=4.7325 peak-call-ms=7.8696 calls=61
[pipeline-stage] world map build mean-ms=0.0004 peak-call-ms=0.0069 calls=61
[pipeline-stage] SIM metadata mean-ms=0.0148 peak-call-ms=0.0310 calls=61
[pipeline-stage] town canvas mean-ms=0.0007 peak-call-ms=0.0015 calls=61
[pipeline-stage] frame snapshot mean-ms=0.0347 peak-call-ms=0.0711 calls=61
[pipeline-stage] upload mean-ms=0.3411 peak-call-ms=0.8586 calls=61
[pipeline-stage] presentation mean-ms=0.3274 peak-call-ms=0.6870 calls=92
[pipeline-stage] CRT/resolve mean-ms=0.0144 peak-call-ms=0.0269 calls=184
[pipeline-stage] host UI mean-ms=0.0069 peak-call-ms=0.0351 calls=92
[pipeline-stage] settings UI mean-ms=0.0006 peak-call-ms=0.0011 calls=92
[pipeline-stage] present/wait mean-ms=5.2266 peak-call-ms=10.9071 calls=92
[pipeline-stage] pacing/sleep mean-ms=0.0006 peak-call-ms=0.0011 calls=92
[pipeline-stage] housekeeping mean-ms=0.0008 peak-call-ms=0.0037 calls=61
[pipeline-stage] PPU setup mean-ms=0.0306 peak-call-ms=0.0768 calls=61
[pipeline-stage] PPU scanout mean-ms=4.6572 peak-call-ms=7.6455 calls=61
[pipeline-stage] PPU finish mean-ms=0.0161 peak-call-ms=0.0335 calls=61
[pipeline-stage] action total mean-ms=0.3025 peak-call-ms=0.6624 calls=92
[pipeline-stage] action upload mean-ms=0.2030 peak-call-ms=0.3412 calls=61
[pipeline-stage] action analysis mean-ms=0.0031 peak-call-ms=0.0278 calls=61
[pipeline-stage] action setup mean-ms=0.0302 peak-call-ms=0.0762 calls=61
[pipeline-stage] action scanout mean-ms=4.6569 peak-call-ms=7.6451 calls=61
[pipeline-stage] action finish mean-ms=0.0159 peak-call-ms=0.0333 calls=61
[pipeline-stage] action host-post mean-ms=0.0291 peak-call-ms=0.0525 calls=61
[pipeline-stage] action synthesis mean-ms=0.0005 peak-call-ms=0.0011 calls=92
[pipeline-stage] action mesh mean-ms=0.0066 peak-call-ms=0.0261 calls=460
[pipeline-stage] action supersample mean-ms=0.0256 peak-call-ms=0.0465 calls=92
[pipeline-stage] action DOF mean-ms=0.0852 peak-call-ms=0.1524 calls=92
[pipeline-stage] action submit mean-ms=0.0193 peak-call-ms=0.0200 calls=644
[pipeline-stage] action callback mean-ms=0.0007 peak-call-ms=0.0008 calls=460
[pipeline-work] ticks=0.66 repre=0.34 draws=7.0 vertices=494 upload-MiB=0.000 depth-MiB=0.000 depth-copy-MiB=0.000 depth-copy-calls=0.00 jobs=0.00 helpers=0.00 fallback=0.00 failed=0.00 (per-present)
[pipeline-traffic] upload-calls=0.07 skipped=2.65 scan-MiB=5.372 upload-MiB=0.000 mirror-realloc=0.00 (per-present)
[pipeline-atlas] reuse=0.00 copy-MiB=0.000 copy-calls=0.00 (per-present; copies are GPU-only)
[pipeline-path] cpu-project=0.00 cpu-stage=0.00 gpu-reuse=0.00 publish=0.00 opt-out=0.00 limit=0.00 rejected=0.00 (events/present, not view fallbacks)
[pipeline-perf] scene=Action 3D host=0 map=01/01 output=1280x800 frames=91 fps=89.9 cadence-ms=11.121 p95=11.379 max=12.165 refresh=0 vsync=1 cap=0 gpu-ms=unavailable
[pipeline-stage] events/input mean-ms=0.0568 peak-call-ms=0.0801 calls=91
[pipeline-stage] emulation mean-ms=0.1811 peak-call-ms=1.3496 calls=61
[pipeline-stage] PPU + capture mean-ms=4.7591 peak-call-ms=7.3935 calls=61
[pipeline-stage] world map build mean-ms=0.0004 peak-call-ms=0.0065 calls=61
[pipeline-stage] SIM metadata mean-ms=0.0148 peak-call-ms=0.0281 calls=61
[pipeline-stage] town canvas mean-ms=0.0007 peak-call-ms=0.0015 calls=61
[pipeline-stage] frame snapshot mean-ms=0.0343 peak-call-ms=0.0683 calls=61
[pipeline-stage] upload mean-ms=0.3418 peak-call-ms=0.8562 calls=61
[pipeline-stage] presentation mean-ms=0.3302 peak-call-ms=0.6713 calls=91
[pipeline-stage] CRT/resolve mean-ms=0.0147 peak-call-ms=0.0376 calls=182
[pipeline-stage] host UI mean-ms=0.0066 peak-call-ms=0.0124 calls=91
[pipeline-stage] settings UI mean-ms=0.0007 peak-call-ms=0.0011 calls=91
[pipeline-stage] present/wait mean-ms=5.2849 peak-call-ms=11.5544 calls=91
[pipeline-stage] pacing/sleep mean-ms=0.0006 peak-call-ms=0.0010 calls=91
[pipeline-stage] housekeeping mean-ms=0.0008 peak-call-ms=0.0016 calls=61
[pipeline-stage] PPU setup mean-ms=0.0310 peak-call-ms=0.0721 calls=61
[pipeline-stage] PPU scanout mean-ms=4.6840 peak-call-ms=7.2773 calls=61
[pipeline-stage] PPU finish mean-ms=0.0159 peak-call-ms=0.0371 calls=61
[pipeline-stage] action total mean-ms=0.3049 peak-call-ms=0.6469 calls=91
[pipeline-stage] action upload mean-ms=0.2061 peak-call-ms=0.3729 calls=61
[pipeline-stage] action analysis mean-ms=0.0026 peak-call-ms=0.0056 calls=61
[pipeline-stage] action setup mean-ms=0.0306 peak-call-ms=0.0715 calls=61
[pipeline-stage] action scanout mean-ms=4.6837 peak-call-ms=7.2767 calls=61
[pipeline-stage] action finish mean-ms=0.0158 peak-call-ms=0.0369 calls=61
[pipeline-stage] action host-post mean-ms=0.0291 peak-call-ms=0.0523 calls=61
[pipeline-stage] action synthesis mean-ms=0.0005 peak-call-ms=0.0011 calls=91
[pipeline-stage] action mesh mean-ms=0.0090 peak-call-ms=0.0046 calls=455
[pipeline-stage] action supersample mean-ms=0.0257 peak-call-ms=0.0374 calls=91
[pipeline-stage] action DOF mean-ms=0.0862 peak-call-ms=0.1308 calls=91
[pipeline-stage] action submit mean-ms=0.0198 peak-call-ms=0.0296 calls=637
[pipeline-stage] action callback mean-ms=0.0007 peak-call-ms=0.0006 calls=455
[pipeline-work] ticks=0.67 repre=0.33 draws=7.0 vertices=494 upload-MiB=0.000 depth-MiB=0.000 depth-copy-MiB=0.000 depth-copy-calls=0.00 jobs=0.00 helpers=0.00 fallback=0.00 failed=0.00 (per-present)
[pipeline-traffic] upload-calls=0.03 skipped=2.68 scan-MiB=5.431 upload-MiB=0.000 mirror-realloc=0.00 (per-present)
[pipeline-atlas] reuse=0.00 copy-MiB=0.000 copy-calls=0.00 (per-present; copies are GPU-only)
[pipeline-path] cpu-project=0.00 cpu-stage=0.00 gpu-reuse=0.00 publish=0.00 opt-out=0.00 limit=0.00 rejected=0.00 (events/present, not view fallbacks)
[present-cadence] tick-presents=1994 re-presents=1002 max-represent-alpha=0.999 no-present-no-sleep=0
[dump] wrote runs/20260912-174133/dump_state.txt + wram/sram/dispatch_log (exit)
[action-bg-hle] provider-summary frames=1292 preflight={layers:2568,tiles:2409760,mismatches:0,outside:0} eligible=2568 layers=2568 lookups=61070240 batches=2963520 tiles=58697984 outside=2372256 band-cache={builds:0,hits:0}
[action-room-scene] provider-summary layers=2568 live-fallbacks=0
[localized-text] cache lookups=14209 hits=14168 misses=41 rasters=41 uploads=41 failures=0
[action-room-load-hle] summary command5=2 command4=2 bytes=20992
[action-room-gfx-hle] summary command7=5 command6=3 bytes=37248
[action-room-video-hle] summary command3=1 bytes=28
[run-dir] all diagnostics from this run: runs/20260912-174133/  (share with: zip -r report.zip runs/20260912-174133)
