[Launcher] Config/saves anchored to '/home/deck/argame/capture-fast-path-20260912.XW1iYR/'.
[run-dir] runs/20260912-174208 (console.log + dumps ringfenced here; AR_NO_RUN_DIR=1 disables)
[runner-trace] recorder=excluded deep_instrumentation=excluded mode=off
Loaded ROM: /home/deck/argame/capture-fast-path-20260912.XW1iYR/ar.sfc (1048576 bytes)
[video-geometry] 16:10 square-PAR -> 120 extra columns/side (render width 496)
[video] driver: wayland (available: x11 wayland offscreen dummy evdev)
[render] ordered GPU interop enabled (offscreen SDL + one swapchain present)
[display] GPU frames in flight: 1
[hd-manifest] [replace:title-logo] game-assets/hd/title-logo.png (2087x754)
[hd-manifest] [replace:title-swirl] game-assets/hd/title-logo.png (2087x754, mode7)
[hd-manifest] 2 entries, 2 with art
[settings-menu] decoded ActRaiser font: $1000 bytes from ROM offset $0BECFB (2725 compressed bytes consumed)
[settings-menu] decoded native dialog frame: chars ROM $06C000, palette ROM $0E3F73
[diorama-layers] loaded diorama-layers.ini: 24 room(s), 34 plane override(s)
[input] gamepad 1 connected: Steam Deck Controller
[music-manifest] [music:title-theme] game-assets/audio/title.ogg (48000 Hz, 8845689 frames, loop 0..8845689)
[music-manifest] [music:song-00] game-assets/audio/fillmore.ogg (44100 Hz, 7050707 frames, loop 0..7050707)
[music-manifest] [music:song-01] game-assets/audio/sky-palace.ogg (48000 Hz, 6389760 frames, loop 0..6389760)
[music-manifest] [music:song-02] game-assets/audio/bp.ogg (44100 Hz, 5369615 frames, loop 0..5369615)
[music-manifest] [music:song-08] game-assets/audio/advent.ogg (48000 Hz, 735609 frames, loop 0..735609)
[music-manifest] [music:song-09] game-assets/audio/act2.ogg (44100 Hz, 6182827 frames, loop 0..6182827)
[music-manifest] [music:song-10] game-assets/audio/birth-of-the-people.ogg (48000 Hz, 16201213 frames, loop 0..16201213)
[music-manifest] [music:song-11] game-assets/audio/level-up.ogg (48000 Hz, 451396 frames, loop 0..451396)
[music-manifest] 17 entries, 8 with audio
[audio-ext] extended sound channels enabled (40 voices, 8 effect lanes)
[saves] loaded native-srm backend from /home/deck/argame/capture-fast-path-20260912.XW1iYR/visible-fillmore-interp-vsync/seed.srm
[save-editor] boot edits rejected: no staged save edits change the image
[input-replay] 2548 legacy records, max gf=21845 last gf=2508 from /home/deck/argame/capture-fast-path-20260912.XW1iYR/saves/fillmore-act.rec
[audio] stream input 44100 Hz, device 44100 Hz 512-frame buffer (requested 512 frames)
[widescreen] gf=0 $18=00 $19=00 -> pillarbox clamp=00 mirror=00 repeat=00 bands=0/811c9dc5 normal=00 hud=0/0/0 left-only-y=0 bg-plan=0 source=none/none hle=00
[localization] enhanced: Excellent Adventure English - Full Edition
[crt] shader ready
[music] src=1A:94B8 song=01 -> [music:title-theme] game-assets/audio/title.ogg
[pipeline-perf] scene=Native/menu host=0 map=00/00 output=1280x800 frames=95 fps=93.4 cadence-ms=10.702 p95=11.892 max=12.175 refresh=0 vsync=1 cap=0 gpu-ms=unavailable
[pipeline-stage] events/input mean-ms=0.0583 peak-call-ms=0.2092 calls=110
[pipeline-stage] emulation mean-ms=0.1836 peak-call-ms=3.3960 calls=61
[pipeline-stage] PPU + capture mean-ms=0.1307 peak-call-ms=1.2470 calls=61
[pipeline-stage] world map build mean-ms=0.0003 peak-call-ms=0.0008 calls=61
[pipeline-stage] SIM metadata mean-ms=0.0156 peak-call-ms=0.1654 calls=61
[pipeline-stage] town canvas mean-ms=0.0008 peak-call-ms=0.0135 calls=61
[pipeline-stage] frame snapshot mean-ms=0.0855 peak-call-ms=5.6231 calls=61
[pipeline-stage] upload mean-ms=0.1185 peak-call-ms=2.0677 calls=61
[pipeline-stage] presentation mean-ms=0.1575 peak-call-ms=1.2690 calls=95
[pipeline-stage] CRT/resolve mean-ms=0.0246 peak-call-ms=0.3572 calls=190
[pipeline-stage] host UI mean-ms=0.0088 peak-call-ms=0.0349 calls=95
[pipeline-stage] settings UI mean-ms=0.0007 peak-call-ms=0.0017 calls=95
[pipeline-stage] present/wait mean-ms=9.8680 peak-call-ms=11.9779 calls=95
[pipeline-stage] pacing/sleep mean-ms=0.1707 peak-call-ms=1.0873 calls=110
[pipeline-stage] housekeeping mean-ms=0.0008 peak-call-ms=0.0031 calls=61
[pipeline-stage] PPU setup mean-ms=0.0037 peak-call-ms=0.0520 calls=61
[pipeline-stage] PPU scanout mean-ms=0.1142 peak-call-ms=0.8948 calls=61
[pipeline-stage] PPU finish mean-ms=0.0008 peak-call-ms=0.0026 calls=61
[pipeline-work] ticks=0.64 repre=0.36 draws=0.0 vertices=0 upload-MiB=0.027 depth-MiB=0.000 depth-copy-MiB=0.000 depth-copy-calls=0.00 jobs=0.00 helpers=0.00 fallback=0.00 failed=0.00 (per-present)
[pipeline-traffic] upload-calls=0.04 skipped=0.00 scan-MiB=1.606 upload-MiB=0.027 mirror-realloc=0.03 (per-present)
[pipeline-atlas] reuse=0.00 copy-MiB=0.000 copy-calls=0.00 (per-present; copies are GPU-only)
[pipeline-path] cpu-project=0.00 cpu-stage=0.00 gpu-reuse=0.00 publish=0.00 opt-out=0.00 limit=0.00 rejected=0.00 (events/present, not view fallbacks)
[pipeline-perf] scene=Native/menu host=0 map=00/00 output=1280x800 frames=91 fps=90.0 cadence-ms=11.112 p95=11.393 max=11.550 refresh=0 vsync=1 cap=0 gpu-ms=unavailable
[pipeline-stage] events/input mean-ms=0.0532 peak-call-ms=0.1071 calls=91
[pipeline-stage] emulation mean-ms=0.1532 peak-call-ms=1.0568 calls=61
[pipeline-stage] PPU + capture mean-ms=0.7278 peak-call-ms=4.7134 calls=61
[pipeline-stage] world map build mean-ms=0.0003 peak-call-ms=0.0013 calls=61
[pipeline-stage] SIM metadata mean-ms=0.0139 peak-call-ms=0.0348 calls=61
[pipeline-stage] town canvas mean-ms=0.0007 peak-call-ms=0.0016 calls=61
[pipeline-stage] frame snapshot mean-ms=0.0291 peak-call-ms=0.1144 calls=61
[pipeline-stage] upload mean-ms=0.4172 peak-call-ms=2.6352 calls=61
[pipeline-stage] presentation mean-ms=0.1216 peak-call-ms=0.2424 calls=91
[pipeline-stage] CRT/resolve mean-ms=0.0172 peak-call-ms=0.0403 calls=182
[pipeline-stage] host UI mean-ms=0.0082 peak-call-ms=0.0352 calls=91
[pipeline-stage] settings UI mean-ms=0.0006 peak-call-ms=0.0026 calls=91
[pipeline-stage] present/wait mean-ms=9.4728 peak-call-ms=11.1946 calls=91
[pipeline-stage] pacing/sleep mean-ms=0.0006 peak-call-ms=0.0038 calls=91
[pipeline-stage] housekeeping mean-ms=0.0010 peak-call-ms=0.0210 calls=61
[pipeline-stage] PPU setup mean-ms=0.0034 peak-call-ms=0.0194 calls=61
[pipeline-stage] PPU scanout mean-ms=0.7132 peak-call-ms=4.6933 calls=61
[pipeline-stage] PPU finish mean-ms=0.0008 peak-call-ms=0.0021 calls=61
[pipeline-work] ticks=0.67 repre=0.33 draws=0.0 vertices=0 upload-MiB=1.406 depth-MiB=0.000 depth-copy-MiB=0.000 depth-copy-calls=0.00 jobs=0.00 helpers=0.00 fallback=0.00 failed=0.00 (per-present)
[pipeline-traffic] upload-calls=0.14 skipped=0.00 scan-MiB=1.705 upload-MiB=1.406 mirror-realloc=0.00 (per-present)
[pipeline-atlas] reuse=0.00 copy-MiB=0.000 copy-calls=0.00 (per-present; copies are GPU-only)
[pipeline-path] cpu-project=0.00 cpu-stage=0.00 gpu-reuse=0.00 publish=0.00 opt-out=0.00 limit=0.00 rejected=0.00 (events/present, not view fallbacks)
[pipeline-perf] scene=Native/menu host=0 map=00/00 output=1280x800 frames=92 fps=90.4 cadence-ms=11.059 p95=11.333 max=11.400 refresh=0 vsync=1 cap=0 gpu-ms=unavailable
[pipeline-stage] events/input mean-ms=0.1368 peak-call-ms=7.9008 calls=92
[pipeline-stage] emulation mean-ms=0.1329 peak-call-ms=0.8924 calls=61
[pipeline-stage] PPU + capture mean-ms=1.4115 peak-call-ms=4.7849 calls=61
[pipeline-stage] world map build mean-ms=0.0003 peak-call-ms=0.0008 calls=61
[pipeline-stage] SIM metadata mean-ms=0.0133 peak-call-ms=0.0401 calls=61
[pipeline-stage] town canvas mean-ms=0.0007 peak-call-ms=0.0016 calls=61
[pipeline-stage] frame snapshot mean-ms=0.0261 peak-call-ms=0.0705 calls=61
[pipeline-stage] upload mean-ms=0.5232 peak-call-ms=2.3318 calls=61
[pipeline-stage] presentation mean-ms=0.1153 peak-call-ms=0.3056 calls=92
[pipeline-stage] CRT/resolve mean-ms=0.0156 peak-call-ms=0.0154 calls=184
[pipeline-stage] host UI mean-ms=0.0077 peak-call-ms=0.0141 calls=92
[pipeline-stage] settings UI mean-ms=0.0006 peak-call-ms=0.0010 calls=92
[pipeline-stage] present/wait mean-ms=8.6341 peak-call-ms=11.1145 calls=92
[pipeline-stage] pacing/sleep mean-ms=0.0005 peak-call-ms=0.0011 calls=92
[pipeline-stage] housekeeping mean-ms=0.0008 peak-call-ms=0.0020 calls=61
[pipeline-stage] PPU setup mean-ms=0.0031 peak-call-ms=0.0070 calls=61
[pipeline-stage] PPU scanout mean-ms=1.3984 peak-call-ms=4.7649 calls=61
[pipeline-stage] PPU finish mean-ms=0.0009 peak-call-ms=0.0026 calls=61
[pipeline-work] ticks=0.66 repre=0.34 draws=0.0 vertices=0 upload-MiB=1.832 depth-MiB=0.000 depth-copy-MiB=0.000 depth-copy-calls=0.00 jobs=0.00 helpers=0.00 fallback=0.00 failed=0.00 (per-present)
[pipeline-traffic] upload-calls=0.30 skipped=0.00 scan-MiB=1.704 upload-MiB=1.832 mirror-realloc=0.00 (per-present)
[pipeline-atlas] reuse=0.00 copy-MiB=0.000 copy-calls=0.00 (per-present; copies are GPU-only)
[pipeline-path] cpu-project=0.00 cpu-stage=0.00 gpu-reuse=0.00 publish=0.00 opt-out=0.00 limit=0.00 rejected=0.00 (events/present, not view fallbacks)
[pipeline-perf] scene=Native/menu host=0 map=00/00 output=1280x800 frames=91 fps=90.0 cadence-ms=11.113 p95=11.530 max=11.996 refresh=0 vsync=1 cap=0 gpu-ms=unavailable
[pipeline-stage] events/input mean-ms=0.0528 peak-call-ms=0.0812 calls=91
[pipeline-stage] emulation mean-ms=0.1604 peak-call-ms=2.1430 calls=61
[pipeline-stage] PPU + capture mean-ms=1.5082 peak-call-ms=4.7566 calls=61
[pipeline-stage] world map build mean-ms=0.0003 peak-call-ms=0.0009 calls=61
[pipeline-stage] SIM metadata mean-ms=0.0142 peak-call-ms=0.0543 calls=61
[pipeline-stage] town canvas mean-ms=0.0007 peak-call-ms=0.0015 calls=61
[pipeline-stage] frame snapshot mean-ms=0.0288 peak-call-ms=0.1815 calls=61
[pipeline-stage] upload mean-ms=0.5955 peak-call-ms=3.4255 calls=61
[pipeline-stage] presentation mean-ms=0.1999 peak-call-ms=6.6336 calls=91
[pipeline-stage] CRT/resolve mean-ms=0.0168 peak-call-ms=0.0286 calls=182
[pipeline-stage] host UI mean-ms=0.0077 peak-call-ms=0.0152 calls=91
[pipeline-stage] settings UI mean-ms=0.0006 peak-call-ms=0.0009 calls=91
[pipeline-stage] present/wait mean-ms=8.4363 peak-call-ms=11.4214 calls=91
[pipeline-stage] pacing/sleep mean-ms=0.0006 peak-call-ms=0.0012 calls=91
[pipeline-stage] housekeeping mean-ms=0.0009 peak-call-ms=0.0050 calls=61
[pipeline-stage] PPU setup mean-ms=0.0037 peak-call-ms=0.0284 calls=61
[pipeline-stage] PPU scanout mean-ms=1.4932 peak-call-ms=4.6755 calls=61
[pipeline-stage] PPU finish mean-ms=0.0010 peak-call-ms=0.0080 calls=61
[pipeline-work] ticks=0.67 repre=0.33 draws=0.0 vertices=0 upload-MiB=1.961 depth-MiB=0.000 depth-copy-MiB=0.000 depth-copy-calls=0.00 jobs=0.00 helpers=0.00 fallback=0.00 failed=0.00 (per-present)
[pipeline-traffic] upload-calls=0.66 skipped=0.00 scan-MiB=1.764 upload-MiB=1.961 mirror-realloc=0.00 (per-present)
[pipeline-atlas] reuse=0.00 copy-MiB=0.000 copy-calls=0.00 (per-present; copies are GPU-only)
[pipeline-path] cpu-project=0.00 cpu-stage=0.00 gpu-reuse=0.00 publish=0.00 opt-out=0.00 limit=0.00 rejected=0.00 (events/present, not view fallbacks)
[music] stop [music:title-theme] (driver halt $F0)
[widescreen] gf=310 $18=00 $19=07 -> WIDE clamp=00 mirror=00 repeat=00 bands=0/811c9dc5 normal=00 hud=32/168/168 left-only-y=32 bg-plan=0 source=none/none hle=00
[sim-worldmap] HLE built from sim state at gf=310 after Sky Palace entry (2623 tiles changed)
[sim3d-view] gf=310 none -> authentic (view fallback) (inactive, view=authentic_fallback, integrity=$0, mismatch=0 px) after 310 frame(s)
[music] src=1C:A988 song=01 -> [music:song-01] game-assets/audio/sky-palace.ogg
[sim3d-view] gf=311 authentic (view fallback) -> Sky Palace globe (inactive, view=sky_palace, integrity=$0, mismatch=0 px) after 1 frame(s)
[world-navigation-setup] mountains=26.412ms cliffs=17.990ms art=25.031ms
[pipeline-perf] scene=Sky Palace host=0 map=00/07 output=1280x800 frames=94 fps=92.7 cadence-ms=10.791 p95=12.012 max=14.205 refresh=0 vsync=1 cap=0 gpu-ms=unavailable
[pipeline-stage] events/input mean-ms=0.0551 peak-call-ms=0.1661 calls=94
[pipeline-stage] emulation mean-ms=0.1223 peak-call-ms=1.2200 calls=63
[pipeline-stage] PPU + capture mean-ms=2.6215 peak-call-ms=4.7356 calls=61
[pipeline-stage] world map build mean-ms=0.0033 peak-call-ms=0.0322 calls=61
[pipeline-stage] SIM metadata mean-ms=0.0240 peak-call-ms=0.0568 calls=61
[pipeline-stage] town canvas mean-ms=0.0006 peak-call-ms=0.0015 calls=61
[pipeline-stage] frame snapshot mean-ms=0.0311 peak-call-ms=0.0673 calls=61
[pipeline-stage] upload mean-ms=0.7261 peak-call-ms=1.4308 calls=61
[pipeline-stage] presentation mean-ms=3.2896 peak-call-ms=222.1945 calls=94
[pipeline-stage] CRT/resolve mean-ms=0.0183 peak-call-ms=0.1042 calls=188
[pipeline-stage] host UI mean-ms=0.0075 peak-call-ms=0.0290 calls=94
[pipeline-stage] settings UI mean-ms=0.0007 peak-call-ms=0.0020 calls=94
[pipeline-stage] present/wait mean-ms=6.1219 peak-call-ms=11.2266 calls=94
[pipeline-stage] pacing/sleep mean-ms=0.0007 peak-call-ms=0.0020 calls=94
[pipeline-stage] housekeeping mean-ms=0.0008 peak-call-ms=0.0023 calls=61
[pipeline-stage] PPU setup mean-ms=0.0040 peak-call-ms=0.0272 calls=61
[pipeline-stage] PPU scanout mean-ms=2.5855 peak-call-ms=4.6687 calls=61
[pipeline-stage] PPU finish mean-ms=0.0050 peak-call-ms=0.0143 calls=61
[pipeline-stage] job owner mean-ms=0.0648 peak-call-ms=1.8412 calls=6
[pipeline-stage] job helpers* mean-ms=0.2038 peak-call-ms=2.7911 calls=15
[pipeline-stage] job join wait mean-ms=0.0292 peak-call-ms=1.0181 calls=5
[pipeline-stage] SIM upload mean-ms=1.0096 peak-call-ms=69.4523 calls=94
[pipeline-stage] SIM backdrop mean-ms=0.0029 peak-call-ms=0.0167 calls=94
[pipeline-stage] SIM terrain mean-ms=0.6631 peak-call-ms=61.5270 calls=94
[pipeline-stage] SIM depth pass mean-ms=0.2122 peak-call-ms=0.0705 calls=752
[pipeline-stage] SIM model project mean-ms=0.3090 peak-call-ms=29.0062 calls=94
[pipeline-stage] SIM depth submit mean-ms=0.2355 peak-call-ms=1.4664 calls=94
[pipeline-stage] SIM clouds mean-ms=0.4458 peak-call-ms=33.8482 calls=94
[pipeline-stage] world animation mean-ms=0.1007 peak-call-ms=3.4543 calls=3
[pipeline-stage] world transfer mean-ms=0.2126 peak-call-ms=6.1676 calls=62
[pipeline-stage] world prepare mean-ms=0.2101 peak-call-ms=18.9677 calls=188
[pipeline-stage] world atmosphere mean-ms=0.0676 peak-call-ms=1.3387 calls=94
[pipeline-work] ticks=0.67 repre=0.35 draws=27.0 vertices=971163 upload-MiB=1.415 depth-MiB=0.184 depth-copy-MiB=0.070 depth-copy-calls=0.04 jobs=0.06 helpers=0.16 fallback=0.00 failed=0.00 (per-present)
[pipeline-traffic] upload-calls=2.64 skipped=0.00 scan-MiB=1.619 upload-MiB=1.415 mirror-realloc=0.00 (per-present)
[pipeline-atlas] reuse=0.96 copy-MiB=0.681 copy-calls=0.04 (per-present; copies are GPU-only)
[pipeline-path] cpu-project=1.01 cpu-stage=0.00 gpu-reuse=2.00 publish=0.02 opt-out=0.00 limit=0.00 rejected=0.00 (events/present, not view fallbacks)
[widescreen] gf=374 $18=00 $19=09 -> WIDE clamp=00 mirror=00 repeat=00 bands=0/811c9dc5 normal=00 hud=0/0/0 left-only-y=0 bg-plan=0 source=none/none hle=00
[sim-worldmap] HLE built from sim state at gf=374 after world-navigation entry (0 tiles changed)
[world-navigation-capture] gf=374 fallback=forced-blank
[sim3d-view] gf=374 Sky Palace globe -> authentic (view fallback) (inactive, view=authentic_fallback, integrity=$0, mismatch=0 px) after 63 frame(s)
[sim3d-view] gf=375 authentic (view fallback) -> world navigation 3D (inactive, view=world_navigation, integrity=$0, mismatch=0 px) after 1 frame(s)
[warp] from $18=$00 $19=$09 staged region=$01 map=$01 ($1B/$1A/$FB set); transition processor should pick it up.
[world-navigation-capture] gf=402 fallback=forced-blank
[sim3d-view] gf=402 world navigation 3D -> authentic (view fallback) (inactive, view=authentic_fallback, integrity=$0, mismatch=0 px) after 27 frame(s)
[pipeline-perf] scene=Native/menu host=0 map=00/09 output=1280x800 frames=91 fps=89.9 cadence-ms=11.119 p95=11.361 max=12.291 refresh=0 vsync=1 cap=0 gpu-ms=unavailable
[pipeline-stage] events/input mean-ms=0.1373 peak-call-ms=7.8058 calls=91
[pipeline-stage] emulation mean-ms=0.0864 peak-call-ms=1.2864 calls=61
[pipeline-stage] PPU + capture mean-ms=0.0786 peak-call-ms=0.1612 calls=61
[pipeline-stage] world map build mean-ms=0.0011 peak-call-ms=0.0024 calls=61
[pipeline-stage] SIM metadata mean-ms=0.0236 peak-call-ms=0.0514 calls=61
[pipeline-stage] town canvas mean-ms=0.0006 peak-call-ms=0.0014 calls=61
[pipeline-stage] frame snapshot mean-ms=0.0271 peak-call-ms=0.0492 calls=61
[pipeline-stage] upload mean-ms=0.0667 peak-call-ms=0.8324 calls=61
[pipeline-stage] presentation mean-ms=0.0903 peak-call-ms=0.2371 calls=91
[pipeline-stage] CRT/resolve mean-ms=0.0700 peak-call-ms=0.1938 calls=182
[pipeline-stage] host UI mean-ms=0.0092 peak-call-ms=0.0352 calls=91
[pipeline-stage] settings UI mean-ms=0.0006 peak-call-ms=0.0024 calls=91
[pipeline-stage] present/wait mean-ms=10.4785 peak-call-ms=11.1324 calls=91
[pipeline-stage] pacing/sleep mean-ms=0.0006 peak-call-ms=0.0049 calls=91
[pipeline-stage] housekeeping mean-ms=0.0008 peak-call-ms=0.0019 calls=61
[pipeline-stage] PPU setup mean-ms=0.0034 peak-call-ms=0.0071 calls=61
[pipeline-stage] PPU scanout mean-ms=0.0649 peak-call-ms=0.1340 calls=61
[pipeline-stage] PPU finish mean-ms=0.0007 peak-call-ms=0.0016 calls=61
[pipeline-work] ticks=0.67 repre=0.33 draws=0.0 vertices=0 upload-MiB=0.014 depth-MiB=0.000 depth-copy-MiB=0.000 depth-copy-calls=0.00 jobs=0.00 helpers=0.00 fallback=1.00 failed=0.00 (per-present)
[pipeline-traffic] upload-calls=0.02 skipped=0.00 scan-MiB=1.132 upload-MiB=0.014 mirror-realloc=0.00 (per-present)
[pipeline-atlas] reuse=0.00 copy-MiB=0.000 copy-calls=0.00 (per-present; copies are GPU-only)
[pipeline-path] cpu-project=0.00 cpu-stage=0.00 gpu-reuse=0.00 publish=0.00 opt-out=0.00 limit=0.00 rejected=0.00 (events/present, not view fallbacks)
[pipeline-perf] scene=Native/menu host=0 map=00/09 output=1280x800 frames=91 fps=90.0 cadence-ms=11.111 p95=11.381 max=11.473 refresh=0 vsync=1 cap=0 gpu-ms=unavailable
[pipeline-stage] events/input mean-ms=0.0541 peak-call-ms=0.1346 calls=91
[pipeline-stage] emulation mean-ms=0.0913 peak-call-ms=1.5544 calls=60
[pipeline-stage] PPU + capture mean-ms=0.0805 peak-call-ms=0.1718 calls=60
[pipeline-stage] world map build mean-ms=0.0013 peak-call-ms=0.0180 calls=60
[pipeline-stage] SIM metadata mean-ms=0.0233 peak-call-ms=0.0554 calls=60
[pipeline-stage] town canvas mean-ms=0.0006 peak-call-ms=0.0015 calls=60
[pipeline-stage] frame snapshot mean-ms=0.0289 peak-call-ms=0.1012 calls=60
[pipeline-stage] upload mean-ms=0.0658 peak-call-ms=0.4536 calls=60
[pipeline-stage] presentation mean-ms=0.0914 peak-call-ms=0.2039 calls=91
[pipeline-stage] CRT/resolve mean-ms=0.0707 peak-call-ms=0.1746 calls=182
[pipeline-stage] host UI mean-ms=0.0095 peak-call-ms=0.0380 calls=91
[pipeline-stage] settings UI mean-ms=0.0006 peak-call-ms=0.0019 calls=91
[pipeline-stage] present/wait mean-ms=10.5648 peak-call-ms=11.2038 calls=91
[pipeline-stage] pacing/sleep mean-ms=0.0005 peak-call-ms=0.0027 calls=91
[pipeline-stage] housekeeping mean-ms=0.0008 peak-call-ms=0.0023 calls=60
[pipeline-stage] PPU setup mean-ms=0.0035 peak-call-ms=0.0337 calls=60
[pipeline-stage] PPU scanout mean-ms=0.0661 peak-call-ms=0.1386 calls=60
[pipeline-stage] PPU finish mean-ms=0.0011 peak-call-ms=0.0350 calls=60
[pipeline-work] ticks=0.66 repre=0.34 draws=0.0 vertices=0 upload-MiB=0.000 depth-MiB=0.000 depth-copy-MiB=0.000 depth-copy-calls=0.00 jobs=0.00 helpers=0.00 fallback=1.00 failed=0.00 (per-present)
[pipeline-traffic] upload-calls=0.00 skipped=0.00 scan-MiB=1.118 upload-MiB=0.000 mirror-realloc=0.00 (per-present)
[pipeline-atlas] reuse=0.00 copy-MiB=0.000 copy-calls=0.00 (per-present; copies are GPU-only)
[pipeline-path] cpu-project=0.00 cpu-stage=0.00 gpu-reuse=0.00 publish=0.00 opt-out=0.00 limit=0.00 rejected=0.00 (events/present, not view fallbacks)
[pipeline-perf] scene=Native/menu host=0 map=00/09 output=1280x800 frames=92 fps=90.0 cadence-ms=11.111 p95=11.261 max=11.432 refresh=0 vsync=1 cap=0 gpu-ms=unavailable
[pipeline-stage] events/input mean-ms=0.1344 peak-call-ms=7.6017 calls=92
[pipeline-stage] emulation mean-ms=0.0639 peak-call-ms=1.7016 calls=62
[pipeline-stage] PPU + capture mean-ms=0.0780 peak-call-ms=0.2373 calls=61
[pipeline-stage] world map build mean-ms=0.0010 peak-call-ms=0.0029 calls=61
[pipeline-stage] SIM metadata mean-ms=0.0239 peak-call-ms=0.0605 calls=61
[pipeline-stage] town canvas mean-ms=0.0006 peak-call-ms=0.0014 calls=61
[pipeline-stage] frame snapshot mean-ms=0.0276 peak-call-ms=0.0846 calls=61
[pipeline-stage] upload mean-ms=0.0559 peak-call-ms=0.1221 calls=61
[pipeline-stage] presentation mean-ms=0.0873 peak-call-ms=0.1655 calls=92
[pipeline-stage] CRT/resolve mean-ms=0.0667 peak-call-ms=0.1067 calls=184
[pipeline-stage] host UI mean-ms=0.0093 peak-call-ms=0.0452 calls=92
[pipeline-stage] settings UI mean-ms=0.0010 peak-call-ms=0.0361 calls=92
[pipeline-stage] present/wait mean-ms=10.5221 peak-call-ms=11.1592 calls=92
[pipeline-stage] pacing/sleep mean-ms=0.0005 peak-call-ms=0.0009 calls=92
[pipeline-stage] housekeeping mean-ms=0.0008 peak-call-ms=0.0054 calls=61
[pipeline-stage] PPU setup mean-ms=0.0033 peak-call-ms=0.0191 calls=61
[pipeline-stage] PPU scanout mean-ms=0.0632 peak-call-ms=0.1489 calls=61
[pipeline-stage] PPU finish mean-ms=0.0007 peak-call-ms=0.0015 calls=61
[pipeline-work] ticks=0.67 repre=0.34 draws=0.0 vertices=0 upload-MiB=0.000 depth-MiB=0.000 depth-copy-MiB=0.000 depth-copy-calls=0.00 jobs=0.00 helpers=0.00 fallback=1.00 failed=0.00 (per-present)
[pipeline-traffic] upload-calls=0.00 skipped=0.00 scan-MiB=1.124 upload-MiB=0.000 mirror-realloc=0.00 (per-present)
[pipeline-atlas] reuse=0.00 copy-MiB=0.000 copy-calls=0.00 (per-present; copies are GPU-only)
[pipeline-path] cpu-project=0.00 cpu-stage=0.00 gpu-reuse=0.00 publish=0.00 opt-out=0.00 limit=0.00 rejected=0.00 (events/present, not view fallbacks)
[pipeline-perf] scene=Native/menu host=0 map=00/09 output=1280x800 frames=91 fps=90.0 cadence-ms=11.112 p95=11.309 max=11.532 refresh=0 vsync=1 cap=0 gpu-ms=unavailable
[pipeline-stage] events/input mean-ms=0.0533 peak-call-ms=0.1081 calls=91
[pipeline-stage] emulation mean-ms=0.0518 peak-call-ms=1.3585 calls=61
[pipeline-stage] PPU + capture mean-ms=0.0813 peak-call-ms=0.1742 calls=61
[pipeline-stage] world map build mean-ms=0.0013 peak-call-ms=0.0199 calls=61
[pipeline-stage] SIM metadata mean-ms=0.0249 peak-call-ms=0.0725 calls=61
[pipeline-stage] town canvas mean-ms=0.0006 peak-call-ms=0.0017 calls=61
[pipeline-stage] frame snapshot mean-ms=0.0277 peak-call-ms=0.0535 calls=61
[pipeline-stage] upload mean-ms=0.0648 peak-call-ms=0.2409 calls=61
[pipeline-stage] presentation mean-ms=0.0928 peak-call-ms=0.2120 calls=91
[pipeline-stage] CRT/resolve mean-ms=0.0711 peak-call-ms=0.1801 calls=182
[pipeline-stage] host UI mean-ms=0.0095 peak-call-ms=0.0387 calls=91
[pipeline-stage] settings UI mean-ms=0.0009 peak-call-ms=0.0225 calls=91
[pipeline-stage] present/wait mean-ms=10.5970 peak-call-ms=11.1234 calls=91
[pipeline-stage] pacing/sleep mean-ms=0.0005 peak-call-ms=0.0010 calls=91
[pipeline-stage] housekeeping mean-ms=0.0008 peak-call-ms=0.0019 calls=61
[pipeline-stage] PPU setup mean-ms=0.0033 peak-call-ms=0.0079 calls=61
[pipeline-stage] PPU scanout mean-ms=0.0676 peak-call-ms=0.1460 calls=61
[pipeline-stage] PPU finish mean-ms=0.0007 peak-call-ms=0.0020 calls=61
[pipeline-work] ticks=0.67 repre=0.33 draws=0.0 vertices=0 upload-MiB=0.000 depth-MiB=0.000 depth-copy-MiB=0.000 depth-copy-calls=0.00 jobs=0.00 helpers=0.00 fallback=1.00 failed=0.00 (per-present)
[pipeline-traffic] upload-calls=0.00 skipped=0.00 scan-MiB=1.136 upload-MiB=0.000 mirror-realloc=0.00 (per-present)
[pipeline-atlas] reuse=0.00 copy-MiB=0.000 copy-calls=0.00 (per-present; copies are GPU-only)
[pipeline-path] cpu-project=0.00 cpu-stage=0.00 gpu-reuse=0.00 publish=0.00 opt-out=0.00 limit=0.00 rejected=0.00 (events/present, not view fallbacks)
[pipeline-perf] scene=Native/menu host=0 map=00/09 output=1280x800 frames=91 fps=89.9 cadence-ms=11.125 p95=12.105 max=12.449 refresh=0 vsync=1 cap=0 gpu-ms=unavailable
[pipeline-stage] events/input mean-ms=0.1432 peak-call-ms=8.2114 calls=91
[pipeline-stage] emulation mean-ms=0.0574 peak-call-ms=1.2458 calls=60
[pipeline-stage] PPU + capture mean-ms=0.0804 peak-call-ms=0.1877 calls=60
[pipeline-stage] world map build mean-ms=0.0012 peak-call-ms=0.0088 calls=60
[pipeline-stage] SIM metadata mean-ms=0.0258 peak-call-ms=0.1334 calls=60
[pipeline-stage] town canvas mean-ms=0.0007 peak-call-ms=0.0015 calls=60
[pipeline-stage] frame snapshot mean-ms=0.0273 peak-call-ms=0.0533 calls=60
[pipeline-stage] upload mean-ms=0.0655 peak-call-ms=0.2281 calls=60
[pipeline-stage] presentation mean-ms=0.0932 peak-call-ms=0.2051 calls=91
[pipeline-stage] CRT/resolve mean-ms=0.0720 peak-call-ms=0.1559 calls=182
[pipeline-stage] host UI mean-ms=0.0094 peak-call-ms=0.0407 calls=91
[pipeline-stage] settings UI mean-ms=0.0007 peak-call-ms=0.0045 calls=91
[pipeline-stage] present/wait mean-ms=10.5136 peak-call-ms=11.9497 calls=91
[pipeline-stage] pacing/sleep mean-ms=0.0005 peak-call-ms=0.0026 calls=91
[pipeline-stage] housekeeping mean-ms=0.0008 peak-call-ms=0.0019 calls=60
[pipeline-stage] PPU setup mean-ms=0.0034 peak-call-ms=0.0084 calls=60
[pipeline-stage] PPU scanout mean-ms=0.0659 peak-call-ms=0.1627 calls=60
[pipeline-stage] PPU finish mean-ms=0.0010 peak-call-ms=0.0276 calls=60
[pipeline-work] ticks=0.66 repre=0.34 draws=0.0 vertices=0 upload-MiB=0.000 depth-MiB=0.000 depth-copy-MiB=0.000 depth-copy-calls=0.00 jobs=0.00 helpers=0.00 fallback=1.00 failed=0.00 (per-present)
[pipeline-traffic] upload-calls=0.00 skipped=0.00 scan-MiB=1.118 upload-MiB=0.000 mirror-realloc=0.00 (per-present)
[pipeline-atlas] reuse=0.00 copy-MiB=0.000 copy-calls=0.00 (per-present; copies are GPU-only)
[pipeline-path] cpu-project=0.00 cpu-stage=0.00 gpu-reuse=0.00 publish=0.00 opt-out=0.00 limit=0.00 rejected=0.00 (events/present, not view fallbacks)
[music] stop [music:song-01] (driver halt $F0)
[action-bg-hle] full world-layer provider enabled
[action-bg-hle] fallback=forced-blank map=01/01 BG1
[widescreen] gf=402 $18=01 $19=01 -> WIDE clamp=00 mirror=00 repeat=00 bands=0/811c9dc5 normal=00 hud=40/88/168 left-only-y=28 bg-plan=1 source=world/world hle=00
[sim3d-view] gf=402 authentic (view fallback) -> none (inactive, view=none, integrity=$0, mismatch=0 px) after 0 frame(s)
[act-enter] $18=01 $19=01 at game-frame 402
[music] src=18:947F song=01 -> [music:song-00] game-assets/audio/fillmore.ogg
[action-room-scene] ROM-derived world source enabled
[widescreen] gf=403 $18=01 $19=01 -> WIDE clamp=00 mirror=00 repeat=00 bands=0/811c9dc5 normal=00 hud=40/88/168 left-only-y=28 bg-plan=1 source=world/world hle=03
[gpu-fx] blur shader ready
[gpu-fx] DOF shader ready
[gpu-fx] rim light shader ready
[pipeline-perf] scene=Action 3D host=0 map=01/01 output=1280x800 frames=91 fps=90.0 cadence-ms=11.111 p95=14.392 max=27.968 refresh=0 vsync=1 cap=0 gpu-ms=unavailable
[pipeline-stage] events/input mean-ms=0.0529 peak-call-ms=0.0911 calls=91
[pipeline-stage] emulation mean-ms=0.2909 peak-call-ms=7.6078 calls=61
[pipeline-stage] PPU + capture mean-ms=3.9313 peak-call-ms=8.5543 calls=61
[pipeline-stage] world map build mean-ms=0.0004 peak-call-ms=0.0009 calls=61
[pipeline-stage] SIM metadata mean-ms=0.0161 peak-call-ms=0.0574 calls=61
[pipeline-stage] town canvas mean-ms=0.0007 peak-call-ms=0.0016 calls=61
[pipeline-stage] frame snapshot mean-ms=0.0375 peak-call-ms=0.0791 calls=61
[pipeline-stage] upload mean-ms=2.1475 peak-call-ms=8.2438 calls=61
[pipeline-stage] presentation mean-ms=0.4564 peak-call-ms=10.2984 calls=91
[pipeline-stage] CRT/resolve mean-ms=0.0215 peak-call-ms=0.1135 calls=182
[pipeline-stage] host UI mean-ms=0.0062 peak-call-ms=0.0125 calls=91
[pipeline-stage] settings UI mean-ms=0.0006 peak-call-ms=0.0009 calls=91
[pipeline-stage] present/wait mean-ms=4.0902 peak-call-ms=11.9616 calls=91
[pipeline-stage] pacing/sleep mean-ms=0.0006 peak-call-ms=0.0012 calls=91
[pipeline-stage] housekeeping mean-ms=0.0010 peak-call-ms=0.0178 calls=61
[pipeline-stage] PPU setup mean-ms=0.0299 peak-call-ms=0.6320 calls=61
[pipeline-stage] PPU scanout mean-ms=3.8606 peak-call-ms=7.0551 calls=61
[pipeline-stage] PPU finish mean-ms=0.0031 peak-call-ms=0.0063 calls=61
[pipeline-stage] action total mean-ms=0.4241 peak-call-ms=10.1948 calls=79
[pipeline-stage] action upload mean-ms=0.5166 peak-call-ms=3.3352 calls=61
[pipeline-stage] action analysis mean-ms=1.1715 peak-call-ms=5.5426 calls=61
[pipeline-stage] action setup mean-ms=0.0295 peak-call-ms=0.6300 calls=61
[pipeline-stage] action scanout mean-ms=3.8602 peak-call-ms=7.0545 calls=61
[pipeline-stage] action finish mean-ms=0.0029 peak-call-ms=0.0060 calls=61
[pipeline-stage] action host-post mean-ms=0.0310 peak-call-ms=0.0907 calls=61
[pipeline-stage] action synthesis mean-ms=0.1063 peak-call-ms=0.3075 calls=79
[pipeline-stage] action mesh mean-ms=0.0049 peak-call-ms=0.0023 calls=395
[pipeline-stage] action supersample mean-ms=0.0266 peak-call-ms=0.3444 calls=79
[pipeline-stage] action DOF mean-ms=0.0302 peak-call-ms=0.5532 calls=79
[pipeline-stage] action submit mean-ms=0.0134 peak-call-ms=0.0157 calls=590
[pipeline-stage] action callback mean-ms=0.0005 peak-call-ms=0.0004 calls=395
[pipeline-work] ticks=0.67 repre=0.33 draws=6.5 vertices=430 upload-MiB=0.636 depth-MiB=0.000 depth-copy-MiB=0.000 depth-copy-calls=0.00 jobs=0.00 helpers=0.00 fallback=0.00 failed=0.00 (per-present)
[pipeline-traffic] upload-calls=2.55 skipped=1.12 scan-MiB=5.057 upload-MiB=0.636 mirror-realloc=0.08 (per-present)
[pipeline-atlas] reuse=0.00 copy-MiB=0.000 copy-calls=0.00 (per-present; copies are GPU-only)
[pipeline-path] cpu-project=0.00 cpu-stage=0.00 gpu-reuse=0.00 publish=0.00 opt-out=0.00 limit=0.00 rejected=0.00 (events/present, not view fallbacks)
[pipeline-perf] scene=Action 3D host=0 map=01/01 output=1280x800 frames=92 fps=90.5 cadence-ms=11.054 p95=13.076 max=17.871 refresh=0 vsync=1 cap=0 gpu-ms=unavailable
[pipeline-stage] events/input mean-ms=0.1420 peak-call-ms=8.0724 calls=92
[pipeline-stage] emulation mean-ms=0.2266 peak-call-ms=1.6247 calls=61
[pipeline-stage] PPU + capture mean-ms=4.3773 peak-call-ms=7.1164 calls=61
[pipeline-stage] world map build mean-ms=0.0003 peak-call-ms=0.0009 calls=61
[pipeline-stage] SIM metadata mean-ms=0.0150 peak-call-ms=0.0286 calls=61
[pipeline-stage] town canvas mean-ms=0.0007 peak-call-ms=0.0014 calls=61
[pipeline-stage] frame snapshot mean-ms=0.0343 peak-call-ms=0.0599 calls=61
[pipeline-stage] upload mean-ms=1.7099 peak-call-ms=5.8698 calls=61
[pipeline-stage] presentation mean-ms=0.3818 peak-call-ms=1.3452 calls=92
[pipeline-stage] CRT/resolve mean-ms=0.0128 peak-call-ms=0.0148 calls=184
[pipeline-stage] host UI mean-ms=0.0061 peak-call-ms=0.0280 calls=92
[pipeline-stage] settings UI mean-ms=0.0006 peak-call-ms=0.0009 calls=92
[pipeline-stage] present/wait mean-ms=4.0788 peak-call-ms=11.3761 calls=92
[pipeline-stage] pacing/sleep mean-ms=0.0006 peak-call-ms=0.0011 calls=92
[pipeline-stage] housekeeping mean-ms=0.0008 peak-call-ms=0.0019 calls=61
[pipeline-stage] PPU setup mean-ms=0.0257 peak-call-ms=0.0530 calls=61
[pipeline-stage] PPU scanout mean-ms=4.3252 peak-call-ms=7.0264 calls=61
[pipeline-stage] PPU finish mean-ms=0.0033 peak-call-ms=0.0079 calls=61
[pipeline-stage] action total mean-ms=0.3587 peak-call-ms=1.3115 calls=92
[pipeline-stage] action upload mean-ms=0.4763 peak-call-ms=2.0363 calls=61
[pipeline-stage] action analysis mean-ms=0.8755 peak-call-ms=3.8207 calls=61
[pipeline-stage] action setup mean-ms=0.0254 peak-call-ms=0.0522 calls=61
[pipeline-stage] action scanout mean-ms=4.3248 peak-call-ms=7.0255 calls=61
[pipeline-stage] action finish mean-ms=0.0031 peak-call-ms=0.0076 calls=61
[pipeline-stage] action host-post mean-ms=0.0290 peak-call-ms=0.0774 calls=61
[pipeline-stage] action synthesis mean-ms=0.1214 peak-call-ms=0.2251 calls=92
[pipeline-stage] action mesh mean-ms=0.0058 peak-call-ms=0.0029 calls=460
[pipeline-stage] action supersample mean-ms=0.0239 peak-call-ms=0.0619 calls=92
[pipeline-stage] action DOF mean-ms=0.0273 peak-call-ms=0.0589 calls=92
[pipeline-stage] action submit mean-ms=0.0155 peak-call-ms=0.0139 calls=673
[pipeline-stage] action callback mean-ms=0.0006 peak-call-ms=0.0009 calls=460
[pipeline-work] ticks=0.66 repre=0.34 draws=7.3 vertices=495 upload-MiB=0.387 depth-MiB=0.000 depth-copy-MiB=0.000 depth-copy-calls=0.00 jobs=0.00 helpers=0.00 fallback=0.00 failed=0.00 (per-present)
[pipeline-traffic] upload-calls=1.93 skipped=1.59 scan-MiB=5.575 upload-MiB=0.387 mirror-realloc=0.00 (per-present)
[pipeline-atlas] reuse=0.00 copy-MiB=0.000 copy-calls=0.00 (per-present; copies are GPU-only)
[pipeline-path] cpu-project=0.00 cpu-stage=0.00 gpu-reuse=0.00 publish=0.00 opt-out=0.00 limit=0.00 rejected=0.00 (events/present, not view fallbacks)
[pipeline-perf] scene=Action 3D host=0 map=01/01 output=1280x800 frames=92 fps=90.0 cadence-ms=11.110 p95=12.928 max=15.209 refresh=0 vsync=1 cap=0 gpu-ms=unavailable
[pipeline-stage] events/input mean-ms=0.0530 peak-call-ms=0.0873 calls=92
[pipeline-stage] emulation mean-ms=0.2118 peak-call-ms=1.8298 calls=62
[pipeline-stage] PPU + capture mean-ms=4.4405 peak-call-ms=7.3054 calls=62
[pipeline-stage] world map build mean-ms=0.0003 peak-call-ms=0.0009 calls=62
[pipeline-stage] SIM metadata mean-ms=0.0154 peak-call-ms=0.0284 calls=62
[pipeline-stage] town canvas mean-ms=0.0007 peak-call-ms=0.0016 calls=62
[pipeline-stage] frame snapshot mean-ms=0.0368 peak-call-ms=0.0885 calls=62
[pipeline-stage] upload mean-ms=1.6669 peak-call-ms=6.1792 calls=62
[pipeline-stage] presentation mean-ms=0.3690 peak-call-ms=1.2478 calls=92
[pipeline-stage] CRT/resolve mean-ms=0.0123 peak-call-ms=0.0127 calls=184
[pipeline-stage] host UI mean-ms=0.0058 peak-call-ms=0.0120 calls=92
[pipeline-stage] settings UI mean-ms=0.0006 peak-call-ms=0.0010 calls=92
[pipeline-stage] present/wait mean-ms=4.2119 peak-call-ms=10.9182 calls=92
[pipeline-stage] pacing/sleep mean-ms=0.0006 peak-call-ms=0.0012 calls=92
[pipeline-stage] housekeeping mean-ms=0.0009 peak-call-ms=0.0021 calls=62
[pipeline-stage] PPU setup mean-ms=0.0262 peak-call-ms=0.0539 calls=62
[pipeline-stage] PPU scanout mean-ms=4.3863 peak-call-ms=7.2298 calls=62
[pipeline-stage] PPU finish mean-ms=0.0035 peak-call-ms=0.0153 calls=62
[pipeline-stage] action total mean-ms=0.3468 peak-call-ms=1.2220 calls=92
[pipeline-stage] action upload mean-ms=0.4844 peak-call-ms=2.4892 calls=62
[pipeline-stage] action analysis mean-ms=0.8227 peak-call-ms=3.4049 calls=62
[pipeline-stage] action setup mean-ms=0.0259 peak-call-ms=0.0534 calls=62
[pipeline-stage] action scanout mean-ms=4.3859 peak-call-ms=7.2290 calls=62
[pipeline-stage] action finish mean-ms=0.0033 peak-call-ms=0.0150 calls=62
[pipeline-stage] action host-post mean-ms=0.0298 peak-call-ms=0.0543 calls=62
[pipeline-stage] action synthesis mean-ms=0.1174 peak-call-ms=0.1961 calls=92
[pipeline-stage] action mesh mean-ms=0.0059 peak-call-ms=0.0235 calls=460
[pipeline-stage] action supersample mean-ms=0.0216 peak-call-ms=0.0292 calls=92
[pipeline-stage] action DOF mean-ms=0.0284 peak-call-ms=0.0881 calls=92
[pipeline-stage] action submit mean-ms=0.0157 peak-call-ms=0.0273 calls=669
[pipeline-stage] action callback mean-ms=0.0006 peak-call-ms=0.0005 calls=460
[pipeline-work] ticks=0.67 repre=0.33 draws=7.3 vertices=495 upload-MiB=0.363 depth-MiB=0.000 depth-copy-MiB=0.000 depth-copy-calls=0.00 jobs=0.00 helpers=0.00 fallback=0.00 failed=0.00 (per-present)
[pipeline-traffic] upload-calls=1.89 skipped=1.67 scan-MiB=5.655 upload-MiB=0.363 mirror-realloc=0.00 (per-present)
[pipeline-atlas] reuse=0.00 copy-MiB=0.000 copy-calls=0.00 (per-present; copies are GPU-only)
[pipeline-path] cpu-project=0.00 cpu-stage=0.00 gpu-reuse=0.00 publish=0.00 opt-out=0.00 limit=0.00 rejected=0.00 (events/present, not view fallbacks)
[pipeline-perf] scene=Action 3D host=0 map=01/01 output=1280x800 frames=91 fps=89.9 cadence-ms=11.124 p95=11.484 max=17.311 refresh=0 vsync=1 cap=0 gpu-ms=unavailable
[pipeline-stage] events/input mean-ms=0.1375 peak-call-ms=7.6598 calls=91
[pipeline-stage] emulation mean-ms=0.2568 peak-call-ms=1.8703 calls=60
[pipeline-stage] PPU + capture mean-ms=4.3554 peak-call-ms=6.8550 calls=60
[pipeline-stage] world map build mean-ms=0.0003 peak-call-ms=0.0008 calls=60
[pipeline-stage] SIM metadata mean-ms=0.0153 peak-call-ms=0.0447 calls=60
[pipeline-stage] town canvas mean-ms=0.0007 peak-call-ms=0.0014 calls=60
[pipeline-stage] frame snapshot mean-ms=0.0348 peak-call-ms=0.0719 calls=60
[pipeline-stage] upload mean-ms=1.0284 peak-call-ms=2.4646 calls=60
[pipeline-stage] presentation mean-ms=0.3787 peak-call-ms=1.2720 calls=91
[pipeline-stage] CRT/resolve mean-ms=0.0231 peak-call-ms=0.8909 calls=182
[pipeline-stage] host UI mean-ms=0.0062 peak-call-ms=0.0128 calls=91
[pipeline-stage] settings UI mean-ms=0.0006 peak-call-ms=0.0014 calls=91
[pipeline-stage] present/wait mean-ms=4.8051 peak-call-ms=11.6096 calls=91
[pipeline-stage] pacing/sleep mean-ms=0.0006 peak-call-ms=0.0013 calls=91
[pipeline-stage] housekeeping mean-ms=0.0008 peak-call-ms=0.0022 calls=60
[pipeline-stage] PPU setup mean-ms=0.0271 peak-call-ms=0.0636 calls=60
[pipeline-stage] PPU scanout mean-ms=4.3005 peak-call-ms=6.7598 calls=60
[pipeline-stage] PPU finish mean-ms=0.0033 peak-call-ms=0.0066 calls=60
[pipeline-stage] action total mean-ms=0.3453 peak-call-ms=1.2267 calls=91
[pipeline-stage] action upload mean-ms=0.3766 peak-call-ms=0.6403 calls=60
[pipeline-stage] action analysis mean-ms=0.3631 peak-call-ms=0.7275 calls=60
[pipeline-stage] action setup mean-ms=0.0267 peak-call-ms=0.0627 calls=60
[pipeline-stage] action scanout mean-ms=4.3001 peak-call-ms=6.7591 calls=60
[pipeline-stage] action finish mean-ms=0.0031 peak-call-ms=0.0063 calls=60
[pipeline-stage] action host-post mean-ms=0.0294 peak-call-ms=0.0649 calls=60
[pipeline-stage] action synthesis mean-ms=0.1101 peak-call-ms=0.1719 calls=91
[pipeline-stage] action mesh mean-ms=0.0060 peak-call-ms=0.0027 calls=455
[pipeline-stage] action supersample mean-ms=0.0242 peak-call-ms=0.0745 calls=91
[pipeline-stage] action DOF mean-ms=0.0313 peak-call-ms=0.0664 calls=91
[pipeline-stage] action submit mean-ms=0.0160 peak-call-ms=0.0166 calls=637
[pipeline-stage] action callback mean-ms=0.0007 peak-call-ms=0.0007 calls=455
[pipeline-work] ticks=0.66 repre=0.34 draws=7.0 vertices=494 upload-MiB=0.071 depth-MiB=0.000 depth-copy-MiB=0.000 depth-copy-calls=0.00 jobs=0.00 helpers=0.00 fallback=0.00 failed=0.00 (per-present)
[pipeline-traffic] upload-calls=1.36 skipped=1.98 scan-MiB=5.534 upload-MiB=0.071 mirror-realloc=0.00 (per-present)
[pipeline-atlas] reuse=0.00 copy-MiB=0.000 copy-calls=0.00 (per-present; copies are GPU-only)
[pipeline-path] cpu-project=0.00 cpu-stage=0.00 gpu-reuse=0.00 publish=0.00 opt-out=0.00 limit=0.00 rejected=0.00 (events/present, not view fallbacks)
[pipeline-perf] scene=Action 3D host=0 map=01/01 output=1280x800 frames=92 fps=90.1 cadence-ms=11.100 p95=11.457 max=11.982 refresh=0 vsync=1 cap=0 gpu-ms=unavailable
[pipeline-stage] events/input mean-ms=0.0547 peak-call-ms=0.0822 calls=92
[pipeline-stage] emulation mean-ms=0.2455 peak-call-ms=2.0974 calls=62
[pipeline-stage] PPU + capture mean-ms=4.4682 peak-call-ms=7.2971 calls=62
[pipeline-stage] world map build mean-ms=0.0003 peak-call-ms=0.0008 calls=62
[pipeline-stage] SIM metadata mean-ms=0.0151 peak-call-ms=0.0306 calls=62
[pipeline-stage] town canvas mean-ms=0.0007 peak-call-ms=0.0015 calls=62
[pipeline-stage] frame snapshot mean-ms=0.0358 peak-call-ms=0.0689 calls=62
[pipeline-stage] upload mean-ms=1.0694 peak-call-ms=2.7541 calls=62
[pipeline-stage] presentation mean-ms=0.3710 peak-call-ms=1.2438 calls=92
[pipeline-stage] CRT/resolve mean-ms=0.0127 peak-call-ms=0.0151 calls=184
[pipeline-stage] host UI mean-ms=0.0065 peak-call-ms=0.0211 calls=92
[pipeline-stage] settings UI mean-ms=0.0006 peak-call-ms=0.0014 calls=92
[pipeline-stage] present/wait mean-ms=4.7268 peak-call-ms=11.0625 calls=92
[pipeline-stage] pacing/sleep mean-ms=0.0006 peak-call-ms=0.0011 calls=92
[pipeline-stage] housekeeping mean-ms=0.0009 peak-call-ms=0.0026 calls=62
[pipeline-stage] PPU setup mean-ms=0.0277 peak-call-ms=0.0620 calls=62
[pipeline-stage] PPU scanout mean-ms=4.4112 peak-call-ms=7.2045 calls=62
[pipeline-stage] PPU finish mean-ms=0.0035 peak-call-ms=0.0132 calls=62
[pipeline-stage] action total mean-ms=0.3377 peak-call-ms=0.6668 calls=92
[pipeline-stage] action upload mean-ms=0.3866 peak-call-ms=0.6959 calls=62
[pipeline-stage] action analysis mean-ms=0.4018 peak-call-ms=1.7561 calls=62
[pipeline-stage] action setup mean-ms=0.0273 peak-call-ms=0.0611 calls=62
[pipeline-stage] action scanout mean-ms=4.4108 peak-call-ms=7.2041 calls=62
[pipeline-stage] action finish mean-ms=0.0033 peak-call-ms=0.0128 calls=62
[pipeline-stage] action host-post mean-ms=0.0292 peak-call-ms=0.0580 calls=62
[pipeline-stage] action synthesis mean-ms=0.1050 peak-call-ms=0.1940 calls=92
[pipeline-stage] action mesh mean-ms=0.0062 peak-call-ms=0.0025 calls=460
[pipeline-stage] action supersample mean-ms=0.0243 peak-call-ms=0.0495 calls=92
[pipeline-stage] action DOF mean-ms=0.0337 peak-call-ms=0.0618 calls=92
[pipeline-stage] action submit mean-ms=0.0162 peak-call-ms=0.0063 calls=644
[pipeline-stage] action callback mean-ms=0.0008 peak-call-ms=0.0115 calls=460
[pipeline-work] ticks=0.67 repre=0.33 draws=7.0 vertices=494 upload-MiB=0.073 depth-MiB=0.000 depth-copy-MiB=0.000 depth-copy-calls=0.00 jobs=0.00 helpers=0.00 fallback=0.00 failed=0.00 (per-present)
[pipeline-traffic] upload-calls=1.37 skipped=2.02 scan-MiB=5.644 upload-MiB=0.073 mirror-realloc=0.00 (per-present)
[pipeline-atlas] reuse=0.00 copy-MiB=0.000 copy-calls=0.00 (per-present; copies are GPU-only)
[pipeline-path] cpu-project=0.00 cpu-stage=0.00 gpu-reuse=0.00 publish=0.00 opt-out=0.00 limit=0.00 rejected=0.00 (events/present, not view fallbacks)
[pipeline-perf] scene=Action 3D host=0 map=01/01 output=1280x800 frames=91 fps=90.0 cadence-ms=11.112 p95=11.814 max=17.563 refresh=0 vsync=1 cap=0 gpu-ms=unavailable
[pipeline-stage] events/input mean-ms=0.1420 peak-call-ms=7.9934 calls=91
[pipeline-stage] emulation mean-ms=0.2349 peak-call-ms=1.6494 calls=61
[pipeline-stage] PPU + capture mean-ms=4.6196 peak-call-ms=7.6986 calls=61
[pipeline-stage] world map build mean-ms=0.0003 peak-call-ms=0.0009 calls=61
[pipeline-stage] SIM metadata mean-ms=0.0153 peak-call-ms=0.0316 calls=61
[pipeline-stage] town canvas mean-ms=0.0007 peak-call-ms=0.0014 calls=61
[pipeline-stage] frame snapshot mean-ms=0.0356 peak-call-ms=0.0726 calls=61
[pipeline-stage] upload mean-ms=1.1167 peak-call-ms=2.9724 calls=61
[pipeline-stage] presentation mean-ms=0.3671 peak-call-ms=1.4769 calls=91
[pipeline-stage] CRT/resolve mean-ms=0.0135 peak-call-ms=0.0502 calls=182
[pipeline-stage] host UI mean-ms=0.0066 peak-call-ms=0.0563 calls=91
[pipeline-stage] settings UI mean-ms=0.0006 peak-call-ms=0.0013 calls=91
[pipeline-stage] present/wait mean-ms=4.4691 peak-call-ms=11.6223 calls=91
[pipeline-stage] pacing/sleep mean-ms=0.0006 peak-call-ms=0.0013 calls=91
[pipeline-stage] housekeeping mean-ms=0.0008 peak-call-ms=0.0020 calls=61
[pipeline-stage] PPU setup mean-ms=0.0285 peak-call-ms=0.0714 calls=61
[pipeline-stage] PPU scanout mean-ms=4.5619 peak-call-ms=7.6007 calls=61
[pipeline-stage] PPU finish mean-ms=0.0035 peak-call-ms=0.0199 calls=61
[pipeline-stage] action total mean-ms=0.3429 peak-call-ms=1.4438 calls=91
[pipeline-stage] action upload mean-ms=0.3979 peak-call-ms=0.7631 calls=61
[pipeline-stage] action analysis mean-ms=0.4393 peak-call-ms=1.8814 calls=61
[pipeline-stage] action setup mean-ms=0.0282 peak-call-ms=0.0710 calls=61
[pipeline-stage] action scanout mean-ms=4.5614 peak-call-ms=7.6001 calls=61
[pipeline-stage] action finish mean-ms=0.0033 peak-call-ms=0.0196 calls=61
[pipeline-stage] action host-post mean-ms=0.0290 peak-call-ms=0.0537 calls=61
[pipeline-stage] action synthesis mean-ms=0.1091 peak-call-ms=0.1913 calls=91
[pipeline-stage] action mesh mean-ms=0.0061 peak-call-ms=0.0199 calls=455
[pipeline-stage] action supersample mean-ms=0.0228 peak-call-ms=0.0405 calls=91
[pipeline-stage] action DOF mean-ms=0.0318 peak-call-ms=0.0607 calls=91
[pipeline-stage] action submit mean-ms=0.0160 peak-call-ms=0.0249 calls=637
[pipeline-stage] action callback mean-ms=0.0006 peak-call-ms=0.0005 calls=455
[pipeline-work] ticks=0.67 repre=0.33 draws=7.0 vertices=494 upload-MiB=0.065 depth-MiB=0.000 depth-copy-MiB=0.000 depth-copy-calls=0.00 jobs=0.00 helpers=0.00 fallback=0.00 failed=0.00 (per-present)
[pipeline-traffic] upload-calls=1.37 skipped=2.01 scan-MiB=5.617 upload-MiB=0.065 mirror-realloc=0.00 (per-present)
[pipeline-atlas] reuse=0.00 copy-MiB=0.000 copy-calls=0.00 (per-present; copies are GPU-only)
[pipeline-path] cpu-project=0.00 cpu-stage=0.00 gpu-reuse=0.00 publish=0.00 opt-out=0.00 limit=0.00 rejected=0.00 (events/present, not view fallbacks)
[pipeline-perf] scene=Action 3D host=0 map=01/01 output=1280x800 frames=92 fps=90.0 cadence-ms=11.111 p95=11.879 max=12.882 refresh=0 vsync=1 cap=0 gpu-ms=unavailable
[pipeline-stage] events/input mean-ms=0.0545 peak-call-ms=0.0808 calls=92
[pipeline-stage] emulation mean-ms=0.3141 peak-call-ms=2.3687 calls=61
[pipeline-stage] PPU + capture mean-ms=4.3817 peak-call-ms=7.1552 calls=61
[pipeline-stage] world map build mean-ms=0.0003 peak-call-ms=0.0008 calls=61
[pipeline-stage] SIM metadata mean-ms=0.0150 peak-call-ms=0.0299 calls=61
[pipeline-stage] town canvas mean-ms=0.0007 peak-call-ms=0.0015 calls=61
[pipeline-stage] frame snapshot mean-ms=0.0348 peak-call-ms=0.0598 calls=61
[pipeline-stage] upload mean-ms=1.0632 peak-call-ms=2.6756 calls=61
[pipeline-stage] presentation mean-ms=0.3770 peak-call-ms=1.3125 calls=92
[pipeline-stage] CRT/resolve mean-ms=0.0132 peak-call-ms=0.0283 calls=184
[pipeline-stage] host UI mean-ms=0.0062 peak-call-ms=0.0135 calls=92
[pipeline-stage] settings UI mean-ms=0.0006 peak-call-ms=0.0010 calls=92
[pipeline-stage] present/wait mean-ms=4.7581 peak-call-ms=11.5658 calls=92
[pipeline-stage] pacing/sleep mean-ms=0.0006 peak-call-ms=0.0012 calls=92
[pipeline-stage] housekeeping mean-ms=0.0008 peak-call-ms=0.0026 calls=61
[pipeline-stage] PPU setup mean-ms=0.0273 peak-call-ms=0.0678 calls=61
[pipeline-stage] PPU scanout mean-ms=4.3266 peak-call-ms=7.0543 calls=61
[pipeline-stage] PPU finish mean-ms=0.0033 peak-call-ms=0.0072 calls=61
[pipeline-stage] action total mean-ms=0.3533 peak-call-ms=1.2791 calls=92
[pipeline-stage] action upload mean-ms=0.3841 peak-call-ms=0.6678 calls=61
[pipeline-stage] action analysis mean-ms=0.3995 peak-call-ms=1.7323 calls=61
[pipeline-stage] action setup mean-ms=0.0269 peak-call-ms=0.0669 calls=61
[pipeline-stage] action scanout mean-ms=4.3262 peak-call-ms=7.0534 calls=61
[pipeline-stage] action finish mean-ms=0.0031 peak-call-ms=0.0068 calls=61
[pipeline-stage] action host-post mean-ms=0.0290 peak-call-ms=0.0578 calls=61
[pipeline-stage] action synthesis mean-ms=0.1154 peak-call-ms=0.1914 calls=92
[pipeline-stage] action mesh mean-ms=0.0064 peak-call-ms=0.0190 calls=460
[pipeline-stage] action supersample mean-ms=0.0239 peak-call-ms=0.0478 calls=92
[pipeline-stage] action DOF mean-ms=0.0321 peak-call-ms=0.0623 calls=92
[pipeline-stage] action submit mean-ms=0.0171 peak-call-ms=0.0328 calls=644
[pipeline-stage] action callback mean-ms=0.0007 peak-call-ms=0.0005 calls=460
[pipeline-work] ticks=0.66 repre=0.34 draws=7.0 vertices=494 upload-MiB=0.072 depth-MiB=0.000 depth-copy-MiB=0.000 depth-copy-calls=0.00 jobs=0.00 helpers=0.00 fallback=0.00 failed=0.00 (per-present)
[pipeline-traffic] upload-calls=1.35 skipped=1.99 scan-MiB=5.571 upload-MiB=0.072 mirror-realloc=0.00 (per-present)
[pipeline-atlas] reuse=0.00 copy-MiB=0.000 copy-calls=0.00 (per-present; copies are GPU-only)
[pipeline-path] cpu-project=0.00 cpu-stage=0.00 gpu-reuse=0.00 publish=0.00 opt-out=0.00 limit=0.00 rejected=0.00 (events/present, not view fallbacks)
[pipeline-perf] scene=Action 3D host=0 map=01/01 output=1280x800 frames=91 fps=90.0 cadence-ms=11.111 p95=11.467 max=12.502 refresh=0 vsync=1 cap=0 gpu-ms=unavailable
[pipeline-stage] events/input mean-ms=0.0552 peak-call-ms=0.1237 calls=91
[pipeline-stage] emulation mean-ms=0.2439 peak-call-ms=2.0255 calls=61
[pipeline-stage] PPU + capture mean-ms=4.4332 peak-call-ms=6.9163 calls=61
[pipeline-stage] world map build mean-ms=0.0003 peak-call-ms=0.0009 calls=61
[pipeline-stage] SIM metadata mean-ms=0.0155 peak-call-ms=0.0339 calls=61
[pipeline-stage] town canvas mean-ms=0.0007 peak-call-ms=0.0015 calls=61
[pipeline-stage] frame snapshot mean-ms=0.0351 peak-call-ms=0.0686 calls=61
[pipeline-stage] upload mean-ms=1.0576 peak-call-ms=3.0391 calls=61
[pipeline-stage] presentation mean-ms=0.3638 peak-call-ms=0.7885 calls=91
[pipeline-stage] CRT/resolve mean-ms=0.0135 peak-call-ms=0.0293 calls=182
[pipeline-stage] host UI mean-ms=0.0063 peak-call-ms=0.0182 calls=91
[pipeline-stage] settings UI mean-ms=0.0006 peak-call-ms=0.0011 calls=91
[pipeline-stage] present/wait mean-ms=4.7956 peak-call-ms=10.7962 calls=91
[pipeline-stage] pacing/sleep mean-ms=0.0006 peak-call-ms=0.0012 calls=91
[pipeline-stage] housekeeping mean-ms=0.0008 peak-call-ms=0.0028 calls=61
[pipeline-stage] PPU setup mean-ms=0.0274 peak-call-ms=0.0647 calls=61
[pipeline-stage] PPU scanout mean-ms=4.3769 peak-call-ms=6.8170 calls=61
[pipeline-stage] PPU finish mean-ms=0.0033 peak-call-ms=0.0077 calls=61
[pipeline-stage] action total mean-ms=0.3399 peak-call-ms=0.7528 calls=91
[pipeline-stage] action upload mean-ms=0.3756 peak-call-ms=0.6151 calls=61
[pipeline-stage] action analysis mean-ms=0.4104 peak-call-ms=2.0679 calls=61
[pipeline-stage] action setup mean-ms=0.0270 peak-call-ms=0.0640 calls=61
[pipeline-stage] action scanout mean-ms=4.3765 peak-call-ms=6.8162 calls=61
[pipeline-stage] action finish mean-ms=0.0031 peak-call-ms=0.0074 calls=61
[pipeline-stage] action host-post mean-ms=0.0295 peak-call-ms=0.0566 calls=61
[pipeline-stage] action synthesis mean-ms=0.1125 peak-call-ms=0.2392 calls=91
[pipeline-stage] action mesh mean-ms=0.0061 peak-call-ms=0.0144 calls=455
[pipeline-stage] action supersample mean-ms=0.0238 peak-call-ms=0.0479 calls=91
[pipeline-stage] action DOF mean-ms=0.0308 peak-call-ms=0.0566 calls=91
[pipeline-stage] action submit mean-ms=0.0156 peak-call-ms=0.0062 calls=637
[pipeline-stage] action callback mean-ms=0.0007 peak-call-ms=0.0008 calls=455
[pipeline-work] ticks=0.67 repre=0.33 draws=7.0 vertices=494 upload-MiB=0.055 depth-MiB=0.000 depth-copy-MiB=0.000 depth-copy-calls=0.00 jobs=0.00 helpers=0.00 fallback=0.00 failed=0.00 (per-present)
[pipeline-traffic] upload-calls=1.36 skipped=2.01 scan-MiB=5.595 upload-MiB=0.055 mirror-realloc=0.00 (per-present)
[pipeline-atlas] reuse=0.00 copy-MiB=0.000 copy-calls=0.00 (per-present; copies are GPU-only)
[pipeline-path] cpu-project=0.00 cpu-stage=0.00 gpu-reuse=0.00 publish=0.00 opt-out=0.00 limit=0.00 rejected=0.00 (events/present, not view fallbacks)
[pipeline-perf] scene=Action 3D host=0 map=01/01 output=1280x800 frames=92 fps=90.0 cadence-ms=11.112 p95=11.353 max=17.473 refresh=0 vsync=1 cap=0 gpu-ms=unavailable
[pipeline-stage] events/input mean-ms=0.1388 peak-call-ms=7.7656 calls=92
[pipeline-stage] emulation mean-ms=0.2088 peak-call-ms=1.7064 calls=61
[pipeline-stage] PPU + capture mean-ms=4.3889 peak-call-ms=6.9847 calls=61
[pipeline-stage] world map build mean-ms=0.0003 peak-call-ms=0.0008 calls=61
[pipeline-stage] SIM metadata mean-ms=0.0150 peak-call-ms=0.0333 calls=61
[pipeline-stage] town canvas mean-ms=0.0007 peak-call-ms=0.0014 calls=61
[pipeline-stage] frame snapshot mean-ms=0.0353 peak-call-ms=0.0615 calls=61
[pipeline-stage] upload mean-ms=1.0582 peak-call-ms=2.9666 calls=61
[pipeline-stage] presentation mean-ms=0.3704 peak-call-ms=1.0352 calls=92
[pipeline-stage] CRT/resolve mean-ms=0.0130 peak-call-ms=0.0335 calls=184
[pipeline-stage] host UI mean-ms=0.0064 peak-call-ms=0.0236 calls=92
[pipeline-stage] settings UI mean-ms=0.0006 peak-call-ms=0.0011 calls=92
[pipeline-stage] present/wait mean-ms=4.7827 peak-call-ms=10.7705 calls=92
[pipeline-stage] pacing/sleep mean-ms=0.0008 peak-call-ms=0.0152 calls=92
[pipeline-stage] housekeeping mean-ms=0.0009 peak-call-ms=0.0027 calls=61
[pipeline-stage] PPU setup mean-ms=0.0276 peak-call-ms=0.0565 calls=61
[pipeline-stage] PPU scanout mean-ms=4.3322 peak-call-ms=6.8881 calls=61
[pipeline-stage] PPU finish mean-ms=0.0033 peak-call-ms=0.0067 calls=61
[pipeline-stage] action total mean-ms=0.3467 peak-call-ms=1.0013 calls=92
[pipeline-stage] action upload mean-ms=0.3659 peak-call-ms=0.6631 calls=61
[pipeline-stage] action analysis mean-ms=0.4139 peak-call-ms=2.0154 calls=61
[pipeline-stage] action setup mean-ms=0.0273 peak-call-ms=0.0560 calls=61
[pipeline-stage] action scanout mean-ms=4.3318 peak-call-ms=6.8875 calls=61
[pipeline-stage] action finish mean-ms=0.0031 peak-call-ms=0.0064 calls=61
[pipeline-stage] action host-post mean-ms=0.0289 peak-call-ms=0.0536 calls=61
[pipeline-stage] action synthesis mean-ms=0.1138 peak-call-ms=0.2312 calls=92
[pipeline-stage] action mesh mean-ms=0.0063 peak-call-ms=0.0311 calls=460
[pipeline-stage] action supersample mean-ms=0.0229 peak-call-ms=0.0349 calls=92
[pipeline-stage] action DOF mean-ms=0.0304 peak-call-ms=0.0516 calls=92
[pipeline-stage] action submit mean-ms=0.0159 peak-call-ms=0.0289 calls=644
[pipeline-stage] action callback mean-ms=0.0007 peak-call-ms=0.0008 calls=460
[pipeline-work] ticks=0.66 repre=0.34 draws=7.0 vertices=494 upload-MiB=0.042 depth-MiB=0.000 depth-copy-MiB=0.000 depth-copy-calls=0.00 jobs=0.00 helpers=0.00 fallback=0.00 failed=0.00 (per-present)
[pipeline-traffic] upload-calls=1.35 skipped=1.99 scan-MiB=5.546 upload-MiB=0.042 mirror-realloc=0.00 (per-present)
[pipeline-atlas] reuse=0.00 copy-MiB=0.000 copy-calls=0.00 (per-present; copies are GPU-only)
[pipeline-path] cpu-project=0.00 cpu-stage=0.00 gpu-reuse=0.00 publish=0.00 opt-out=0.00 limit=0.00 rejected=0.00 (events/present, not view fallbacks)
[pipeline-perf] scene=Action 3D host=0 map=01/01 output=1280x800 frames=91 fps=89.9 cadence-ms=11.122 p95=11.864 max=12.350 refresh=0 vsync=1 cap=0 gpu-ms=unavailable
[pipeline-stage] events/input mean-ms=0.0560 peak-call-ms=0.0938 calls=91
[pipeline-stage] emulation mean-ms=0.2380 peak-call-ms=1.6123 calls=61
[pipeline-stage] PPU + capture mean-ms=4.4552 peak-call-ms=7.1454 calls=61
[pipeline-stage] world map build mean-ms=0.0003 peak-call-ms=0.0007 calls=61
[pipeline-stage] SIM metadata mean-ms=0.0151 peak-call-ms=0.0319 calls=61
[pipeline-stage] town canvas mean-ms=0.0007 peak-call-ms=0.0014 calls=61
[pipeline-stage] frame snapshot mean-ms=0.0351 peak-call-ms=0.0671 calls=61
[pipeline-stage] upload mean-ms=1.0174 peak-call-ms=2.9833 calls=61
[pipeline-stage] presentation mean-ms=0.3594 peak-call-ms=0.7249 calls=91
[pipeline-stage] CRT/resolve mean-ms=0.0128 peak-call-ms=0.0303 calls=182
[pipeline-stage] host UI mean-ms=0.0059 peak-call-ms=0.0121 calls=91
[pipeline-stage] settings UI mean-ms=0.0006 peak-call-ms=0.0011 calls=91
[pipeline-stage] present/wait mean-ms=4.8289 peak-call-ms=10.8730 calls=91
[pipeline-stage] pacing/sleep mean-ms=0.0006 peak-call-ms=0.0012 calls=91
[pipeline-stage] housekeeping mean-ms=0.0009 peak-call-ms=0.0030 calls=61
[pipeline-stage] PPU setup mean-ms=0.0290 peak-call-ms=0.0620 calls=61
[pipeline-stage] PPU scanout mean-ms=4.3970 peak-call-ms=7.0477 calls=61
[pipeline-stage] PPU finish mean-ms=0.0033 peak-call-ms=0.0065 calls=61
[pipeline-stage] action total mean-ms=0.3364 peak-call-ms=0.7009 calls=91
[pipeline-stage] action upload mean-ms=0.3822 peak-call-ms=0.6681 calls=61
[pipeline-stage] action analysis mean-ms=0.4021 peak-call-ms=2.0393 calls=61
[pipeline-stage] action setup mean-ms=0.0287 peak-call-ms=0.0614 calls=61
[pipeline-stage] action scanout mean-ms=4.3966 peak-call-ms=7.0471 calls=61
[pipeline-stage] action finish mean-ms=0.0031 peak-call-ms=0.0063 calls=61
[pipeline-stage] action host-post mean-ms=0.0288 peak-call-ms=0.0523 calls=61
[pipeline-stage] action synthesis mean-ms=0.1116 peak-call-ms=0.1811 calls=91
[pipeline-stage] action mesh mean-ms=0.0059 peak-call-ms=0.0127 calls=455
[pipeline-stage] action supersample mean-ms=0.0223 peak-call-ms=0.0381 calls=91
[pipeline-stage] action DOF mean-ms=0.0305 peak-call-ms=0.0527 calls=91
[pipeline-stage] action submit mean-ms=0.0151 peak-call-ms=0.0054 calls=637
[pipeline-stage] action callback mean-ms=0.0006 peak-call-ms=0.0005 calls=455
[pipeline-work] ticks=0.67 repre=0.33 draws=7.0 vertices=494 upload-MiB=0.023 depth-MiB=0.000 depth-copy-MiB=0.000 depth-copy-calls=0.00 jobs=0.00 helpers=0.00 fallback=0.00 failed=0.00 (per-present)
[pipeline-traffic] upload-calls=1.20 skipped=2.01 scan-MiB=5.607 upload-MiB=0.023 mirror-realloc=0.00 (per-present)
[pipeline-atlas] reuse=0.00 copy-MiB=0.000 copy-calls=0.00 (per-present; copies are GPU-only)
[pipeline-path] cpu-project=0.00 cpu-stage=0.00 gpu-reuse=0.00 publish=0.00 opt-out=0.00 limit=0.00 rejected=0.00 (events/present, not view fallbacks)
[pipeline-perf] scene=Action 3D host=0 map=01/01 output=1280x800 frames=92 fps=90.0 cadence-ms=11.111 p95=11.344 max=17.010 refresh=0 vsync=1 cap=0 gpu-ms=unavailable
[pipeline-stage] events/input mean-ms=0.1354 peak-call-ms=7.5262 calls=92
[pipeline-stage] emulation mean-ms=0.2170 peak-call-ms=1.7205 calls=61
[pipeline-stage] PPU + capture mean-ms=4.3929 peak-call-ms=6.9528 calls=61
[pipeline-stage] world map build mean-ms=0.0003 peak-call-ms=0.0007 calls=61
[pipeline-stage] SIM metadata mean-ms=0.0149 peak-call-ms=0.0262 calls=61
[pipeline-stage] town canvas mean-ms=0.0007 peak-call-ms=0.0014 calls=61
[pipeline-stage] frame snapshot mean-ms=0.0349 peak-call-ms=0.0692 calls=61
[pipeline-stage] upload mean-ms=0.9038 peak-call-ms=1.6138 calls=61
[pipeline-stage] presentation mean-ms=0.3533 peak-call-ms=0.7351 calls=92
[pipeline-stage] CRT/resolve mean-ms=0.0130 peak-call-ms=0.0262 calls=184
[pipeline-stage] host UI mean-ms=0.0061 peak-call-ms=0.0184 calls=92
[pipeline-stage] settings UI mean-ms=0.0006 peak-call-ms=0.0015 calls=92
[pipeline-stage] present/wait mean-ms=4.9518 peak-call-ms=10.8732 calls=92
[pipeline-stage] pacing/sleep mean-ms=0.0006 peak-call-ms=0.0013 calls=92
[pipeline-stage] housekeeping mean-ms=0.0009 peak-call-ms=0.0122 calls=61
[pipeline-stage] PPU setup mean-ms=0.0281 peak-call-ms=0.0572 calls=61
[pipeline-stage] PPU scanout mean-ms=4.3363 peak-call-ms=6.8553 calls=61
[pipeline-stage] PPU finish mean-ms=0.0034 peak-call-ms=0.0116 calls=61
[pipeline-stage] action total mean-ms=0.3301 peak-call-ms=0.7109 calls=92
[pipeline-stage] action upload mean-ms=0.4091 peak-call-ms=0.7109 calls=61
[pipeline-stage] action analysis mean-ms=0.3638 peak-call-ms=0.6045 calls=61
[pipeline-stage] action setup mean-ms=0.0278 peak-call-ms=0.0567 calls=61
[pipeline-stage] action scanout mean-ms=4.3359 peak-call-ms=6.8548 calls=61
[pipeline-stage] action finish mean-ms=0.0032 peak-call-ms=0.0114 calls=61
[pipeline-stage] action host-post mean-ms=0.0287 peak-call-ms=0.0491 calls=61
[pipeline-stage] action synthesis mean-ms=0.1094 peak-call-ms=0.1691 calls=92
[pipeline-stage] action mesh mean-ms=0.0058 peak-call-ms=0.0023 calls=460
[pipeline-stage] action supersample mean-ms=0.0233 peak-call-ms=0.0544 calls=92
[pipeline-stage] action DOF mean-ms=0.0306 peak-call-ms=0.0518 calls=92
[pipeline-stage] action submit mean-ms=0.0153 peak-call-ms=0.0220 calls=644
[pipeline-stage] action callback mean-ms=0.0006 peak-call-ms=0.0005 calls=460
[pipeline-work] ticks=0.66 repre=0.34 draws=7.0 vertices=494 upload-MiB=0.020 depth-MiB=0.000 depth-copy-MiB=0.000 depth-copy-calls=0.00 jobs=0.00 helpers=0.00 fallback=0.00 failed=0.00 (per-present)
[pipeline-traffic] upload-calls=0.70 skipped=1.99 scan-MiB=5.504 upload-MiB=0.020 mirror-realloc=0.00 (per-present)
[pipeline-atlas] reuse=0.00 copy-MiB=0.000 copy-calls=0.00 (per-present; copies are GPU-only)
[pipeline-path] cpu-project=0.00 cpu-stage=0.00 gpu-reuse=0.00 publish=0.00 opt-out=0.00 limit=0.00 rejected=0.00 (events/present, not view fallbacks)
[pipeline-perf] scene=Action 3D host=0 map=01/01 output=1280x800 frames=91 fps=90.0 cadence-ms=11.112 p95=11.435 max=12.194 refresh=0 vsync=1 cap=0 gpu-ms=unavailable
[pipeline-stage] events/input mean-ms=0.0560 peak-call-ms=0.0858 calls=91
[pipeline-stage] emulation mean-ms=0.2044 peak-call-ms=1.7393 calls=61
[pipeline-stage] PPU + capture mean-ms=4.5231 peak-call-ms=7.8048 calls=61
[pipeline-stage] world map build mean-ms=0.0003 peak-call-ms=0.0007 calls=61
[pipeline-stage] SIM metadata mean-ms=0.0151 peak-call-ms=0.0308 calls=61
[pipeline-stage] town canvas mean-ms=0.0007 peak-call-ms=0.0014 calls=61
[pipeline-stage] frame snapshot mean-ms=0.0353 peak-call-ms=0.0711 calls=61
[pipeline-stage] upload mean-ms=1.0772 peak-call-ms=3.0479 calls=61
[pipeline-stage] presentation mean-ms=0.3674 peak-call-ms=0.8696 calls=91
[pipeline-stage] CRT/resolve mean-ms=0.0132 peak-call-ms=0.0198 calls=182
[pipeline-stage] host UI mean-ms=0.0063 peak-call-ms=0.0260 calls=91
[pipeline-stage] settings UI mean-ms=0.0006 peak-call-ms=0.0014 calls=91
[pipeline-stage] present/wait mean-ms=4.7172 peak-call-ms=10.7640 calls=91
[pipeline-stage] pacing/sleep mean-ms=0.0006 peak-call-ms=0.0011 calls=91
[pipeline-stage] housekeeping mean-ms=0.0009 peak-call-ms=0.0026 calls=61
[pipeline-stage] PPU setup mean-ms=0.0301 peak-call-ms=0.0730 calls=61
[pipeline-stage] PPU scanout mean-ms=4.4637 peak-call-ms=7.7137 calls=61
[pipeline-stage] PPU finish mean-ms=0.0034 peak-call-ms=0.0071 calls=61
[pipeline-stage] action total mean-ms=0.3437 peak-call-ms=0.8402 calls=91
[pipeline-stage] action upload mean-ms=0.4027 peak-call-ms=2.0875 calls=61
[pipeline-stage] action analysis mean-ms=0.4045 peak-call-ms=2.0391 calls=61
[pipeline-stage] action setup mean-ms=0.0297 peak-call-ms=0.0725 calls=61
[pipeline-stage] action scanout mean-ms=4.4633 peak-call-ms=7.7131 calls=61
[pipeline-stage] action finish mean-ms=0.0032 peak-call-ms=0.0067 calls=61
[pipeline-stage] action host-post mean-ms=0.0288 peak-call-ms=0.0533 calls=61
[pipeline-stage] action synthesis mean-ms=0.1112 peak-call-ms=0.2071 calls=91
[pipeline-stage] action mesh mean-ms=0.0060 peak-call-ms=0.0022 calls=455
[pipeline-stage] action supersample mean-ms=0.0240 peak-call-ms=0.0536 calls=91
[pipeline-stage] action DOF mean-ms=0.0313 peak-call-ms=0.0609 calls=91
[pipeline-stage] action submit mean-ms=0.0164 peak-call-ms=0.0339 calls=637
[pipeline-stage] action callback mean-ms=0.0006 peak-call-ms=0.0006 calls=455
[pipeline-work] ticks=0.67 repre=0.33 draws=7.0 vertices=494 upload-MiB=0.064 depth-MiB=0.000 depth-copy-MiB=0.000 depth-copy-calls=0.00 jobs=0.00 helpers=0.00 fallback=0.00 failed=0.00 (per-present)
[pipeline-traffic] upload-calls=1.33 skipped=2.01 scan-MiB=5.614 upload-MiB=0.064 mirror-realloc=0.00 (per-present)
[pipeline-atlas] reuse=0.00 copy-MiB=0.000 copy-calls=0.00 (per-present; copies are GPU-only)
[pipeline-path] cpu-project=0.00 cpu-stage=0.00 gpu-reuse=0.00 publish=0.00 opt-out=0.00 limit=0.00 rejected=0.00 (events/present, not view fallbacks)
[pipeline-perf] scene=Action 3D host=0 map=01/01 output=1280x800 frames=92 fps=90.1 cadence-ms=11.100 p95=11.620 max=17.555 refresh=0 vsync=1 cap=0 gpu-ms=unavailable
[pipeline-stage] events/input mean-ms=0.1436 peak-call-ms=7.9674 calls=92
[pipeline-stage] emulation mean-ms=0.2682 peak-call-ms=1.7954 calls=62
[pipeline-stage] PPU + capture mean-ms=4.5213 peak-call-ms=7.4326 calls=62
[pipeline-stage] world map build mean-ms=0.0003 peak-call-ms=0.0010 calls=62
[pipeline-stage] SIM metadata mean-ms=0.0152 peak-call-ms=0.0337 calls=62
[pipeline-stage] town canvas mean-ms=0.0007 peak-call-ms=0.0017 calls=62
[pipeline-stage] frame snapshot mean-ms=0.0353 peak-call-ms=0.0638 calls=62
[pipeline-stage] upload mean-ms=1.1062 peak-call-ms=3.0133 calls=62
[pipeline-stage] presentation mean-ms=0.3544 peak-call-ms=0.7132 calls=92
[pipeline-stage] CRT/resolve mean-ms=0.0129 peak-call-ms=0.0153 calls=184
[pipeline-stage] host UI mean-ms=0.0065 peak-call-ms=0.0261 calls=92
[pipeline-stage] settings UI mean-ms=0.0006 peak-call-ms=0.0012 calls=92
[pipeline-stage] present/wait mean-ms=4.5404 peak-call-ms=10.8135 calls=92
[pipeline-stage] pacing/sleep mean-ms=0.0006 peak-call-ms=0.0013 calls=92
[pipeline-stage] housekeeping mean-ms=0.0009 peak-call-ms=0.0026 calls=62
[pipeline-stage] PPU setup mean-ms=0.0296 peak-call-ms=0.0775 calls=62
[pipeline-stage] PPU scanout mean-ms=4.4624 peak-call-ms=7.3359 calls=62
[pipeline-stage] PPU finish mean-ms=0.0034 peak-call-ms=0.0139 calls=62
[pipeline-stage] action total mean-ms=0.3308 peak-call-ms=0.6883 calls=92
[pipeline-stage] action upload mean-ms=0.3892 peak-call-ms=0.7288 calls=62
[pipeline-stage] action analysis mean-ms=0.3865 peak-call-ms=1.9233 calls=62
[pipeline-stage] action setup mean-ms=0.0292 peak-call-ms=0.0769 calls=62
[pipeline-stage] action scanout mean-ms=4.4620 peak-call-ms=7.3353 calls=62
[pipeline-stage] action finish mean-ms=0.0033 peak-call-ms=0.0136 calls=62
[pipeline-stage] action host-post mean-ms=0.0295 peak-call-ms=0.0616 calls=62
[pipeline-stage] action synthesis mean-ms=0.1039 peak-call-ms=0.1828 calls=92
[pipeline-stage] action mesh mean-ms=0.0058 peak-call-ms=0.0026 calls=460
[pipeline-stage] action supersample mean-ms=0.0231 peak-call-ms=0.0427 calls=92
[pipeline-stage] action DOF mean-ms=0.0315 peak-call-ms=0.0718 calls=92
[pipeline-stage] action submit mean-ms=0.0158 peak-call-ms=0.0175 calls=644
[pipeline-stage] action callback mean-ms=0.0009 peak-call-ms=0.0253 calls=460
[pipeline-work] ticks=0.67 repre=0.33 draws=7.0 vertices=494 upload-MiB=0.207 depth-MiB=0.000 depth-copy-MiB=0.000 depth-copy-calls=0.00 jobs=0.00 helpers=0.00 fallback=0.00 failed=0.00 (per-present)
[pipeline-traffic] upload-calls=1.38 skipped=2.02 scan-MiB=5.753 upload-MiB=0.207 mirror-realloc=0.00 (per-present)
[pipeline-atlas] reuse=0.00 copy-MiB=0.000 copy-calls=0.00 (per-present; copies are GPU-only)
[pipeline-path] cpu-project=0.00 cpu-stage=0.00 gpu-reuse=0.00 publish=0.00 opt-out=0.00 limit=0.00 rejected=0.00 (events/present, not view fallbacks)
[action-fx] first scene accents captured: actors=1/1 decorations=0/0 (lighting=1 particles=1)
[action-fx] first scene accent geometry submitted: 1 effect(s), 586 vertices / 1548 indices (lighting=1 particles=1)
[pipeline-perf] scene=Action 3D host=0 map=01/01 output=1280x800 frames=92 fps=90.0 cadence-ms=11.108 p95=12.123 max=13.721 refresh=0 vsync=1 cap=0 gpu-ms=unavailable
[pipeline-stage] events/input mean-ms=0.0540 peak-call-ms=0.1145 calls=92
[pipeline-stage] emulation mean-ms=0.2785 peak-call-ms=2.3282 calls=61
[pipeline-stage] PPU + capture mean-ms=4.3438 peak-call-ms=6.9023 calls=61
[pipeline-stage] world map build mean-ms=0.0003 peak-call-ms=0.0008 calls=61
[pipeline-stage] SIM metadata mean-ms=0.0154 peak-call-ms=0.0322 calls=61
[pipeline-stage] town canvas mean-ms=0.0007 peak-call-ms=0.0014 calls=61
[pipeline-stage] frame snapshot mean-ms=0.0357 peak-call-ms=0.0793 calls=61
[pipeline-stage] upload mean-ms=1.1114 peak-call-ms=4.0957 calls=61
[pipeline-stage] presentation mean-ms=0.3854 peak-call-ms=0.9752 calls=92
[pipeline-stage] CRT/resolve mean-ms=0.0132 peak-call-ms=0.0255 calls=184
[pipeline-stage] host UI mean-ms=0.0062 peak-call-ms=0.0124 calls=92
[pipeline-stage] settings UI mean-ms=0.0006 peak-call-ms=0.0012 calls=92
[pipeline-stage] present/wait mean-ms=4.7781 peak-call-ms=10.8115 calls=92
[pipeline-stage] pacing/sleep mean-ms=0.0006 peak-call-ms=0.0011 calls=92
[pipeline-stage] housekeeping mean-ms=0.0008 peak-call-ms=0.0021 calls=61
[pipeline-stage] PPU setup mean-ms=0.0254 peak-call-ms=0.0525 calls=61
[pipeline-stage] PPU scanout mean-ms=4.2922 peak-call-ms=6.8250 calls=61
[pipeline-stage] PPU finish mean-ms=0.0034 peak-call-ms=0.0127 calls=61
[pipeline-stage] action total mean-ms=0.3619 peak-call-ms=0.9339 calls=92
[pipeline-stage] action upload mean-ms=0.3836 peak-call-ms=1.1342 calls=61
[pipeline-stage] action analysis mean-ms=0.4088 peak-call-ms=2.4366 calls=61
[pipeline-stage] action setup mean-ms=0.0251 peak-call-ms=0.0517 calls=61
[pipeline-stage] action scanout mean-ms=4.2918 peak-call-ms=6.8245 calls=61
[pipeline-stage] action finish mean-ms=0.0033 peak-call-ms=0.0125 calls=61
[pipeline-stage] action host-post mean-ms=0.0294 peak-call-ms=0.0605 calls=61
[pipeline-stage] action synthesis mean-ms=0.1066 peak-call-ms=0.1540 calls=92
[pipeline-stage] action mesh mean-ms=0.0061 peak-call-ms=0.0331 calls=460
[pipeline-stage] action supersample mean-ms=0.0236 peak-call-ms=0.0672 calls=92
[pipeline-stage] action DOF mean-ms=0.0303 peak-call-ms=0.0588 calls=92
[pipeline-stage] action submit mean-ms=0.0159 peak-call-ms=0.0339 calls=644
[pipeline-stage] action callback mean-ms=0.0181 peak-call-ms=0.2183 calls=503
[pipeline-work] ticks=0.66 repre=0.34 draws=7.0 vertices=494 upload-MiB=0.208 depth-MiB=0.000 depth-copy-MiB=0.000 depth-copy-calls=0.00 jobs=0.00 helpers=0.00 fallback=0.00 failed=0.00 (per-present)
[pipeline-traffic] upload-calls=1.41 skipped=1.95 scan-MiB=5.662 upload-MiB=0.208 mirror-realloc=0.00 (per-present)
[pipeline-atlas] reuse=0.00 copy-MiB=0.000 copy-calls=0.00 (per-present; copies are GPU-only)
[pipeline-path] cpu-project=0.00 cpu-stage=0.00 gpu-reuse=0.00 publish=0.00 opt-out=0.00 limit=0.00 rejected=0.00 (events/present, not view fallbacks)
[pipeline-perf] scene=Action 3D host=0 map=01/01 output=1280x800 frames=92 fps=90.1 cadence-ms=11.101 p95=12.840 max=18.950 refresh=0 vsync=1 cap=0 gpu-ms=unavailable
[pipeline-stage] events/input mean-ms=0.1383 peak-call-ms=7.6395 calls=92
[pipeline-stage] emulation mean-ms=0.3288 peak-call-ms=2.7250 calls=61
[pipeline-stage] PPU + capture mean-ms=4.2204 peak-call-ms=6.7110 calls=61
[pipeline-stage] world map build mean-ms=0.0003 peak-call-ms=0.0008 calls=61
[pipeline-stage] SIM metadata mean-ms=0.0154 peak-call-ms=0.0321 calls=61
[pipeline-stage] town canvas mean-ms=0.0007 peak-call-ms=0.0015 calls=61
[pipeline-stage] frame snapshot mean-ms=0.0358 peak-call-ms=0.0682 calls=61
[pipeline-stage] upload mean-ms=1.8400 peak-call-ms=5.2123 calls=61
[pipeline-stage] presentation mean-ms=0.3878 peak-call-ms=0.7778 calls=92
[pipeline-stage] CRT/resolve mean-ms=0.0130 peak-call-ms=0.0234 calls=184
[pipeline-stage] host UI mean-ms=0.0058 peak-call-ms=0.0106 calls=92
[pipeline-stage] settings UI mean-ms=0.0006 peak-call-ms=0.0013 calls=92
[pipeline-stage] present/wait mean-ms=4.0275 peak-call-ms=10.9172 calls=92
[pipeline-stage] pacing/sleep mean-ms=0.0006 peak-call-ms=0.0011 calls=92
[pipeline-stage] housekeeping mean-ms=0.0008 peak-call-ms=0.0020 calls=61
[pipeline-stage] PPU setup mean-ms=0.0272 peak-call-ms=0.0638 calls=61
[pipeline-stage] PPU scanout mean-ms=4.1620 peak-call-ms=6.6248 calls=61
[pipeline-stage] PPU finish mean-ms=0.0059 peak-call-ms=0.0180 calls=61
[pipeline-stage] action total mean-ms=0.3644 peak-call-ms=0.7536 calls=92
[pipeline-stage] action upload mean-ms=0.5902 peak-call-ms=2.6417 calls=61
[pipeline-stage] action analysis mean-ms=0.9536 peak-call-ms=2.4228 calls=61
[pipeline-stage] action setup mean-ms=0.0268 peak-call-ms=0.0628 calls=61
[pipeline-stage] action scanout mean-ms=4.1616 peak-call-ms=6.6243 calls=61
[pipeline-stage] action finish mean-ms=0.0058 peak-call-ms=0.0177 calls=61
[pipeline-stage] action host-post mean-ms=0.0293 peak-call-ms=0.0562 calls=61
[pipeline-stage] action synthesis mean-ms=0.1216 peak-call-ms=0.2041 calls=92
[pipeline-stage] action mesh mean-ms=0.0059 peak-call-ms=0.0024 calls=460
[pipeline-stage] action supersample mean-ms=0.0222 peak-call-ms=0.0442 calls=92
[pipeline-stage] action DOF mean-ms=0.0313 peak-call-ms=0.0847 calls=92
[pipeline-stage] action submit mean-ms=0.0158 peak-call-ms=0.0250 calls=644
[pipeline-stage] action callback mean-ms=0.0175 peak-call-ms=0.0543 calls=507
[pipeline-work] ticks=0.66 repre=0.34 draws=7.0 vertices=494 upload-MiB=0.489 depth-MiB=0.000 depth-copy-MiB=0.000 depth-copy-calls=0.00 jobs=0.00 helpers=0.00 fallback=0.00 failed=0.00 (per-present)
[pipeline-traffic] upload-calls=1.95 skipped=1.25 scan-MiB=5.595 upload-MiB=0.489 mirror-realloc=0.00 (per-present)
[pipeline-atlas] reuse=0.00 copy-MiB=0.000 copy-calls=0.00 (per-present; copies are GPU-only)
[pipeline-path] cpu-project=0.00 cpu-stage=0.00 gpu-reuse=0.00 publish=0.00 opt-out=0.00 limit=0.00 rejected=0.00 (events/present, not view fallbacks)
[pipeline-perf] scene=Action 3D host=0 map=01/01 output=1280x800 frames=91 fps=89.9 cadence-ms=11.120 p95=11.324 max=11.985 refresh=0 vsync=1 cap=0 gpu-ms=unavailable
[pipeline-stage] events/input mean-ms=0.0580 peak-call-ms=0.0798 calls=91
[pipeline-stage] emulation mean-ms=0.2042 peak-call-ms=1.7064 calls=61
[pipeline-stage] PPU + capture mean-ms=4.2563 peak-call-ms=6.9272 calls=61
[pipeline-stage] world map build mean-ms=0.0004 peak-call-ms=0.0008 calls=61
[pipeline-stage] SIM metadata mean-ms=0.0155 peak-call-ms=0.0301 calls=61
[pipeline-stage] town canvas mean-ms=0.0007 peak-call-ms=0.0016 calls=61
[pipeline-stage] frame snapshot mean-ms=0.0363 peak-call-ms=0.0770 calls=61
[pipeline-stage] upload mean-ms=0.5895 peak-call-ms=1.8662 calls=61
[pipeline-stage] presentation mean-ms=0.3342 peak-call-ms=1.3618 calls=91
[pipeline-stage] CRT/resolve mean-ms=0.0141 peak-call-ms=0.0350 calls=182
[pipeline-stage] host UI mean-ms=0.0063 peak-call-ms=0.0132 calls=91
[pipeline-stage] settings UI mean-ms=0.0006 peak-call-ms=0.0009 calls=91
[pipeline-stage] present/wait mean-ms=5.5108 peak-call-ms=11.4382 calls=91
[pipeline-stage] pacing/sleep mean-ms=0.0006 peak-call-ms=0.0012 calls=91
[pipeline-stage] housekeeping mean-ms=0.0008 peak-call-ms=0.0018 calls=61
[pipeline-stage] PPU setup mean-ms=0.0279 peak-call-ms=0.0718 calls=61
[pipeline-stage] PPU scanout mean-ms=4.1863 peak-call-ms=6.8322 calls=61
[pipeline-stage] PPU finish mean-ms=0.0160 peak-call-ms=0.0312 calls=61
[pipeline-stage] action total mean-ms=0.3098 peak-call-ms=1.3349 calls=91
[pipeline-stage] action upload mean-ms=0.3014 peak-call-ms=1.1724 calls=61
[pipeline-stage] action analysis mean-ms=0.1484 peak-call-ms=0.5277 calls=61
[pipeline-stage] action setup mean-ms=0.0276 peak-call-ms=0.0713 calls=61
[pipeline-stage] action scanout mean-ms=4.1859 peak-call-ms=6.8317 calls=61
[pipeline-stage] action finish mean-ms=0.0158 peak-call-ms=0.0309 calls=61
[pipeline-stage] action host-post mean-ms=0.0296 peak-call-ms=0.0539 calls=61
[pipeline-stage] action synthesis mean-ms=0.0266 peak-call-ms=0.1486 calls=91
[pipeline-stage] action mesh mean-ms=0.0062 peak-call-ms=0.0022 calls=455
[pipeline-stage] action supersample mean-ms=0.0253 peak-call-ms=0.0605 calls=91
[pipeline-stage] action DOF mean-ms=0.0657 peak-call-ms=0.1217 calls=91
[pipeline-stage] action submit mean-ms=0.0191 peak-call-ms=0.0275 calls=637
[pipeline-stage] action callback mean-ms=0.0009 peak-call-ms=0.0222 calls=455
[pipeline-work] ticks=0.67 repre=0.33 draws=7.0 vertices=494 upload-MiB=0.001 depth-MiB=0.000 depth-copy-MiB=0.000 depth-copy-calls=0.00 jobs=0.00 helpers=0.00 fallback=0.00 failed=0.00 (per-present)
[pipeline-traffic] upload-calls=0.33 skipped=2.38 scan-MiB=5.463 upload-MiB=0.001 mirror-realloc=0.00 (per-present)
[pipeline-atlas] reuse=0.00 copy-MiB=0.000 copy-calls=0.00 (per-present; copies are GPU-only)
[pipeline-path] cpu-project=0.00 cpu-stage=0.00 gpu-reuse=0.00 publish=0.00 opt-out=0.00 limit=0.00 rejected=0.00 (events/present, not view fallbacks)
[pipeline-perf] scene=Action 3D host=0 map=01/01 output=1280x800 frames=91 fps=90.0 cadence-ms=11.113 p95=11.375 max=15.458 refresh=0 vsync=1 cap=0 gpu-ms=unavailable
[pipeline-stage] events/input mean-ms=0.1401 peak-call-ms=7.5155 calls=91
[pipeline-stage] emulation mean-ms=0.2317 peak-call-ms=1.8235 calls=61
[pipeline-stage] PPU + capture mean-ms=4.2443 peak-call-ms=6.9135 calls=61
[pipeline-stage] world map build mean-ms=0.0004 peak-call-ms=0.0008 calls=61
[pipeline-stage] SIM metadata mean-ms=0.0156 peak-call-ms=0.0278 calls=61
[pipeline-stage] town canvas mean-ms=0.0007 peak-call-ms=0.0016 calls=61
[pipeline-stage] frame snapshot mean-ms=0.0361 peak-call-ms=0.0644 calls=61
[pipeline-stage] upload mean-ms=0.3502 peak-call-ms=0.8538 calls=61
[pipeline-stage] presentation mean-ms=0.3159 peak-call-ms=0.7251 calls=91
[pipeline-stage] CRT/resolve mean-ms=0.0143 peak-call-ms=0.0280 calls=182
[pipeline-stage] host UI mean-ms=0.0061 peak-call-ms=0.0122 calls=91
[pipeline-stage] settings UI mean-ms=0.0006 peak-call-ms=0.0009 calls=91
[pipeline-stage] present/wait mean-ms=5.6645 peak-call-ms=10.9579 calls=91
[pipeline-stage] pacing/sleep mean-ms=0.0005 peak-call-ms=0.0009 calls=91
[pipeline-stage] housekeeping mean-ms=0.0008 peak-call-ms=0.0021 calls=61
[pipeline-stage] PPU setup mean-ms=0.0278 peak-call-ms=0.0811 calls=61
[pipeline-stage] PPU scanout mean-ms=4.1746 peak-call-ms=6.7959 calls=61
[pipeline-stage] PPU finish mean-ms=0.0158 peak-call-ms=0.0292 calls=61
[pipeline-stage] action total mean-ms=0.2920 peak-call-ms=0.6965 calls=91
[pipeline-stage] action upload mean-ms=0.2096 peak-call-ms=0.3768 calls=61
[pipeline-stage] action analysis mean-ms=0.0026 peak-call-ms=0.0058 calls=61
[pipeline-stage] action setup mean-ms=0.0275 peak-call-ms=0.0804 calls=61
[pipeline-stage] action scanout mean-ms=4.1742 peak-call-ms=6.7953 calls=61
[pipeline-stage] action finish mean-ms=0.0156 peak-call-ms=0.0288 calls=61
[pipeline-stage] action host-post mean-ms=0.0297 peak-call-ms=0.0514 calls=61
[pipeline-stage] action synthesis mean-ms=0.0008 peak-call-ms=0.0221 calls=91
[pipeline-stage] action mesh mean-ms=0.0064 peak-call-ms=0.0248 calls=455
[pipeline-stage] action supersample mean-ms=0.0244 peak-call-ms=0.0400 calls=91
[pipeline-stage] action DOF mean-ms=0.0856 peak-call-ms=0.1231 calls=91
[pipeline-stage] action submit mean-ms=0.0190 peak-call-ms=0.0056 calls=637
[pipeline-stage] action callback mean-ms=0.0006 peak-call-ms=0.0005 calls=455
[pipeline-work] ticks=0.67 repre=0.33 draws=7.0 vertices=494 upload-MiB=0.000 depth-MiB=0.000 depth-copy-MiB=0.000 depth-copy-calls=0.00 jobs=0.00 helpers=0.00 fallback=0.00 failed=0.00 (per-present)
[pipeline-traffic] upload-calls=0.03 skipped=2.68 scan-MiB=5.431 upload-MiB=0.000 mirror-realloc=0.00 (per-present)
[pipeline-atlas] reuse=0.00 copy-MiB=0.000 copy-calls=0.00 (per-present; copies are GPU-only)
[pipeline-path] cpu-project=0.00 cpu-stage=0.00 gpu-reuse=0.00 publish=0.00 opt-out=0.00 limit=0.00 rejected=0.00 (events/present, not view fallbacks)
[pipeline-perf] scene=Action 3D host=0 map=01/01 output=1280x800 frames=91 fps=89.9 cadence-ms=11.122 p95=11.302 max=12.098 refresh=0 vsync=1 cap=0 gpu-ms=unavailable
[pipeline-stage] events/input mean-ms=0.0591 peak-call-ms=0.0911 calls=91
[pipeline-stage] emulation mean-ms=0.2013 peak-call-ms=1.6610 calls=61
[pipeline-stage] PPU + capture mean-ms=4.2590 peak-call-ms=7.0382 calls=61
[pipeline-stage] world map build mean-ms=0.0004 peak-call-ms=0.0008 calls=61
[pipeline-stage] SIM metadata mean-ms=0.0151 peak-call-ms=0.0298 calls=61
[pipeline-stage] town canvas mean-ms=0.0007 peak-call-ms=0.0015 calls=61
[pipeline-stage] frame snapshot mean-ms=0.0353 peak-call-ms=0.0628 calls=61
[pipeline-stage] upload mean-ms=0.3475 peak-call-ms=0.8783 calls=61
[pipeline-stage] presentation mean-ms=0.3208 peak-call-ms=0.6564 calls=91
[pipeline-stage] CRT/resolve mean-ms=0.0145 peak-call-ms=0.0293 calls=182
[pipeline-stage] host UI mean-ms=0.0064 peak-call-ms=0.0125 calls=91
[pipeline-stage] settings UI mean-ms=0.0006 peak-call-ms=0.0010 calls=91
[pipeline-stage] present/wait mean-ms=5.7658 peak-call-ms=10.8515 calls=91
[pipeline-stage] pacing/sleep mean-ms=0.0005 peak-call-ms=0.0011 calls=91
[pipeline-stage] housekeeping mean-ms=0.0011 peak-call-ms=0.0222 calls=61
[pipeline-stage] PPU setup mean-ms=0.0282 peak-call-ms=0.0689 calls=61
[pipeline-stage] PPU scanout mean-ms=4.1883 peak-call-ms=6.9271 calls=61
[pipeline-stage] PPU finish mean-ms=0.0156 peak-call-ms=0.0298 calls=61
[pipeline-stage] action total mean-ms=0.2963 peak-call-ms=0.6331 calls=91
[pipeline-stage] action upload mean-ms=0.2082 peak-call-ms=0.3869 calls=61
[pipeline-stage] action analysis mean-ms=0.0027 peak-call-ms=0.0072 calls=61
[pipeline-stage] action setup mean-ms=0.0279 peak-call-ms=0.0683 calls=61
[pipeline-stage] action scanout mean-ms=4.1878 peak-call-ms=6.9262 calls=61
[pipeline-stage] action finish mean-ms=0.0154 peak-call-ms=0.0294 calls=61
[pipeline-stage] action host-post mean-ms=0.0291 peak-call-ms=0.0509 calls=61
[pipeline-stage] action synthesis mean-ms=0.0006 peak-call-ms=0.0013 calls=91
[pipeline-stage] action mesh mean-ms=0.0064 peak-call-ms=0.0185 calls=455
[pipeline-stage] action supersample mean-ms=0.0257 peak-call-ms=0.0574 calls=91
[pipeline-stage] action DOF mean-ms=0.0857 peak-call-ms=0.1247 calls=91
[pipeline-stage] action submit mean-ms=0.0191 peak-call-ms=0.0065 calls=637
[pipeline-stage] action callback mean-ms=0.0006 peak-call-ms=0.0007 calls=455
[pipeline-work] ticks=0.67 repre=0.33 draws=7.0 vertices=494 upload-MiB=0.000 depth-MiB=0.000 depth-copy-MiB=0.000 depth-copy-calls=0.00 jobs=0.00 helpers=0.00 fallback=0.00 failed=0.00 (per-present)
[pipeline-traffic] upload-calls=0.03 skipped=2.68 scan-MiB=5.431 upload-MiB=0.000 mirror-realloc=0.00 (per-present)
[pipeline-atlas] reuse=0.00 copy-MiB=0.000 copy-calls=0.00 (per-present; copies are GPU-only)
[pipeline-path] cpu-project=0.00 cpu-stage=0.00 gpu-reuse=0.00 publish=0.00 opt-out=0.00 limit=0.00 rejected=0.00 (events/present, not view fallbacks)
[pipeline-perf] scene=Action 3D host=0 map=01/01 output=1280x800 frames=92 fps=90.0 cadence-ms=11.107 p95=11.316 max=11.409 refresh=0 vsync=1 cap=0 gpu-ms=unavailable
[pipeline-stage] events/input mean-ms=0.0601 peak-call-ms=0.0860 calls=92
[pipeline-stage] emulation mean-ms=0.2190 peak-call-ms=1.3973 calls=61
[pipeline-stage] PPU + capture mean-ms=4.2378 peak-call-ms=7.1885 calls=61
[pipeline-stage] world map build mean-ms=0.0003 peak-call-ms=0.0007 calls=61
[pipeline-stage] SIM metadata mean-ms=0.0148 peak-call-ms=0.0265 calls=61
[pipeline-stage] town canvas mean-ms=0.0007 peak-call-ms=0.0014 calls=61
[pipeline-stage] frame snapshot mean-ms=0.0349 peak-call-ms=0.0633 calls=61
[pipeline-stage] upload mean-ms=0.3442 peak-call-ms=0.8814 calls=61
[pipeline-stage] presentation mean-ms=0.3180 peak-call-ms=0.6931 calls=92
[pipeline-stage] CRT/resolve mean-ms=0.0144 peak-call-ms=0.0364 calls=184
[pipeline-stage] host UI mean-ms=0.0061 peak-call-ms=0.0119 calls=92
[pipeline-stage] settings UI mean-ms=0.0006 peak-call-ms=0.0010 calls=92
[pipeline-stage] present/wait mean-ms=5.7623 peak-call-ms=10.9528 calls=92
[pipeline-stage] pacing/sleep mean-ms=0.0005 peak-call-ms=0.0009 calls=92
[pipeline-stage] housekeeping mean-ms=0.0010 peak-call-ms=0.0155 calls=61
[pipeline-stage] PPU setup mean-ms=0.0286 peak-call-ms=0.0734 calls=61
[pipeline-stage] PPU scanout mean-ms=4.1662 peak-call-ms=7.0799 calls=61
[pipeline-stage] PPU finish mean-ms=0.0154 peak-call-ms=0.0345 calls=61
[pipeline-stage] action total mean-ms=0.2940 peak-call-ms=0.6698 calls=92
[pipeline-stage] action upload mean-ms=0.2087 peak-call-ms=0.3953 calls=61
[pipeline-stage] action analysis mean-ms=0.0027 peak-call-ms=0.0065 calls=61
[pipeline-stage] action setup mean-ms=0.0283 peak-call-ms=0.0729 calls=61
[pipeline-stage] action scanout mean-ms=4.1658 peak-call-ms=7.0793 calls=61
[pipeline-stage] action finish mean-ms=0.0152 peak-call-ms=0.0343 calls=61
[pipeline-stage] action host-post mean-ms=0.0284 peak-call-ms=0.0493 calls=61
[pipeline-stage] action synthesis mean-ms=0.0006 peak-call-ms=0.0014 calls=92
[pipeline-stage] action mesh mean-ms=0.0064 peak-call-ms=0.0238 calls=460
[pipeline-stage] action supersample mean-ms=0.0254 peak-call-ms=0.0530 calls=92
[pipeline-stage] action DOF mean-ms=0.0832 peak-call-ms=0.1168 calls=92
[pipeline-stage] action submit mean-ms=0.0199 peak-call-ms=0.0224 calls=644
[pipeline-stage] action callback mean-ms=0.0006 peak-call-ms=0.0005 calls=460
[pipeline-work] ticks=0.66 repre=0.34 draws=7.0 vertices=494 upload-MiB=0.000 depth-MiB=0.000 depth-copy-MiB=0.000 depth-copy-calls=0.00 jobs=0.00 helpers=0.00 fallback=0.00 failed=0.00 (per-present)
[pipeline-traffic] upload-calls=0.03 skipped=2.65 scan-MiB=5.372 upload-MiB=0.000 mirror-realloc=0.00 (per-present)
[pipeline-atlas] reuse=0.00 copy-MiB=0.000 copy-calls=0.00 (per-present; copies are GPU-only)
[pipeline-path] cpu-project=0.00 cpu-stage=0.00 gpu-reuse=0.00 publish=0.00 opt-out=0.00 limit=0.00 rejected=0.00 (events/present, not view fallbacks)
[pipeline-perf] scene=Action 3D host=0 map=01/01 output=1280x800 frames=92 fps=90.0 cadence-ms=11.110 p95=11.247 max=16.239 refresh=0 vsync=1 cap=0 gpu-ms=unavailable
[pipeline-stage] events/input mean-ms=0.1503 peak-call-ms=8.2735 calls=92
[pipeline-stage] emulation mean-ms=0.1810 peak-call-ms=1.1514 calls=62
[pipeline-stage] PPU + capture mean-ms=4.3378 peak-call-ms=7.1179 calls=62
[pipeline-stage] world map build mean-ms=0.0004 peak-call-ms=0.0008 calls=62
[pipeline-stage] SIM metadata mean-ms=0.0149 peak-call-ms=0.0244 calls=62
[pipeline-stage] town canvas mean-ms=0.0007 peak-call-ms=0.0015 calls=62
[pipeline-stage] frame snapshot mean-ms=0.0351 peak-call-ms=0.0623 calls=62
[pipeline-stage] upload mean-ms=0.3496 peak-call-ms=0.8746 calls=62
[pipeline-stage] presentation mean-ms=0.3237 peak-call-ms=0.6672 calls=92
[pipeline-stage] CRT/resolve mean-ms=0.0150 peak-call-ms=0.0340 calls=184
[pipeline-stage] host UI mean-ms=0.0064 peak-call-ms=0.0138 calls=92
[pipeline-stage] settings UI mean-ms=0.0006 peak-call-ms=0.0010 calls=92
[pipeline-stage] present/wait mean-ms=5.5984 peak-call-ms=10.9715 calls=92
[pipeline-stage] pacing/sleep mean-ms=0.0006 peak-call-ms=0.0010 calls=92
[pipeline-stage] housekeeping mean-ms=0.0009 peak-call-ms=0.0027 calls=62
[pipeline-stage] PPU setup mean-ms=0.0317 peak-call-ms=0.0811 calls=62
[pipeline-stage] PPU scanout mean-ms=4.2626 peak-call-ms=6.9919 calls=62
[pipeline-stage] PPU finish mean-ms=0.0160 peak-call-ms=0.0347 calls=62
[pipeline-stage] action total mean-ms=0.2987 peak-call-ms=0.6418 calls=92
[pipeline-stage] action upload mean-ms=0.2125 peak-call-ms=0.4007 calls=62
[pipeline-stage] action analysis mean-ms=0.0028 peak-call-ms=0.0074 calls=62
[pipeline-stage] action setup mean-ms=0.0313 peak-call-ms=0.0805 calls=62
[pipeline-stage] action scanout mean-ms=4.2622 peak-call-ms=6.9911 calls=62
[pipeline-stage] action finish mean-ms=0.0158 peak-call-ms=0.0344 calls=62
[pipeline-stage] action host-post mean-ms=0.0290 peak-call-ms=0.0562 calls=62
[pipeline-stage] action synthesis mean-ms=0.0006 peak-call-ms=0.0015 calls=92
[pipeline-stage] action mesh mean-ms=0.0063 peak-call-ms=0.0029 calls=460
[pipeline-stage] action supersample mean-ms=0.0260 peak-call-ms=0.0586 calls=92
[pipeline-stage] action DOF mean-ms=0.0849 peak-call-ms=0.1256 calls=92
[pipeline-stage] action submit mean-ms=0.0197 peak-call-ms=0.0204 calls=644
[pipeline-stage] action callback mean-ms=0.0006 peak-call-ms=0.0005 calls=460
[pipeline-work] ticks=0.67 repre=0.33 draws=7.0 vertices=494 upload-MiB=0.000 depth-MiB=0.000 depth-copy-MiB=0.000 depth-copy-calls=0.00 jobs=0.00 helpers=0.00 fallback=0.00 failed=0.00 (per-present)
[pipeline-traffic] upload-calls=0.03 skipped=2.70 scan-MiB=5.460 upload-MiB=0.000 mirror-realloc=0.00 (per-present)
[pipeline-atlas] reuse=0.00 copy-MiB=0.000 copy-calls=0.00 (per-present; copies are GPU-only)
[pipeline-path] cpu-project=0.00 cpu-stage=0.00 gpu-reuse=0.00 publish=0.00 opt-out=0.00 limit=0.00 rejected=0.00 (events/present, not view fallbacks)
[pipeline-perf] scene=Action 3D host=0 map=01/01 output=1280x800 frames=92 fps=90.0 cadence-ms=11.110 p95=11.307 max=11.422 refresh=0 vsync=1 cap=0 gpu-ms=unavailable
[pipeline-stage] events/input mean-ms=0.0634 peak-call-ms=0.0858 calls=92
[pipeline-stage] emulation mean-ms=0.2151 peak-call-ms=1.6027 calls=61
[pipeline-stage] PPU + capture mean-ms=4.1869 peak-call-ms=6.9608 calls=61
[pipeline-stage] world map build mean-ms=0.0003 peak-call-ms=0.0008 calls=61
[pipeline-stage] SIM metadata mean-ms=0.0153 peak-call-ms=0.0324 calls=61
[pipeline-stage] town canvas mean-ms=0.0007 peak-call-ms=0.0014 calls=61
[pipeline-stage] frame snapshot mean-ms=0.0347 peak-call-ms=0.0593 calls=61
[pipeline-stage] upload mean-ms=0.3394 peak-call-ms=0.8728 calls=61
[pipeline-stage] presentation mean-ms=0.3113 peak-call-ms=0.6674 calls=92
[pipeline-stage] CRT/resolve mean-ms=0.0137 peak-call-ms=0.0133 calls=184
[pipeline-stage] host UI mean-ms=0.0061 peak-call-ms=0.0141 calls=92
[pipeline-stage] settings UI mean-ms=0.0006 peak-call-ms=0.0010 calls=92
[pipeline-stage] present/wait mean-ms=5.8254 peak-call-ms=10.8864 calls=92
[pipeline-stage] pacing/sleep mean-ms=0.0005 peak-call-ms=0.0010 calls=92
[pipeline-stage] housekeeping mean-ms=0.0009 peak-call-ms=0.0026 calls=61
[pipeline-stage] PPU setup mean-ms=0.0268 peak-call-ms=0.0801 calls=61
[pipeline-stage] PPU scanout mean-ms=4.1187 peak-call-ms=6.8450 calls=61
[pipeline-stage] PPU finish mean-ms=0.0157 peak-call-ms=0.0350 calls=61
[pipeline-stage] action total mean-ms=0.2881 peak-call-ms=0.6430 calls=92
[pipeline-stage] action upload mean-ms=0.2048 peak-call-ms=0.3754 calls=61
[pipeline-stage] action analysis mean-ms=0.0026 peak-call-ms=0.0186 calls=61
[pipeline-stage] action setup mean-ms=0.0265 peak-call-ms=0.0795 calls=61
[pipeline-stage] action scanout mean-ms=4.1183 peak-call-ms=6.8445 calls=61
[pipeline-stage] action finish mean-ms=0.0156 peak-call-ms=0.0347 calls=61
[pipeline-stage] action host-post mean-ms=0.0292 peak-call-ms=0.0543 calls=61
[pipeline-stage] action synthesis mean-ms=0.0006 peak-call-ms=0.0018 calls=92
[pipeline-stage] action mesh mean-ms=0.0085 peak-call-ms=0.0199 calls=460
[pipeline-stage] action supersample mean-ms=0.0242 peak-call-ms=0.0530 calls=92
[pipeline-stage] action DOF mean-ms=0.0834 peak-call-ms=0.1279 calls=92
[pipeline-stage] action submit mean-ms=0.0189 peak-call-ms=0.0296 calls=644
[pipeline-stage] action callback mean-ms=0.0006 peak-call-ms=0.0004 calls=460
[pipeline-work] ticks=0.66 repre=0.34 draws=7.0 vertices=494 upload-MiB=0.000 depth-MiB=0.000 depth-copy-MiB=0.000 depth-copy-calls=0.00 jobs=0.00 helpers=0.00 fallback=0.00 failed=0.00 (per-present)
[pipeline-traffic] upload-calls=0.03 skipped=2.65 scan-MiB=5.372 upload-MiB=0.000 mirror-realloc=0.00 (per-present)
[pipeline-atlas] reuse=0.00 copy-MiB=0.000 copy-calls=0.00 (per-present; copies are GPU-only)
[pipeline-path] cpu-project=0.00 cpu-stage=0.00 gpu-reuse=0.00 publish=0.00 opt-out=0.00 limit=0.00 rejected=0.00 (events/present, not view fallbacks)
[present-cadence] tick-presents=1995 re-presents=1002 max-represent-alpha=1.000 no-present-no-sleep=0
[dump] wrote runs/20260912-174208/dump_state.txt + wram/sram/dispatch_log (exit)
[action-bg-hle] provider-summary frames=1293 preflight={layers:2570,tiles:2411645,mismatches:0,outside:0} eligible=2570 layers=2570 lookups=61123680 batches=2965984 tiles=58749120 outside=2374560 band-cache={builds:0,hits:0}
[action-room-scene] provider-summary layers=2570 live-fallbacks=0
[localized-text] cache lookups=14214 hits=14173 misses=41 rasters=41 uploads=41 failures=0
[action-room-load-hle] summary command5=2 command4=2 bytes=20992
[action-room-gfx-hle] summary command7=5 command6=3 bytes=37248
[action-room-video-hle] summary command3=1 bytes=28
[run-dir] all diagnostics from this run: runs/20260912-174208/  (share with: zip -r report.zip runs/20260912-174208)
