hermetic: runner portable (source fallback)
hermetic: SDL3 headers /private/tmp/actraiser-deck-capture.ViJHxd/sdl3/include, libraries /private/tmp/actraiser-deck-capture.ViJHxd/sdl3/lib
hermetic: SDL3_ttf headers /private/tmp/actraiser-deck-capture.ViJHxd/sdl3/include, libraries /private/tmp/actraiser-deck-capture.ViJHxd/sdl3/lib
hermetic: 392 translation units (0 cached, 392 to compile, 4 jobs)
  cc /private/tmp/actraiser-deck-capture.ViJHxd/source/snesrecomp-go/runtime/src/runner/runner_audio_trace.c
  cc /private/tmp/actraiser-deck-capture.ViJHxd/source/snesrecomp-go/runtime/src/runner/runner_determinism.c
  cc /private/tmp/actraiser-deck-capture.ViJHxd/source/snesrecomp-go/runtime/src/runner/runner.c
  cc /private/tmp/actraiser-deck-capture.ViJHxd/source/snesrecomp-go/runtime/src/runner/runner_game_module.c
  cc /private/tmp/actraiser-deck-capture.ViJHxd/source/snesrecomp-go/runtime/src/runner/runner_ppu_services.c
  cc /private/tmp/actraiser-deck-capture.ViJHxd/source/snesrecomp-go/runtime/src/support/crc32.c
  cc /private/tmp/actraiser-deck-capture.ViJHxd/source/snesrecomp-go/runtime/src/support/sha256.c
  cc /private/tmp/actraiser-deck-capture.ViJHxd/source/snesrecomp-go/runtime/src/runner/replay.c
  cc /private/tmp/actraiser-deck-capture.ViJHxd/source/snesrecomp-go/runtime/src/core/recomp_hw.c
  cc /private/tmp/actraiser-deck-capture.ViJHxd/source/snesrecomp-go/runtime/src/support/audio_trace.c
  cc /private/tmp/actraiser-deck-capture.ViJHxd/source/snesrecomp-go/runtime/src/core/runtime_trace.c
  cc /private/tmp/actraiser-deck-capture.ViJHxd/source/snesrecomp-go/runtime/src/support/util.c
  cc /private/tmp/actraiser-deck-capture.ViJHxd/source/snesrecomp-go/runtime/src/support/packed_data.c
  cc /private/tmp/actraiser-deck-capture.ViJHxd/source/snesrecomp-go/runtime/src/support/bps.c
  cc /private/tmp/actraiser-deck-capture.ViJHxd/source/snesrecomp-go/runtime/src/support/launcher.c
  cc /private/tmp/actraiser-deck-capture.ViJHxd/source/snesrecomp-go/runtime/src/support/keybinds.c
  cc /private/tmp/actraiser-deck-capture.ViJHxd/source/snesrecomp-go/runtime/src/core/cpu_state.c
  cc /private/tmp/actraiser-deck-capture.ViJHxd/source/snesrecomp-go/runtime/src/core/common_cpu_infra.c
  cc /private/tmp/actraiser-deck-capture.ViJHxd/source/snesrecomp-go/runtime/src/core/paired_tail.c
  cc /private/tmp/actraiser-deck-capture.ViJHxd/source/snesrecomp-go/runtime/src/core/diagnostic.c
  cc /private/tmp/actraiser-deck-capture.ViJHxd/source/snesrecomp-go/runtime/src/core/cpu_trace.c
  cc /private/tmp/actraiser-deck-capture.ViJHxd/source/snesrecomp-go/runtime/src/core/common_rtl.c
  cc /private/tmp/actraiser-deck-capture.ViJHxd/source/snesrecomp-go/runtime/src/support/spc_upload.c
  cc /private/tmp/actraiser-deck-capture.ViJHxd/source/snesrecomp-go/runtime/src/snes/cart_map.c
  cc /private/tmp/actraiser-deck-capture.ViJHxd/source/snesrecomp-go/runtime/src/snes/cart.c
  cc /private/tmp/actraiser-deck-capture.ViJHxd/source/snesrecomp-go/runtime/src/snes/rom.c
  cc /private/tmp/actraiser-deck-capture.ViJHxd/source/snesrecomp-go/runtime/src/snes/saveload.c
  cc /private/tmp/actraiser-deck-capture.ViJHxd/source/snesrecomp-go/runtime/src/snes/snes_other.c
  cc /private/tmp/actraiser-deck-capture.ViJHxd/source/snesrecomp-go/runtime/src/snes/dma.c
  cc /private/tmp/actraiser-deck-capture.ViJHxd/source/snesrecomp-go/runtime/src/snes/snes.c
  cc /private/tmp/actraiser-deck-capture.ViJHxd/source/snesrecomp-go/runtime/src/snes/semantic_state.c
  cc /private/tmp/actraiser-deck-capture.ViJHxd/source/snesrecomp-go/runtime/src/snes/apu.c
  cc /private/tmp/actraiser-deck-capture.ViJHxd/source/snesrecomp-go/runtime/src/snes/spc.c
  cc /private/tmp/actraiser-deck-capture.ViJHxd/source/snesrecomp-go/runtime/src/snes/dsp.c
  cc /private/tmp/actraiser-deck-capture.ViJHxd/source/snesrecomp-go/runtime/src/snes/dsp_accuracy_unit.cpp
  cc /private/tmp/actraiser-deck-capture.ViJHxd/source/snesrecomp-go/runtime/src/snes/audio_shadow.c
  cc /private/tmp/actraiser-deck-capture.ViJHxd/source/snesrecomp-go/runtime/src/snes/dsp_shadow.c
  cc /private/tmp/actraiser-deck-capture.ViJHxd/source/snesrecomp-go/runtime/src/snes/msu1.c
  cc /private/tmp/actraiser-deck-capture.ViJHxd/source/snesrecomp-go/runtime/src/snes/color_lut.c
  cc /private/tmp/actraiser-deck-capture.ViJHxd/source/snesrecomp-go/runtime/src/snes/cpu.c
  cc /private/tmp/actraiser-deck-capture.ViJHxd/source/snesrecomp-go/runtime/src/snes/ppu.c
  cc /private/tmp/actraiser-deck-capture.ViJHxd/source/snesrecomp-go/runtime/src/runner/runner_audio_control.c
  cc /private/tmp/actraiser-deck-capture.ViJHxd/source/snesrecomp-go/runtime/src/snes/input.c
  cc /private/tmp/actraiser-deck-capture.ViJHxd/source/third_party/sheenbidi/Source/API/SBAlgorithm.c
  cc /private/tmp/actraiser-deck-capture.ViJHxd/source/third_party/sheenbidi/Source/API/SBAllocator.c
  cc /private/tmp/actraiser-deck-capture.ViJHxd/source/third_party/sheenbidi/Source/API/SBAttributeList.c
  cc /private/tmp/actraiser-deck-capture.ViJHxd/source/third_party/sheenbidi/Source/API/SBAttributeRegistry.c
  cc /private/tmp/actraiser-deck-capture.ViJHxd/source/third_party/sheenbidi/Source/API/SBBase.c
  cc /private/tmp/actraiser-deck-capture.ViJHxd/source/third_party/sheenbidi/Source/API/SBCodepoint.c
  cc /private/tmp/actraiser-deck-capture.ViJHxd/source/third_party/sheenbidi/Source/API/SBCodepointSequence.c
  cc /private/tmp/actraiser-deck-capture.ViJHxd/source/third_party/sheenbidi/Source/API/SBLine.c
  cc /private/tmp/actraiser-deck-capture.ViJHxd/source/third_party/sheenbidi/Source/API/SBLog.c
  cc /private/tmp/actraiser-deck-capture.ViJHxd/source/third_party/sheenbidi/Source/API/SBMirrorLocator.c
  cc /private/tmp/actraiser-deck-capture.ViJHxd/source/third_party/sheenbidi/Source/API/SBParagraph.c
  cc /private/tmp/actraiser-deck-capture.ViJHxd/source/third_party/sheenbidi/Source/API/SBScriptLocator.c
  cc /private/tmp/actraiser-deck-capture.ViJHxd/source/third_party/sheenbidi/Source/API/SBText.c
  cc /private/tmp/actraiser-deck-capture.ViJHxd/source/third_party/sheenbidi/Source/API/SBTextConfig.c
  cc /private/tmp/actraiser-deck-capture.ViJHxd/source/third_party/sheenbidi/Source/API/SBTextIterators.c
  cc /private/tmp/actraiser-deck-capture.ViJHxd/source/third_party/sheenbidi/Source/Core/List.c
  cc /private/tmp/actraiser-deck-capture.ViJHxd/source/third_party/sheenbidi/Source/Core/Memory.c
  cc /private/tmp/actraiser-deck-capture.ViJHxd/source/third_party/sheenbidi/Source/Core/Object.c
  cc /private/tmp/actraiser-deck-capture.ViJHxd/source/third_party/sheenbidi/Source/Core/Once.c
  cc /private/tmp/actraiser-deck-capture.ViJHxd/source/third_party/sheenbidi/Source/Data/BidiTypeLookup.c
  cc /private/tmp/actraiser-deck-capture.ViJHxd/source/third_party/sheenbidi/Source/Data/GeneralCategoryLookup.c
  cc /private/tmp/actraiser-deck-capture.ViJHxd/source/third_party/sheenbidi/Source/Data/PairingLookup.c
  cc /private/tmp/actraiser-deck-capture.ViJHxd/source/third_party/sheenbidi/Source/Data/ScriptLookup.c
  cc /private/tmp/actraiser-deck-capture.ViJHxd/source/third_party/sheenbidi/Source/Script/ScriptStack.c
  cc /private/tmp/actraiser-deck-capture.ViJHxd/source/third_party/sheenbidi/Source/Text/AttributeDictionary.c
  cc /private/tmp/actraiser-deck-capture.ViJHxd/source/third_party/sheenbidi/Source/Text/AttributeManager.c
  cc /private/tmp/actraiser-deck-capture.ViJHxd/source/third_party/sheenbidi/Source/UBA/BidiChain.c
  cc /private/tmp/actraiser-deck-capture.ViJHxd/source/third_party/sheenbidi/Source/UBA/BracketQueue.c
  cc /private/tmp/actraiser-deck-capture.ViJHxd/source/third_party/sheenbidi/Source/UBA/IsolatingRun.c
  cc /private/tmp/actraiser-deck-capture.ViJHxd/source/third_party/sheenbidi/Source/UBA/LevelRun.c
  cc /private/tmp/actraiser-deck-capture.ViJHxd/source/third_party/sheenbidi/Source/UBA/RunQueue.c
  cc /private/tmp/actraiser-deck-capture.ViJHxd/source/third_party/sheenbidi/Source/UBA/StatusStack.c
  cc /private/tmp/actraiser-deck-capture.ViJHxd/source/src/config.c
  cc /private/tmp/actraiser-deck-capture.ViJHxd/source/src/quintet_lzss.c
  cc /private/tmp/actraiser-deck-capture.ViJHxd/source/src/cpu_65816_math.c
  cc /private/tmp/actraiser-deck-capture.ViJHxd/source/src/settings.c
  cc /private/tmp/actraiser-deck-capture.ViJHxd/source/src/localization/language_pack.c
  cc /private/tmp/actraiser-deck-capture.ViJHxd/source/src/localization/pack_discovery.c
  cc /private/tmp/actraiser-deck-capture.ViJHxd/source/src/platform/sdl/pack_discovery_sdl.c
  cc /private/tmp/actraiser-deck-capture.ViJHxd/source/src/localization/language_contract.c
  cc /private/tmp/actraiser-deck-capture.ViJHxd/source/src/localization/language_keyboard.c
  cc /private/tmp/actraiser-deck-capture.ViJHxd/source/src/localization/language_row_shape.c
  cc /private/tmp/actraiser-deck-capture.ViJHxd/source/src/localization/dialogue_session.c
  cc /private/tmp/actraiser-deck-capture.ViJHxd/source/src/localization/unicode_grapheme.c
  cc /private/tmp/actraiser-deck-capture.ViJHxd/source/src/localization/interface_text.c
  cc /private/tmp/actraiser-deck-capture.ViJHxd/source/src/localization/ui_catalog.c
  cc /private/tmp/actraiser-deck-capture.ViJHxd/source/src/settings_overlay_localization.c
  cc /private/tmp/actraiser-deck-capture.ViJHxd/source/src/settings_overlay_layers_localization.c
  cc /private/tmp/actraiser-deck-capture.ViJHxd/source/src/localization/text_rasterizer.c
  cc /private/tmp/actraiser-deck-capture.ViJHxd/source/src/localization/text_backend.c
  cc /private/tmp/actraiser-deck-capture.ViJHxd/source/src/localization/font_resource.c
  cc /private/tmp/actraiser-deck-capture.ViJHxd/source/src/host/font_resources.c
  cc /private/tmp/actraiser-deck-capture.ViJHxd/source/src/localization/enhanced_text_settings.c
  cc /private/tmp/actraiser-deck-capture.ViJHxd/source/src/localization/localization_frame.c
  cc /private/tmp/actraiser-deck-capture.ViJHxd/source/src/localization/text_presentation.c
  cc /private/tmp/actraiser-deck-capture.ViJHxd/source/src/render/text_surface_cache.c
  cc /private/tmp/actraiser-deck-capture.ViJHxd/source/src/render/ui_text_renderer.c
  cc /private/tmp/actraiser-deck-capture.ViJHxd/source/src/render/bg3_composite_policy.c
  cc /private/tmp/actraiser-deck-capture.ViJHxd/source/src/localization/text_cell_record.c
  cc /private/tmp/actraiser-deck-capture.ViJHxd/source/src/render/text_cell_composite.c
  cc /private/tmp/actraiser-deck-capture.ViJHxd/source/src/render/localized_text_presenter.c
  cc /private/tmp/actraiser-deck-capture.ViJHxd/source/src/render/localized_text_draw.c
  cc /private/tmp/actraiser-deck-capture.ViJHxd/source/src/render/localized_text_artwork.c
  cc /private/tmp/actraiser-deck-capture.ViJHxd/source/src/render/localized_text_layout.c
  cc /private/tmp/actraiser-deck-capture.ViJHxd/source/src/platform/sdl/text_rasterizer_sdl.c
  cc /private/tmp/actraiser-deck-capture.ViJHxd/source/src/platform/sdl/bidi_text_sdl.c
  cc /private/tmp/actraiser-deck-capture.ViJHxd/source/src/platform/sdl/font_coverage_cli.c
  cc /private/tmp/actraiser-deck-capture.ViJHxd/source/src/randomizer.c
  cc /private/tmp/actraiser-deck-capture.ViJHxd/source/src/settings_overlay.c
  cc /private/tmp/actraiser-deck-capture.ViJHxd/source/src/settings_overlay_debug_panel.c
  cc /private/tmp/actraiser-deck-capture.ViJHxd/source/src/manual/manual_pages.c
  cc /private/tmp/actraiser-deck-capture.ViJHxd/source/src/manual/manual_input.c
  cc /private/tmp/actraiser-deck-capture.ViJHxd/source/src/manual/manual_caption.c
  cc /private/tmp/actraiser-deck-capture.ViJHxd/source/src/manual/manual_reader.c
  cc /private/tmp/actraiser-deck-capture.ViJHxd/source/src/input_map.c
  cc /private/tmp/actraiser-deck-capture.ViJHxd/source/src/camera_orbit.c
  cc /private/tmp/actraiser-deck-capture.ViJHxd/source/src/dev/scene_inspector.c
  cc /private/tmp/actraiser-deck-capture.ViJHxd/source/src/dev/scene_asset_dump.c
  cc /private/tmp/actraiser-deck-capture.ViJHxd/source/src/sim/sim_phase0_trace.c
  cc /private/tmp/actraiser-deck-capture.ViJHxd/source/src/sim/sim_render_metadata.c
  cc /private/tmp/actraiser-deck-capture.ViJHxd/source/src/sim/sim_render_metadata_trace.c
  cc /private/tmp/actraiser-deck-capture.ViJHxd/source/src/sim/sim_visual_patches.c
  cc /private/tmp/actraiser-deck-capture.ViJHxd/source/src/action/action_effect_clock.c
  cc /private/tmp/actraiser-deck-capture.ViJHxd/source/src/action/action_effects.c
  cc /private/tmp/actraiser-deck-capture.ViJHxd/source/src/action/action_effect_render.c
  cc /private/tmp/actraiser-deck-capture.ViJHxd/source/src/action/action_effect_projection.c
  cc /private/tmp/actraiser-deck-capture.ViJHxd/source/src/action/action_camera_bounds.c
  cc /private/tmp/actraiser-deck-capture.ViJHxd/source/src/action/action_bg_plan.c
  cc /private/tmp/actraiser-deck-capture.ViJHxd/source/src/action/action_bg_tuner.c
  cc /private/tmp/actraiser-deck-capture.ViJHxd/source/src/action/action_bg_world.c
  cc /private/tmp/actraiser-deck-capture.ViJHxd/source/src/action/action_room_scene.c
  cc /private/tmp/actraiser-deck-capture.ViJHxd/source/src/actraiser/actraiser_action_bg.c
  cc /private/tmp/actraiser-deck-capture.ViJHxd/source/src/sim/sim_render_atlas.c
  cc /private/tmp/actraiser-deck-capture.ViJHxd/source/src/sim/sim_world_map.c
  cc /private/tmp/actraiser-deck-capture.ViJHxd/source/src/sim/sim_world_map_build.c
  cc /private/tmp/actraiser-deck-capture.ViJHxd/source/src/sim/sim_world_map_compose.c
  cc /private/tmp/actraiser-deck-capture.ViJHxd/source/src/sim/sim_world_navigation_scene.c
  cc /private/tmp/actraiser-deck-capture.ViJHxd/source/src/sim/sim_world_navigation_palace.c
  cc /private/tmp/actraiser-deck-capture.ViJHxd/source/src/sim/sim_world_navigation_globe.c
  cc /private/tmp/actraiser-deck-capture.ViJHxd/source/src/sim/sim_world_navigation_art.c
  cc /private/tmp/actraiser-deck-capture.ViJHxd/source/src/sim/sim_world_navigation_terrain.c
  cc /private/tmp/actraiser-deck-capture.ViJHxd/source/src/sim/sim_world_navigation_cliffs.c
  cc /private/tmp/actraiser-deck-capture.ViJHxd/source/src/sim/sim_world_navigation_towns.c
  cc /private/tmp/actraiser-deck-capture.ViJHxd/source/src/sim/sim_world_navigation_capture.c
  cc /private/tmp/actraiser-deck-capture.ViJHxd/source/src/sim/sim_town_canvas.c
  cc /private/tmp/actraiser-deck-capture.ViJHxd/source/src/sim/sim_town_ground_art.c
  cc /private/tmp/actraiser-deck-capture.ViJHxd/source/src/sim/sim_world_navigation_mountains.c
  cc /private/tmp/actraiser-deck-capture.ViJHxd/source/src/sim/sim_world_navigation_mountain_transition.c
  cc /private/tmp/actraiser-deck-capture.ViJHxd/source/src/sim/sim_world_navigation_clouds.c
  cc /private/tmp/actraiser-deck-capture.ViJHxd/source/src/sim/sim_world_navigation_sky_clouds.c
  cc /private/tmp/actraiser-deck-capture.ViJHxd/source/src/sim/sim_town_terrain.c
  cc /private/tmp/actraiser-deck-capture.ViJHxd/source/src/sim/sim_backdrop_render.c
  cc /private/tmp/actraiser-deck-capture.ViJHxd/source/src/sim/sim_town_layout.c
  cc /private/tmp/actraiser-deck-capture.ViJHxd/source/src/sim/sim_background_voxels.c
  cc /private/tmp/actraiser-deck-capture.ViJHxd/source/src/sim/sim_structure_visuals.c
  cc /private/tmp/actraiser-deck-capture.ViJHxd/source/src/sim/sim_background_voxel_landmarks.c
  cc /private/tmp/actraiser-deck-capture.ViJHxd/source/src/sim/sim_background_mountains.c
  cc /private/tmp/actraiser-deck-capture.ViJHxd/source/src/sim/sim_background_mountain_objects.c
  cc /private/tmp/actraiser-deck-capture.ViJHxd/source/src/sim/sim_background_mountain_silhouette.c
  cc /private/tmp/actraiser-deck-capture.ViJHxd/source/src/sim/sim_background_mountain_relief.c
  cc /private/tmp/actraiser-deck-capture.ViJHxd/source/src/sim/sim_background_mountain_mesh.c
  cc /private/tmp/actraiser-deck-capture.ViJHxd/source/src/sim/sim_background_voxel_models.c
  cc /private/tmp/actraiser-deck-capture.ViJHxd/source/src/sim/sim_background_voxel_biome.c
  cc /private/tmp/actraiser-deck-capture.ViJHxd/source/src/sim/sim_background_voxel_model_cache.c
  cc /private/tmp/actraiser-deck-capture.ViJHxd/source/src/sim/sim_background_voxel_lighting.c
  cc /private/tmp/actraiser-deck-capture.ViJHxd/source/src/sim/sim_background_voxel_surface.c
  cc /private/tmp/actraiser-deck-capture.ViJHxd/source/src/sim/sim_background_voxel_palette.c
  cc /private/tmp/actraiser-deck-capture.ViJHxd/source/src/sim/sim_background_voxel_lod.c
  cc /private/tmp/actraiser-deck-capture.ViJHxd/source/src/sim/sim_background_voxel_preset.c
  cc /private/tmp/actraiser-deck-capture.ViJHxd/source/src/sim/sim_background_voxel_proportions.c
  cc /private/tmp/actraiser-deck-capture.ViJHxd/source/src/sim/sim_background_voxel_region.c
  cc /private/tmp/actraiser-deck-capture.ViJHxd/source/src/platform/sdl/sim3d_depth_pass_sdl.c
  cc /private/tmp/actraiser-deck-capture.ViJHxd/source/src/sim/sim3d_performance.c
  cc /private/tmp/actraiser-deck-capture.ViJHxd/source/src/performance_metrics.c
  cc /private/tmp/actraiser-deck-capture.ViJHxd/source/src/performance_overlay.c
  cc /private/tmp/actraiser-deck-capture.ViJHxd/source/src/sim/sim_background_voxel_project.c
  cc /private/tmp/actraiser-deck-capture.ViJHxd/source/src/sim/sim_background_voxel_terrain_depth.c
  cc /private/tmp/actraiser-deck-capture.ViJHxd/source/src/sim/sim_background_mountain_render.c
  cc /private/tmp/actraiser-deck-capture.ViJHxd/source/src/sim/sim_background_voxel_renderer.c
  cc /private/tmp/actraiser-deck-capture.ViJHxd/source/src/sim/sim3d.c
  cc /private/tmp/actraiser-deck-capture.ViJHxd/source/src/sim/sim3d_camera.c
  cc /private/tmp/actraiser-deck-capture.ViJHxd/source/src/save_system.c
  cc /private/tmp/actraiser-deck-capture.ViJHxd/source/src/display_geometry.c
  cc /private/tmp/actraiser-deck-capture.ViJHxd/source/src/run_dir.c
  cc /private/tmp/actraiser-deck-capture.ViJHxd/source/src/scene3d_math.c
  cc /private/tmp/actraiser-deck-capture.ViJHxd/source/src/diorama/diorama_depth_shapes.c
  cc /private/tmp/actraiser-deck-capture.ViJHxd/source/src/diorama/diorama_edge_aa.c
  cc /private/tmp/actraiser-deck-capture.ViJHxd/source/src/diorama/diorama_aperture.c
  cc /private/tmp/actraiser-deck-capture.ViJHxd/source/src/diorama/diorama_stack_group.c
  cc /private/tmp/actraiser-deck-capture.ViJHxd/source/src/diorama/diorama_projection.c
  cc /private/tmp/actraiser-deck-capture.ViJHxd/source/src/actraiser/actraiser_ws_gap.c
  cc /private/tmp/actraiser-deck-capture.ViJHxd/source/src/diorama/diorama_skybox_uv.c
  cc /private/tmp/actraiser-deck-capture.ViJHxd/source/src/diorama/diorama_layer_order.c
  cc /private/tmp/actraiser-deck-capture.ViJHxd/source/src/diorama/diorama_rom_backdrop.c
  cc /private/tmp/actraiser-deck-capture.ViJHxd/source/src/diorama/diorama_rom_skybox_resource.c
  cc /private/tmp/actraiser-deck-capture.ViJHxd/source/src/diorama/diorama_layer_editor.c
  cc /private/tmp/actraiser-deck-capture.ViJHxd/source/src/ini_upgrade.c
  cc /private/tmp/actraiser-deck-capture.ViJHxd/source/src/atomic_replace.c
  cc /private/tmp/actraiser-deck-capture.ViJHxd/source/src/ini_upgrade_apply.c
  cc /private/tmp/actraiser-deck-capture.ViJHxd/source/src/diorama/diorama_capture_blend.c
  cc /private/tmp/actraiser-deck-capture.ViJHxd/source/src/diorama/diorama_performance.c
  cc /private/tmp/actraiser-deck-capture.ViJHxd/source/src/diorama/diorama_upload.c
  cc /private/tmp/actraiser-deck-capture.ViJHxd/source/src/platform/sdl/diorama_frame_generation_sdl.c
  cc /private/tmp/actraiser-deck-capture.ViJHxd/source/src/platform/sdl/diorama_effect_backend_sdl.c
  cc /private/tmp/actraiser-deck-capture.ViJHxd/source/src/diorama/diorama.c
  cc /private/tmp/actraiser-deck-capture.ViJHxd/source/src/diorama/diorama_host.c
  cc /private/tmp/actraiser-deck-capture.ViJHxd/source/src/render/presentation_layout.c
  cc /private/tmp/actraiser-deck-capture.ViJHxd/source/src/render/hud_layout.c
  cc /private/tmp/actraiser-deck-capture.ViJHxd/source/src/platform/sdl/presentation_device_sdl.c
  cc /private/tmp/actraiser-deck-capture.ViJHxd/source/src/platform/sdl/presentation_geometry_sdl.c
  cc /private/tmp/actraiser-deck-capture.ViJHxd/source/src/presentation_upload_mirror.c
  cc /private/tmp/actraiser-deck-capture.ViJHxd/source/src/render/render_device.c
  cc /private/tmp/actraiser-deck-capture.ViJHxd/source/src/render/render_output.c
  cc /private/tmp/actraiser-deck-capture.ViJHxd/source/src/platform/sdl/render_sdl.c
  cc /private/tmp/actraiser-deck-capture.ViJHxd/source/src/presentation_frame_generation.c
  cc /private/tmp/actraiser-deck-capture.ViJHxd/source/src/render_comparison.c
  cc /private/tmp/actraiser-deck-capture.ViJHxd/source/src/present.c
  cc /private/tmp/actraiser-deck-capture.ViJHxd/source/src/present_frame.c
  cc /private/tmp/actraiser-deck-capture.ViJHxd/source/src/present_sim3d_project.c
  cc /private/tmp/actraiser-deck-capture.ViJHxd/source/src/present_sim3d_effects.c
  cc /private/tmp/actraiser-deck-capture.ViJHxd/source/src/platform/sdl/sim_shadow_effect_backend_sdl.c
  cc /private/tmp/actraiser-deck-capture.ViJHxd/source/src/platform/sdl/sim_cloud_effect_backend_sdl.c
  cc /private/tmp/actraiser-deck-capture.ViJHxd/source/src/present_sim3d_shadows.c
  cc /private/tmp/actraiser-deck-capture.ViJHxd/source/src/present_sim3d_environment.c
  cc /private/tmp/actraiser-deck-capture.ViJHxd/source/src/present_sim3d_clouds.c
  cc /private/tmp/actraiser-deck-capture.ViJHxd/source/src/present_sim3d_underlay.c
  cc /private/tmp/actraiser-deck-capture.ViJHxd/source/src/present_sim3d_terrain.c
  cc /private/tmp/actraiser-deck-capture.ViJHxd/source/src/present_sim3d.c
  cc /private/tmp/actraiser-deck-capture.ViJHxd/source/src/present_world_nav.c
  cc /private/tmp/actraiser-deck-capture.ViJHxd/source/src/present_world_nav_model_mesh.c
  cc /private/tmp/actraiser-deck-capture.ViJHxd/source/src/present_world_nav_geometry.c
  cc /private/tmp/actraiser-deck-capture.ViJHxd/source/src/present_world_nav_sky.c
  cc /private/tmp/actraiser-deck-capture.ViJHxd/source/src/dev/dev_tools.c
  cc /private/tmp/actraiser-deck-capture.ViJHxd/source/src/dev/debug_state.c
  cc /private/tmp/actraiser-deck-capture.ViJHxd/source/src/forced_input.c
  cc /private/tmp/actraiser-deck-capture.ViJHxd/source/src/frame_slot.c
  cc /private/tmp/actraiser-deck-capture.ViJHxd/source/src/host/host_audio.c
  cc /private/tmp/actraiser-deck-capture.ViJHxd/source/src/dev/host_dev_tools.c
  cc /private/tmp/actraiser-deck-capture.ViJHxd/source/src/platform/sdl/dev_tools_readback_sdl.c
  cc /private/tmp/actraiser-deck-capture.ViJHxd/source/src/platform/sdl/crt_post_sdl.c
  cc /private/tmp/actraiser-deck-capture.ViJHxd/source/src/host/host_display.c
  cc /private/tmp/actraiser-deck-capture.ViJHxd/source/src/host/host_display_pacing.c
  cc /private/tmp/actraiser-deck-capture.ViJHxd/source/src/host/host_display_refresh_cache.c
  cc /private/tmp/actraiser-deck-capture.ViJHxd/source/src/host/host_display_status.c
  cc /private/tmp/actraiser-deck-capture.ViJHxd/source/src/host/host_input.c
  cc /private/tmp/actraiser-deck-capture.ViJHxd/source/src/platform/sdl/host_clock_sdl.c
  cc /private/tmp/actraiser-deck-capture.ViJHxd/source/src/platform/sdl/parallel_work_sdl.c
  cc /private/tmp/actraiser-deck-capture.ViJHxd/source/src/hd_replacement_host.c
  cc /private/tmp/actraiser-deck-capture.ViJHxd/source/src/input_replay.c
  cc /private/tmp/actraiser-deck-capture.ViJHxd/source/src/dev/oracle_trace.c
  cc /private/tmp/actraiser-deck-capture.ViJHxd/source/src/portable_paths.c
  cc /private/tmp/actraiser-deck-capture.ViJHxd/source/src/runtime_diagnostics.c
  cc /private/tmp/actraiser-deck-capture.ViJHxd/source/src/session_fatal.c
  cc /private/tmp/actraiser-deck-capture.ViJHxd/source/src/session_recovery.c
  cc /private/tmp/actraiser-deck-capture.ViJHxd/source/src/runtime_settings.c
  cc /private/tmp/actraiser-deck-capture.ViJHxd/source/src/scheduled_settings.c
  cc /private/tmp/actraiser-deck-capture.ViJHxd/source/src/manifest_utils.c
  cc /private/tmp/actraiser-deck-capture.ViJHxd/source/src/user_data_dir.c
  cc /private/tmp/actraiser-deck-capture.ViJHxd/source/src/main.c
  cc /private/tmp/actraiser-deck-capture.ViJHxd/source/src/actraiser/actraiser_00.c
  cc /private/tmp/actraiser-deck-capture.ViJHxd/source/src/actraiser/gen_stubs.c
  cc /private/tmp/actraiser-deck-capture.ViJHxd/source/src/actraiser/actraiser_cpu_infra.c
  cc /private/tmp/actraiser-deck-capture.ViJHxd/source/src/actraiser/actraiser_spc_upload.c
  cc /private/tmp/actraiser-deck-capture.ViJHxd/source/src/actraiser/actraiser_hle_fatal.c
  cc /private/tmp/actraiser-deck-capture.ViJHxd/source/src/actraiser/actraiser_cpu_hle_internal.c
  cc /private/tmp/actraiser-deck-capture.ViJHxd/source/src/actraiser/actraiser_localization_text.c
  cc /private/tmp/actraiser-deck-capture.ViJHxd/source/src/actraiser/actraiser_localization_schedule.c
  cc /private/tmp/actraiser-deck-capture.ViJHxd/source/src/actraiser/actraiser_localization_routes.c
  cc /private/tmp/actraiser-deck-capture.ViJHxd/source/src/actraiser/actraiser_localization_runtime.c
  cc /private/tmp/actraiser-deck-capture.ViJHxd/source/src/actraiser/actraiser_localization_world_navigation.c
  cc /private/tmp/actraiser-deck-capture.ViJHxd/source/src/actraiser/actraiser_localization_compose_state.c
  cc /private/tmp/actraiser-deck-capture.ViJHxd/source/src/actraiser/actraiser_localization_grid.c
  cc /private/tmp/actraiser-deck-capture.ViJHxd/source/src/actraiser/actraiser_localization_name_compose.c
  cc /private/tmp/actraiser-deck-capture.ViJHxd/source/src/actraiser/actraiser_localization_text_normalize.c
  cc /private/tmp/actraiser-deck-capture.ViJHxd/source/src/actraiser/actraiser_localization_hud.c
  cc /private/tmp/actraiser-deck-capture.ViJHxd/source/src/actraiser/actraiser_localization_credits.c
  cc /private/tmp/actraiser-deck-capture.ViJHxd/source/src/actraiser/actraiser_localization_values.c
  cc /private/tmp/actraiser-deck-capture.ViJHxd/source/src/actraiser/actraiser_localization_name_entry.c
  cc /private/tmp/actraiser-deck-capture.ViJHxd/source/src/actraiser/actraiser_localization_art.c
  cc /private/tmp/actraiser-deck-capture.ViJHxd/source/src/actraiser/actraiser_lzss.c
  cc /private/tmp/actraiser-deck-capture.ViJHxd/source/src/actraiser/actraiser_action_room_graphics.c
  cc /private/tmp/actraiser-deck-capture.ViJHxd/source/src/actraiser/actraiser_action_video_config.c
  cc /private/tmp/actraiser-deck-capture.ViJHxd/source/src/actraiser/actraiser_action_room_loader.c
  cc /private/tmp/actraiser-deck-capture.ViJHxd/source/src/actraiser/actraiser_save_checksum.c
  cc /private/tmp/actraiser-deck-capture.ViJHxd/source/src/actraiser/actraiser_cell_map.c
  cc /private/tmp/actraiser-deck-capture.ViJHxd/source/src/actraiser/actraiser_town_metatile.c
  cc /private/tmp/actraiser-deck-capture.ViJHxd/source/src/actraiser/actraiser_town_structure_steps.c
  cc /private/tmp/actraiser-deck-capture.ViJHxd/source/src/actraiser/actraiser_town_lair_bits.c
  cc /private/tmp/actraiser-deck-capture.ViJHxd/source/src/actraiser/actraiser_action_metatile.c
  cc /private/tmp/actraiser-deck-capture.ViJHxd/source/src/actraiser/actraiser_action_camera.c
  cc /private/tmp/actraiser-deck-capture.ViJHxd/source/src/actraiser/actraiser_rtl.c
  cc /private/tmp/actraiser-deck-capture.ViJHxd/source/src/hd_replacements.c
  cc /private/tmp/actraiser-deck-capture.ViJHxd/source/src/music_replacements.c
  cc /private/tmp/actraiser-deck-capture.ViJHxd/source/src/audio_presentation_policy.c
  cc /private/tmp/actraiser-deck-capture.ViJHxd/source/src/native_audio_extension.c
  cc /private/tmp/actraiser-deck-capture.ViJHxd/source/src/native_audio_mixer.c
  cc /private/tmp/actraiser-deck-capture.ViJHxd/source/src/dev/sfx_census.c
  cc /private/tmp/actraiser-deck-capture.ViJHxd/source/src/dev/native_audio_trace.c
  cc /private/tmp/actraiser-deck-capture.ViJHxd/source/src/dev/native_audio_trace_runtime.c
  cc /private/tmp/actraiser-deck-capture.ViJHxd/source/src/dev/native_audio_pcm_capture.c
  cc /private/tmp/actraiser-deck-capture.ViJHxd/source/third_party/stb/stb_vorbis.c
  cc /private/tmp/actraiser-deck-capture.ViJHxd/source/src/dev/hd_tile_census.c
  cc /private/tmp/actraiser-deck-capture.ViJHxd/source/src/actraiser/actraiser_widescreen_bg.c
  cc /private/tmp/actraiser-deck-capture.ViJHxd/source/src/actraiser/actraiser_widescreen_sprites.c
  cc /private/tmp/actraiser-deck-capture.ViJHxd/source/src/action/action_obj_apron.c
  cc /private/tmp/actraiser-deck-capture.ViJHxd/source/src/actraiser/actraiser_bugfixes.c
  cc /private/tmp/actraiser-deck-capture.ViJHxd/source/src/gen/bank00_part00_v2.c
  cc /private/tmp/actraiser-deck-capture.ViJHxd/source/src/gen/bank00_part01_v2.c
  cc /private/tmp/actraiser-deck-capture.ViJHxd/source/src/gen/bank00_part02_v2.c
  cc /private/tmp/actraiser-deck-capture.ViJHxd/source/src/gen/bank00_part03_v2.c
  cc /private/tmp/actraiser-deck-capture.ViJHxd/source/src/gen/bank00_part04_v2.c
  cc /private/tmp/actraiser-deck-capture.ViJHxd/source/src/gen/bank00_part05_v2.c
  cc /private/tmp/actraiser-deck-capture.ViJHxd/source/src/gen/bank00_part06_v2.c
  cc /private/tmp/actraiser-deck-capture.ViJHxd/source/src/gen/bank00_part07_v2.c
  cc /private/tmp/actraiser-deck-capture.ViJHxd/source/src/gen/bank00_part08_v2.c
  cc /private/tmp/actraiser-deck-capture.ViJHxd/source/src/gen/bank00_part09_v2.c
  cc /private/tmp/actraiser-deck-capture.ViJHxd/source/src/gen/bank00_part0a_v2.c
  cc /private/tmp/actraiser-deck-capture.ViJHxd/source/src/gen/bank00_part0b_v2.c
  cc /private/tmp/actraiser-deck-capture.ViJHxd/source/src/gen/bank00_part0c_v2.c
  cc /private/tmp/actraiser-deck-capture.ViJHxd/source/src/gen/bank00_part0d_v2.c
  cc /private/tmp/actraiser-deck-capture.ViJHxd/source/src/gen/bank00_part0e_v2.c
  cc /private/tmp/actraiser-deck-capture.ViJHxd/source/src/gen/bank00_part0f_v2.c
  cc /private/tmp/actraiser-deck-capture.ViJHxd/source/src/gen/bank01_part00_v2.c
  cc /private/tmp/actraiser-deck-capture.ViJHxd/source/src/gen/bank01_part01_v2.c
  cc /private/tmp/actraiser-deck-capture.ViJHxd/source/src/gen/bank01_part02_v2.c
  cc /private/tmp/actraiser-deck-capture.ViJHxd/source/src/gen/bank01_part03_v2.c
  cc /private/tmp/actraiser-deck-capture.ViJHxd/source/src/gen/bank01_part04_v2.c
  cc /private/tmp/actraiser-deck-capture.ViJHxd/source/src/gen/bank01_part05_v2.c
  cc /private/tmp/actraiser-deck-capture.ViJHxd/source/src/gen/bank01_part06_v2.c
  cc /private/tmp/actraiser-deck-capture.ViJHxd/source/src/gen/bank01_part07_v2.c
  cc /private/tmp/actraiser-deck-capture.ViJHxd/source/src/gen/bank01_part08_v2.c
  cc /private/tmp/actraiser-deck-capture.ViJHxd/source/src/gen/bank01_part09_v2.c
  cc /private/tmp/actraiser-deck-capture.ViJHxd/source/src/gen/bank01_part0a_v2.c
  cc /private/tmp/actraiser-deck-capture.ViJHxd/source/src/gen/bank01_part0d_v2.c
  cc /private/tmp/actraiser-deck-capture.ViJHxd/source/src/gen/bank01_part0f_v2.c
  cc /private/tmp/actraiser-deck-capture.ViJHxd/source/src/gen/bank02_part00_v2.c
  cc /private/tmp/actraiser-deck-capture.ViJHxd/source/src/gen/bank02_part02_v2.c
  cc /private/tmp/actraiser-deck-capture.ViJHxd/source/src/gen/bank02_part03_v2.c
  cc /private/tmp/actraiser-deck-capture.ViJHxd/source/src/gen/bank02_part04_v2.c
  cc /private/tmp/actraiser-deck-capture.ViJHxd/source/src/gen/bank02_part05_v2.c
  cc /private/tmp/actraiser-deck-capture.ViJHxd/source/src/gen/bank02_part06_v2.c
  cc /private/tmp/actraiser-deck-capture.ViJHxd/source/src/gen/bank02_part07_v2.c
  cc /private/tmp/actraiser-deck-capture.ViJHxd/source/src/gen/bank02_part08_v2.c
  cc /private/tmp/actraiser-deck-capture.ViJHxd/source/src/gen/bank02_part09_v2.c
  cc /private/tmp/actraiser-deck-capture.ViJHxd/source/src/gen/bank02_part0e_v2.c
  cc /private/tmp/actraiser-deck-capture.ViJHxd/source/src/gen/bank02_part0f_v2.c
  cc /private/tmp/actraiser-deck-capture.ViJHxd/source/src/gen/bank03_part00_v2.c
  cc /private/tmp/actraiser-deck-capture.ViJHxd/source/src/gen/bank03_part01_v2.c
  cc /private/tmp/actraiser-deck-capture.ViJHxd/source/src/gen/bank03_part02_v2.c
  cc /private/tmp/actraiser-deck-capture.ViJHxd/source/src/gen/bank03_part03_v2.c
  cc /private/tmp/actraiser-deck-capture.ViJHxd/source/src/gen/bank03_part04_v2.c
  cc /private/tmp/actraiser-deck-capture.ViJHxd/source/src/gen/bank03_part05_v2.c
  cc /private/tmp/actraiser-deck-capture.ViJHxd/source/src/gen/bank03_part06_v2.c
  cc /private/tmp/actraiser-deck-capture.ViJHxd/source/src/gen/bank03_part07_v2.c
  cc /private/tmp/actraiser-deck-capture.ViJHxd/source/src/gen/bank03_part08_v2.c
  cc /private/tmp/actraiser-deck-capture.ViJHxd/source/src/gen/bank03_part09_v2.c
  cc /private/tmp/actraiser-deck-capture.ViJHxd/source/src/gen/bank03_part0a_v2.c
  cc /private/tmp/actraiser-deck-capture.ViJHxd/source/src/gen/bank03_part0b_v2.c
  cc /private/tmp/actraiser-deck-capture.ViJHxd/source/src/gen/bank03_part0c_v2.c
  cc /private/tmp/actraiser-deck-capture.ViJHxd/source/src/gen/bank03_part0d_v2.c
  cc /private/tmp/actraiser-deck-capture.ViJHxd/source/src/gen/bank03_part0e_v2.c
  cc /private/tmp/actraiser-deck-capture.ViJHxd/source/src/gen/bank03_part0f_v2.c
  cc /private/tmp/actraiser-deck-capture.ViJHxd/source/src/gen/bank04_v2.c
  cc /private/tmp/actraiser-deck-capture.ViJHxd/source/src/gen/bank05_v2.c
  cc /private/tmp/actraiser-deck-capture.ViJHxd/source/src/gen/bank06_v2.c
  cc /private/tmp/actraiser-deck-capture.ViJHxd/source/src/gen/bank07_v2.c
  cc /private/tmp/actraiser-deck-capture.ViJHxd/source/src/gen/bank08_v2.c
  cc /private/tmp/actraiser-deck-capture.ViJHxd/source/src/gen/bank09_v2.c
  cc /private/tmp/actraiser-deck-capture.ViJHxd/source/src/gen/bank0a_v2.c
  cc /private/tmp/actraiser-deck-capture.ViJHxd/source/src/gen/bank0b_v2.c
  cc /private/tmp/actraiser-deck-capture.ViJHxd/source/src/gen/bank0c_v2.c
  cc /private/tmp/actraiser-deck-capture.ViJHxd/source/src/gen/bank0d_v2.c
  cc /private/tmp/actraiser-deck-capture.ViJHxd/source/src/gen/bank0e_v2.c
  cc /private/tmp/actraiser-deck-capture.ViJHxd/source/src/gen/bank0f_v2.c
  cc /private/tmp/actraiser-deck-capture.ViJHxd/source/src/gen/bank10_v2.c
  cc /private/tmp/actraiser-deck-capture.ViJHxd/source/src/gen/bank11_v2.c
  cc /private/tmp/actraiser-deck-capture.ViJHxd/source/src/gen/bank12_v2.c
  cc /private/tmp/actraiser-deck-capture.ViJHxd/source/src/gen/bank13_v2.c
  cc /private/tmp/actraiser-deck-capture.ViJHxd/source/src/gen/bank14_v2.c
  cc /private/tmp/actraiser-deck-capture.ViJHxd/source/src/gen/bank15_v2.c
  cc /private/tmp/actraiser-deck-capture.ViJHxd/source/src/gen/bank16_v2.c
  cc /private/tmp/actraiser-deck-capture.ViJHxd/source/src/gen/bank17_v2.c
  cc /private/tmp/actraiser-deck-capture.ViJHxd/source/src/gen/bank18_v2.c
  cc /private/tmp/actraiser-deck-capture.ViJHxd/source/src/gen/bank19_v2.c
  cc /private/tmp/actraiser-deck-capture.ViJHxd/source/src/gen/bank1a_v2.c
  cc /private/tmp/actraiser-deck-capture.ViJHxd/source/src/gen/bank1b_v2.c
  cc /private/tmp/actraiser-deck-capture.ViJHxd/source/src/gen/bank1c_v2.c
  cc /private/tmp/actraiser-deck-capture.ViJHxd/source/src/gen/dispatch_v2.c
  cc /private/tmp/actraiser-deck-capture.ViJHxd/source/src/gen/unresolved_stubs_v2.c
hermetic: compile done in 118.0s; archiving runner
hermetic: built runner archive /private/tmp/actraiser-deck-capture.ViJHxd/build/hermetic/x86_64-linux-gnu/libsnesrecomp_runtime.a; linking game
hermetic: built /private/tmp/actraiser-deck-capture.ViJHxd/build/hermetic/x86_64-linux-gnu/ActRaiserRecomp
