[Launcher] Config/saves anchored to '/home/deck/argame/capture-fast-path-20260912.XW1iYR/'.
[run-dir] runs/20260912-172845 (console.log + dumps ringfenced here; AR_NO_RUN_DIR=1 disables)
[runner-trace] recorder=excluded deep_instrumentation=excluded mode=off
Loaded ROM: /home/deck/argame/capture-fast-path-20260912.XW1iYR/ar.sfc (1048576 bytes)
[video-geometry] 16:10 square-PAR -> 120 extra columns/side (render width 496)
[video] driver: wayland (available: x11 wayland offscreen dummy evdev)
[render] ordered GPU interop enabled (offscreen SDL + one swapchain present)
[display] GPU frames in flight: 2
[hd-manifest] [replace:title-logo] game-assets/hd/title-logo.png (2087x754)
[hd-manifest] [replace:title-swirl] game-assets/hd/title-logo.png (2087x754, mode7)
[hd-manifest] 2 entries, 2 with art
[settings-menu] decoded ActRaiser font: $1000 bytes from ROM offset $0BECFB (2725 compressed bytes consumed)
[settings-menu] decoded native dialog frame: chars ROM $06C000, palette ROM $0E3F73
[diorama-layers] loaded diorama-layers.ini: 24 room(s), 34 plane override(s)
[input] gamepad 1 connected: Steam Deck Controller
[music-manifest] [music:title-theme] game-assets/audio/title.ogg (48000 Hz, 8845689 frames, loop 0..8845689)
[music-manifest] [music:song-00] game-assets/audio/fillmore.ogg (44100 Hz, 7050707 frames, loop 0..7050707)
[music-manifest] [music:song-01] game-assets/audio/sky-palace.ogg (48000 Hz, 6389760 frames, loop 0..6389760)
[music-manifest] [music:song-02] game-assets/audio/bp.ogg (44100 Hz, 5369615 frames, loop 0..5369615)
[music-manifest] [music:song-08] game-assets/audio/advent.ogg (48000 Hz, 735609 frames, loop 0..735609)
[music-manifest] [music:song-09] game-assets/audio/act2.ogg (44100 Hz, 6182827 frames, loop 0..6182827)
[music-manifest] [music:song-10] game-assets/audio/birth-of-the-people.ogg (48000 Hz, 16201213 frames, loop 0..16201213)
[music-manifest] [music:song-11] game-assets/audio/level-up.ogg (48000 Hz, 451396 frames, loop 0..451396)
[music-manifest] 17 entries, 8 with audio
[audio-ext] extended sound channels enabled (40 voices, 8 effect lanes)
[saves] loaded native-srm backend from /home/deck/argame/capture-fast-path-20260912.XW1iYR/visible-fillmore-unlimited/seed.srm
[save-editor] boot edits rejected: no staged save edits change the image
[input-replay] 2548 legacy records, max gf=21845 last gf=2508 from /home/deck/argame/capture-fast-path-20260912.XW1iYR/saves/fillmore-act.rec
[audio] stream input 44100 Hz, device 44100 Hz 512-frame buffer (requested 512 frames)
[widescreen] gf=0 $18=00 $19=00 -> pillarbox clamp=00 mirror=00 repeat=00 bands=0/811c9dc5 normal=00 hud=0/0/0 left-only-y=0 bg-plan=0 source=none/none hle=00
[localization] enhanced: Excellent Adventure English - Full Edition
[crt] shader ready
[music] src=1A:94B8 song=01 -> [music:title-theme] game-assets/audio/title.ogg
[pipeline-perf] scene=Native/menu host=0 map=00/00 output=1280x800 frames=1475 fps=1473.7 cadence-ms=0.679 p95=1.229 max=9.914 refresh=3 vsync=0 cap=0 gpu-ms=unavailable
[pipeline-stage] events/input mean-ms=0.0533 peak-call-ms=8.0966 calls=1490
[pipeline-stage] emulation mean-ms=0.0207 peak-call-ms=3.7745 calls=61
[pipeline-stage] PPU + capture mean-ms=0.0097 peak-call-ms=1.0322 calls=61
[pipeline-stage] world map build mean-ms=0.0000 peak-call-ms=0.0010 calls=61
[pipeline-stage] SIM metadata mean-ms=0.0011 peak-call-ms=0.1176 calls=61
[pipeline-stage] town canvas mean-ms=0.0001 peak-call-ms=0.0091 calls=61
[pipeline-stage] frame snapshot mean-ms=0.0054 peak-call-ms=5.1541 calls=61
[pipeline-stage] upload mean-ms=0.0090 peak-call-ms=2.0240 calls=61
[pipeline-stage] presentation mean-ms=0.0634 peak-call-ms=1.2708 calls=1475
[pipeline-stage] CRT/resolve mean-ms=0.0111 peak-call-ms=0.3508 calls=2950
[pipeline-stage] host UI mean-ms=0.0045 peak-call-ms=0.0267 calls=1475
[pipeline-stage] settings UI mean-ms=0.0002 peak-call-ms=0.0019 calls=1475
[pipeline-stage] present/wait mean-ms=0.4635 peak-call-ms=1.6449 calls=1475
[pipeline-stage] pacing/sleep mean-ms=0.0112 peak-call-ms=1.0874 calls=1490
[pipeline-stage] housekeeping mean-ms=0.0001 peak-call-ms=0.0031 calls=61
[pipeline-stage] PPU setup mean-ms=0.0003 peak-call-ms=0.0543 calls=61
[pipeline-stage] PPU scanout mean-ms=0.0086 peak-call-ms=0.7221 calls=61
[pipeline-stage] PPU finish mean-ms=0.0001 peak-call-ms=0.0128 calls=61
[pipeline-work] ticks=0.04 repre=0.96 draws=0.0 vertices=0 upload-MiB=0.002 depth-MiB=0.000 depth-copy-MiB=0.000 depth-copy-calls=0.00 jobs=0.00 helpers=0.00 fallback=0.00 failed=0.00 (per-present)
[pipeline-traffic] upload-calls=0.00 skipped=0.00 scan-MiB=0.103 upload-MiB=0.002 mirror-realloc=0.00 (per-present)
[pipeline-atlas] reuse=0.00 copy-MiB=0.000 copy-calls=0.00 (per-present; copies are GPU-only)
[pipeline-path] cpu-project=0.00 cpu-stage=0.00 gpu-reuse=0.00 publish=0.00 opt-out=0.00 limit=0.00 rejected=0.00 (events/present, not view fallbacks)
[pipeline-perf] scene=Native/menu host=0 map=00/00 output=1280x800 frames=1501 fps=1488.1 cadence-ms=0.672 p95=1.563 max=9.475 refresh=3 vsync=0 cap=0 gpu-ms=unavailable
[pipeline-stage] events/input mean-ms=0.0516 peak-call-ms=8.1371 calls=1501
[pipeline-stage] emulation mean-ms=0.0175 peak-call-ms=1.3098 calls=61
[pipeline-stage] PPU + capture mean-ms=0.0464 peak-call-ms=4.5692 calls=61
[pipeline-stage] world map build mean-ms=0.0000 peak-call-ms=0.0010 calls=61
[pipeline-stage] SIM metadata mean-ms=0.0011 peak-call-ms=0.0401 calls=61
[pipeline-stage] town canvas mean-ms=0.0001 peak-call-ms=0.0016 calls=61
[pipeline-stage] frame snapshot mean-ms=0.0021 peak-call-ms=0.0986 calls=61
[pipeline-stage] upload mean-ms=0.0297 peak-call-ms=3.5956 calls=61
[pipeline-stage] presentation mean-ms=0.0600 peak-call-ms=0.2520 calls=1501
[pipeline-stage] CRT/resolve mean-ms=0.0106 peak-call-ms=0.0601 calls=3002
[pipeline-stage] host UI mean-ms=0.0046 peak-call-ms=0.0350 calls=1501
[pipeline-stage] settings UI mean-ms=0.0002 peak-call-ms=0.0137 calls=1501
[pipeline-stage] present/wait mean-ms=0.4033 peak-call-ms=2.4760 calls=1501
[pipeline-stage] pacing/sleep mean-ms=0.0003 peak-call-ms=0.0351 calls=1501
[pipeline-stage] housekeeping mean-ms=0.0001 peak-call-ms=0.0033 calls=61
[pipeline-stage] PPU setup mean-ms=0.0002 peak-call-ms=0.0084 calls=61
[pipeline-stage] PPU scanout mean-ms=0.0454 peak-call-ms=4.5478 calls=61
[pipeline-stage] PPU finish mean-ms=0.0001 peak-call-ms=0.0028 calls=61
[pipeline-work] ticks=0.04 repre=0.96 draws=0.0 vertices=0 upload-MiB=0.085 depth-MiB=0.000 depth-copy-MiB=0.000 depth-copy-calls=0.00 jobs=0.00 helpers=0.00 fallback=0.00 failed=0.00 (per-present)
[pipeline-traffic] upload-calls=0.01 skipped=0.00 scan-MiB=0.103 upload-MiB=0.085 mirror-realloc=0.00 (per-present)
[pipeline-atlas] reuse=0.00 copy-MiB=0.000 copy-calls=0.00 (per-present; copies are GPU-only)
[pipeline-path] cpu-project=0.00 cpu-stage=0.00 gpu-reuse=0.00 publish=0.00 opt-out=0.00 limit=0.00 rejected=0.00 (events/present, not view fallbacks)
[pipeline-perf] scene=Native/menu host=0 map=00/00 output=1280x800 frames=1061 fps=1059.4 cadence-ms=0.944 p95=2.241 max=10.248 refresh=3 vsync=0 cap=0 gpu-ms=unavailable
[pipeline-stage] events/input mean-ms=0.0612 peak-call-ms=8.1071 calls=1061
[pipeline-stage] emulation mean-ms=0.0286 peak-call-ms=1.1739 calls=60
[pipeline-stage] PPU + capture mean-ms=0.1234 peak-call-ms=4.5490 calls=60
[pipeline-stage] world map build mean-ms=0.0000 peak-call-ms=0.0008 calls=60
[pipeline-stage] SIM metadata mean-ms=0.0013 peak-call-ms=0.0472 calls=60
[pipeline-stage] town canvas mean-ms=0.0001 peak-call-ms=0.0016 calls=60
[pipeline-stage] frame snapshot mean-ms=0.0024 peak-call-ms=0.0536 calls=60
[pipeline-stage] upload mean-ms=0.0501 peak-call-ms=2.7198 calls=60
[pipeline-stage] presentation mean-ms=0.0639 peak-call-ms=0.3244 calls=1061
[pipeline-stage] CRT/resolve mean-ms=0.0106 peak-call-ms=0.0791 calls=2122
[pipeline-stage] host UI mean-ms=0.0049 peak-call-ms=0.2560 calls=1061
[pipeline-stage] settings UI mean-ms=0.0002 peak-call-ms=0.0082 calls=1061
[pipeline-stage] present/wait mean-ms=0.5506 peak-call-ms=2.2959 calls=1061
[pipeline-stage] pacing/sleep mean-ms=0.0002 peak-call-ms=0.0013 calls=1061
[pipeline-stage] housekeeping mean-ms=0.0001 peak-call-ms=0.0033 calls=60
[pipeline-stage] PPU setup mean-ms=0.0003 peak-call-ms=0.0117 calls=60
[pipeline-stage] PPU scanout mean-ms=0.1220 peak-call-ms=4.5273 calls=60
[pipeline-stage] PPU finish mean-ms=0.0001 peak-call-ms=0.0028 calls=60
[pipeline-work] ticks=0.06 repre=0.94 draws=0.0 vertices=0 upload-MiB=0.159 depth-MiB=0.000 depth-copy-MiB=0.000 depth-copy-calls=0.00 jobs=0.00 helpers=0.00 fallback=0.00 failed=0.00 (per-present)
[pipeline-traffic] upload-calls=0.03 skipped=0.00 scan-MiB=0.145 upload-MiB=0.159 mirror-realloc=0.00 (per-present)
[pipeline-atlas] reuse=0.00 copy-MiB=0.000 copy-calls=0.00 (per-present; copies are GPU-only)
[pipeline-path] cpu-project=0.00 cpu-stage=0.00 gpu-reuse=0.00 publish=0.00 opt-out=0.00 limit=0.00 rejected=0.00 (events/present, not view fallbacks)
[pipeline-perf] scene=Native/menu host=0 map=00/00 output=1280x800 frames=1056 fps=1054.9 cadence-ms=0.948 p95=2.823 max=17.859 refresh=3 vsync=0 cap=0 gpu-ms=unavailable
[pipeline-stage] events/input mean-ms=0.0547 peak-call-ms=8.2289 calls=1056
[pipeline-stage] emulation mean-ms=0.0287 peak-call-ms=2.9327 calls=60
[pipeline-stage] PPU + capture mean-ms=0.1250 peak-call-ms=4.6819 calls=60
[pipeline-stage] world map build mean-ms=0.0000 peak-call-ms=0.0010 calls=60
[pipeline-stage] SIM metadata mean-ms=0.0013 peak-call-ms=0.0623 calls=60
[pipeline-stage] town canvas mean-ms=0.0001 peak-call-ms=0.0022 calls=60
[pipeline-stage] frame snapshot mean-ms=0.0027 peak-call-ms=0.2642 calls=60
[pipeline-stage] upload mean-ms=0.0498 peak-call-ms=3.0440 calls=60
[pipeline-stage] presentation mean-ms=0.0770 peak-call-ms=6.8363 calls=1056
[pipeline-stage] CRT/resolve mean-ms=0.0109 peak-call-ms=0.0591 calls=2112
[pipeline-stage] host UI mean-ms=0.0047 peak-call-ms=0.0413 calls=1056
[pipeline-stage] settings UI mean-ms=0.0002 peak-call-ms=0.0084 calls=1056
[pipeline-stage] present/wait mean-ms=0.5482 peak-call-ms=1.9862 calls=1056
[pipeline-stage] pacing/sleep mean-ms=0.0002 peak-call-ms=0.0017 calls=1056
[pipeline-stage] housekeeping mean-ms=0.0001 peak-call-ms=0.0031 calls=60
[pipeline-stage] PPU setup mean-ms=0.0003 peak-call-ms=0.0101 calls=60
[pipeline-stage] PPU scanout mean-ms=0.1238 peak-call-ms=4.6601 calls=60
[pipeline-stage] PPU finish mean-ms=0.0001 peak-call-ms=0.0038 calls=60
[pipeline-work] ticks=0.06 repre=0.94 draws=0.0 vertices=0 upload-MiB=0.150 depth-MiB=0.000 depth-copy-MiB=0.000 depth-copy-calls=0.00 jobs=0.00 helpers=0.00 fallback=0.00 failed=0.00 (per-present)
[pipeline-traffic] upload-calls=0.05 skipped=0.00 scan-MiB=0.150 upload-MiB=0.150 mirror-realloc=0.00 (per-present)
[pipeline-atlas] reuse=0.00 copy-MiB=0.000 copy-calls=0.00 (per-present; copies are GPU-only)
[pipeline-path] cpu-project=0.00 cpu-stage=0.00 gpu-reuse=0.00 publish=0.00 opt-out=0.00 limit=0.00 rejected=0.00 (events/present, not view fallbacks)
[music] stop [music:title-theme] (driver halt $F0)
[widescreen] gf=310 $18=00 $19=07 -> WIDE clamp=00 mirror=00 repeat=00 bands=0/811c9dc5 normal=00 hud=32/168/168 left-only-y=32 bg-plan=0 source=none/none hle=00
[sim-worldmap] HLE built from sim state at gf=310 after Sky Palace entry (2623 tiles changed)
[sim3d-view] gf=310 none -> authentic (view fallback) (inactive, view=authentic_fallback, integrity=$0, mismatch=0 px) after 310 frame(s)
[music] src=1C:A988 song=01 -> [music:song-01] game-assets/audio/sky-palace.ogg
[sim3d-view] gf=311 authentic (view fallback) -> Sky Palace globe (inactive, view=sky_palace, integrity=$0, mismatch=0 px) after 1 frame(s)
[world-navigation-setup] mountains=26.353ms cliffs=17.641ms art=24.906ms
[pipeline-perf] scene=Sky Palace host=0 map=00/07 output=1280x800 frames=227 fps=224.4 cadence-ms=4.457 p95=8.749 max=15.879 refresh=3 vsync=0 cap=0 gpu-ms=unavailable
[pipeline-stage] events/input mean-ms=0.0863 peak-call-ms=8.0024 calls=227
[pipeline-stage] emulation mean-ms=0.0528 peak-call-ms=1.3664 calls=64
[pipeline-stage] PPU + capture mean-ms=1.2308 peak-call-ms=7.0387 calls=62
[pipeline-stage] world map build mean-ms=0.0017 peak-call-ms=0.0470 calls=62
[pipeline-stage] SIM metadata mean-ms=0.0155 peak-call-ms=0.1108 calls=62
[pipeline-stage] town canvas mean-ms=0.0004 peak-call-ms=0.0029 calls=62
[pipeline-stage] frame snapshot mean-ms=0.0188 peak-call-ms=0.1008 calls=62
[pipeline-stage] upload mean-ms=0.3761 peak-call-ms=2.3030 calls=62
[pipeline-stage] presentation mean-ms=1.7651 peak-call-ms=230.2287 calls=227
[pipeline-stage] CRT/resolve mean-ms=0.0166 peak-call-ms=0.1017 calls=454
[pipeline-stage] host UI mean-ms=0.0076 peak-call-ms=0.0174 calls=227
[pipeline-stage] settings UI mean-ms=0.0007 peak-call-ms=0.0021 calls=227
[pipeline-stage] present/wait mean-ms=1.8380 peak-call-ms=5.4096 calls=227
[pipeline-stage] pacing/sleep mean-ms=0.0007 peak-call-ms=0.0026 calls=227
[pipeline-stage] housekeeping mean-ms=0.0005 peak-call-ms=0.0030 calls=62
[pipeline-stage] PPU setup mean-ms=0.0022 peak-call-ms=0.0129 calls=62
[pipeline-stage] PPU scanout mean-ms=1.2123 peak-call-ms=6.9509 calls=62
[pipeline-stage] PPU finish mean-ms=0.0028 peak-call-ms=0.0201 calls=62
[pipeline-stage] job owner mean-ms=0.0284 peak-call-ms=1.9874 calls=6
[pipeline-stage] job helpers* mean-ms=0.1047 peak-call-ms=2.9267 calls=15
[pipeline-stage] job join wait mean-ms=0.0173 peak-call-ms=1.0620 calls=5
[pipeline-stage] SIM upload mean-ms=0.4393 peak-call-ms=68.9220 calls=227
[pipeline-stage] SIM backdrop mean-ms=0.0025 peak-call-ms=0.0150 calls=227
[pipeline-stage] SIM terrain mean-ms=0.2850 peak-call-ms=62.4209 calls=227
[pipeline-stage] SIM depth pass mean-ms=0.0897 peak-call-ms=0.0707 calls=752
[pipeline-stage] SIM model project mean-ms=0.1376 peak-call-ms=31.1338 calls=227
[pipeline-stage] SIM depth submit mean-ms=0.2415 peak-call-ms=2.1497 calls=227
[pipeline-stage] SIM clouds mean-ms=0.2451 peak-call-ms=35.4624 calls=227
[pipeline-stage] world animation mean-ms=0.0498 peak-call-ms=3.8567 calls=3
[pipeline-stage] world transfer mean-ms=0.1027 peak-call-ms=6.8609 calls=63
[pipeline-stage] world prepare mean-ms=0.0927 peak-call-ms=18.8686 calls=454
[pipeline-stage] world atmosphere mean-ms=0.0589 peak-call-ms=0.3052 calls=227
[pipeline-work] ticks=0.28 repre=0.73 draws=27.0 vertices=971161 upload-MiB=0.588 depth-MiB=0.112 depth-copy-MiB=0.029 depth-copy-calls=0.02 jobs=0.03 helpers=0.07 fallback=0.00 failed=0.00 (per-present)
[pipeline-traffic] upload-calls=1.10 skipped=0.00 scan-MiB=0.682 upload-MiB=0.588 mirror-realloc=0.00 (per-present)
[pipeline-atlas] reuse=0.98 copy-MiB=0.282 copy-calls=0.02 (per-present; copies are GPU-only)
[pipeline-path] cpu-project=1.00 cpu-stage=0.00 gpu-reuse=2.00 publish=0.01 opt-out=0.00 limit=0.00 rejected=0.00 (events/present, not view fallbacks)
[widescreen] gf=374 $18=00 $19=09 -> WIDE clamp=00 mirror=00 repeat=00 bands=0/811c9dc5 normal=00 hud=0/0/0 left-only-y=0 bg-plan=0 source=none/none hle=00
[sim-worldmap] HLE built from sim state at gf=374 after world-navigation entry (0 tiles changed)
[world-navigation-capture] gf=374 fallback=forced-blank
[sim3d-view] gf=374 Sky Palace globe -> authentic (view fallback) (inactive, view=authentic_fallback, integrity=$0, mismatch=0 px) after 63 frame(s)
[sim3d-view] gf=375 authentic (view fallback) -> world navigation 3D (inactive, view=world_navigation, integrity=$0, mismatch=0 px) after 1 frame(s)
[warp] from $18=$00 $19=$09 staged region=$01 map=$01 ($1B/$1A/$FB set); transition processor should pick it up.
[world-navigation-capture] gf=402 fallback=forced-blank
[sim3d-view] gf=402 world navigation 3D -> authentic (view fallback) (inactive, view=authentic_fallback, integrity=$0, mismatch=0 px) after 27 frame(s)
[pipeline-perf] scene=Native/menu host=0 map=00/09 output=1280x800 frames=2254 fps=2252.2 cadence-ms=0.444 p95=0.782 max=9.519 refresh=3 vsync=0 cap=0 gpu-ms=unavailable
[pipeline-stage] events/input mean-ms=0.0559 peak-call-ms=8.2390 calls=2254
[pipeline-stage] emulation mean-ms=0.0027 peak-call-ms=0.9128 calls=61
[pipeline-stage] PPU + capture mean-ms=0.0032 peak-call-ms=0.1929 calls=61
[pipeline-stage] world map build mean-ms=0.0000 peak-call-ms=0.0021 calls=61
[pipeline-stage] SIM metadata mean-ms=0.0010 peak-call-ms=0.0573 calls=61
[pipeline-stage] town canvas mean-ms=0.0000 peak-call-ms=0.0013 calls=61
[pipeline-stage] frame snapshot mean-ms=0.0011 peak-call-ms=0.0752 calls=61
[pipeline-stage] upload mean-ms=0.0029 peak-call-ms=0.8464 calls=61
[pipeline-stage] presentation mean-ms=0.0352 peak-call-ms=0.2689 calls=2254
[pipeline-stage] CRT/resolve mean-ms=0.0260 peak-call-ms=0.2296 calls=4508
[pipeline-stage] host UI mean-ms=0.0042 peak-call-ms=0.1386 calls=2254
[pipeline-stage] settings UI mean-ms=0.0002 peak-call-ms=0.0061 calls=2254
[pipeline-stage] present/wait mean-ms=0.2849 peak-call-ms=3.4675 calls=2254
[pipeline-stage] pacing/sleep mean-ms=0.0002 peak-call-ms=0.0370 calls=2254
[pipeline-stage] housekeeping mean-ms=0.0000 peak-call-ms=0.0018 calls=61
[pipeline-stage] PPU setup mean-ms=0.0002 peak-call-ms=0.0754 calls=61
[pipeline-stage] PPU scanout mean-ms=0.0026 peak-call-ms=0.1670 calls=61
[pipeline-stage] PPU finish mean-ms=0.0000 peak-call-ms=0.0015 calls=61
[pipeline-work] ticks=0.03 repre=0.97 draws=0.0 vertices=0 upload-MiB=0.001 depth-MiB=0.000 depth-copy-MiB=0.000 depth-copy-calls=0.00 jobs=0.00 helpers=0.00 fallback=1.00 failed=0.00 (per-present)
[pipeline-traffic] upload-calls=0.00 skipped=0.00 scan-MiB=0.046 upload-MiB=0.001 mirror-realloc=0.00 (per-present)
[pipeline-atlas] reuse=0.00 copy-MiB=0.000 copy-calls=0.00 (per-present; copies are GPU-only)
[pipeline-path] cpu-project=0.00 cpu-stage=0.00 gpu-reuse=0.00 publish=0.00 opt-out=0.00 limit=0.00 rejected=0.00 (events/present, not view fallbacks)
[pipeline-perf] scene=Native/menu host=0 map=00/09 output=1280x800 frames=2217 fps=2215.0 cadence-ms=0.451 p95=1.030 max=9.381 refresh=3 vsync=0 cap=0 gpu-ms=unavailable
[pipeline-stage] events/input mean-ms=0.0493 peak-call-ms=8.2812 calls=2217
[pipeline-stage] emulation mean-ms=0.0016 peak-call-ms=1.2854 calls=60
[pipeline-stage] PPU + capture mean-ms=0.0039 peak-call-ms=0.2484 calls=60
[pipeline-stage] world map build mean-ms=0.0001 peak-call-ms=0.0102 calls=60
[pipeline-stage] SIM metadata mean-ms=0.0013 peak-call-ms=0.0936 calls=60
[pipeline-stage] town canvas mean-ms=0.0000 peak-call-ms=0.0169 calls=60
[pipeline-stage] frame snapshot mean-ms=0.0013 peak-call-ms=0.0650 calls=60
[pipeline-stage] upload mean-ms=0.0031 peak-call-ms=0.1723 calls=60
[pipeline-stage] presentation mean-ms=0.0350 peak-call-ms=0.2057 calls=2217
[pipeline-stage] CRT/resolve mean-ms=0.0258 peak-call-ms=0.1824 calls=4434
[pipeline-stage] host UI mean-ms=0.0044 peak-call-ms=0.1048 calls=2217
[pipeline-stage] settings UI mean-ms=0.0002 peak-call-ms=0.0985 calls=2217
[pipeline-stage] present/wait mean-ms=0.3001 peak-call-ms=1.7234 calls=2217
[pipeline-stage] pacing/sleep mean-ms=0.0002 peak-call-ms=0.0069 calls=2217
[pipeline-stage] housekeeping mean-ms=0.0000 peak-call-ms=0.0021 calls=60
[pipeline-stage] PPU setup mean-ms=0.0002 peak-call-ms=0.0074 calls=60
[pipeline-stage] PPU scanout mean-ms=0.0032 peak-call-ms=0.1744 calls=60
[pipeline-stage] PPU finish mean-ms=0.0000 peak-call-ms=0.0022 calls=60
[pipeline-work] ticks=0.03 repre=0.97 draws=0.0 vertices=0 upload-MiB=0.000 depth-MiB=0.000 depth-copy-MiB=0.000 depth-copy-calls=0.00 jobs=0.00 helpers=0.00 fallback=1.00 failed=0.00 (per-present)
[pipeline-traffic] upload-calls=0.00 skipped=0.00 scan-MiB=0.046 upload-MiB=0.000 mirror-realloc=0.00 (per-present)
[pipeline-atlas] reuse=0.00 copy-MiB=0.000 copy-calls=0.00 (per-present; copies are GPU-only)
[pipeline-path] cpu-project=0.00 cpu-stage=0.00 gpu-reuse=0.00 publish=0.00 opt-out=0.00 limit=0.00 rejected=0.00 (events/present, not view fallbacks)
[pipeline-perf] scene=Native/menu host=0 map=00/09 output=1280x800 frames=1962 fps=1960.7 cadence-ms=0.510 p95=1.156 max=9.413 refresh=3 vsync=0 cap=0 gpu-ms=unavailable
[pipeline-stage] events/input mean-ms=0.0547 peak-call-ms=8.2176 calls=1962
[pipeline-stage] emulation mean-ms=0.0026 peak-call-ms=1.0673 calls=60
[pipeline-stage] PPU + capture mean-ms=0.0047 peak-call-ms=0.2058 calls=60
[pipeline-stage] world map build mean-ms=0.0001 peak-call-ms=0.0400 calls=60
[pipeline-stage] SIM metadata mean-ms=0.0015 peak-call-ms=0.0701 calls=60
[pipeline-stage] town canvas mean-ms=0.0000 peak-call-ms=0.0018 calls=60
[pipeline-stage] frame snapshot mean-ms=0.0017 peak-call-ms=0.0719 calls=60
[pipeline-stage] upload mean-ms=0.0039 peak-call-ms=0.1836 calls=60
[pipeline-stage] presentation mean-ms=0.0368 peak-call-ms=0.4276 calls=1962
[pipeline-stage] CRT/resolve mean-ms=0.0272 peak-call-ms=0.1891 calls=3924
[pipeline-stage] host UI mean-ms=0.0044 peak-call-ms=0.0796 calls=1962
[pipeline-stage] settings UI mean-ms=0.0002 peak-call-ms=0.0014 calls=1962
[pipeline-stage] present/wait mean-ms=0.3476 peak-call-ms=2.1937 calls=1962
[pipeline-stage] pacing/sleep mean-ms=0.0002 peak-call-ms=0.0140 calls=1962
[pipeline-stage] housekeeping mean-ms=0.0000 peak-call-ms=0.0031 calls=60
[pipeline-stage] PPU setup mean-ms=0.0002 peak-call-ms=0.0079 calls=60
[pipeline-stage] PPU scanout mean-ms=0.0039 peak-call-ms=0.1799 calls=60
[pipeline-stage] PPU finish mean-ms=0.0000 peak-call-ms=0.0021 calls=60
[pipeline-work] ticks=0.03 repre=0.97 draws=0.0 vertices=0 upload-MiB=0.000 depth-MiB=0.000 depth-copy-MiB=0.000 depth-copy-calls=0.00 jobs=0.00 helpers=0.00 fallback=1.00 failed=0.00 (per-present)
[pipeline-traffic] upload-calls=0.00 skipped=0.00 scan-MiB=0.052 upload-MiB=0.000 mirror-realloc=0.00 (per-present)
[pipeline-atlas] reuse=0.00 copy-MiB=0.000 copy-calls=0.00 (per-present; copies are GPU-only)
[pipeline-path] cpu-project=0.00 cpu-stage=0.00 gpu-reuse=0.00 publish=0.00 opt-out=0.00 limit=0.00 rejected=0.00 (events/present, not view fallbacks)
[pipeline-perf] scene=Native/menu host=0 map=00/09 output=1280x800 frames=2009 fps=2007.6 cadence-ms=0.498 p95=1.030 max=9.424 refresh=3 vsync=0 cap=0 gpu-ms=unavailable
[pipeline-stage] events/input mean-ms=0.0527 peak-call-ms=8.1808 calls=2009
[pipeline-stage] emulation mean-ms=0.0029 peak-call-ms=1.0521 calls=60
[pipeline-stage] PPU + capture mean-ms=0.0046 peak-call-ms=0.1994 calls=60
[pipeline-stage] world map build mean-ms=0.0001 peak-call-ms=0.0103 calls=60
[pipeline-stage] SIM metadata mean-ms=0.0016 peak-call-ms=0.0973 calls=60
[pipeline-stage] town canvas mean-ms=0.0000 peak-call-ms=0.0024 calls=60
[pipeline-stage] frame snapshot mean-ms=0.0017 peak-call-ms=0.0780 calls=60
[pipeline-stage] upload mean-ms=0.0041 peak-call-ms=0.1970 calls=60
[pipeline-stage] presentation mean-ms=0.0361 peak-call-ms=0.2373 calls=2009
[pipeline-stage] CRT/resolve mean-ms=0.0266 peak-call-ms=0.2043 calls=4018
[pipeline-stage] host UI mean-ms=0.0044 peak-call-ms=0.0399 calls=2009
[pipeline-stage] settings UI mean-ms=0.0002 peak-call-ms=0.0085 calls=2009
[pipeline-stage] present/wait mean-ms=0.3408 peak-call-ms=1.6084 calls=2009
[pipeline-stage] pacing/sleep mean-ms=0.0002 peak-call-ms=0.0367 calls=2009
[pipeline-stage] housekeeping mean-ms=0.0000 peak-call-ms=0.0062 calls=60
[pipeline-stage] PPU setup mean-ms=0.0002 peak-call-ms=0.0093 calls=60
[pipeline-stage] PPU scanout mean-ms=0.0038 peak-call-ms=0.1623 calls=60
[pipeline-stage] PPU finish mean-ms=0.0000 peak-call-ms=0.0029 calls=60
[pipeline-work] ticks=0.03 repre=0.97 draws=0.0 vertices=0 upload-MiB=0.000 depth-MiB=0.000 depth-copy-MiB=0.000 depth-copy-calls=0.00 jobs=0.00 helpers=0.00 fallback=1.00 failed=0.00 (per-present)
[pipeline-traffic] upload-calls=0.00 skipped=0.00 scan-MiB=0.051 upload-MiB=0.000 mirror-realloc=0.00 (per-present)
[pipeline-atlas] reuse=0.00 copy-MiB=0.000 copy-calls=0.00 (per-present; copies are GPU-only)
[pipeline-path] cpu-project=0.00 cpu-stage=0.00 gpu-reuse=0.00 publish=0.00 opt-out=0.00 limit=0.00 rejected=0.00 (events/present, not view fallbacks)
[pipeline-perf] scene=Native/menu host=0 map=00/09 output=1280x800 frames=2091 fps=2089.2 cadence-ms=0.479 p95=0.978 max=9.538 refresh=3 vsync=0 cap=0 gpu-ms=unavailable
[pipeline-stage] events/input mean-ms=0.0506 peak-call-ms=8.2694 calls=2091
[pipeline-stage] emulation mean-ms=0.0028 peak-call-ms=1.3030 calls=61
[pipeline-stage] PPU + capture mean-ms=0.0043 peak-call-ms=0.1819 calls=61
[pipeline-stage] world map build mean-ms=0.0001 peak-call-ms=0.0046 calls=61
[pipeline-stage] SIM metadata mean-ms=0.0015 peak-call-ms=0.1153 calls=61
[pipeline-stage] town canvas mean-ms=0.0000 peak-call-ms=0.0112 calls=61
[pipeline-stage] frame snapshot mean-ms=0.0015 peak-call-ms=0.0961 calls=61
[pipeline-stage] upload mean-ms=0.0037 peak-call-ms=0.1774 calls=61
[pipeline-stage] presentation mean-ms=0.0353 peak-call-ms=0.2692 calls=2091
[pipeline-stage] CRT/resolve mean-ms=0.0262 peak-call-ms=0.2596 calls=4182
[pipeline-stage] host UI mean-ms=0.0043 peak-call-ms=0.0200 calls=2091
[pipeline-stage] settings UI mean-ms=0.0002 peak-call-ms=0.0129 calls=2091
[pipeline-stage] present/wait mean-ms=0.3252 peak-call-ms=2.4205 calls=2091
[pipeline-stage] pacing/sleep mean-ms=0.0002 peak-call-ms=0.0011 calls=2091
[pipeline-stage] housekeeping mean-ms=0.0000 peak-call-ms=0.0023 calls=61
[pipeline-stage] PPU setup mean-ms=0.0002 peak-call-ms=0.0122 calls=61
[pipeline-stage] PPU scanout mean-ms=0.0036 peak-call-ms=0.1566 calls=61
[pipeline-stage] PPU finish mean-ms=0.0000 peak-call-ms=0.0033 calls=61
[pipeline-work] ticks=0.03 repre=0.97 draws=0.0 vertices=0 upload-MiB=0.000 depth-MiB=0.000 depth-copy-MiB=0.000 depth-copy-calls=0.00 jobs=0.00 helpers=0.00 fallback=1.00 failed=0.00 (per-present)
[pipeline-traffic] upload-calls=0.00 skipped=0.00 scan-MiB=0.049 upload-MiB=0.000 mirror-realloc=0.00 (per-present)
[pipeline-atlas] reuse=0.00 copy-MiB=0.000 copy-calls=0.00 (per-present; copies are GPU-only)
[pipeline-path] cpu-project=0.00 cpu-stage=0.00 gpu-reuse=0.00 publish=0.00 opt-out=0.00 limit=0.00 rejected=0.00 (events/present, not view fallbacks)
[music] stop [music:song-01] (driver halt $F0)
[action-bg-hle] full world-layer provider enabled
[action-bg-hle] fallback=forced-blank map=01/01 BG1
[widescreen] gf=402 $18=01 $19=01 -> WIDE clamp=00 mirror=00 repeat=00 bands=0/811c9dc5 normal=00 hud=40/88/168 left-only-y=28 bg-plan=1 source=world/world hle=00
[sim3d-view] gf=402 authentic (view fallback) -> none (inactive, view=none, integrity=$0, mismatch=0 px) after 0 frame(s)
[act-enter] $18=01 $19=01 at game-frame 402
[music] src=18:947F song=01 -> [music:song-00] game-assets/audio/fillmore.ogg
[action-room-scene] ROM-derived world source enabled
[widescreen] gf=403 $18=01 $19=01 -> WIDE clamp=00 mirror=00 repeat=00 bands=0/811c9dc5 normal=00 hud=40/88/168 left-only-y=28 bg-plan=1 source=world/world hle=03
[gpu-fx] blur shader ready
[gpu-fx] DOF shader ready
[gpu-fx] rim light shader ready
[pipeline-perf] scene=Action 3D host=0 map=01/01 output=1280x800 frames=532 fps=530.5 cadence-ms=1.885 p95=10.057 max=25.625 refresh=3 vsync=0 cap=0 gpu-ms=unavailable
[pipeline-stage] events/input mean-ms=0.0688 peak-call-ms=8.2311 calls=532
[pipeline-stage] emulation mean-ms=0.0454 peak-call-ms=7.6829 calls=61
[pipeline-stage] PPU + capture mean-ms=0.7082 peak-call-ms=8.5913 calls=61
[pipeline-stage] world map build mean-ms=0.0001 peak-call-ms=0.0011 calls=61
[pipeline-stage] SIM metadata mean-ms=0.0030 peak-call-ms=0.0427 calls=61
[pipeline-stage] town canvas mean-ms=0.0001 peak-call-ms=0.0020 calls=61
[pipeline-stage] frame snapshot mean-ms=0.0071 peak-call-ms=0.1162 calls=61
[pipeline-stage] upload mean-ms=0.1965 peak-call-ms=5.3180 calls=61
[pipeline-stage] presentation mean-ms=0.1890 peak-call-ms=10.3506 calls=532
[pipeline-stage] CRT/resolve mean-ms=0.0142 peak-call-ms=0.1500 calls=1064
[pipeline-stage] host UI mean-ms=0.0050 peak-call-ms=0.0301 calls=532
[pipeline-stage] settings UI mean-ms=0.0003 peak-call-ms=0.0016 calls=532
[pipeline-stage] present/wait mean-ms=0.6260 peak-call-ms=2.2120 calls=532
[pipeline-stage] pacing/sleep mean-ms=0.0004 peak-call-ms=0.0161 calls=532
[pipeline-stage] housekeeping mean-ms=0.0002 peak-call-ms=0.0026 calls=61
[pipeline-stage] PPU setup mean-ms=0.0062 peak-call-ms=1.0151 calls=61
[pipeline-stage] PPU scanout mean-ms=0.6940 peak-call-ms=7.5424 calls=61
[pipeline-stage] PPU finish mean-ms=0.0007 peak-call-ms=0.0081 calls=61
[pipeline-stage] action total mean-ms=0.1665 peak-call-ms=10.2055 calls=314
[pipeline-stage] action upload mean-ms=0.1061 peak-call-ms=4.1882 calls=61
[pipeline-stage] action analysis mean-ms=0.0001 peak-call-ms=0.0015 calls=61
[pipeline-stage] action setup mean-ms=0.0061 peak-call-ms=1.0124 calls=61
[pipeline-stage] action scanout mean-ms=0.6939 peak-call-ms=7.5417 calls=61
[pipeline-stage] action finish mean-ms=0.0007 peak-call-ms=0.0077 calls=61
[pipeline-stage] action host-post mean-ms=0.0060 peak-call-ms=0.0992 calls=61
[pipeline-stage] action synthesis mean-ms=0.0004 peak-call-ms=0.0015 calls=314
[pipeline-stage] action mesh mean-ms=0.0037 peak-call-ms=0.0176 calls=1570
[pipeline-stage] action supersample mean-ms=0.0158 peak-call-ms=0.3084 calls=314
[pipeline-stage] action DOF mean-ms=0.0316 peak-call-ms=0.2658 calls=314
[pipeline-stage] action submit mean-ms=0.0098 peak-call-ms=0.0378 calls=2224
[pipeline-stage] action callback mean-ms=0.0004 peak-call-ms=0.0006 calls=1570
[pipeline-work] ticks=0.11 repre=0.89 draws=4.2 vertices=292 upload-MiB=0.109 depth-MiB=0.000 depth-copy-MiB=0.000 depth-copy-calls=0.00 jobs=0.00 helpers=0.00 fallback=0.00 failed=0.00 (per-present)
[pipeline-traffic] upload-calls=0.44 skipped=0.19 scan-MiB=0.865 upload-MiB=0.109 mirror-realloc=0.01 (per-present)
[pipeline-atlas] reuse=0.00 copy-MiB=0.000 copy-calls=0.00 (per-present; copies are GPU-only)
[pipeline-path] cpu-project=0.00 cpu-stage=0.00 gpu-reuse=0.00 publish=0.00 opt-out=0.00 limit=0.00 rejected=0.00 (events/present, not view fallbacks)
[pipeline-perf] scene=Action 3D host=0 map=01/01 output=1280x800 frames=397 fps=395.6 cadence-ms=2.528 p95=9.864 max=18.270 refresh=3 vsync=0 cap=0 gpu-ms=unavailable
[pipeline-stage] events/input mean-ms=0.0525 peak-call-ms=8.5656 calls=397
[pipeline-stage] emulation mean-ms=0.0370 peak-call-ms=1.4314 calls=61
[pipeline-stage] PPU + capture mean-ms=1.0532 peak-call-ms=7.4901 calls=61
[pipeline-stage] world map build mean-ms=0.0001 peak-call-ms=0.0007 calls=61
[pipeline-stage] SIM metadata mean-ms=0.0038 peak-call-ms=0.0356 calls=61
[pipeline-stage] town canvas mean-ms=0.0002 peak-call-ms=0.0019 calls=61
[pipeline-stage] frame snapshot mean-ms=0.0089 peak-call-ms=0.0733 calls=61
[pipeline-stage] upload mean-ms=0.2193 peak-call-ms=2.2368 calls=61
[pipeline-stage] presentation mean-ms=0.2733 peak-call-ms=1.6152 calls=397
[pipeline-stage] CRT/resolve mean-ms=0.0124 peak-call-ms=0.0351 calls=794
[pipeline-stage] host UI mean-ms=0.0054 peak-call-ms=0.0406 calls=397
[pipeline-stage] settings UI mean-ms=0.0004 peak-call-ms=0.0014 calls=397
[pipeline-stage] present/wait mean-ms=0.8286 peak-call-ms=2.5096 calls=397
[pipeline-stage] pacing/sleep mean-ms=0.0004 peak-call-ms=0.0013 calls=397
[pipeline-stage] housekeeping mean-ms=0.0002 peak-call-ms=0.0029 calls=61
[pipeline-stage] PPU setup mean-ms=0.0061 peak-call-ms=0.0666 calls=61
[pipeline-stage] PPU scanout mean-ms=1.0399 peak-call-ms=7.4073 calls=61
[pipeline-stage] PPU finish mean-ms=0.0010 peak-call-ms=0.0084 calls=61
[pipeline-stage] action total mean-ms=0.2526 peak-call-ms=1.5816 calls=397
[pipeline-stage] action upload mean-ms=0.1244 peak-call-ms=1.3391 calls=61
[pipeline-stage] action analysis mean-ms=0.0001 peak-call-ms=0.0018 calls=61
[pipeline-stage] action setup mean-ms=0.0060 peak-call-ms=0.0661 calls=61
[pipeline-stage] action scanout mean-ms=1.0398 peak-call-ms=7.4066 calls=61
[pipeline-stage] action finish mean-ms=0.0009 peak-call-ms=0.0080 calls=61
[pipeline-stage] action host-post mean-ms=0.0074 peak-call-ms=0.0610 calls=61
[pipeline-stage] action synthesis mean-ms=0.0006 peak-call-ms=0.0025 calls=397
[pipeline-stage] action mesh mean-ms=0.0065 peak-call-ms=0.0785 calls=1985
[pipeline-stage] action supersample mean-ms=0.0244 peak-call-ms=0.0643 calls=397
[pipeline-stage] action DOF mean-ms=0.0598 peak-call-ms=1.3654 calls=397
[pipeline-stage] action submit mean-ms=0.0165 peak-call-ms=0.0235 calls=2796
[pipeline-stage] action callback mean-ms=0.0006 peak-call-ms=0.0007 calls=1985
[pipeline-work] ticks=0.15 repre=0.85 draws=7.0 vertices=494 upload-MiB=0.090 depth-MiB=0.000 depth-copy-MiB=0.000 depth-copy-calls=0.00 jobs=0.00 helpers=0.00 fallback=0.00 failed=0.00 (per-present)
[pipeline-traffic] upload-calls=0.45 skipped=0.37 scan-MiB=1.292 upload-MiB=0.090 mirror-realloc=0.00 (per-present)
[pipeline-atlas] reuse=0.00 copy-MiB=0.000 copy-calls=0.00 (per-present; copies are GPU-only)
[pipeline-path] cpu-project=0.00 cpu-stage=0.00 gpu-reuse=0.00 publish=0.00 opt-out=0.00 limit=0.00 rejected=0.00 (events/present, not view fallbacks)
[pipeline-perf] scene=Action 3D host=0 map=01/01 output=1280x800 frames=396 fps=394.7 cadence-ms=2.533 p95=9.985 max=18.153 refresh=3 vsync=0 cap=0 gpu-ms=unavailable
[pipeline-stage] events/input mean-ms=0.0701 peak-call-ms=8.2254 calls=396
[pipeline-stage] emulation mean-ms=0.0479 peak-call-ms=1.6000 calls=60
[pipeline-stage] PPU + capture mean-ms=1.0417 peak-call-ms=7.5067 calls=60
[pipeline-stage] world map build mean-ms=0.0001 peak-call-ms=0.0008 calls=60
[pipeline-stage] SIM metadata mean-ms=0.0038 peak-call-ms=0.0500 calls=60
[pipeline-stage] town canvas mean-ms=0.0002 peak-call-ms=0.0019 calls=60
[pipeline-stage] frame snapshot mean-ms=0.0087 peak-call-ms=0.0748 calls=60
[pipeline-stage] upload mean-ms=0.2292 peak-call-ms=3.1541 calls=60
[pipeline-stage] presentation mean-ms=0.2652 peak-call-ms=1.6268 calls=396
[pipeline-stage] CRT/resolve mean-ms=0.0120 peak-call-ms=0.0552 calls=792
[pipeline-stage] host UI mean-ms=0.0051 peak-call-ms=0.0206 calls=396
[pipeline-stage] settings UI mean-ms=0.0004 peak-call-ms=0.0012 calls=396
[pipeline-stage] present/wait mean-ms=0.7949 peak-call-ms=2.8874 calls=396
[pipeline-stage] pacing/sleep mean-ms=0.0004 peak-call-ms=0.0012 calls=396
[pipeline-stage] housekeeping mean-ms=0.0002 peak-call-ms=0.0039 calls=60
[pipeline-stage] PPU setup mean-ms=0.0062 peak-call-ms=0.0607 calls=60
[pipeline-stage] PPU scanout mean-ms=1.0279 peak-call-ms=7.3935 calls=60
[pipeline-stage] PPU finish mean-ms=0.0009 peak-call-ms=0.0088 calls=60
[pipeline-stage] action total mean-ms=0.2454 peak-call-ms=1.5978 calls=396
[pipeline-stage] action upload mean-ms=0.1354 peak-call-ms=2.6862 calls=60
[pipeline-stage] action analysis mean-ms=0.0001 peak-call-ms=0.0012 calls=60
[pipeline-stage] action setup mean-ms=0.0061 peak-call-ms=0.0599 calls=60
[pipeline-stage] action scanout mean-ms=1.0278 peak-call-ms=7.3926 calls=60
[pipeline-stage] action finish mean-ms=0.0009 peak-call-ms=0.0085 calls=60
[pipeline-stage] action host-post mean-ms=0.0074 peak-call-ms=0.0969 calls=60
[pipeline-stage] action synthesis mean-ms=0.0006 peak-call-ms=0.0018 calls=396
[pipeline-stage] action mesh mean-ms=0.0061 peak-call-ms=0.0413 calls=1980
[pipeline-stage] action supersample mean-ms=0.0240 peak-call-ms=0.0963 calls=396
[pipeline-stage] action DOF mean-ms=0.0522 peak-call-ms=0.1777 calls=396
[pipeline-stage] action submit mean-ms=0.0160 peak-call-ms=0.0455 calls=2788
[pipeline-stage] action callback mean-ms=0.0006 peak-call-ms=0.0159 calls=1980
[pipeline-work] ticks=0.15 repre=0.85 draws=7.0 vertices=494 upload-MiB=0.084 depth-MiB=0.000 depth-copy-MiB=0.000 depth-copy-calls=0.00 jobs=0.00 helpers=0.00 fallback=0.00 failed=0.00 (per-present)
[pipeline-traffic] upload-calls=0.43 skipped=0.37 scan-MiB=1.272 upload-MiB=0.084 mirror-realloc=0.00 (per-present)
[pipeline-atlas] reuse=0.00 copy-MiB=0.000 copy-calls=0.00 (per-present; copies are GPU-only)
[pipeline-path] cpu-project=0.00 cpu-stage=0.00 gpu-reuse=0.00 publish=0.00 opt-out=0.00 limit=0.00 rejected=0.00 (events/present, not view fallbacks)
[pipeline-perf] scene=Action 3D host=0 map=01/01 output=1280x800 frames=382 fps=378.3 cadence-ms=2.643 p95=9.769 max=18.185 refresh=3 vsync=0 cap=0 gpu-ms=unavailable
[pipeline-stage] events/input mean-ms=0.0731 peak-call-ms=8.2334 calls=382
[pipeline-stage] emulation mean-ms=0.0549 peak-call-ms=2.0332 calls=61
[pipeline-stage] PPU + capture mean-ms=1.1124 peak-call-ms=7.7479 calls=61
[pipeline-stage] world map build mean-ms=0.0001 peak-call-ms=0.0014 calls=61
[pipeline-stage] SIM metadata mean-ms=0.0042 peak-call-ms=0.0469 calls=61
[pipeline-stage] town canvas mean-ms=0.0002 peak-call-ms=0.0015 calls=61
[pipeline-stage] frame snapshot mean-ms=0.0096 peak-call-ms=0.1141 calls=61
[pipeline-stage] upload mean-ms=0.1956 peak-call-ms=2.8409 calls=61
[pipeline-stage] presentation mean-ms=0.2782 peak-call-ms=1.5696 calls=382
[pipeline-stage] CRT/resolve mean-ms=0.0124 peak-call-ms=0.0516 calls=764
[pipeline-stage] host UI mean-ms=0.0053 peak-call-ms=0.0348 calls=382
[pipeline-stage] settings UI mean-ms=0.0004 peak-call-ms=0.0017 calls=382
[pipeline-stage] present/wait mean-ms=0.8402 peak-call-ms=2.5794 calls=382
[pipeline-stage] pacing/sleep mean-ms=0.0005 peak-call-ms=0.0297 calls=382
[pipeline-stage] housekeeping mean-ms=0.0002 peak-call-ms=0.0032 calls=61
[pipeline-stage] PPU setup mean-ms=0.0065 peak-call-ms=0.0618 calls=61
[pipeline-stage] PPU scanout mean-ms=1.0982 peak-call-ms=7.6627 calls=61
[pipeline-stage] PPU finish mean-ms=0.0010 peak-call-ms=0.0131 calls=61
[pipeline-stage] action total mean-ms=0.2575 peak-call-ms=1.5406 calls=382
[pipeline-stage] action upload mean-ms=0.1151 peak-call-ms=2.3912 calls=61
[pipeline-stage] action analysis mean-ms=0.0001 peak-call-ms=0.0077 calls=61
[pipeline-stage] action setup mean-ms=0.0064 peak-call-ms=0.0616 calls=61
[pipeline-stage] action scanout mean-ms=1.0980 peak-call-ms=7.6621 calls=61
[pipeline-stage] action finish mean-ms=0.0010 peak-call-ms=0.0126 calls=61
[pipeline-stage] action host-post mean-ms=0.0082 peak-call-ms=0.0819 calls=61
[pipeline-stage] action synthesis mean-ms=0.0008 peak-call-ms=0.0341 calls=382
[pipeline-stage] action mesh mean-ms=0.0064 peak-call-ms=0.0196 calls=1910
[pipeline-stage] action supersample mean-ms=0.0248 peak-call-ms=0.0694 calls=382
[pipeline-stage] action DOF mean-ms=0.0604 peak-call-ms=1.1995 calls=382
[pipeline-stage] action submit mean-ms=0.0194 peak-call-ms=1.2165 calls=2674
[pipeline-stage] action callback mean-ms=0.0006 peak-call-ms=0.0006 calls=1910
[pipeline-work] ticks=0.16 repre=0.84 draws=7.0 vertices=494 upload-MiB=0.017 depth-MiB=0.000 depth-copy-MiB=0.000 depth-copy-calls=0.00 jobs=0.00 helpers=0.00 fallback=0.00 failed=0.00 (per-present)
[pipeline-traffic] upload-calls=0.33 skipped=0.48 scan-MiB=1.340 upload-MiB=0.017 mirror-realloc=0.00 (per-present)
[pipeline-atlas] reuse=0.00 copy-MiB=0.000 copy-calls=0.00 (per-present; copies are GPU-only)
[pipeline-path] cpu-project=0.00 cpu-stage=0.00 gpu-reuse=0.00 publish=0.00 opt-out=0.00 limit=0.00 rejected=0.00 (events/present, not view fallbacks)
[pipeline-perf] scene=Action 3D host=0 map=01/01 output=1280x800 frames=381 fps=379.9 cadence-ms=2.633 p95=9.226 max=18.277 refresh=3 vsync=0 cap=0 gpu-ms=unavailable
[pipeline-stage] events/input mean-ms=0.0742 peak-call-ms=8.7855 calls=381
[pipeline-stage] emulation mean-ms=0.0697 peak-call-ms=2.2140 calls=60
[pipeline-stage] PPU + capture mean-ms=1.0782 peak-call-ms=7.5243 calls=60
[pipeline-stage] world map build mean-ms=0.0001 peak-call-ms=0.0008 calls=60
[pipeline-stage] SIM metadata mean-ms=0.0040 peak-call-ms=0.0462 calls=60
[pipeline-stage] town canvas mean-ms=0.0002 peak-call-ms=0.0016 calls=60
[pipeline-stage] frame snapshot mean-ms=0.0093 peak-call-ms=0.0706 calls=60
[pipeline-stage] upload mean-ms=0.1815 peak-call-ms=1.2773 calls=60
[pipeline-stage] presentation mean-ms=0.2613 peak-call-ms=0.7730 calls=381
[pipeline-stage] CRT/resolve mean-ms=0.0122 peak-call-ms=0.0354 calls=762
[pipeline-stage] host UI mean-ms=0.0053 peak-call-ms=0.0234 calls=381
[pipeline-stage] settings UI mean-ms=0.0004 peak-call-ms=0.0011 calls=381
[pipeline-stage] present/wait mean-ms=0.8808 peak-call-ms=2.5202 calls=381
[pipeline-stage] pacing/sleep mean-ms=0.0004 peak-call-ms=0.0011 calls=381
[pipeline-stage] housekeeping mean-ms=0.0002 peak-call-ms=0.0026 calls=60
[pipeline-stage] PPU setup mean-ms=0.0063 peak-call-ms=0.0595 calls=60
[pipeline-stage] PPU scanout mean-ms=1.0646 peak-call-ms=7.4118 calls=60
[pipeline-stage] PPU finish mean-ms=0.0010 peak-call-ms=0.0077 calls=60
[pipeline-stage] action total mean-ms=0.2408 peak-call-ms=0.7418 calls=381
[pipeline-stage] action upload mean-ms=0.1056 peak-call-ms=0.7505 calls=60
[pipeline-stage] action analysis mean-ms=0.0001 peak-call-ms=0.0012 calls=60
[pipeline-stage] action setup mean-ms=0.0062 peak-call-ms=0.0589 calls=60
[pipeline-stage] action scanout mean-ms=1.0645 peak-call-ms=7.4111 calls=60
[pipeline-stage] action finish mean-ms=0.0009 peak-call-ms=0.0072 calls=60
[pipeline-stage] action host-post mean-ms=0.0078 peak-call-ms=0.0733 calls=60
[pipeline-stage] action synthesis mean-ms=0.0006 peak-call-ms=0.0017 calls=381
[pipeline-stage] action mesh mean-ms=0.0062 peak-call-ms=0.0235 calls=1905
[pipeline-stage] action supersample mean-ms=0.0240 peak-call-ms=0.0625 calls=381
[pipeline-stage] action DOF mean-ms=0.0561 peak-call-ms=0.1288 calls=381
[pipeline-stage] action submit mean-ms=0.0158 peak-call-ms=0.0203 calls=2667
[pipeline-stage] action callback mean-ms=0.0006 peak-call-ms=0.0006 calls=1905
[pipeline-work] ticks=0.16 repre=0.84 draws=7.0 vertices=494 upload-MiB=0.017 depth-MiB=0.000 depth-copy-MiB=0.000 depth-copy-calls=0.00 jobs=0.00 helpers=0.00 fallback=0.00 failed=0.00 (per-present)
[pipeline-traffic] upload-calls=0.32 skipped=0.47 scan-MiB=1.319 upload-MiB=0.017 mirror-realloc=0.00 (per-present)
[pipeline-atlas] reuse=0.00 copy-MiB=0.000 copy-calls=0.00 (per-present; copies are GPU-only)
[pipeline-path] cpu-project=0.00 cpu-stage=0.00 gpu-reuse=0.00 publish=0.00 opt-out=0.00 limit=0.00 rejected=0.00 (events/present, not view fallbacks)
[pipeline-perf] scene=Action 3D host=0 map=01/01 output=1280x800 frames=406 fps=404.8 cadence-ms=2.470 p95=9.212 max=17.524 refresh=3 vsync=0 cap=0 gpu-ms=unavailable
[pipeline-stage] events/input mean-ms=0.0656 peak-call-ms=7.8450 calls=406
[pipeline-stage] emulation mean-ms=0.0459 peak-call-ms=1.8365 calls=60
[pipeline-stage] PPU + capture mean-ms=1.0145 peak-call-ms=7.7577 calls=60
[pipeline-stage] world map build mean-ms=0.0001 peak-call-ms=0.0008 calls=60
[pipeline-stage] SIM metadata mean-ms=0.0037 peak-call-ms=0.0530 calls=60
[pipeline-stage] town canvas mean-ms=0.0002 peak-call-ms=0.0019 calls=60
[pipeline-stage] frame snapshot mean-ms=0.0087 peak-call-ms=0.0920 calls=60
[pipeline-stage] upload mean-ms=0.1730 peak-call-ms=1.7950 calls=60
[pipeline-stage] presentation mean-ms=0.2533 peak-call-ms=1.3300 calls=406
[pipeline-stage] CRT/resolve mean-ms=0.0116 peak-call-ms=0.0288 calls=812
[pipeline-stage] host UI mean-ms=0.0052 peak-call-ms=0.0258 calls=406
[pipeline-stage] settings UI mean-ms=0.0004 peak-call-ms=0.0191 calls=406
[pipeline-stage] present/wait mean-ms=0.8375 peak-call-ms=2.5635 calls=406
[pipeline-stage] pacing/sleep mean-ms=0.0004 peak-call-ms=0.0011 calls=406
[pipeline-stage] housekeeping mean-ms=0.0002 peak-call-ms=0.0029 calls=60
[pipeline-stage] PPU setup mean-ms=0.0059 peak-call-ms=0.0529 calls=60
[pipeline-stage] PPU scanout mean-ms=1.0013 peak-call-ms=7.6727 calls=60
[pipeline-stage] PPU finish mean-ms=0.0010 peak-call-ms=0.0314 calls=60
[pipeline-stage] action total mean-ms=0.2337 peak-call-ms=1.2993 calls=406
[pipeline-stage] action upload mean-ms=0.1002 peak-call-ms=0.7932 calls=60
[pipeline-stage] action analysis mean-ms=0.0001 peak-call-ms=0.0011 calls=60
[pipeline-stage] action setup mean-ms=0.0058 peak-call-ms=0.0520 calls=60
[pipeline-stage] action scanout mean-ms=1.0012 peak-call-ms=7.6717 calls=60
[pipeline-stage] action finish mean-ms=0.0009 peak-call-ms=0.0311 calls=60
[pipeline-stage] action host-post mean-ms=0.0073 peak-call-ms=0.1009 calls=60
[pipeline-stage] action synthesis mean-ms=0.0006 peak-call-ms=0.0016 calls=406
[pipeline-stage] action mesh mean-ms=0.0060 peak-call-ms=0.0159 calls=2030
[pipeline-stage] action supersample mean-ms=0.0231 peak-call-ms=0.0413 calls=406
[pipeline-stage] action DOF mean-ms=0.0534 peak-call-ms=0.1166 calls=406
[pipeline-stage] action submit mean-ms=0.0154 peak-call-ms=0.0357 calls=2842
[pipeline-stage] action callback mean-ms=0.0006 peak-call-ms=0.0065 calls=2030
[pipeline-work] ticks=0.15 repre=0.85 draws=7.0 vertices=494 upload-MiB=0.014 depth-MiB=0.000 depth-copy-MiB=0.000 depth-copy-calls=0.00 jobs=0.00 helpers=0.00 fallback=0.00 failed=0.00 (per-present)
[pipeline-traffic] upload-calls=0.30 skipped=0.44 scan-MiB=1.238 upload-MiB=0.014 mirror-realloc=0.00 (per-present)
[pipeline-atlas] reuse=0.00 copy-MiB=0.000 copy-calls=0.00 (per-present; copies are GPU-only)
[pipeline-path] cpu-project=0.00 cpu-stage=0.00 gpu-reuse=0.00 publish=0.00 opt-out=0.00 limit=0.00 rejected=0.00 (events/present, not view fallbacks)
[pipeline-perf] scene=Action 3D host=0 map=01/01 output=1280x800 frames=385 fps=381.1 cadence-ms=2.624 p95=9.986 max=18.726 refresh=3 vsync=0 cap=0 gpu-ms=unavailable
[pipeline-stage] events/input mean-ms=0.0710 peak-call-ms=8.2840 calls=385
[pipeline-stage] emulation mean-ms=0.0556 peak-call-ms=2.0122 calls=61
[pipeline-stage] PPU + capture mean-ms=1.1321 peak-call-ms=8.5527 calls=61
[pipeline-stage] world map build mean-ms=0.0001 peak-call-ms=0.0008 calls=61
[pipeline-stage] SIM metadata mean-ms=0.0041 peak-call-ms=0.0708 calls=61
[pipeline-stage] town canvas mean-ms=0.0002 peak-call-ms=0.0020 calls=61
[pipeline-stage] frame snapshot mean-ms=0.0093 peak-call-ms=0.0968 calls=61
[pipeline-stage] upload mean-ms=0.1928 peak-call-ms=2.5235 calls=61
[pipeline-stage] presentation mean-ms=0.2753 peak-call-ms=1.6159 calls=385
[pipeline-stage] CRT/resolve mean-ms=0.0126 peak-call-ms=0.0346 calls=770
[pipeline-stage] host UI mean-ms=0.0054 peak-call-ms=0.0294 calls=385
[pipeline-stage] settings UI mean-ms=0.0004 peak-call-ms=0.0025 calls=385
[pipeline-stage] present/wait mean-ms=0.8102 peak-call-ms=2.4681 calls=385
[pipeline-stage] pacing/sleep mean-ms=0.0004 peak-call-ms=0.0156 calls=385
[pipeline-stage] housekeeping mean-ms=0.0002 peak-call-ms=0.0025 calls=61
[pipeline-stage] PPU setup mean-ms=0.0063 peak-call-ms=0.0562 calls=61
[pipeline-stage] PPU scanout mean-ms=1.1182 peak-call-ms=8.4511 calls=61
[pipeline-stage] PPU finish mean-ms=0.0010 peak-call-ms=0.0090 calls=61
[pipeline-stage] action total mean-ms=0.2542 peak-call-ms=1.5882 calls=385
[pipeline-stage] action upload mean-ms=0.1106 peak-call-ms=0.9143 calls=61
[pipeline-stage] action analysis mean-ms=0.0001 peak-call-ms=0.0019 calls=61
[pipeline-stage] action setup mean-ms=0.0063 peak-call-ms=0.0556 calls=61
[pipeline-stage] action scanout mean-ms=1.1181 peak-call-ms=8.4503 calls=61
[pipeline-stage] action finish mean-ms=0.0010 peak-call-ms=0.0088 calls=61
[pipeline-stage] action host-post mean-ms=0.0082 peak-call-ms=0.0969 calls=61
[pipeline-stage] action synthesis mean-ms=0.0006 peak-call-ms=0.0105 calls=385
[pipeline-stage] action mesh mean-ms=0.0098 peak-call-ms=1.2618 calls=1925
[pipeline-stage] action supersample mean-ms=0.0250 peak-call-ms=0.0545 calls=385
[pipeline-stage] action DOF mean-ms=0.0572 peak-call-ms=0.1711 calls=385
[pipeline-stage] action submit mean-ms=0.0166 peak-call-ms=0.0224 calls=2695
[pipeline-stage] action callback mean-ms=0.0006 peak-call-ms=0.0007 calls=1925
[pipeline-work] ticks=0.16 repre=0.84 draws=7.0 vertices=494 upload-MiB=0.017 depth-MiB=0.000 depth-copy-MiB=0.000 depth-copy-calls=0.00 jobs=0.00 helpers=0.00 fallback=0.00 failed=0.00 (per-present)
[pipeline-traffic] upload-calls=0.32 skipped=0.48 scan-MiB=1.332 upload-MiB=0.017 mirror-realloc=0.00 (per-present)
[pipeline-atlas] reuse=0.00 copy-MiB=0.000 copy-calls=0.00 (per-present; copies are GPU-only)
[pipeline-path] cpu-project=0.00 cpu-stage=0.00 gpu-reuse=0.00 publish=0.00 opt-out=0.00 limit=0.00 rejected=0.00 (events/present, not view fallbacks)
[pipeline-perf] scene=Action 3D host=0 map=01/01 output=1280x800 frames=377 fps=375.6 cadence-ms=2.662 p95=9.713 max=18.255 refresh=3 vsync=0 cap=0 gpu-ms=unavailable
[pipeline-stage] events/input mean-ms=0.0731 peak-call-ms=8.2148 calls=377
[pipeline-stage] emulation mean-ms=0.0491 peak-call-ms=1.8514 calls=60
[pipeline-stage] PPU + capture mean-ms=1.1190 peak-call-ms=7.7436 calls=60
[pipeline-stage] world map build mean-ms=0.0001 peak-call-ms=0.0009 calls=60
[pipeline-stage] SIM metadata mean-ms=0.0040 peak-call-ms=0.0438 calls=60
[pipeline-stage] town canvas mean-ms=0.0002 peak-call-ms=0.0020 calls=60
[pipeline-stage] frame snapshot mean-ms=0.0095 peak-call-ms=0.0752 calls=60
[pipeline-stage] upload mean-ms=0.1866 peak-call-ms=2.5231 calls=60
[pipeline-stage] presentation mean-ms=0.2665 peak-call-ms=0.8307 calls=377
[pipeline-stage] CRT/resolve mean-ms=0.0125 peak-call-ms=0.0268 calls=754
[pipeline-stage] host UI mean-ms=0.0054 peak-call-ms=0.0261 calls=377
[pipeline-stage] settings UI mean-ms=0.0004 peak-call-ms=0.0011 calls=377
[pipeline-stage] present/wait mean-ms=0.8792 peak-call-ms=2.5274 calls=377
[pipeline-stage] pacing/sleep mean-ms=0.0004 peak-call-ms=0.0011 calls=377
[pipeline-stage] housekeeping mean-ms=0.0002 peak-call-ms=0.0019 calls=60
[pipeline-stage] PPU setup mean-ms=0.0063 peak-call-ms=0.0634 calls=60
[pipeline-stage] PPU scanout mean-ms=1.1051 peak-call-ms=7.6590 calls=60
[pipeline-stage] PPU finish mean-ms=0.0010 peak-call-ms=0.0139 calls=60
[pipeline-stage] action total mean-ms=0.2457 peak-call-ms=0.7973 calls=377
[pipeline-stage] action upload mean-ms=0.1069 peak-call-ms=0.8514 calls=60
[pipeline-stage] action analysis mean-ms=0.0001 peak-call-ms=0.0012 calls=60
[pipeline-stage] action setup mean-ms=0.0062 peak-call-ms=0.0626 calls=60
[pipeline-stage] action scanout mean-ms=1.1050 peak-call-ms=7.6585 calls=60
[pipeline-stage] action finish mean-ms=0.0010 peak-call-ms=0.0136 calls=60
[pipeline-stage] action host-post mean-ms=0.0079 peak-call-ms=0.0707 calls=60
[pipeline-stage] action synthesis mean-ms=0.0006 peak-call-ms=0.0017 calls=377
[pipeline-stage] action mesh mean-ms=0.0063 peak-call-ms=0.0029 calls=1885
[pipeline-stage] action supersample mean-ms=0.0248 peak-call-ms=0.0720 calls=377
[pipeline-stage] action DOF mean-ms=0.0562 peak-call-ms=0.1141 calls=377
[pipeline-stage] action submit mean-ms=0.0162 peak-call-ms=0.0373 calls=2639
[pipeline-stage] action callback mean-ms=0.0006 peak-call-ms=0.0007 calls=1885
[pipeline-work] ticks=0.16 repre=0.84 draws=7.0 vertices=494 upload-MiB=0.013 depth-MiB=0.000 depth-copy-MiB=0.000 depth-copy-calls=0.00 jobs=0.00 helpers=0.00 fallback=0.00 failed=0.00 (per-present)
[pipeline-traffic] upload-calls=0.32 skipped=0.48 scan-MiB=1.328 upload-MiB=0.013 mirror-realloc=0.00 (per-present)
[pipeline-atlas] reuse=0.00 copy-MiB=0.000 copy-calls=0.00 (per-present; copies are GPU-only)
[pipeline-path] cpu-project=0.00 cpu-stage=0.00 gpu-reuse=0.00 publish=0.00 opt-out=0.00 limit=0.00 rejected=0.00 (events/present, not view fallbacks)
[pipeline-perf] scene=Action 3D host=0 map=01/01 output=1280x800 frames=395 fps=393.2 cadence-ms=2.543 p95=9.374 max=19.019 refresh=3 vsync=0 cap=0 gpu-ms=unavailable
[pipeline-stage] events/input mean-ms=0.0690 peak-call-ms=7.9561 calls=395
[pipeline-stage] emulation mean-ms=0.0484 peak-call-ms=1.6247 calls=60
[pipeline-stage] PPU + capture mean-ms=1.0524 peak-call-ms=7.8488 calls=60
[pipeline-stage] world map build mean-ms=0.0001 peak-call-ms=0.0011 calls=60
[pipeline-stage] SIM metadata mean-ms=0.0038 peak-call-ms=0.0442 calls=60
[pipeline-stage] town canvas mean-ms=0.0002 peak-call-ms=0.0017 calls=60
[pipeline-stage] frame snapshot mean-ms=0.0090 peak-call-ms=0.1121 calls=60
[pipeline-stage] upload mean-ms=0.1733 peak-call-ms=1.3601 calls=60
[pipeline-stage] presentation mean-ms=0.2595 peak-call-ms=1.4037 calls=395
[pipeline-stage] CRT/resolve mean-ms=0.0120 peak-call-ms=0.0266 calls=790
[pipeline-stage] host UI mean-ms=0.0053 peak-call-ms=0.0318 calls=395
[pipeline-stage] settings UI mean-ms=0.0004 peak-call-ms=0.0013 calls=395
[pipeline-stage] present/wait mean-ms=0.8576 peak-call-ms=2.6003 calls=395
[pipeline-stage] pacing/sleep mean-ms=0.0004 peak-call-ms=0.0013 calls=395
[pipeline-stage] housekeeping mean-ms=0.0002 peak-call-ms=0.0035 calls=60
[pipeline-stage] PPU setup mean-ms=0.0061 peak-call-ms=0.0616 calls=60
[pipeline-stage] PPU scanout mean-ms=1.0391 peak-call-ms=7.7382 calls=60
[pipeline-stage] PPU finish mean-ms=0.0010 peak-call-ms=0.0140 calls=60
[pipeline-stage] action total mean-ms=0.2367 peak-call-ms=0.7143 calls=395
[pipeline-stage] action upload mean-ms=0.1006 peak-call-ms=0.8484 calls=60
[pipeline-stage] action analysis mean-ms=0.0001 peak-call-ms=0.0010 calls=60
[pipeline-stage] action setup mean-ms=0.0060 peak-call-ms=0.0611 calls=60
[pipeline-stage] action scanout mean-ms=1.0390 peak-call-ms=7.7374 calls=60
[pipeline-stage] action finish mean-ms=0.0009 peak-call-ms=0.0136 calls=60
[pipeline-stage] action host-post mean-ms=0.0076 peak-call-ms=0.0707 calls=60
[pipeline-stage] action synthesis mean-ms=0.0006 peak-call-ms=0.0015 calls=395
[pipeline-stage] action mesh mean-ms=0.0061 peak-call-ms=0.0163 calls=1975
[pipeline-stage] action supersample mean-ms=0.0238 peak-call-ms=0.0646 calls=395
[pipeline-stage] action DOF mean-ms=0.0531 peak-call-ms=0.1208 calls=395
[pipeline-stage] action submit mean-ms=0.0157 peak-call-ms=0.0186 calls=2765
[pipeline-stage] action callback mean-ms=0.0006 peak-call-ms=0.0008 calls=1975
[pipeline-work] ticks=0.15 repre=0.85 draws=7.0 vertices=494 upload-MiB=0.010 depth-MiB=0.000 depth-copy-MiB=0.000 depth-copy-calls=0.00 jobs=0.00 helpers=0.00 fallback=0.00 failed=0.00 (per-present)
[pipeline-traffic] upload-calls=0.31 skipped=0.46 scan-MiB=1.270 upload-MiB=0.010 mirror-realloc=0.00 (per-present)
[pipeline-atlas] reuse=0.00 copy-MiB=0.000 copy-calls=0.00 (per-present; copies are GPU-only)
[pipeline-path] cpu-project=0.00 cpu-stage=0.00 gpu-reuse=0.00 publish=0.00 opt-out=0.00 limit=0.00 rejected=0.00 (events/present, not view fallbacks)
[pipeline-perf] scene=Action 3D host=0 map=01/01 output=1280x800 frames=399 fps=397.8 cadence-ms=2.514 p95=9.319 max=17.794 refresh=3 vsync=0 cap=0 gpu-ms=unavailable
[pipeline-stage] events/input mean-ms=0.0679 peak-call-ms=7.4984 calls=399
[pipeline-stage] emulation mean-ms=0.0557 peak-call-ms=1.6589 calls=61
[pipeline-stage] PPU + capture mean-ms=1.0714 peak-call-ms=7.7252 calls=61
[pipeline-stage] world map build mean-ms=0.0001 peak-call-ms=0.0013 calls=61
[pipeline-stage] SIM metadata mean-ms=0.0041 peak-call-ms=0.0634 calls=61
[pipeline-stage] town canvas mean-ms=0.0002 peak-call-ms=0.0096 calls=61
[pipeline-stage] frame snapshot mean-ms=0.0092 peak-call-ms=0.1002 calls=61
[pipeline-stage] upload mean-ms=0.1701 peak-call-ms=1.4976 calls=61
[pipeline-stage] presentation mean-ms=0.2574 peak-call-ms=0.7399 calls=399
[pipeline-stage] CRT/resolve mean-ms=0.0121 peak-call-ms=0.0316 calls=798
[pipeline-stage] host UI mean-ms=0.0052 peak-call-ms=0.0214 calls=399
[pipeline-stage] settings UI mean-ms=0.0004 peak-call-ms=0.0123 calls=399
[pipeline-stage] present/wait mean-ms=0.8223 peak-call-ms=3.3406 calls=399
[pipeline-stage] pacing/sleep mean-ms=0.0004 peak-call-ms=0.0144 calls=399
[pipeline-stage] housekeeping mean-ms=0.0002 peak-call-ms=0.0033 calls=61
[pipeline-stage] PPU setup mean-ms=0.0063 peak-call-ms=0.0575 calls=61
[pipeline-stage] PPU scanout mean-ms=1.0575 peak-call-ms=7.6305 calls=61
[pipeline-stage] PPU finish mean-ms=0.0010 peak-call-ms=0.0168 calls=61
[pipeline-stage] action total mean-ms=0.2374 peak-call-ms=0.7110 calls=399
[pipeline-stage] action upload mean-ms=0.1009 peak-call-ms=0.9362 calls=61
[pipeline-stage] action analysis mean-ms=0.0001 peak-call-ms=0.0023 calls=61
[pipeline-stage] action setup mean-ms=0.0062 peak-call-ms=0.0567 calls=61
[pipeline-stage] action scanout mean-ms=1.0574 peak-call-ms=7.6299 calls=61
[pipeline-stage] action finish mean-ms=0.0010 peak-call-ms=0.0164 calls=61
[pipeline-stage] action host-post mean-ms=0.0079 peak-call-ms=0.0880 calls=61
[pipeline-stage] action synthesis mean-ms=0.0006 peak-call-ms=0.0016 calls=399
[pipeline-stage] action mesh mean-ms=0.0062 peak-call-ms=0.0167 calls=1995
[pipeline-stage] action supersample mean-ms=0.0236 peak-call-ms=0.0501 calls=399
[pipeline-stage] action DOF mean-ms=0.0561 peak-call-ms=0.1401 calls=399
[pipeline-stage] action submit mean-ms=0.0156 peak-call-ms=0.0193 calls=2793
[pipeline-stage] action callback mean-ms=0.0006 peak-call-ms=0.0006 calls=1995
[pipeline-work] ticks=0.15 repre=0.85 draws=7.0 vertices=494 upload-MiB=0.006 depth-MiB=0.000 depth-copy-MiB=0.000 depth-copy-calls=0.00 jobs=0.00 helpers=0.00 fallback=0.00 failed=0.00 (per-present)
[pipeline-traffic] upload-calls=0.29 skipped=0.46 scan-MiB=1.280 upload-MiB=0.006 mirror-realloc=0.00 (per-present)
[pipeline-atlas] reuse=0.00 copy-MiB=0.000 copy-calls=0.00 (per-present; copies are GPU-only)
[pipeline-path] cpu-project=0.00 cpu-stage=0.00 gpu-reuse=0.00 publish=0.00 opt-out=0.00 limit=0.00 rejected=0.00 (events/present, not view fallbacks)
[pipeline-perf] scene=Action 3D host=0 map=01/01 output=1280x800 frames=381 fps=379.9 cadence-ms=2.632 p95=9.177 max=16.894 refresh=3 vsync=0 cap=0 gpu-ms=unavailable
[pipeline-stage] events/input mean-ms=0.0721 peak-call-ms=7.5538 calls=381
[pipeline-stage] emulation mean-ms=0.0488 peak-call-ms=1.7979 calls=60
[pipeline-stage] PPU + capture mean-ms=1.0978 peak-call-ms=7.3071 calls=60
[pipeline-stage] world map build mean-ms=0.0001 peak-call-ms=0.0008 calls=60
[pipeline-stage] SIM metadata mean-ms=0.0041 peak-call-ms=0.0353 calls=60
[pipeline-stage] town canvas mean-ms=0.0002 peak-call-ms=0.0016 calls=60
[pipeline-stage] frame snapshot mean-ms=0.0095 peak-call-ms=0.0876 calls=60
[pipeline-stage] upload mean-ms=0.1596 peak-call-ms=1.2365 calls=60
[pipeline-stage] presentation mean-ms=0.2682 peak-call-ms=1.4891 calls=381
[pipeline-stage] CRT/resolve mean-ms=0.0125 peak-call-ms=0.0362 calls=762
[pipeline-stage] host UI mean-ms=0.0052 peak-call-ms=0.0120 calls=381
[pipeline-stage] settings UI mean-ms=0.0004 peak-call-ms=0.0018 calls=381
[pipeline-stage] present/wait mean-ms=0.8906 peak-call-ms=3.7826 calls=381
[pipeline-stage] pacing/sleep mean-ms=0.0004 peak-call-ms=0.0010 calls=381
[pipeline-stage] housekeeping mean-ms=0.0002 peak-call-ms=0.0040 calls=60
[pipeline-stage] PPU setup mean-ms=0.0063 peak-call-ms=0.0635 calls=60
[pipeline-stage] PPU scanout mean-ms=1.0838 peak-call-ms=7.1929 calls=60
[pipeline-stage] PPU finish mean-ms=0.0011 peak-call-ms=0.0179 calls=60
[pipeline-stage] action total mean-ms=0.2474 peak-call-ms=1.4535 calls=381
[pipeline-stage] action upload mean-ms=0.1187 peak-call-ms=0.9451 calls=60
[pipeline-stage] action analysis mean-ms=0.0001 peak-call-ms=0.0016 calls=60
[pipeline-stage] action setup mean-ms=0.0063 peak-call-ms=0.0628 calls=60
[pipeline-stage] action scanout mean-ms=1.0837 peak-call-ms=7.1919 calls=60
[pipeline-stage] action finish mean-ms=0.0010 peak-call-ms=0.0176 calls=60
[pipeline-stage] action host-post mean-ms=0.0079 peak-call-ms=0.0646 calls=60
[pipeline-stage] action synthesis mean-ms=0.0007 peak-call-ms=0.0018 calls=381
[pipeline-stage] action mesh mean-ms=0.0064 peak-call-ms=0.0249 calls=1905
[pipeline-stage] action supersample mean-ms=0.0242 peak-call-ms=0.0654 calls=381
[pipeline-stage] action DOF mean-ms=0.0595 peak-call-ms=0.1404 calls=381
[pipeline-stage] action submit mean-ms=0.0159 peak-call-ms=0.0250 calls=2667
[pipeline-stage] action callback mean-ms=0.0006 peak-call-ms=0.0007 calls=1905
[pipeline-work] ticks=0.16 repre=0.84 draws=7.0 vertices=494 upload-MiB=0.005 depth-MiB=0.000 depth-copy-MiB=0.000 depth-copy-calls=0.00 jobs=0.00 helpers=0.00 fallback=0.00 failed=0.00 (per-present)
[pipeline-traffic] upload-calls=0.17 skipped=0.47 scan-MiB=1.307 upload-MiB=0.005 mirror-realloc=0.00 (per-present)
[pipeline-atlas] reuse=0.00 copy-MiB=0.000 copy-calls=0.00 (per-present; copies are GPU-only)
[pipeline-path] cpu-project=0.00 cpu-stage=0.00 gpu-reuse=0.00 publish=0.00 opt-out=0.00 limit=0.00 rejected=0.00 (events/present, not view fallbacks)
[pipeline-perf] scene=Action 3D host=0 map=01/01 output=1280x800 frames=379 fps=374.3 cadence-ms=2.672 p95=9.269 max=18.055 refresh=3 vsync=0 cap=0 gpu-ms=unavailable
[pipeline-stage] events/input mean-ms=0.0748 peak-call-ms=8.0440 calls=379
[pipeline-stage] emulation mean-ms=0.0559 peak-call-ms=1.7854 calls=61
[pipeline-stage] PPU + capture mean-ms=1.1149 peak-call-ms=7.1249 calls=61
[pipeline-stage] world map build mean-ms=0.0001 peak-call-ms=0.0008 calls=61
[pipeline-stage] SIM metadata mean-ms=0.0040 peak-call-ms=0.0320 calls=61
[pipeline-stage] town canvas mean-ms=0.0002 peak-call-ms=0.0018 calls=61
[pipeline-stage] frame snapshot mean-ms=0.0094 peak-call-ms=0.0805 calls=61
[pipeline-stage] upload mean-ms=0.1786 peak-call-ms=1.4100 calls=61
[pipeline-stage] presentation mean-ms=0.2728 peak-call-ms=0.7363 calls=379
[pipeline-stage] CRT/resolve mean-ms=0.0127 peak-call-ms=0.0300 calls=758
[pipeline-stage] host UI mean-ms=0.0054 peak-call-ms=0.0236 calls=379
[pipeline-stage] settings UI mean-ms=0.0004 peak-call-ms=0.0017 calls=379
[pipeline-stage] present/wait mean-ms=0.8802 peak-call-ms=2.7360 calls=379
[pipeline-stage] pacing/sleep mean-ms=0.0004 peak-call-ms=0.0013 calls=379
[pipeline-stage] housekeeping mean-ms=0.0002 peak-call-ms=0.0020 calls=61
[pipeline-stage] PPU setup mean-ms=0.0063 peak-call-ms=0.0535 calls=61
[pipeline-stage] PPU scanout mean-ms=1.1008 peak-call-ms=7.0408 calls=61
[pipeline-stage] PPU finish mean-ms=0.0010 peak-call-ms=0.0071 calls=61
[pipeline-stage] action total mean-ms=0.2516 peak-call-ms=0.7064 calls=379
[pipeline-stage] action upload mean-ms=0.1073 peak-call-ms=0.8571 calls=61
[pipeline-stage] action analysis mean-ms=0.0001 peak-call-ms=0.0013 calls=61
[pipeline-stage] action setup mean-ms=0.0063 peak-call-ms=0.0527 calls=61
[pipeline-stage] action scanout mean-ms=1.1007 peak-call-ms=7.0400 calls=61
[pipeline-stage] action finish mean-ms=0.0010 peak-call-ms=0.0068 calls=61
[pipeline-stage] action host-post mean-ms=0.0079 peak-call-ms=0.0563 calls=61
[pipeline-stage] action synthesis mean-ms=0.0007 peak-call-ms=0.0017 calls=379
[pipeline-stage] action mesh mean-ms=0.0067 peak-call-ms=0.0254 calls=1895
[pipeline-stage] action supersample mean-ms=0.0252 peak-call-ms=0.0580 calls=379
[pipeline-stage] action DOF mean-ms=0.0597 peak-call-ms=0.1334 calls=379
[pipeline-stage] action submit mean-ms=0.0167 peak-call-ms=0.0300 calls=2653
[pipeline-stage] action callback mean-ms=0.0007 peak-call-ms=0.0197 calls=1895
[pipeline-work] ticks=0.16 repre=0.84 draws=7.0 vertices=494 upload-MiB=0.013 depth-MiB=0.000 depth-copy-MiB=0.000 depth-copy-calls=0.00 jobs=0.00 helpers=0.00 fallback=0.00 failed=0.00 (per-present)
[pipeline-traffic] upload-calls=0.30 skipped=0.48 scan-MiB=1.346 upload-MiB=0.013 mirror-realloc=0.00 (per-present)
[pipeline-atlas] reuse=0.00 copy-MiB=0.000 copy-calls=0.00 (per-present; copies are GPU-only)
[pipeline-path] cpu-project=0.00 cpu-stage=0.00 gpu-reuse=0.00 publish=0.00 opt-out=0.00 limit=0.00 rejected=0.00 (events/present, not view fallbacks)
[pipeline-perf] scene=Action 3D host=0 map=01/01 output=1280x800 frames=402 fps=400.8 cadence-ms=2.495 p95=9.444 max=16.712 refresh=3 vsync=0 cap=0 gpu-ms=unavailable
[pipeline-stage] events/input mean-ms=0.0677 peak-call-ms=7.6240 calls=402
[pipeline-stage] emulation mean-ms=0.0485 peak-call-ms=1.8098 calls=60
[pipeline-stage] PPU + capture mean-ms=1.0408 peak-call-ms=7.3327 calls=60
[pipeline-stage] world map build mean-ms=0.0001 peak-call-ms=0.0014 calls=60
[pipeline-stage] SIM metadata mean-ms=0.0039 peak-call-ms=0.0447 calls=60
[pipeline-stage] town canvas mean-ms=0.0002 peak-call-ms=0.0021 calls=60
[pipeline-stage] frame snapshot mean-ms=0.0089 peak-call-ms=0.1082 calls=60
[pipeline-stage] upload mean-ms=0.1824 peak-call-ms=1.4317 calls=60
[pipeline-stage] presentation mean-ms=0.2592 peak-call-ms=0.7470 calls=402
[pipeline-stage] CRT/resolve mean-ms=0.0120 peak-call-ms=0.0317 calls=804
[pipeline-stage] host UI mean-ms=0.0051 peak-call-ms=0.0173 calls=402
[pipeline-stage] settings UI mean-ms=0.0004 peak-call-ms=0.0013 calls=402
[pipeline-stage] present/wait mean-ms=0.8030 peak-call-ms=2.4207 calls=402
[pipeline-stage] pacing/sleep mean-ms=0.0004 peak-call-ms=0.0145 calls=402
[pipeline-stage] housekeeping mean-ms=0.0002 peak-call-ms=0.0025 calls=60
[pipeline-stage] PPU setup mean-ms=0.0059 peak-call-ms=0.0540 calls=60
[pipeline-stage] PPU scanout mean-ms=1.0276 peak-call-ms=7.2466 calls=60
[pipeline-stage] PPU finish mean-ms=0.0010 peak-call-ms=0.0089 calls=60
[pipeline-stage] action total mean-ms=0.2394 peak-call-ms=0.7186 calls=402
[pipeline-stage] action upload mean-ms=0.0992 peak-call-ms=0.8722 calls=60
[pipeline-stage] action analysis mean-ms=0.0001 peak-call-ms=0.0012 calls=60
[pipeline-stage] action setup mean-ms=0.0058 peak-call-ms=0.0532 calls=60
[pipeline-stage] action scanout mean-ms=1.0275 peak-call-ms=7.2460 calls=60
[pipeline-stage] action finish mean-ms=0.0009 peak-call-ms=0.0084 calls=60
[pipeline-stage] action host-post mean-ms=0.0076 peak-call-ms=0.0899 calls=60
[pipeline-stage] action synthesis mean-ms=0.0006 peak-call-ms=0.0016 calls=402
[pipeline-stage] action mesh mean-ms=0.0061 peak-call-ms=0.0027 calls=2010
[pipeline-stage] action supersample mean-ms=0.0240 peak-call-ms=0.0776 calls=402
[pipeline-stage] action DOF mean-ms=0.0563 peak-call-ms=0.1163 calls=402
[pipeline-stage] action submit mean-ms=0.0161 peak-call-ms=0.2437 calls=2814
[pipeline-stage] action callback mean-ms=0.0006 peak-call-ms=0.0006 calls=2010
[pipeline-work] ticks=0.15 repre=0.85 draws=7.0 vertices=494 upload-MiB=0.042 depth-MiB=0.000 depth-copy-MiB=0.000 depth-copy-calls=0.00 jobs=0.00 helpers=0.00 fallback=0.00 failed=0.00 (per-present)
[pipeline-traffic] upload-calls=0.31 skipped=0.45 scan-MiB=1.271 upload-MiB=0.042 mirror-realloc=0.00 (per-present)
[pipeline-atlas] reuse=0.00 copy-MiB=0.000 copy-calls=0.00 (per-present; copies are GPU-only)
[pipeline-path] cpu-project=0.00 cpu-stage=0.00 gpu-reuse=0.00 publish=0.00 opt-out=0.00 limit=0.00 rejected=0.00 (events/present, not view fallbacks)
[action-fx] first scene accents captured: actors=1/1 decorations=0/0 (lighting=1 particles=1)
[action-fx] first scene accent geometry submitted: 1 effect(s), 586 vertices / 1548 indices (lighting=1 particles=1)
[pipeline-perf] scene=Action 3D host=0 map=01/01 output=1280x800 frames=394 fps=389.2 cadence-ms=2.569 p95=9.395 max=17.808 refresh=3 vsync=0 cap=0 gpu-ms=unavailable
[pipeline-stage] events/input mean-ms=0.0681 peak-call-ms=8.0443 calls=394
[pipeline-stage] emulation mean-ms=0.0574 peak-call-ms=2.4559 calls=61
[pipeline-stage] PPU + capture mean-ms=1.0681 peak-call-ms=7.3660 calls=61
[pipeline-stage] world map build mean-ms=0.0001 peak-call-ms=0.0014 calls=61
[pipeline-stage] SIM metadata mean-ms=0.0039 peak-call-ms=0.0482 calls=61
[pipeline-stage] town canvas mean-ms=0.0002 peak-call-ms=0.0016 calls=61
[pipeline-stage] frame snapshot mean-ms=0.0091 peak-call-ms=0.0782 calls=61
[pipeline-stage] upload mean-ms=0.2030 peak-call-ms=2.6401 calls=61
[pipeline-stage] presentation mean-ms=0.2791 peak-call-ms=1.4904 calls=394
[pipeline-stage] CRT/resolve mean-ms=0.0121 peak-call-ms=0.0477 calls=788
[pipeline-stage] host UI mean-ms=0.0052 peak-call-ms=0.0182 calls=394
[pipeline-stage] settings UI mean-ms=0.0004 peak-call-ms=0.0014 calls=394
[pipeline-stage] present/wait mean-ms=0.8104 peak-call-ms=2.4695 calls=394
[pipeline-stage] pacing/sleep mean-ms=0.0004 peak-call-ms=0.0011 calls=394
[pipeline-stage] housekeeping mean-ms=0.0002 peak-call-ms=0.0045 calls=61
[pipeline-stage] PPU setup mean-ms=0.0063 peak-call-ms=0.0578 calls=61
[pipeline-stage] PPU scanout mean-ms=1.0544 peak-call-ms=7.2649 calls=61
[pipeline-stage] PPU finish mean-ms=0.0010 peak-call-ms=0.0091 calls=61
[pipeline-stage] action total mean-ms=0.2590 peak-call-ms=1.4511 calls=394
[pipeline-stage] action upload mean-ms=0.1101 peak-call-ms=2.0797 calls=61
[pipeline-stage] action analysis mean-ms=0.0001 peak-call-ms=0.0013 calls=61
[pipeline-stage] action setup mean-ms=0.0062 peak-call-ms=0.0575 calls=61
[pipeline-stage] action scanout mean-ms=1.0543 peak-call-ms=7.2642 calls=61
[pipeline-stage] action finish mean-ms=0.0009 peak-call-ms=0.0088 calls=61
[pipeline-stage] action host-post mean-ms=0.0078 peak-call-ms=0.0729 calls=61
[pipeline-stage] action synthesis mean-ms=0.0006 peak-call-ms=0.0098 calls=394
[pipeline-stage] action mesh mean-ms=0.0062 peak-call-ms=0.0208 calls=1970
[pipeline-stage] action supersample mean-ms=0.0241 peak-call-ms=0.0530 calls=394
[pipeline-stage] action DOF mean-ms=0.0589 peak-call-ms=1.2365 calls=394
[pipeline-stage] action submit mean-ms=0.0160 peak-call-ms=0.0199 calls=2758
[pipeline-stage] action callback mean-ms=0.0112 peak-call-ms=0.2822 calls=2086
[pipeline-work] ticks=0.15 repre=0.85 draws=7.0 vertices=494 upload-MiB=0.049 depth-MiB=0.000 depth-copy-MiB=0.000 depth-copy-calls=0.00 jobs=0.00 helpers=0.00 fallback=0.00 failed=0.00 (per-present)
[pipeline-traffic] upload-calls=0.32 skipped=0.46 scan-MiB=1.325 upload-MiB=0.049 mirror-realloc=0.00 (per-present)
[pipeline-atlas] reuse=0.00 copy-MiB=0.000 copy-calls=0.00 (per-present; copies are GPU-only)
[pipeline-path] cpu-project=0.00 cpu-stage=0.00 gpu-reuse=0.00 publish=0.00 opt-out=0.00 limit=0.00 rejected=0.00 (events/present, not view fallbacks)
[pipeline-perf] scene=Action 3D host=0 map=01/01 output=1280x800 frames=378 fps=376.8 cadence-ms=2.654 p95=9.883 max=20.290 refresh=3 vsync=0 cap=0 gpu-ms=unavailable
[pipeline-stage] events/input mean-ms=0.0732 peak-call-ms=8.0888 calls=378
[pipeline-stage] emulation mean-ms=0.0795 peak-call-ms=3.1349 calls=60
[pipeline-stage] PPU + capture mean-ms=1.0671 peak-call-ms=9.1794 calls=60
[pipeline-stage] world map build mean-ms=0.0001 peak-call-ms=0.0009 calls=60
[pipeline-stage] SIM metadata mean-ms=0.0041 peak-call-ms=0.0508 calls=60
[pipeline-stage] town canvas mean-ms=0.0002 peak-call-ms=0.0026 calls=60
[pipeline-stage] frame snapshot mean-ms=0.0094 peak-call-ms=0.0741 calls=60
[pipeline-stage] upload mean-ms=0.2557 peak-call-ms=2.5634 calls=60
[pipeline-stage] presentation mean-ms=0.2918 peak-call-ms=0.7726 calls=378
[pipeline-stage] CRT/resolve mean-ms=0.0122 peak-call-ms=0.0241 calls=756
[pipeline-stage] host UI mean-ms=0.0054 peak-call-ms=0.0255 calls=378
[pipeline-stage] settings UI mean-ms=0.0005 peak-call-ms=0.0201 calls=378
[pipeline-stage] present/wait mean-ms=0.7952 peak-call-ms=2.7261 calls=378
[pipeline-stage] pacing/sleep mean-ms=0.0004 peak-call-ms=0.0011 calls=378
[pipeline-stage] housekeeping mean-ms=0.0002 peak-call-ms=0.0031 calls=60
[pipeline-stage] PPU setup mean-ms=0.0063 peak-call-ms=0.0645 calls=60
[pipeline-stage] PPU scanout mean-ms=1.0527 peak-call-ms=9.0608 calls=60
[pipeline-stage] PPU finish mean-ms=0.0014 peak-call-ms=0.0209 calls=60
[pipeline-stage] action total mean-ms=0.2712 peak-call-ms=0.7443 calls=378
[pipeline-stage] action upload mean-ms=0.1659 peak-call-ms=1.9518 calls=60
[pipeline-stage] action analysis mean-ms=0.0001 peak-call-ms=0.0016 calls=60
[pipeline-stage] action setup mean-ms=0.0062 peak-call-ms=0.0639 calls=60
[pipeline-stage] action scanout mean-ms=1.0526 peak-call-ms=9.0601 calls=60
[pipeline-stage] action finish mean-ms=0.0014 peak-call-ms=0.0206 calls=60
[pipeline-stage] action host-post mean-ms=0.0081 peak-call-ms=0.0843 calls=60
[pipeline-stage] action synthesis mean-ms=0.0006 peak-call-ms=0.0014 calls=378
[pipeline-stage] action mesh mean-ms=0.0062 peak-call-ms=0.0030 calls=1890
[pipeline-stage] action supersample mean-ms=0.0245 peak-call-ms=0.0467 calls=378
[pipeline-stage] action DOF mean-ms=0.0578 peak-call-ms=0.1264 calls=378
[pipeline-stage] action submit mean-ms=0.0158 peak-call-ms=0.0157 calls=2646
[pipeline-stage] action callback mean-ms=0.0229 peak-call-ms=0.0618 calls=2151
[pipeline-work] ticks=0.16 repre=0.84 draws=7.0 vertices=494 upload-MiB=0.127 depth-MiB=0.000 depth-copy-MiB=0.000 depth-copy-calls=0.00 jobs=0.00 helpers=0.00 fallback=0.00 failed=0.00 (per-present)
[pipeline-traffic] upload-calls=0.51 skipped=0.29 scan-MiB=1.346 upload-MiB=0.127 mirror-realloc=0.00 (per-present)
[pipeline-atlas] reuse=0.00 copy-MiB=0.000 copy-calls=0.00 (per-present; copies are GPU-only)
[pipeline-path] cpu-project=0.00 cpu-stage=0.00 gpu-reuse=0.00 publish=0.00 opt-out=0.00 limit=0.00 rejected=0.00 (events/present, not view fallbacks)
[pipeline-perf] scene=Action 3D host=0 map=01/01 output=1280x800 frames=417 fps=415.7 cadence-ms=2.406 p95=8.960 max=17.601 refresh=3 vsync=0 cap=0 gpu-ms=unavailable
[pipeline-stage] events/input mean-ms=0.0681 peak-call-ms=8.2980 calls=417
[pipeline-stage] emulation mean-ms=0.0521 peak-call-ms=1.5800 calls=60
[pipeline-stage] PPU + capture mean-ms=0.9618 peak-call-ms=7.2008 calls=60
[pipeline-stage] world map build mean-ms=0.0001 peak-call-ms=0.0008 calls=60
[pipeline-stage] SIM metadata mean-ms=0.0036 peak-call-ms=0.0336 calls=60
[pipeline-stage] town canvas mean-ms=0.0002 peak-call-ms=0.0018 calls=60
[pipeline-stage] frame snapshot mean-ms=0.0086 peak-call-ms=0.0969 calls=60
[pipeline-stage] upload mean-ms=0.1207 peak-call-ms=1.3518 calls=60
[pipeline-stage] presentation mean-ms=0.2623 peak-call-ms=0.7400 calls=417
[pipeline-stage] CRT/resolve mean-ms=0.0124 peak-call-ms=0.0543 calls=834
[pipeline-stage] host UI mean-ms=0.0053 peak-call-ms=0.0287 calls=417
[pipeline-stage] settings UI mean-ms=0.0004 peak-call-ms=0.0147 calls=417
[pipeline-stage] present/wait mean-ms=0.8566 peak-call-ms=3.3830 calls=417
[pipeline-stage] pacing/sleep mean-ms=0.0004 peak-call-ms=0.0011 calls=417
[pipeline-stage] housekeeping mean-ms=0.0002 peak-call-ms=0.0021 calls=60
[pipeline-stage] PPU setup mean-ms=0.0058 peak-call-ms=0.0831 calls=60
[pipeline-stage] PPU scanout mean-ms=0.9463 peak-call-ms=7.1009 calls=60
[pipeline-stage] PPU finish mean-ms=0.0038 peak-call-ms=0.0372 calls=60
[pipeline-stage] action total mean-ms=0.2419 peak-call-ms=0.7118 calls=417
[pipeline-stage] action upload mean-ms=0.0850 peak-call-ms=0.8634 calls=60
[pipeline-stage] action analysis mean-ms=0.0001 peak-call-ms=0.0012 calls=60
[pipeline-stage] action setup mean-ms=0.0057 peak-call-ms=0.0825 calls=60
[pipeline-stage] action scanout mean-ms=0.9462 peak-call-ms=7.1003 calls=60
[pipeline-stage] action finish mean-ms=0.0037 peak-call-ms=0.0368 calls=60
[pipeline-stage] action host-post mean-ms=0.0072 peak-call-ms=0.0741 calls=60
[pipeline-stage] action synthesis mean-ms=0.0006 peak-call-ms=0.0024 calls=417
[pipeline-stage] action mesh mean-ms=0.0062 peak-call-ms=0.0152 calls=2085
[pipeline-stage] action supersample mean-ms=0.0245 peak-call-ms=0.0611 calls=417
[pipeline-stage] action DOF mean-ms=0.0561 peak-call-ms=0.1405 calls=417
[pipeline-stage] action submit mean-ms=0.0159 peak-call-ms=0.0326 calls=2919
[pipeline-stage] action callback mean-ms=0.0006 peak-call-ms=0.0006 calls=2085
[pipeline-work] ticks=0.14 repre=0.86 draws=7.0 vertices=494 upload-MiB=0.000 depth-MiB=0.000 depth-copy-MiB=0.000 depth-copy-calls=0.00 jobs=0.00 helpers=0.00 fallback=0.00 failed=0.00 (per-present)
[pipeline-traffic] upload-calls=0.10 skipped=0.49 scan-MiB=1.175 upload-MiB=0.000 mirror-realloc=0.00 (per-present)
[pipeline-atlas] reuse=0.00 copy-MiB=0.000 copy-calls=0.00 (per-present; copies are GPU-only)
[pipeline-path] cpu-project=0.00 cpu-stage=0.00 gpu-reuse=0.00 publish=0.00 opt-out=0.00 limit=0.00 rejected=0.00 (events/present, not view fallbacks)
[pipeline-perf] scene=Action 3D host=0 map=01/01 output=1280x800 frames=459 fps=457.9 cadence-ms=2.184 p95=8.298 max=16.861 refresh=3 vsync=0 cap=0 gpu-ms=unavailable
[pipeline-stage] events/input mean-ms=0.0623 peak-call-ms=8.2277 calls=459
[pipeline-stage] emulation mean-ms=0.0427 peak-call-ms=1.7918 calls=61
[pipeline-stage] PPU + capture mean-ms=0.8646 peak-call-ms=7.0618 calls=61
[pipeline-stage] world map build mean-ms=0.0001 peak-call-ms=0.0009 calls=61
[pipeline-stage] SIM metadata mean-ms=0.0033 peak-call-ms=0.0399 calls=61
[pipeline-stage] town canvas mean-ms=0.0002 peak-call-ms=0.0020 calls=61
[pipeline-stage] frame snapshot mean-ms=0.0076 peak-call-ms=0.0665 calls=61
[pipeline-stage] upload mean-ms=0.0833 peak-call-ms=0.9632 calls=61
[pipeline-stage] presentation mean-ms=0.2552 peak-call-ms=0.7526 calls=459
[pipeline-stage] CRT/resolve mean-ms=0.0118 peak-call-ms=0.0593 calls=918
[pipeline-stage] host UI mean-ms=0.0051 peak-call-ms=0.0453 calls=459
[pipeline-stage] settings UI mean-ms=0.0003 peak-call-ms=0.0020 calls=459
[pipeline-stage] present/wait mean-ms=0.8139 peak-call-ms=2.2673 calls=459
[pipeline-stage] pacing/sleep mean-ms=0.0004 peak-call-ms=0.0012 calls=459
[pipeline-stage] housekeeping mean-ms=0.0002 peak-call-ms=0.0025 calls=61
[pipeline-stage] PPU setup mean-ms=0.0052 peak-call-ms=0.0762 calls=61
[pipeline-stage] PPU scanout mean-ms=0.8506 peak-call-ms=6.9553 calls=61
[pipeline-stage] PPU finish mean-ms=0.0035 peak-call-ms=0.0346 calls=61
[pipeline-stage] action total mean-ms=0.2358 peak-call-ms=0.7236 calls=459
[pipeline-stage] action upload mean-ms=0.0503 peak-call-ms=0.4786 calls=61
[pipeline-stage] action analysis mean-ms=0.0001 peak-call-ms=0.0014 calls=61
[pipeline-stage] action setup mean-ms=0.0052 peak-call-ms=0.0760 calls=61
[pipeline-stage] action scanout mean-ms=0.8505 peak-call-ms=6.9545 calls=61
[pipeline-stage] action finish mean-ms=0.0035 peak-call-ms=0.0342 calls=61
[pipeline-stage] action host-post mean-ms=0.0066 peak-call-ms=0.0706 calls=61
[pipeline-stage] action synthesis mean-ms=0.0006 peak-call-ms=0.0016 calls=459
[pipeline-stage] action mesh mean-ms=0.0061 peak-call-ms=0.0258 calls=2295
[pipeline-stage] action supersample mean-ms=0.0236 peak-call-ms=0.0602 calls=459
[pipeline-stage] action DOF mean-ms=0.0554 peak-call-ms=0.1669 calls=459
[pipeline-stage] action submit mean-ms=0.0149 peak-call-ms=0.0526 calls=3213
[pipeline-stage] action callback mean-ms=0.0006 peak-call-ms=0.0005 calls=2295
[pipeline-work] ticks=0.13 repre=0.87 draws=7.0 vertices=494 upload-MiB=0.000 depth-MiB=0.000 depth-copy-MiB=0.000 depth-copy-calls=0.00 jobs=0.00 helpers=0.00 fallback=0.00 failed=0.00 (per-present)
[pipeline-traffic] upload-calls=0.01 skipped=0.53 scan-MiB=1.077 upload-MiB=0.000 mirror-realloc=0.00 (per-present)
[pipeline-atlas] reuse=0.00 copy-MiB=0.000 copy-calls=0.00 (per-present; copies are GPU-only)
[pipeline-path] cpu-project=0.00 cpu-stage=0.00 gpu-reuse=0.00 publish=0.00 opt-out=0.00 limit=0.00 rejected=0.00 (events/present, not view fallbacks)
[pipeline-perf] scene=Action 3D host=0 map=01/01 output=1280x800 frames=434 fps=432.5 cadence-ms=2.312 p95=8.535 max=16.121 refresh=3 vsync=0 cap=0 gpu-ms=unavailable
[pipeline-stage] events/input mean-ms=0.0632 peak-call-ms=7.7332 calls=434
[pipeline-stage] emulation mean-ms=0.0420 peak-call-ms=1.7948 calls=60
[pipeline-stage] PPU + capture mean-ms=0.9103 peak-call-ms=6.9112 calls=60
[pipeline-stage] world map build mean-ms=0.0001 peak-call-ms=0.0010 calls=60
[pipeline-stage] SIM metadata mean-ms=0.0035 peak-call-ms=0.0443 calls=60
[pipeline-stage] town canvas mean-ms=0.0002 peak-call-ms=0.0018 calls=60
[pipeline-stage] frame snapshot mean-ms=0.0083 peak-call-ms=0.0950 calls=60
[pipeline-stage] upload mean-ms=0.0876 peak-call-ms=0.9920 calls=60
[pipeline-stage] presentation mean-ms=0.2617 peak-call-ms=0.8215 calls=434
[pipeline-stage] CRT/resolve mean-ms=0.0129 peak-call-ms=0.2529 calls=868
[pipeline-stage] host UI mean-ms=0.0051 peak-call-ms=0.0219 calls=434
[pipeline-stage] settings UI mean-ms=0.0004 peak-call-ms=0.0168 calls=434
[pipeline-stage] present/wait mean-ms=0.8673 peak-call-ms=2.5710 calls=434
[pipeline-stage] pacing/sleep mean-ms=0.0004 peak-call-ms=0.0193 calls=434
[pipeline-stage] housekeeping mean-ms=0.0002 peak-call-ms=0.0022 calls=60
[pipeline-stage] PPU setup mean-ms=0.0053 peak-call-ms=0.0602 calls=60
[pipeline-stage] PPU scanout mean-ms=0.8958 peak-call-ms=6.8079 calls=60
[pipeline-stage] PPU finish mean-ms=0.0036 peak-call-ms=0.0362 calls=60
[pipeline-stage] action total mean-ms=0.2411 peak-call-ms=0.7890 calls=434
[pipeline-stage] action upload mean-ms=0.0524 peak-call-ms=0.4713 calls=60
[pipeline-stage] action analysis mean-ms=0.0001 peak-call-ms=0.0012 calls=60
[pipeline-stage] action setup mean-ms=0.0053 peak-call-ms=0.0598 calls=60
[pipeline-stage] action scanout mean-ms=0.8957 peak-call-ms=6.8073 calls=60
[pipeline-stage] action finish mean-ms=0.0036 peak-call-ms=0.0359 calls=60
[pipeline-stage] action host-post mean-ms=0.0070 peak-call-ms=0.0827 calls=60
[pipeline-stage] action synthesis mean-ms=0.0007 peak-call-ms=0.0155 calls=434
[pipeline-stage] action mesh mean-ms=0.0063 peak-call-ms=0.0464 calls=2170
[pipeline-stage] action supersample mean-ms=0.0242 peak-call-ms=0.0701 calls=434
[pipeline-stage] action DOF mean-ms=0.0575 peak-call-ms=0.1639 calls=434
[pipeline-stage] action submit mean-ms=0.0152 peak-call-ms=0.0545 calls=3038
[pipeline-stage] action callback mean-ms=0.0006 peak-call-ms=0.0006 calls=2170
[pipeline-work] ticks=0.14 repre=0.86 draws=7.0 vertices=494 upload-MiB=0.000 depth-MiB=0.000 depth-copy-MiB=0.000 depth-copy-calls=0.00 jobs=0.00 helpers=0.00 fallback=0.00 failed=0.00 (per-present)
[pipeline-traffic] upload-calls=0.01 skipped=0.55 scan-MiB=1.120 upload-MiB=0.000 mirror-realloc=0.00 (per-present)
[pipeline-atlas] reuse=0.00 copy-MiB=0.000 copy-calls=0.00 (per-present; copies are GPU-only)
[pipeline-path] cpu-project=0.00 cpu-stage=0.00 gpu-reuse=0.00 publish=0.00 opt-out=0.00 limit=0.00 rejected=0.00 (events/present, not view fallbacks)
[pipeline-perf] scene=Action 3D host=0 map=01/01 output=1280x800 frames=459 fps=454.5 cadence-ms=2.200 p95=8.366 max=17.004 refresh=3 vsync=0 cap=0 gpu-ms=unavailable
[pipeline-stage] events/input mean-ms=0.0619 peak-call-ms=8.2793 calls=459
[pipeline-stage] emulation mean-ms=0.0421 peak-call-ms=1.7487 calls=61
[pipeline-stage] PPU + capture mean-ms=0.8656 peak-call-ms=7.0592 calls=61
[pipeline-stage] world map build mean-ms=0.0001 peak-call-ms=0.0011 calls=61
[pipeline-stage] SIM metadata mean-ms=0.0034 peak-call-ms=0.0519 calls=61
[pipeline-stage] town canvas mean-ms=0.0002 peak-call-ms=0.0024 calls=61
[pipeline-stage] frame snapshot mean-ms=0.0077 peak-call-ms=0.0935 calls=61
[pipeline-stage] upload mean-ms=0.0825 peak-call-ms=1.0560 calls=61
[pipeline-stage] presentation mean-ms=0.2560 peak-call-ms=0.7908 calls=459
[pipeline-stage] CRT/resolve mean-ms=0.0120 peak-call-ms=0.0449 calls=918
[pipeline-stage] host UI mean-ms=0.0050 peak-call-ms=0.0239 calls=459
[pipeline-stage] settings UI mean-ms=0.0003 peak-call-ms=0.0011 calls=459
[pipeline-stage] present/wait mean-ms=0.8142 peak-call-ms=3.4923 calls=459
[pipeline-stage] pacing/sleep mean-ms=0.0003 peak-call-ms=0.0010 calls=459
[pipeline-stage] housekeeping mean-ms=0.0002 peak-call-ms=0.0038 calls=61
[pipeline-stage] PPU setup mean-ms=0.0051 peak-call-ms=0.0544 calls=61
[pipeline-stage] PPU scanout mean-ms=0.8515 peak-call-ms=6.9474 calls=61
[pipeline-stage] PPU finish mean-ms=0.0036 peak-call-ms=0.0499 calls=61
[pipeline-stage] action total mean-ms=0.2364 peak-call-ms=0.7564 calls=459
[pipeline-stage] action upload mean-ms=0.0497 peak-call-ms=0.5277 calls=61
[pipeline-stage] action analysis mean-ms=0.0001 peak-call-ms=0.0014 calls=61
[pipeline-stage] action setup mean-ms=0.0051 peak-call-ms=0.0534 calls=61
[pipeline-stage] action scanout mean-ms=0.8514 peak-call-ms=6.9466 calls=61
[pipeline-stage] action finish mean-ms=0.0036 peak-call-ms=0.0496 calls=61
[pipeline-stage] action host-post mean-ms=0.0068 peak-call-ms=0.0934 calls=61
[pipeline-stage] action synthesis mean-ms=0.0006 peak-call-ms=0.0019 calls=459
[pipeline-stage] action mesh mean-ms=0.0061 peak-call-ms=0.0442 calls=2295
[pipeline-stage] action supersample mean-ms=0.0236 peak-call-ms=0.0643 calls=459
[pipeline-stage] action DOF mean-ms=0.0555 peak-call-ms=0.1764 calls=459
[pipeline-stage] action submit mean-ms=0.0149 peak-call-ms=0.0438 calls=3213
[pipeline-stage] action callback mean-ms=0.0006 peak-call-ms=0.0006 calls=2295
[pipeline-work] ticks=0.13 repre=0.87 draws=7.0 vertices=494 upload-MiB=0.000 depth-MiB=0.000 depth-copy-MiB=0.000 depth-copy-calls=0.00 jobs=0.00 helpers=0.00 fallback=0.00 failed=0.00 (per-present)
[pipeline-traffic] upload-calls=0.01 skipped=0.53 scan-MiB=1.077 upload-MiB=0.000 mirror-realloc=0.00 (per-present)
[pipeline-atlas] reuse=0.00 copy-MiB=0.000 copy-calls=0.00 (per-present; copies are GPU-only)
[pipeline-path] cpu-project=0.00 cpu-stage=0.00 gpu-reuse=0.00 publish=0.00 opt-out=0.00 limit=0.00 rejected=0.00 (events/present, not view fallbacks)
[pipeline-perf] scene=Action 3D host=0 map=01/01 output=1280x800 frames=452 fps=450.9 cadence-ms=2.218 p95=8.413 max=16.590 refresh=3 vsync=0 cap=0 gpu-ms=unavailable
[pipeline-stage] events/input mean-ms=0.0783 peak-call-ms=8.1766 calls=452
[pipeline-stage] emulation mean-ms=0.0395 peak-call-ms=1.5679 calls=60
[pipeline-stage] PPU + capture mean-ms=0.8707 peak-call-ms=7.0670 calls=60
[pipeline-stage] world map build mean-ms=0.0001 peak-call-ms=0.0010 calls=60
[pipeline-stage] SIM metadata mean-ms=0.0033 peak-call-ms=0.0343 calls=60
[pipeline-stage] town canvas mean-ms=0.0002 peak-call-ms=0.0126 calls=60
[pipeline-stage] frame snapshot mean-ms=0.0078 peak-call-ms=0.0865 calls=60
[pipeline-stage] upload mean-ms=0.0839 peak-call-ms=1.0127 calls=60
[pipeline-stage] presentation mean-ms=0.2568 peak-call-ms=0.7487 calls=452
[pipeline-stage] CRT/resolve mean-ms=0.0119 peak-call-ms=0.0581 calls=904
[pipeline-stage] host UI mean-ms=0.0050 peak-call-ms=0.0443 calls=452
[pipeline-stage] settings UI mean-ms=0.0004 peak-call-ms=0.0403 calls=452
[pipeline-stage] present/wait mean-ms=0.8094 peak-call-ms=2.3683 calls=452
[pipeline-stage] pacing/sleep mean-ms=0.0004 peak-call-ms=0.0140 calls=452
[pipeline-stage] housekeeping mean-ms=0.0002 peak-call-ms=0.0027 calls=60
[pipeline-stage] PPU setup mean-ms=0.0052 peak-call-ms=0.0547 calls=60
[pipeline-stage] PPU scanout mean-ms=0.8564 peak-call-ms=6.9515 calls=60
[pipeline-stage] PPU finish mean-ms=0.0036 peak-call-ms=0.0436 calls=60
[pipeline-stage] action total mean-ms=0.2372 peak-call-ms=0.7196 calls=452
[pipeline-stage] action upload mean-ms=0.0512 peak-call-ms=0.5180 calls=60
[pipeline-stage] action analysis mean-ms=0.0001 peak-call-ms=0.0012 calls=60
[pipeline-stage] action setup mean-ms=0.0051 peak-call-ms=0.0541 calls=60
[pipeline-stage] action scanout mean-ms=0.8564 peak-call-ms=6.9510 calls=60
[pipeline-stage] action finish mean-ms=0.0035 peak-call-ms=0.0432 calls=60
[pipeline-stage] action host-post mean-ms=0.0066 peak-call-ms=0.0815 calls=60
[pipeline-stage] action synthesis mean-ms=0.0006 peak-call-ms=0.0015 calls=452
[pipeline-stage] action mesh mean-ms=0.0064 peak-call-ms=0.0424 calls=2260
[pipeline-stage] action supersample mean-ms=0.0238 peak-call-ms=0.0799 calls=452
[pipeline-stage] action DOF mean-ms=0.0556 peak-call-ms=0.2954 calls=452
[pipeline-stage] action submit mean-ms=0.0149 peak-call-ms=0.0456 calls=3164
[pipeline-stage] action callback mean-ms=0.0006 peak-call-ms=0.0007 calls=2260
[pipeline-work] ticks=0.13 repre=0.87 draws=7.0 vertices=494 upload-MiB=0.000 depth-MiB=0.000 depth-copy-MiB=0.000 depth-copy-calls=0.00 jobs=0.00 helpers=0.00 fallback=0.00 failed=0.00 (per-present)
[pipeline-traffic] upload-calls=0.01 skipped=0.53 scan-MiB=1.075 upload-MiB=0.000 mirror-realloc=0.00 (per-present)
[pipeline-atlas] reuse=0.00 copy-MiB=0.000 copy-calls=0.00 (per-present; copies are GPU-only)
[pipeline-path] cpu-project=0.00 cpu-stage=0.00 gpu-reuse=0.00 publish=0.00 opt-out=0.00 limit=0.00 rejected=0.00 (events/present, not view fallbacks)
[pipeline-perf] scene=Action 3D host=0 map=01/01 output=1280x800 frames=436 fps=435.0 cadence-ms=2.299 p95=8.637 max=16.500 refresh=3 vsync=0 cap=0 gpu-ms=unavailable
[pipeline-stage] events/input mean-ms=0.0632 peak-call-ms=7.8515 calls=436
[pipeline-stage] emulation mean-ms=0.0425 peak-call-ms=1.7061 calls=60
[pipeline-stage] PPU + capture mean-ms=0.9240 peak-call-ms=7.2341 calls=60
[pipeline-stage] world map build mean-ms=0.0001 peak-call-ms=0.0010 calls=60
[pipeline-stage] SIM metadata mean-ms=0.0037 peak-call-ms=0.0460 calls=60
[pipeline-stage] town canvas mean-ms=0.0002 peak-call-ms=0.0018 calls=60
[pipeline-stage] frame snapshot mean-ms=0.0086 peak-call-ms=0.1085 calls=60
[pipeline-stage] upload mean-ms=0.0924 peak-call-ms=1.2072 calls=60
[pipeline-stage] presentation mean-ms=0.2658 peak-call-ms=0.9911 calls=436
[pipeline-stage] CRT/resolve mean-ms=0.0124 peak-call-ms=0.0489 calls=872
[pipeline-stage] host UI mean-ms=0.0051 peak-call-ms=0.0329 calls=436
[pipeline-stage] settings UI mean-ms=0.0004 peak-call-ms=0.0010 calls=436
[pipeline-stage] present/wait mean-ms=0.8302 peak-call-ms=2.3351 calls=436
[pipeline-stage] pacing/sleep mean-ms=0.0004 peak-call-ms=0.0010 calls=436
[pipeline-stage] housekeeping mean-ms=0.0002 peak-call-ms=0.0022 calls=60
[pipeline-stage] PPU setup mean-ms=0.0053 peak-call-ms=0.0506 calls=60
[pipeline-stage] PPU scanout mean-ms=0.9095 peak-call-ms=7.1306 calls=60
[pipeline-stage] PPU finish mean-ms=0.0037 peak-call-ms=0.0510 calls=60
[pipeline-stage] action total mean-ms=0.2456 peak-call-ms=0.9549 calls=436
[pipeline-stage] action upload mean-ms=0.0557 peak-call-ms=0.6205 calls=60
[pipeline-stage] action analysis mean-ms=0.0001 peak-call-ms=0.0013 calls=60
[pipeline-stage] action setup mean-ms=0.0053 peak-call-ms=0.0493 calls=60
[pipeline-stage] action scanout mean-ms=0.9094 peak-call-ms=7.1297 calls=60
[pipeline-stage] action finish mean-ms=0.0037 peak-call-ms=0.0507 calls=60
[pipeline-stage] action host-post mean-ms=0.0075 peak-call-ms=0.1046 calls=60
[pipeline-stage] action synthesis mean-ms=0.0007 peak-call-ms=0.0016 calls=436
[pipeline-stage] action mesh mean-ms=0.0077 peak-call-ms=0.2082 calls=2180
[pipeline-stage] action supersample mean-ms=0.0247 peak-call-ms=0.0783 calls=436
[pipeline-stage] action DOF mean-ms=0.0577 peak-call-ms=0.1422 calls=436
[pipeline-stage] action submit mean-ms=0.0151 peak-call-ms=0.0564 calls=3052
[pipeline-stage] action callback mean-ms=0.0006 peak-call-ms=0.0009 calls=2180
[pipeline-work] ticks=0.14 repre=0.86 draws=7.0 vertices=494 upload-MiB=0.000 depth-MiB=0.000 depth-copy-MiB=0.000 depth-copy-calls=0.00 jobs=0.00 helpers=0.00 fallback=0.00 failed=0.00 (per-present)
[pipeline-traffic] upload-calls=0.01 skipped=0.55 scan-MiB=1.115 upload-MiB=0.000 mirror-realloc=0.00 (per-present)
[pipeline-atlas] reuse=0.00 copy-MiB=0.000 copy-calls=0.00 (per-present; copies are GPU-only)
[pipeline-path] cpu-project=0.00 cpu-stage=0.00 gpu-reuse=0.00 publish=0.00 opt-out=0.00 limit=0.00 rejected=0.00 (events/present, not view fallbacks)
[present-cadence] tick-presents=1996 re-presents=24047 max-represent-alpha=0.000 no-present-no-sleep=0
[dump] wrote runs/20260912-172845/dump_state.txt + wram/sram/dispatch_log (exit)
[action-bg-hle] provider-summary frames=1293 preflight={layers:2570,tiles:2411645,mismatches:0,outside:0} eligible=2570 layers=2570 lookups=61123680 batches=2965984 tiles=58749120 outside=2374560 band-cache={builds:0,hits:0}
[action-room-scene] provider-summary layers=2570 live-fallbacks=0
[localized-text] cache lookups=62530 hits=62489 misses=41 rasters=41 uploads=41 failures=0
[action-room-load-hle] summary command5=2 command4=2 bytes=20992
[action-room-gfx-hle] summary command7=5 command6=3 bytes=37248
[action-room-video-hle] summary command3=1 bytes=28
[run-dir] all diagnostics from this run: runs/20260912-172845/  (share with: zip -r report.zip runs/20260912-172845)
