[Launcher] Config/saves anchored to '/home/deck/argame/capture-fast-path-20260912.XW1iYR/'.
[run-dir] runs/20260912-172954 (console.log + dumps ringfenced here; AR_NO_RUN_DIR=1 disables)
[runner-trace] recorder=excluded deep_instrumentation=excluded mode=off
Loaded ROM: /home/deck/argame/capture-fast-path-20260912.XW1iYR/ar.sfc (1048576 bytes)
[video-geometry] 16:10 square-PAR -> 120 extra columns/side (render width 496)
[video] driver: wayland (available: x11 wayland offscreen dummy evdev)
[render] ordered GPU interop enabled (offscreen SDL + one swapchain present)
[display] GPU frames in flight: 2
[hd-manifest] [replace:title-logo] game-assets/hd/title-logo.png (2087x754)
[hd-manifest] [replace:title-swirl] game-assets/hd/title-logo.png (2087x754, mode7)
[hd-manifest] 2 entries, 2 with art
[settings-menu] decoded ActRaiser font: $1000 bytes from ROM offset $0BECFB (2725 compressed bytes consumed)
[settings-menu] decoded native dialog frame: chars ROM $06C000, palette ROM $0E3F73
[diorama-layers] loaded diorama-layers.ini: 24 room(s), 34 plane override(s)
[input] gamepad 1 connected: Steam Deck Controller
[music-manifest] [music:title-theme] game-assets/audio/title.ogg (48000 Hz, 8845689 frames, loop 0..8845689)
[music-manifest] [music:song-00] game-assets/audio/fillmore.ogg (44100 Hz, 7050707 frames, loop 0..7050707)
[music-manifest] [music:song-01] game-assets/audio/sky-palace.ogg (48000 Hz, 6389760 frames, loop 0..6389760)
[music-manifest] [music:song-02] game-assets/audio/bp.ogg (44100 Hz, 5369615 frames, loop 0..5369615)
[music-manifest] [music:song-08] game-assets/audio/advent.ogg (48000 Hz, 735609 frames, loop 0..735609)
[music-manifest] [music:song-09] game-assets/audio/act2.ogg (44100 Hz, 6182827 frames, loop 0..6182827)
[music-manifest] [music:song-10] game-assets/audio/birth-of-the-people.ogg (48000 Hz, 16201213 frames, loop 0..16201213)
[music-manifest] [music:song-11] game-assets/audio/level-up.ogg (48000 Hz, 451396 frames, loop 0..451396)
[music-manifest] 17 entries, 8 with audio
[audio-ext] extended sound channels enabled (40 voices, 8 effect lanes)
[saves] loaded native-srm backend from /home/deck/argame/capture-fast-path-20260912.XW1iYR/visible-fillmore-unlimited/seed.srm
[save-editor] boot edits rejected: no staged save edits change the image
[input-replay] 2548 legacy records, max gf=21845 last gf=2508 from /home/deck/argame/capture-fast-path-20260912.XW1iYR/saves/fillmore-act.rec
[audio] stream input 44100 Hz, device 44100 Hz 512-frame buffer (requested 512 frames)
[widescreen] gf=0 $18=00 $19=00 -> pillarbox clamp=00 mirror=00 repeat=00 bands=0/811c9dc5 normal=00 hud=0/0/0 left-only-y=0 bg-plan=0 source=none/none hle=00
[localization] enhanced: Excellent Adventure English - Full Edition
[crt] shader ready
[music] src=1A:94B8 song=01 -> [music:title-theme] game-assets/audio/title.ogg
[pipeline-perf] scene=Native/menu host=0 map=00/00 output=1280x800 frames=1494 fps=1492.5 cadence-ms=0.670 p95=1.191 max=9.498 refresh=3 vsync=0 cap=0 gpu-ms=unavailable
[pipeline-stage] events/input mean-ms=0.0545 peak-call-ms=8.1534 calls=1509
[pipeline-stage] emulation mean-ms=0.0109 peak-call-ms=3.8125 calls=61
[pipeline-stage] PPU + capture mean-ms=0.0100 peak-call-ms=1.0675 calls=61
[pipeline-stage] world map build mean-ms=0.0000 peak-call-ms=0.0011 calls=61
[pipeline-stage] SIM metadata mean-ms=0.0011 peak-call-ms=0.1323 calls=61
[pipeline-stage] town canvas mean-ms=0.0001 peak-call-ms=0.0125 calls=61
[pipeline-stage] frame snapshot mean-ms=0.0055 peak-call-ms=5.1157 calls=61
[pipeline-stage] upload mean-ms=0.0098 peak-call-ms=1.9353 calls=61
[pipeline-stage] presentation mean-ms=0.0645 peak-call-ms=1.2622 calls=1494
[pipeline-stage] CRT/resolve mean-ms=0.0112 peak-call-ms=0.3315 calls=2988
[pipeline-stage] host UI mean-ms=0.0048 peak-call-ms=0.0420 calls=1494
[pipeline-stage] settings UI mean-ms=0.0002 peak-call-ms=0.0018 calls=1494
[pipeline-stage] present/wait mean-ms=0.4533 peak-call-ms=2.0077 calls=1494
[pipeline-stage] pacing/sleep mean-ms=0.0112 peak-call-ms=1.2280 calls=1509
[pipeline-stage] housekeeping mean-ms=0.0001 peak-call-ms=0.0026 calls=61
[pipeline-stage] PPU setup mean-ms=0.0003 peak-call-ms=0.0559 calls=61
[pipeline-stage] PPU scanout mean-ms=0.0088 peak-call-ms=0.7725 calls=61
[pipeline-stage] PPU finish mean-ms=0.0001 peak-call-ms=0.0029 calls=61
[pipeline-work] ticks=0.04 repre=0.96 draws=0.0 vertices=0 upload-MiB=0.002 depth-MiB=0.000 depth-copy-MiB=0.000 depth-copy-calls=0.00 jobs=0.00 helpers=0.00 fallback=0.00 failed=0.00 (per-present)
[pipeline-traffic] upload-calls=0.00 skipped=0.00 scan-MiB=0.102 upload-MiB=0.002 mirror-realloc=0.00 (per-present)
[pipeline-atlas] reuse=0.00 copy-MiB=0.000 copy-calls=0.00 (per-present; copies are GPU-only)
[pipeline-path] cpu-project=0.00 cpu-stage=0.00 gpu-reuse=0.00 publish=0.00 opt-out=0.00 limit=0.00 rejected=0.00 (events/present, not view fallbacks)
[pipeline-perf] scene=Native/menu host=0 map=00/00 output=1280x800 frames=1554 fps=1552.7 cadence-ms=0.644 p95=1.310 max=16.046 refresh=3 vsync=0 cap=0 gpu-ms=unavailable
[pipeline-stage] events/input mean-ms=0.0560 peak-call-ms=8.2820 calls=1554
[pipeline-stage] emulation mean-ms=0.0104 peak-call-ms=1.3748 calls=60
[pipeline-stage] PPU + capture mean-ms=0.0430 peak-call-ms=4.7062 calls=60
[pipeline-stage] world map build mean-ms=0.0000 peak-call-ms=0.0010 calls=60
[pipeline-stage] SIM metadata mean-ms=0.0011 peak-call-ms=0.1003 calls=60
[pipeline-stage] town canvas mean-ms=0.0001 peak-call-ms=0.0043 calls=60
[pipeline-stage] frame snapshot mean-ms=0.0020 peak-call-ms=0.0856 calls=60
[pipeline-stage] upload mean-ms=0.0268 peak-call-ms=3.4597 calls=60
[pipeline-stage] presentation mean-ms=0.0608 peak-call-ms=0.3100 calls=1554
[pipeline-stage] CRT/resolve mean-ms=0.0109 peak-call-ms=0.0636 calls=3108
[pipeline-stage] host UI mean-ms=0.0047 peak-call-ms=0.0530 calls=1554
[pipeline-stage] settings UI mean-ms=0.0002 peak-call-ms=0.0135 calls=1554
[pipeline-stage] present/wait mean-ms=0.3798 peak-call-ms=1.4982 calls=1554
[pipeline-stage] pacing/sleep mean-ms=0.0003 peak-call-ms=0.0016 calls=1554
[pipeline-stage] housekeeping mean-ms=0.0001 peak-call-ms=0.0023 calls=60
[pipeline-stage] PPU setup mean-ms=0.0002 peak-call-ms=0.0082 calls=60
[pipeline-stage] PPU scanout mean-ms=0.0420 peak-call-ms=4.6859 calls=60
[pipeline-stage] PPU finish mean-ms=0.0001 peak-call-ms=0.0026 calls=60
[pipeline-work] ticks=0.04 repre=0.96 draws=0.0 vertices=0 upload-MiB=0.076 depth-MiB=0.000 depth-copy-MiB=0.000 depth-copy-calls=0.00 jobs=0.00 helpers=0.00 fallback=0.00 failed=0.00 (per-present)
[pipeline-traffic] upload-calls=0.01 skipped=0.00 scan-MiB=0.098 upload-MiB=0.076 mirror-realloc=0.00 (per-present)
[pipeline-atlas] reuse=0.00 copy-MiB=0.000 copy-calls=0.00 (per-present; copies are GPU-only)
[pipeline-path] cpu-project=0.00 cpu-stage=0.00 gpu-reuse=0.00 publish=0.00 opt-out=0.00 limit=0.00 rejected=0.00 (events/present, not view fallbacks)
[pipeline-perf] scene=Native/menu host=0 map=00/00 output=1280x800 frames=1097 fps=1095.3 cadence-ms=0.913 p95=2.125 max=15.548 refresh=3 vsync=0 cap=0 gpu-ms=unavailable
[pipeline-stage] events/input mean-ms=0.0523 peak-call-ms=8.2512 calls=1097
[pipeline-stage] emulation mean-ms=0.0142 peak-call-ms=1.2435 calls=61
[pipeline-stage] PPU + capture mean-ms=0.1243 peak-call-ms=5.0495 calls=61
[pipeline-stage] world map build mean-ms=0.0000 peak-call-ms=0.0007 calls=61
[pipeline-stage] SIM metadata mean-ms=0.0012 peak-call-ms=0.0326 calls=61
[pipeline-stage] town canvas mean-ms=0.0001 peak-call-ms=0.0086 calls=61
[pipeline-stage] frame snapshot mean-ms=0.0024 peak-call-ms=0.0606 calls=61
[pipeline-stage] upload mean-ms=0.0511 peak-call-ms=2.7563 calls=61
[pipeline-stage] presentation mean-ms=0.0610 peak-call-ms=0.1527 calls=1097
[pipeline-stage] CRT/resolve mean-ms=0.0104 peak-call-ms=0.0390 calls=2194
[pipeline-stage] host UI mean-ms=0.0045 peak-call-ms=0.0189 calls=1097
[pipeline-stage] settings UI mean-ms=0.0002 peak-call-ms=0.0136 calls=1097
[pipeline-stage] present/wait mean-ms=0.5507 peak-call-ms=1.6496 calls=1097
[pipeline-stage] pacing/sleep mean-ms=0.0003 peak-call-ms=0.0249 calls=1097
[pipeline-stage] housekeeping mean-ms=0.0001 peak-call-ms=0.0033 calls=61
[pipeline-stage] PPU setup mean-ms=0.0003 peak-call-ms=0.0110 calls=61
[pipeline-stage] PPU scanout mean-ms=0.1231 peak-call-ms=5.0275 calls=61
[pipeline-stage] PPU finish mean-ms=0.0001 peak-call-ms=0.0028 calls=61
[pipeline-work] ticks=0.06 repre=0.94 draws=0.0 vertices=0 upload-MiB=0.163 depth-MiB=0.000 depth-copy-MiB=0.000 depth-copy-calls=0.00 jobs=0.00 helpers=0.00 fallback=0.00 failed=0.00 (per-present)
[pipeline-traffic] upload-calls=0.03 skipped=0.00 scan-MiB=0.143 upload-MiB=0.163 mirror-realloc=0.00 (per-present)
[pipeline-atlas] reuse=0.00 copy-MiB=0.000 copy-calls=0.00 (per-present; copies are GPU-only)
[pipeline-path] cpu-project=0.00 cpu-stage=0.00 gpu-reuse=0.00 publish=0.00 opt-out=0.00 limit=0.00 rejected=0.00 (events/present, not view fallbacks)
[pipeline-perf] scene=Native/menu host=0 map=00/00 output=1280x800 frames=1086 fps=1084.9 cadence-ms=0.922 p95=2.227 max=15.587 refresh=3 vsync=0 cap=0 gpu-ms=unavailable
[pipeline-stage] events/input mean-ms=0.0518 peak-call-ms=8.1579 calls=1086
[pipeline-stage] emulation mean-ms=0.0194 peak-call-ms=2.1520 calls=60
[pipeline-stage] PPU + capture mean-ms=0.1201 peak-call-ms=4.6929 calls=60
[pipeline-stage] world map build mean-ms=0.0000 peak-call-ms=0.0018 calls=60
[pipeline-stage] SIM metadata mean-ms=0.0012 peak-call-ms=0.0349 calls=60
[pipeline-stage] town canvas mean-ms=0.0001 peak-call-ms=0.0020 calls=60
[pipeline-stage] frame snapshot mean-ms=0.0025 peak-call-ms=0.1938 calls=60
[pipeline-stage] upload mean-ms=0.0480 peak-call-ms=2.9193 calls=60
[pipeline-stage] presentation mean-ms=0.0748 peak-call-ms=6.7079 calls=1086
[pipeline-stage] CRT/resolve mean-ms=0.0104 peak-call-ms=0.0255 calls=2172
[pipeline-stage] host UI mean-ms=0.0048 peak-call-ms=0.0431 calls=1086
[pipeline-stage] settings UI mean-ms=0.0002 peak-call-ms=0.0173 calls=1086
[pipeline-stage] present/wait mean-ms=0.5448 peak-call-ms=2.0122 calls=1086
[pipeline-stage] pacing/sleep mean-ms=0.0003 peak-call-ms=0.0013 calls=1086
[pipeline-stage] housekeeping mean-ms=0.0001 peak-call-ms=0.0026 calls=60
[pipeline-stage] PPU setup mean-ms=0.0003 peak-call-ms=0.0084 calls=60
[pipeline-stage] PPU scanout mean-ms=0.1189 peak-call-ms=4.6710 calls=60
[pipeline-stage] PPU finish mean-ms=0.0001 peak-call-ms=0.0048 calls=60
[pipeline-work] ticks=0.06 repre=0.94 draws=0.0 vertices=0 upload-MiB=0.146 depth-MiB=0.000 depth-copy-MiB=0.000 depth-copy-calls=0.00 jobs=0.00 helpers=0.00 fallback=0.00 failed=0.00 (per-present)
[pipeline-traffic] upload-calls=0.05 skipped=0.00 scan-MiB=0.145 upload-MiB=0.146 mirror-realloc=0.00 (per-present)
[pipeline-atlas] reuse=0.00 copy-MiB=0.000 copy-calls=0.00 (per-present; copies are GPU-only)
[pipeline-path] cpu-project=0.00 cpu-stage=0.00 gpu-reuse=0.00 publish=0.00 opt-out=0.00 limit=0.00 rejected=0.00 (events/present, not view fallbacks)
[music] stop [music:title-theme] (driver halt $F0)
[widescreen] gf=310 $18=00 $19=07 -> WIDE clamp=00 mirror=00 repeat=00 bands=0/811c9dc5 normal=00 hud=32/168/168 left-only-y=32 bg-plan=0 source=none/none hle=00
[sim-worldmap] HLE built from sim state at gf=310 after Sky Palace entry (2623 tiles changed)
[sim3d-view] gf=310 none -> authentic (view fallback) (inactive, view=authentic_fallback, integrity=$0, mismatch=0 px) after 310 frame(s)
[music] src=1C:A988 song=01 -> [music:song-01] game-assets/audio/sky-palace.ogg
[sim3d-view] gf=311 authentic (view fallback) -> Sky Palace globe (inactive, view=sky_palace, integrity=$0, mismatch=0 px) after 1 frame(s)
[world-navigation-setup] mountains=26.170ms cliffs=17.433ms art=23.382ms
[pipeline-perf] scene=Sky Palace host=0 map=00/07 output=1280x800 frames=232 fps=230.6 cadence-ms=4.336 p95=9.635 max=22.387 refresh=3 vsync=0 cap=0 gpu-ms=unavailable
[pipeline-stage] events/input mean-ms=0.1165 peak-call-ms=7.7384 calls=232
[pipeline-stage] emulation mean-ms=0.0547 peak-call-ms=1.2672 calls=63
[pipeline-stage] PPU + capture mean-ms=1.2065 peak-call-ms=7.0297 calls=61
[pipeline-stage] world map build mean-ms=0.0017 peak-call-ms=0.0362 calls=61
[pipeline-stage] SIM metadata mean-ms=0.0150 peak-call-ms=0.1067 calls=61
[pipeline-stage] town canvas mean-ms=0.0004 peak-call-ms=0.0037 calls=61
[pipeline-stage] frame snapshot mean-ms=0.0181 peak-call-ms=0.1137 calls=61
[pipeline-stage] upload mean-ms=0.3647 peak-call-ms=2.2489 calls=61
[pipeline-stage] presentation mean-ms=1.7324 peak-call-ms=224.0837 calls=232
[pipeline-stage] CRT/resolve mean-ms=0.0173 peak-call-ms=0.1246 calls=464
[pipeline-stage] host UI mean-ms=0.0080 peak-call-ms=0.0200 calls=232
[pipeline-stage] settings UI mean-ms=0.0006 peak-call-ms=0.0016 calls=232
[pipeline-stage] present/wait mean-ms=1.7074 peak-call-ms=5.0561 calls=232
[pipeline-stage] pacing/sleep mean-ms=0.0006 peak-call-ms=0.0019 calls=232
[pipeline-stage] housekeeping mean-ms=0.0005 peak-call-ms=0.0155 calls=61
[pipeline-stage] PPU setup mean-ms=0.0023 peak-call-ms=0.0180 calls=61
[pipeline-stage] PPU scanout mean-ms=1.1884 peak-call-ms=6.9464 calls=61
[pipeline-stage] PPU finish mean-ms=0.0029 peak-call-ms=0.0349 calls=61
[pipeline-stage] job owner mean-ms=0.0284 peak-call-ms=2.1324 calls=6
[pipeline-stage] job helpers* mean-ms=0.0957 peak-call-ms=2.9975 calls=15
[pipeline-stage] job join wait mean-ms=0.0163 peak-call-ms=1.1139 calls=5
[pipeline-stage] SIM upload mean-ms=0.4190 peak-call-ms=67.0090 calls=232
[pipeline-stage] SIM backdrop mean-ms=0.0026 peak-call-ms=0.0068 calls=232
[pipeline-stage] SIM terrain mean-ms=0.2802 peak-call-ms=62.6657 calls=232
[pipeline-stage] SIM depth pass mean-ms=0.0863 peak-call-ms=0.0709 calls=752
[pipeline-stage] SIM model project mean-ms=0.1271 peak-call-ms=29.3590 calls=232
[pipeline-stage] SIM depth submit mean-ms=0.2559 peak-call-ms=2.1478 calls=232
[pipeline-stage] SIM clouds mean-ms=0.2429 peak-call-ms=34.1819 calls=232
[pipeline-stage] world animation mean-ms=0.0466 peak-call-ms=3.7009 calls=3
[pipeline-stage] world transfer mean-ms=0.0989 peak-call-ms=6.7863 calls=62
[pipeline-stage] world prepare mean-ms=0.0908 peak-call-ms=18.8169 calls=464
[pipeline-stage] world atmosphere mean-ms=0.0593 peak-call-ms=0.2762 calls=232
[pipeline-work] ticks=0.27 repre=0.74 draws=27.0 vertices=971161 upload-MiB=0.573 depth-MiB=0.111 depth-copy-MiB=0.028 depth-copy-calls=0.02 jobs=0.03 helpers=0.06 fallback=0.00 failed=0.00 (per-present)
[pipeline-traffic] upload-calls=1.07 skipped=0.00 scan-MiB=0.656 upload-MiB=0.573 mirror-realloc=0.00 (per-present)
[pipeline-atlas] reuse=0.98 copy-MiB=0.276 copy-calls=0.02 (per-present; copies are GPU-only)
[pipeline-path] cpu-project=1.00 cpu-stage=0.00 gpu-reuse=2.00 publish=0.01 opt-out=0.00 limit=0.00 rejected=0.00 (events/present, not view fallbacks)
[widescreen] gf=374 $18=00 $19=09 -> WIDE clamp=00 mirror=00 repeat=00 bands=0/811c9dc5 normal=00 hud=0/0/0 left-only-y=0 bg-plan=0 source=none/none hle=00
[sim-worldmap] HLE built from sim state at gf=374 after world-navigation entry (0 tiles changed)
[world-navigation-capture] gf=374 fallback=forced-blank
[sim3d-view] gf=374 Sky Palace globe -> authentic (view fallback) (inactive, view=authentic_fallback, integrity=$0, mismatch=0 px) after 63 frame(s)
[sim3d-view] gf=375 authentic (view fallback) -> world navigation 3D (inactive, view=world_navigation, integrity=$0, mismatch=0 px) after 1 frame(s)
[warp] from $18=$00 $19=$09 staged region=$01 map=$01 ($1B/$1A/$FB set); transition processor should pick it up.
[world-navigation-capture] gf=402 fallback=forced-blank
[sim3d-view] gf=402 world navigation 3D -> authentic (view fallback) (inactive, view=authentic_fallback, integrity=$0, mismatch=0 px) after 27 frame(s)
[pipeline-perf] scene=Native/menu host=0 map=00/09 output=1280x800 frames=2283 fps=2275.7 cadence-ms=0.439 p95=0.701 max=8.849 refresh=3 vsync=0 cap=0 gpu-ms=unavailable
[pipeline-stage] events/input mean-ms=0.0536 peak-call-ms=8.1473 calls=2283
[pipeline-stage] emulation mean-ms=0.0020 peak-call-ms=1.2189 calls=61
[pipeline-stage] PPU + capture mean-ms=0.0031 peak-call-ms=0.2131 calls=61
[pipeline-stage] world map build mean-ms=0.0001 peak-call-ms=0.0475 calls=61
[pipeline-stage] SIM metadata mean-ms=0.0010 peak-call-ms=0.0699 calls=61
[pipeline-stage] town canvas mean-ms=0.0000 peak-call-ms=0.0015 calls=61
[pipeline-stage] frame snapshot mean-ms=0.0011 peak-call-ms=0.0813 calls=61
[pipeline-stage] upload mean-ms=0.0027 peak-call-ms=0.8247 calls=61
[pipeline-stage] presentation mean-ms=0.0337 peak-call-ms=0.1378 calls=2283
[pipeline-stage] CRT/resolve mean-ms=0.0248 peak-call-ms=0.1108 calls=4566
[pipeline-stage] host UI mean-ms=0.0041 peak-call-ms=0.0589 calls=2283
[pipeline-stage] settings UI mean-ms=0.0002 peak-call-ms=0.0072 calls=2283
[pipeline-stage] present/wait mean-ms=0.2918 peak-call-ms=3.5297 calls=2283
[pipeline-stage] pacing/sleep mean-ms=0.0002 peak-call-ms=0.0359 calls=2283
[pipeline-stage] housekeeping mean-ms=0.0000 peak-call-ms=0.0020 calls=61
[pipeline-stage] PPU setup mean-ms=0.0001 peak-call-ms=0.0073 calls=61
[pipeline-stage] PPU scanout mean-ms=0.0026 peak-call-ms=0.1955 calls=61
[pipeline-stage] PPU finish mean-ms=0.0000 peak-call-ms=0.0099 calls=61
[pipeline-work] ticks=0.03 repre=0.97 draws=0.0 vertices=0 upload-MiB=0.001 depth-MiB=0.000 depth-copy-MiB=0.000 depth-copy-calls=0.00 jobs=0.00 helpers=0.00 fallback=1.00 failed=0.00 (per-present)
[pipeline-traffic] upload-calls=0.00 skipped=0.00 scan-MiB=0.045 upload-MiB=0.001 mirror-realloc=0.00 (per-present)
[pipeline-atlas] reuse=0.00 copy-MiB=0.000 copy-calls=0.00 (per-present; copies are GPU-only)
[pipeline-path] cpu-project=0.00 cpu-stage=0.00 gpu-reuse=0.00 publish=0.00 opt-out=0.00 limit=0.00 rejected=0.00 (events/present, not view fallbacks)
[pipeline-perf] scene=Native/menu host=0 map=00/09 output=1280x800 frames=2259 fps=2257.4 cadence-ms=0.443 p95=1.044 max=10.150 refresh=3 vsync=0 cap=0 gpu-ms=unavailable
[pipeline-stage] events/input mean-ms=0.0514 peak-call-ms=8.2503 calls=2259
[pipeline-stage] emulation mean-ms=0.0028 peak-call-ms=1.4886 calls=60
[pipeline-stage] PPU + capture mean-ms=0.0037 peak-call-ms=0.1900 calls=60
[pipeline-stage] world map build mean-ms=0.0001 peak-call-ms=0.0034 calls=60
[pipeline-stage] SIM metadata mean-ms=0.0012 peak-call-ms=0.1091 calls=60
[pipeline-stage] town canvas mean-ms=0.0000 peak-call-ms=0.0018 calls=60
[pipeline-stage] frame snapshot mean-ms=0.0012 peak-call-ms=0.0906 calls=60
[pipeline-stage] upload mean-ms=0.0030 peak-call-ms=0.1683 calls=60
[pipeline-stage] presentation mean-ms=0.0342 peak-call-ms=0.1766 calls=2259
[pipeline-stage] CRT/resolve mean-ms=0.0251 peak-call-ms=0.1504 calls=4518
[pipeline-stage] host UI mean-ms=0.0043 peak-call-ms=0.0566 calls=2259
[pipeline-stage] settings UI mean-ms=0.0002 peak-call-ms=0.0018 calls=2259
[pipeline-stage] present/wait mean-ms=0.2945 peak-call-ms=1.4868 calls=2259
[pipeline-stage] pacing/sleep mean-ms=0.0002 peak-call-ms=0.0135 calls=2259
[pipeline-stage] housekeeping mean-ms=0.0000 peak-call-ms=0.0023 calls=60
[pipeline-stage] PPU setup mean-ms=0.0002 peak-call-ms=0.0094 calls=60
[pipeline-stage] PPU scanout mean-ms=0.0031 peak-call-ms=0.1702 calls=60
[pipeline-stage] PPU finish mean-ms=0.0000 peak-call-ms=0.0022 calls=60
[pipeline-work] ticks=0.03 repre=0.97 draws=0.0 vertices=0 upload-MiB=0.000 depth-MiB=0.000 depth-copy-MiB=0.000 depth-copy-calls=0.00 jobs=0.00 helpers=0.00 fallback=1.00 failed=0.00 (per-present)
[pipeline-traffic] upload-calls=0.00 skipped=0.00 scan-MiB=0.045 upload-MiB=0.000 mirror-realloc=0.00 (per-present)
[pipeline-atlas] reuse=0.00 copy-MiB=0.000 copy-calls=0.00 (per-present; copies are GPU-only)
[pipeline-path] cpu-project=0.00 cpu-stage=0.00 gpu-reuse=0.00 publish=0.00 opt-out=0.00 limit=0.00 rejected=0.00 (events/present, not view fallbacks)
[pipeline-perf] scene=Native/menu host=0 map=00/09 output=1280x800 frames=2068 fps=2066.1 cadence-ms=0.484 p95=1.046 max=9.438 refresh=3 vsync=0 cap=0 gpu-ms=unavailable
[pipeline-stage] events/input mean-ms=0.0516 peak-call-ms=8.1300 calls=2068
[pipeline-stage] emulation mean-ms=0.0032 peak-call-ms=1.3348 calls=60
[pipeline-stage] PPU + capture mean-ms=0.0046 peak-call-ms=0.2234 calls=60
[pipeline-stage] world map build mean-ms=0.0001 peak-call-ms=0.0042 calls=60
[pipeline-stage] SIM metadata mean-ms=0.0015 peak-call-ms=0.1059 calls=60
[pipeline-stage] town canvas mean-ms=0.0000 peak-call-ms=0.0017 calls=60
[pipeline-stage] frame snapshot mean-ms=0.0016 peak-call-ms=0.1215 calls=60
[pipeline-stage] upload mean-ms=0.0038 peak-call-ms=0.1976 calls=60
[pipeline-stage] presentation mean-ms=0.0351 peak-call-ms=0.2905 calls=2068
[pipeline-stage] CRT/resolve mean-ms=0.0256 peak-call-ms=0.2723 calls=4136
[pipeline-stage] host UI mean-ms=0.0044 peak-call-ms=0.0402 calls=2068
[pipeline-stage] settings UI mean-ms=0.0002 peak-call-ms=0.0014 calls=2068
[pipeline-stage] present/wait mean-ms=0.3327 peak-call-ms=1.5676 calls=2068
[pipeline-stage] pacing/sleep mean-ms=0.0002 peak-call-ms=0.0016 calls=2068
[pipeline-stage] housekeeping mean-ms=0.0000 peak-call-ms=0.0025 calls=60
[pipeline-stage] PPU setup mean-ms=0.0002 peak-call-ms=0.0393 calls=60
[pipeline-stage] PPU scanout mean-ms=0.0038 peak-call-ms=0.1978 calls=60
[pipeline-stage] PPU finish mean-ms=0.0000 peak-call-ms=0.0025 calls=60
[pipeline-work] ticks=0.03 repre=0.97 draws=0.0 vertices=0 upload-MiB=0.000 depth-MiB=0.000 depth-copy-MiB=0.000 depth-copy-calls=0.00 jobs=0.00 helpers=0.00 fallback=1.00 failed=0.00 (per-present)
[pipeline-traffic] upload-calls=0.00 skipped=0.00 scan-MiB=0.049 upload-MiB=0.000 mirror-realloc=0.00 (per-present)
[pipeline-atlas] reuse=0.00 copy-MiB=0.000 copy-calls=0.00 (per-present; copies are GPU-only)
[pipeline-path] cpu-project=0.00 cpu-stage=0.00 gpu-reuse=0.00 publish=0.00 opt-out=0.00 limit=0.00 rejected=0.00 (events/present, not view fallbacks)
[pipeline-perf] scene=Native/menu host=0 map=00/09 output=1280x800 frames=2015 fps=2013.4 cadence-ms=0.497 p95=1.011 max=9.698 refresh=3 vsync=0 cap=0 gpu-ms=unavailable
[pipeline-stage] events/input mean-ms=0.0529 peak-call-ms=8.1399 calls=2015
[pipeline-stage] emulation mean-ms=0.0023 peak-call-ms=1.4513 calls=60
[pipeline-stage] PPU + capture mean-ms=0.0047 peak-call-ms=0.2600 calls=60
[pipeline-stage] world map build mean-ms=0.0001 peak-call-ms=0.0050 calls=60
[pipeline-stage] SIM metadata mean-ms=0.0015 peak-call-ms=0.0794 calls=60
[pipeline-stage] town canvas mean-ms=0.0000 peak-call-ms=0.0020 calls=60
[pipeline-stage] frame snapshot mean-ms=0.0016 peak-call-ms=0.0822 calls=60
[pipeline-stage] upload mean-ms=0.0039 peak-call-ms=0.2426 calls=60
[pipeline-stage] presentation mean-ms=0.0358 peak-call-ms=0.2400 calls=2015
[pipeline-stage] CRT/resolve mean-ms=0.0262 peak-call-ms=0.2285 calls=4030
[pipeline-stage] host UI mean-ms=0.0046 peak-call-ms=0.0923 calls=2015
[pipeline-stage] settings UI mean-ms=0.0002 peak-call-ms=0.0131 calls=2015
[pipeline-stage] present/wait mean-ms=0.3439 peak-call-ms=1.5237 calls=2015
[pipeline-stage] pacing/sleep mean-ms=0.0002 peak-call-ms=0.0027 calls=2015
[pipeline-stage] housekeeping mean-ms=0.0000 peak-call-ms=0.0026 calls=60
[pipeline-stage] PPU setup mean-ms=0.0002 peak-call-ms=0.0078 calls=60
[pipeline-stage] PPU scanout mean-ms=0.0039 peak-call-ms=0.2324 calls=60
[pipeline-stage] PPU finish mean-ms=0.0000 peak-call-ms=0.0021 calls=60
[pipeline-work] ticks=0.03 repre=0.97 draws=0.0 vertices=0 upload-MiB=0.000 depth-MiB=0.000 depth-copy-MiB=0.000 depth-copy-calls=0.00 jobs=0.00 helpers=0.00 fallback=1.00 failed=0.00 (per-present)
[pipeline-traffic] upload-calls=0.00 skipped=0.00 scan-MiB=0.050 upload-MiB=0.000 mirror-realloc=0.00 (per-present)
[pipeline-atlas] reuse=0.00 copy-MiB=0.000 copy-calls=0.00 (per-present; copies are GPU-only)
[pipeline-path] cpu-project=0.00 cpu-stage=0.00 gpu-reuse=0.00 publish=0.00 opt-out=0.00 limit=0.00 rejected=0.00 (events/present, not view fallbacks)
[pipeline-perf] scene=Native/menu host=0 map=00/09 output=1280x800 frames=2057 fps=2054.9 cadence-ms=0.487 p95=0.981 max=9.908 refresh=3 vsync=0 cap=0 gpu-ms=unavailable
[pipeline-stage] events/input mean-ms=0.0527 peak-call-ms=9.1676 calls=2057
[pipeline-stage] emulation mean-ms=0.0032 peak-call-ms=1.5413 calls=61
[pipeline-stage] PPU + capture mean-ms=0.0046 peak-call-ms=0.1952 calls=61
[pipeline-stage] world map build mean-ms=0.0001 peak-call-ms=0.0037 calls=61
[pipeline-stage] SIM metadata mean-ms=0.0018 peak-call-ms=0.3968 calls=61
[pipeline-stage] town canvas mean-ms=0.0000 peak-call-ms=0.0034 calls=61
[pipeline-stage] frame snapshot mean-ms=0.0016 peak-call-ms=0.0812 calls=61
[pipeline-stage] upload mean-ms=0.0040 peak-call-ms=0.2021 calls=61
[pipeline-stage] presentation mean-ms=0.0377 peak-call-ms=0.1950 calls=2057
[pipeline-stage] CRT/resolve mean-ms=0.0279 peak-call-ms=0.1544 calls=4114
[pipeline-stage] host UI mean-ms=0.0046 peak-call-ms=0.0396 calls=2057
[pipeline-stage] settings UI mean-ms=0.0002 peak-call-ms=0.0010 calls=2057
[pipeline-stage] present/wait mean-ms=0.3269 peak-call-ms=1.3730 calls=2057
[pipeline-stage] pacing/sleep mean-ms=0.0002 peak-call-ms=0.0013 calls=2057
[pipeline-stage] housekeeping mean-ms=0.0000 peak-call-ms=0.0024 calls=61
[pipeline-stage] PPU setup mean-ms=0.0002 peak-call-ms=0.0083 calls=61
[pipeline-stage] PPU scanout mean-ms=0.0038 peak-call-ms=0.1706 calls=61
[pipeline-stage] PPU finish mean-ms=0.0000 peak-call-ms=0.0024 calls=61
[pipeline-work] ticks=0.03 repre=0.97 draws=0.0 vertices=0 upload-MiB=0.000 depth-MiB=0.000 depth-copy-MiB=0.000 depth-copy-calls=0.00 jobs=0.00 helpers=0.00 fallback=1.00 failed=0.00 (per-present)
[pipeline-traffic] upload-calls=0.00 skipped=0.00 scan-MiB=0.050 upload-MiB=0.000 mirror-realloc=0.00 (per-present)
[pipeline-atlas] reuse=0.00 copy-MiB=0.000 copy-calls=0.00 (per-present; copies are GPU-only)
[pipeline-path] cpu-project=0.00 cpu-stage=0.00 gpu-reuse=0.00 publish=0.00 opt-out=0.00 limit=0.00 rejected=0.00 (events/present, not view fallbacks)
[music] stop [music:song-01] (driver halt $F0)
[action-bg-hle] full world-layer provider enabled
[action-bg-hle] fallback=forced-blank map=01/01 BG1
[widescreen] gf=402 $18=01 $19=01 -> WIDE clamp=00 mirror=00 repeat=00 bands=0/811c9dc5 normal=00 hud=40/88/168 left-only-y=28 bg-plan=1 source=world/world hle=00
[sim3d-view] gf=402 authentic (view fallback) -> none (inactive, view=none, integrity=$0, mismatch=0 px) after 0 frame(s)
[act-enter] $18=01 $19=01 at game-frame 402
[music] src=18:947F song=01 -> [music:song-00] game-assets/audio/fillmore.ogg
[action-room-scene] ROM-derived world source enabled
[widescreen] gf=403 $18=01 $19=01 -> WIDE clamp=00 mirror=00 repeat=00 bands=0/811c9dc5 normal=00 hud=40/88/168 left-only-y=28 bg-plan=1 source=world/world hle=03
[gpu-fx] blur shader ready
[gpu-fx] DOF shader ready
[gpu-fx] rim light shader ready
[pipeline-perf] scene=Action 3D host=0 map=01/01 output=1280x800 frames=490 fps=488.5 cadence-ms=2.047 p95=10.735 max=34.432 refresh=3 vsync=0 cap=0 gpu-ms=unavailable
[pipeline-stage] events/input mean-ms=0.0717 peak-call-ms=8.1209 calls=490
[pipeline-stage] emulation mean-ms=0.0479 peak-call-ms=8.0968 calls=61
[pipeline-stage] PPU + capture mean-ms=0.8516 peak-call-ms=9.5385 calls=61
[pipeline-stage] world map build mean-ms=0.0001 peak-call-ms=0.0008 calls=61
[pipeline-stage] SIM metadata mean-ms=0.0034 peak-call-ms=0.0534 calls=61
[pipeline-stage] town canvas mean-ms=0.0002 peak-call-ms=0.0021 calls=61
[pipeline-stage] frame snapshot mean-ms=0.0078 peak-call-ms=0.1671 calls=61
[pipeline-stage] upload mean-ms=0.2215 peak-call-ms=5.4643 calls=61
[pipeline-stage] presentation mean-ms=0.1951 peak-call-ms=10.8199 calls=490
[pipeline-stage] CRT/resolve mean-ms=0.0147 peak-call-ms=0.1035 calls=980
[pipeline-stage] host UI mean-ms=0.0053 peak-call-ms=0.0327 calls=490
[pipeline-stage] settings UI mean-ms=0.0003 peak-call-ms=0.0014 calls=490
[pipeline-stage] present/wait mean-ms=0.6071 peak-call-ms=2.1577 calls=490
[pipeline-stage] pacing/sleep mean-ms=0.0004 peak-call-ms=0.0012 calls=490
[pipeline-stage] housekeeping mean-ms=0.0002 peak-call-ms=0.0037 calls=61
[pipeline-stage] PPU setup mean-ms=0.0063 peak-call-ms=0.9195 calls=61
[pipeline-stage] PPU scanout mean-ms=0.8362 peak-call-ms=8.1684 calls=61
[pipeline-stage] PPU finish mean-ms=0.0007 peak-call-ms=0.0091 calls=61
[pipeline-stage] action total mean-ms=0.1718 peak-call-ms=10.6905 calls=287
[pipeline-stage] action upload mean-ms=0.1232 peak-call-ms=4.2804 calls=61
[pipeline-stage] action analysis mean-ms=0.0001 peak-call-ms=0.0014 calls=61
[pipeline-stage] action setup mean-ms=0.0063 peak-call-ms=0.9173 calls=61
[pipeline-stage] action scanout mean-ms=0.8361 peak-call-ms=8.1678 calls=61
[pipeline-stage] action finish mean-ms=0.0007 peak-call-ms=0.0087 calls=61
[pipeline-stage] action host-post mean-ms=0.0065 peak-call-ms=0.0897 calls=61
[pipeline-stage] action synthesis mean-ms=0.0002 peak-call-ms=0.0010 calls=287
[pipeline-stage] action mesh mean-ms=0.0037 peak-call-ms=0.0396 calls=1435
[pipeline-stage] action supersample mean-ms=0.0161 peak-call-ms=0.3898 calls=287
[pipeline-stage] action DOF mean-ms=0.0314 peak-call-ms=0.2202 calls=287
[pipeline-stage] action submit mean-ms=0.0103 peak-call-ms=0.0496 calls=2035
[pipeline-stage] action callback mean-ms=0.0005 peak-call-ms=0.0574 calls=1435
[pipeline-work] ticks=0.12 repre=0.88 draws=4.2 vertices=290 upload-MiB=0.118 depth-MiB=0.000 depth-copy-MiB=0.000 depth-copy-calls=0.00 jobs=0.00 helpers=0.00 fallback=0.00 failed=0.00 (per-present)
[pipeline-traffic] upload-calls=0.47 skipped=0.21 scan-MiB=0.939 upload-MiB=0.118 mirror-realloc=0.01 (per-present)
[pipeline-atlas] reuse=0.00 copy-MiB=0.000 copy-calls=0.00 (per-present; copies are GPU-only)
[pipeline-path] cpu-project=0.00 cpu-stage=0.00 gpu-reuse=0.00 publish=0.00 opt-out=0.00 limit=0.00 rejected=0.00 (events/present, not view fallbacks)
[pipeline-perf] scene=Action 3D host=0 map=01/01 output=1280x800 frames=346 fps=344.4 cadence-ms=2.904 p95=10.437 max=19.934 refresh=3 vsync=0 cap=0 gpu-ms=unavailable
[pipeline-stage] events/input mean-ms=0.0787 peak-call-ms=8.6658 calls=346
[pipeline-stage] emulation mean-ms=0.0609 peak-call-ms=1.7758 calls=61
[pipeline-stage] PPU + capture mean-ms=1.3209 peak-call-ms=8.2691 calls=61
[pipeline-stage] world map build mean-ms=0.0001 peak-call-ms=0.0014 calls=61
[pipeline-stage] SIM metadata mean-ms=0.0044 peak-call-ms=0.0321 calls=61
[pipeline-stage] town canvas mean-ms=0.0002 peak-call-ms=0.0017 calls=61
[pipeline-stage] frame snapshot mean-ms=0.0100 peak-call-ms=0.0777 calls=61
[pipeline-stage] upload mean-ms=0.2585 peak-call-ms=3.5056 calls=61
[pipeline-stage] presentation mean-ms=0.2719 peak-call-ms=1.3476 calls=346
[pipeline-stage] CRT/resolve mean-ms=0.0125 peak-call-ms=0.0351 calls=692
[pipeline-stage] host UI mean-ms=0.0062 peak-call-ms=0.0909 calls=346
[pipeline-stage] settings UI mean-ms=0.0004 peak-call-ms=0.0011 calls=346
[pipeline-stage] present/wait mean-ms=0.8513 peak-call-ms=2.5947 calls=346
[pipeline-stage] pacing/sleep mean-ms=0.0005 peak-call-ms=0.0125 calls=346
[pipeline-stage] housekeeping mean-ms=0.0003 peak-call-ms=0.0340 calls=61
[pipeline-stage] PPU setup mean-ms=0.0070 peak-call-ms=0.0840 calls=61
[pipeline-stage] PPU scanout mean-ms=1.3057 peak-call-ms=8.1872 calls=61
[pipeline-stage] PPU finish mean-ms=0.0011 peak-call-ms=0.0077 calls=61
[pipeline-stage] action total mean-ms=0.2502 peak-call-ms=1.3175 calls=346
[pipeline-stage] action upload mean-ms=0.1483 peak-call-ms=2.5751 calls=61
[pipeline-stage] action analysis mean-ms=0.0001 peak-call-ms=0.0014 calls=61
[pipeline-stage] action setup mean-ms=0.0069 peak-call-ms=0.0749 calls=61
[pipeline-stage] action scanout mean-ms=1.3056 peak-call-ms=8.1864 calls=61
[pipeline-stage] action finish mean-ms=0.0010 peak-call-ms=0.0074 calls=61
[pipeline-stage] action host-post mean-ms=0.0084 peak-call-ms=0.0593 calls=61
[pipeline-stage] action synthesis mean-ms=0.0004 peak-call-ms=0.0010 calls=346
[pipeline-stage] action mesh mean-ms=0.0060 peak-call-ms=0.0157 calls=1730
[pipeline-stage] action supersample mean-ms=0.0238 peak-call-ms=0.0453 calls=346
[pipeline-stage] action DOF mean-ms=0.0533 peak-call-ms=0.1387 calls=346
[pipeline-stage] action submit mean-ms=0.0173 peak-call-ms=0.1377 calls=2439
[pipeline-stage] action callback mean-ms=0.0006 peak-call-ms=0.0008 calls=1730
[pipeline-work] ticks=0.18 repre=0.82 draws=7.0 vertices=494 upload-MiB=0.103 depth-MiB=0.000 depth-copy-MiB=0.000 depth-copy-calls=0.00 jobs=0.00 helpers=0.00 fallback=0.00 failed=0.00 (per-present)
[pipeline-traffic] upload-calls=0.51 skipped=0.42 scan-MiB=1.482 upload-MiB=0.103 mirror-realloc=0.00 (per-present)
[pipeline-atlas] reuse=0.00 copy-MiB=0.000 copy-calls=0.00 (per-present; copies are GPU-only)
[pipeline-path] cpu-project=0.00 cpu-stage=0.00 gpu-reuse=0.00 publish=0.00 opt-out=0.00 limit=0.00 rejected=0.00 (events/present, not view fallbacks)
[pipeline-perf] scene=Action 3D host=0 map=01/01 output=1280x800 frames=375 fps=373.9 cadence-ms=2.674 p95=10.499 max=18.330 refresh=3 vsync=0 cap=0 gpu-ms=unavailable
[pipeline-stage] events/input mean-ms=0.0504 peak-call-ms=7.8608 calls=375
[pipeline-stage] emulation mean-ms=0.0431 peak-call-ms=1.5268 calls=60
[pipeline-stage] PPU + capture mean-ms=1.2168 peak-call-ms=8.4776 calls=60
[pipeline-stage] world map build mean-ms=0.0001 peak-call-ms=0.0012 calls=60
[pipeline-stage] SIM metadata mean-ms=0.0042 peak-call-ms=0.0509 calls=60
[pipeline-stage] town canvas mean-ms=0.0002 peak-call-ms=0.0024 calls=60
[pipeline-stage] frame snapshot mean-ms=0.0096 peak-call-ms=0.0969 calls=60
[pipeline-stage] upload mean-ms=0.2278 peak-call-ms=2.9639 calls=60
[pipeline-stage] presentation mean-ms=0.2667 peak-call-ms=1.3938 calls=375
[pipeline-stage] CRT/resolve mean-ms=0.0124 peak-call-ms=0.0327 calls=750
[pipeline-stage] host UI mean-ms=0.0057 peak-call-ms=0.0206 calls=375
[pipeline-stage] settings UI mean-ms=0.0004 peak-call-ms=0.0010 calls=375
[pipeline-stage] present/wait mean-ms=0.7837 peak-call-ms=2.9223 calls=375
[pipeline-stage] pacing/sleep mean-ms=0.0005 peak-call-ms=0.0014 calls=375
[pipeline-stage] housekeeping mean-ms=0.0002 peak-call-ms=0.0045 calls=60
[pipeline-stage] PPU setup mean-ms=0.0064 peak-call-ms=0.0613 calls=60
[pipeline-stage] PPU scanout mean-ms=1.2027 peak-call-ms=8.3945 calls=60
[pipeline-stage] PPU finish mean-ms=0.0011 peak-call-ms=0.0201 calls=60
[pipeline-stage] action total mean-ms=0.2458 peak-call-ms=1.3615 calls=375
[pipeline-stage] action upload mean-ms=0.1300 peak-call-ms=2.0447 calls=60
[pipeline-stage] action analysis mean-ms=0.0001 peak-call-ms=0.0022 calls=60
[pipeline-stage] action setup mean-ms=0.0064 peak-call-ms=0.0611 calls=60
[pipeline-stage] action scanout mean-ms=1.2025 peak-call-ms=8.3939 calls=60
[pipeline-stage] action finish mean-ms=0.0010 peak-call-ms=0.0198 calls=60
[pipeline-stage] action host-post mean-ms=0.0079 peak-call-ms=0.0998 calls=60
[pipeline-stage] action synthesis mean-ms=0.0004 peak-call-ms=0.0016 calls=375
[pipeline-stage] action mesh mean-ms=0.0060 peak-call-ms=0.0219 calls=1875
[pipeline-stage] action supersample mean-ms=0.0240 peak-call-ms=0.2548 calls=375
[pipeline-stage] action DOF mean-ms=0.0536 peak-call-ms=0.5447 calls=375
[pipeline-stage] action submit mean-ms=0.0173 peak-call-ms=0.3056 calls=2641
[pipeline-stage] action callback mean-ms=0.0006 peak-call-ms=0.0006 calls=1875
[pipeline-work] ticks=0.16 repre=0.84 draws=7.0 vertices=494 upload-MiB=0.089 depth-MiB=0.000 depth-copy-MiB=0.000 depth-copy-calls=0.00 jobs=0.00 helpers=0.00 fallback=0.00 failed=0.00 (per-present)
[pipeline-traffic] upload-calls=0.45 skipped=0.39 scan-MiB=1.343 upload-MiB=0.089 mirror-realloc=0.00 (per-present)
[pipeline-atlas] reuse=0.00 copy-MiB=0.000 copy-calls=0.00 (per-present; copies are GPU-only)
[pipeline-path] cpu-project=0.00 cpu-stage=0.00 gpu-reuse=0.00 publish=0.00 opt-out=0.00 limit=0.00 rejected=0.00 (events/present, not view fallbacks)
[pipeline-perf] scene=Action 3D host=0 map=01/01 output=1280x800 frames=371 fps=369.7 cadence-ms=2.705 p95=10.121 max=18.969 refresh=3 vsync=0 cap=0 gpu-ms=unavailable
[pipeline-stage] events/input mean-ms=0.0737 peak-call-ms=8.1359 calls=371
[pipeline-stage] emulation mean-ms=0.0597 peak-call-ms=2.0911 calls=61
[pipeline-stage] PPU + capture mean-ms=1.2467 peak-call-ms=8.0087 calls=61
[pipeline-stage] world map build mean-ms=0.0001 peak-call-ms=0.0010 calls=61
[pipeline-stage] SIM metadata mean-ms=0.0042 peak-call-ms=0.0539 calls=61
[pipeline-stage] town canvas mean-ms=0.0002 peak-call-ms=0.0016 calls=61
[pipeline-stage] frame snapshot mean-ms=0.0095 peak-call-ms=0.0928 calls=61
[pipeline-stage] upload mean-ms=0.2024 peak-call-ms=2.7569 calls=61
[pipeline-stage] presentation mean-ms=0.2641 peak-call-ms=1.0601 calls=371
[pipeline-stage] CRT/resolve mean-ms=0.0123 peak-call-ms=0.0386 calls=742
[pipeline-stage] host UI mean-ms=0.0057 peak-call-ms=0.0303 calls=371
[pipeline-stage] settings UI mean-ms=0.0004 peak-call-ms=0.0012 calls=371
[pipeline-stage] present/wait mean-ms=0.7967 peak-call-ms=2.5963 calls=371
[pipeline-stage] pacing/sleep mean-ms=0.0005 peak-call-ms=0.0013 calls=371
[pipeline-stage] housekeeping mean-ms=0.0002 peak-call-ms=0.0026 calls=61
[pipeline-stage] PPU setup mean-ms=0.0065 peak-call-ms=0.0627 calls=61
[pipeline-stage] PPU scanout mean-ms=1.2324 peak-call-ms=7.9055 calls=61
[pipeline-stage] PPU finish mean-ms=0.0010 peak-call-ms=0.0077 calls=61
[pipeline-stage] action total mean-ms=0.2432 peak-call-ms=1.0294 calls=371
[pipeline-stage] action upload mean-ms=0.1213 peak-call-ms=2.2450 calls=61
[pipeline-stage] action analysis mean-ms=0.0001 peak-call-ms=0.0013 calls=61
[pipeline-stage] action setup mean-ms=0.0064 peak-call-ms=0.0620 calls=61
[pipeline-stage] action scanout mean-ms=1.2323 peak-call-ms=7.9049 calls=61
[pipeline-stage] action finish mean-ms=0.0010 peak-call-ms=0.0074 calls=61
[pipeline-stage] action host-post mean-ms=0.0079 peak-call-ms=0.0985 calls=61
[pipeline-stage] action synthesis mean-ms=0.0004 peak-call-ms=0.0009 calls=371
[pipeline-stage] action mesh mean-ms=0.0060 peak-call-ms=0.0174 calls=1855
[pipeline-stage] action supersample mean-ms=0.0237 peak-call-ms=0.0576 calls=371
[pipeline-stage] action DOF mean-ms=0.0573 peak-call-ms=0.4610 calls=371
[pipeline-stage] action submit mean-ms=0.0162 peak-call-ms=0.0898 calls=2597
[pipeline-stage] action callback mean-ms=0.0006 peak-call-ms=0.0008 calls=1855
[pipeline-work] ticks=0.16 repre=0.84 draws=7.0 vertices=494 upload-MiB=0.018 depth-MiB=0.000 depth-copy-MiB=0.000 depth-copy-calls=0.00 jobs=0.00 helpers=0.00 fallback=0.00 failed=0.00 (per-present)
[pipeline-traffic] upload-calls=0.34 skipped=0.49 scan-MiB=1.379 upload-MiB=0.018 mirror-realloc=0.00 (per-present)
[pipeline-atlas] reuse=0.00 copy-MiB=0.000 copy-calls=0.00 (per-present; copies are GPU-only)
[pipeline-path] cpu-project=0.00 cpu-stage=0.00 gpu-reuse=0.00 publish=0.00 opt-out=0.00 limit=0.00 rejected=0.00 (events/present, not view fallbacks)
[pipeline-perf] scene=Action 3D host=0 map=01/01 output=1280x800 frames=358 fps=356.9 cadence-ms=2.802 p95=9.798 max=18.551 refresh=3 vsync=0 cap=0 gpu-ms=unavailable
[pipeline-stage] events/input mean-ms=0.0725 peak-call-ms=7.8602 calls=358
[pipeline-stage] emulation mean-ms=0.0709 peak-call-ms=2.6306 calls=60
[pipeline-stage] PPU + capture mean-ms=1.2532 peak-call-ms=8.4754 calls=60
[pipeline-stage] world map build mean-ms=0.0001 peak-call-ms=0.0009 calls=60
[pipeline-stage] SIM metadata mean-ms=0.0043 peak-call-ms=0.0491 calls=60
[pipeline-stage] town canvas mean-ms=0.0002 peak-call-ms=0.0014 calls=60
[pipeline-stage] frame snapshot mean-ms=0.0096 peak-call-ms=0.0921 calls=60
[pipeline-stage] upload mean-ms=0.1929 peak-call-ms=1.3150 calls=60
[pipeline-stage] presentation mean-ms=0.2571 peak-call-ms=0.7327 calls=358
[pipeline-stage] CRT/resolve mean-ms=0.0123 peak-call-ms=0.0247 calls=716
[pipeline-stage] host UI mean-ms=0.0055 peak-call-ms=0.0206 calls=358
[pipeline-stage] settings UI mean-ms=0.0004 peak-call-ms=0.0009 calls=358
[pipeline-stage] present/wait mean-ms=0.8686 peak-call-ms=2.6855 calls=358
[pipeline-stage] pacing/sleep mean-ms=0.0004 peak-call-ms=0.0011 calls=358
[pipeline-stage] housekeeping mean-ms=0.0002 peak-call-ms=0.0036 calls=60
[pipeline-stage] PPU setup mean-ms=0.0066 peak-call-ms=0.0624 calls=60
[pipeline-stage] PPU scanout mean-ms=1.2387 peak-call-ms=8.3910 calls=60
[pipeline-stage] PPU finish mean-ms=0.0011 peak-call-ms=0.0171 calls=60
[pipeline-stage] action total mean-ms=0.2366 peak-call-ms=0.7044 calls=358
[pipeline-stage] action upload mean-ms=0.1118 peak-call-ms=0.7555 calls=60
[pipeline-stage] action analysis mean-ms=0.0001 peak-call-ms=0.0022 calls=60
[pipeline-stage] action setup mean-ms=0.0065 peak-call-ms=0.0618 calls=60
[pipeline-stage] action scanout mean-ms=1.2386 peak-call-ms=8.3902 calls=60
[pipeline-stage] action finish mean-ms=0.0010 peak-call-ms=0.0168 calls=60
[pipeline-stage] action host-post mean-ms=0.0081 peak-call-ms=0.0723 calls=60
[pipeline-stage] action synthesis mean-ms=0.0004 peak-call-ms=0.0008 calls=358
[pipeline-stage] action mesh mean-ms=0.0059 peak-call-ms=0.0200 calls=1790
[pipeline-stage] action supersample mean-ms=0.0232 peak-call-ms=0.0461 calls=358
[pipeline-stage] action DOF mean-ms=0.0545 peak-call-ms=0.1368 calls=358
[pipeline-stage] action submit mean-ms=0.0156 peak-call-ms=0.0192 calls=2506
[pipeline-stage] action callback mean-ms=0.0006 peak-call-ms=0.0006 calls=1790
[pipeline-work] ticks=0.17 repre=0.83 draws=7.0 vertices=494 upload-MiB=0.018 depth-MiB=0.000 depth-copy-MiB=0.000 depth-copy-calls=0.00 jobs=0.00 helpers=0.00 fallback=0.00 failed=0.00 (per-present)
[pipeline-traffic] upload-calls=0.34 skipped=0.50 scan-MiB=1.404 upload-MiB=0.018 mirror-realloc=0.00 (per-present)
[pipeline-atlas] reuse=0.00 copy-MiB=0.000 copy-calls=0.00 (per-present; copies are GPU-only)
[pipeline-path] cpu-project=0.00 cpu-stage=0.00 gpu-reuse=0.00 publish=0.00 opt-out=0.00 limit=0.00 rejected=0.00 (events/present, not view fallbacks)
[pipeline-perf] scene=Action 3D host=0 map=01/01 output=1280x800 frames=364 fps=359.8 cadence-ms=2.779 p95=9.997 max=18.222 refresh=3 vsync=0 cap=0 gpu-ms=unavailable
[pipeline-stage] events/input mean-ms=0.0740 peak-call-ms=8.0741 calls=364
[pipeline-stage] emulation mean-ms=0.0410 peak-call-ms=1.2342 calls=61
[pipeline-stage] PPU + capture mean-ms=1.2830 peak-call-ms=11.4411 calls=61
[pipeline-stage] world map build mean-ms=0.0001 peak-call-ms=0.0013 calls=61
[pipeline-stage] SIM metadata mean-ms=0.0043 peak-call-ms=0.0553 calls=61
[pipeline-stage] town canvas mean-ms=0.0002 peak-call-ms=0.0027 calls=61
[pipeline-stage] frame snapshot mean-ms=0.0098 peak-call-ms=0.0958 calls=61
[pipeline-stage] upload mean-ms=0.1980 peak-call-ms=2.7703 calls=61
[pipeline-stage] presentation mean-ms=0.2628 peak-call-ms=1.3138 calls=364
[pipeline-stage] CRT/resolve mean-ms=0.0124 peak-call-ms=0.0477 calls=728
[pipeline-stage] host UI mean-ms=0.0057 peak-call-ms=0.0351 calls=364
[pipeline-stage] settings UI mean-ms=0.0004 peak-call-ms=0.0012 calls=364
[pipeline-stage] present/wait mean-ms=0.8307 peak-call-ms=2.6420 calls=364
[pipeline-stage] pacing/sleep mean-ms=0.0004 peak-call-ms=0.0011 calls=364
[pipeline-stage] housekeeping mean-ms=0.0002 peak-call-ms=0.0021 calls=61
[pipeline-stage] PPU setup mean-ms=0.0067 peak-call-ms=0.0617 calls=61
[pipeline-stage] PPU scanout mean-ms=1.2685 peak-call-ms=11.3311 calls=61
[pipeline-stage] PPU finish mean-ms=0.0011 peak-call-ms=0.0135 calls=61
[pipeline-stage] action total mean-ms=0.2419 peak-call-ms=1.2827 calls=364
[pipeline-stage] action upload mean-ms=0.1157 peak-call-ms=2.2884 calls=61
[pipeline-stage] action analysis mean-ms=0.0001 peak-call-ms=0.0013 calls=61
[pipeline-stage] action setup mean-ms=0.0066 peak-call-ms=0.0609 calls=61
[pipeline-stage] action scanout mean-ms=1.2684 peak-call-ms=11.3304 calls=61
[pipeline-stage] action finish mean-ms=0.0010 peak-call-ms=0.0132 calls=61
[pipeline-stage] action host-post mean-ms=0.0082 peak-call-ms=0.0945 calls=61
[pipeline-stage] action synthesis mean-ms=0.0004 peak-call-ms=0.0012 calls=364
[pipeline-stage] action mesh mean-ms=0.0061 peak-call-ms=0.0248 calls=1820
[pipeline-stage] action supersample mean-ms=0.0237 peak-call-ms=0.0644 calls=364
[pipeline-stage] action DOF mean-ms=0.0562 peak-call-ms=0.1465 calls=364
[pipeline-stage] action submit mean-ms=0.0159 peak-call-ms=0.0249 calls=2548
[pipeline-stage] action callback mean-ms=0.0006 peak-call-ms=0.0005 calls=1820
[pipeline-work] ticks=0.17 repre=0.83 draws=7.0 vertices=494 upload-MiB=0.016 depth-MiB=0.000 depth-copy-MiB=0.000 depth-copy-calls=0.00 jobs=0.00 helpers=0.00 fallback=0.00 failed=0.00 (per-present)
[pipeline-traffic] upload-calls=0.34 skipped=0.50 scan-MiB=1.403 upload-MiB=0.016 mirror-realloc=0.00 (per-present)
[pipeline-atlas] reuse=0.00 copy-MiB=0.000 copy-calls=0.00 (per-present; copies are GPU-only)
[pipeline-path] cpu-project=0.00 cpu-stage=0.00 gpu-reuse=0.00 publish=0.00 opt-out=0.00 limit=0.00 rejected=0.00 (events/present, not view fallbacks)
[pipeline-perf] scene=Action 3D host=0 map=01/01 output=1280x800 frames=377 fps=375.9 cadence-ms=2.660 p95=9.941 max=18.151 refresh=3 vsync=0 cap=0 gpu-ms=unavailable
[pipeline-stage] events/input mean-ms=0.0709 peak-call-ms=8.1059 calls=377
[pipeline-stage] emulation mean-ms=0.0576 peak-call-ms=2.5731 calls=60
[pipeline-stage] PPU + capture mean-ms=1.1971 peak-call-ms=8.3970 calls=60
[pipeline-stage] world map build mean-ms=0.0001 peak-call-ms=0.0016 calls=60
[pipeline-stage] SIM metadata mean-ms=0.0041 peak-call-ms=0.0503 calls=60
[pipeline-stage] town canvas mean-ms=0.0002 peak-call-ms=0.0025 calls=60
[pipeline-stage] frame snapshot mean-ms=0.0094 peak-call-ms=0.1020 calls=60
[pipeline-stage] upload mean-ms=0.1846 peak-call-ms=1.4521 calls=60
[pipeline-stage] presentation mean-ms=0.2559 peak-call-ms=1.1495 calls=377
[pipeline-stage] CRT/resolve mean-ms=0.0123 peak-call-ms=0.0439 calls=754
[pipeline-stage] host UI mean-ms=0.0055 peak-call-ms=0.0272 calls=377
[pipeline-stage] settings UI mean-ms=0.0004 peak-call-ms=0.0011 calls=377
[pipeline-stage] present/wait mean-ms=0.8084 peak-call-ms=2.5429 calls=377
[pipeline-stage] pacing/sleep mean-ms=0.0004 peak-call-ms=0.0012 calls=377
[pipeline-stage] housekeeping mean-ms=0.0002 peak-call-ms=0.0022 calls=60
[pipeline-stage] PPU setup mean-ms=0.0064 peak-call-ms=0.0580 calls=60
[pipeline-stage] PPU scanout mean-ms=1.1831 peak-call-ms=8.3136 calls=60
[pipeline-stage] PPU finish mean-ms=0.0010 peak-call-ms=0.0139 calls=60
[pipeline-stage] action total mean-ms=0.2355 peak-call-ms=1.1198 calls=377
[pipeline-stage] action upload mean-ms=0.1056 peak-call-ms=0.9440 calls=60
[pipeline-stage] action analysis mean-ms=0.0001 peak-call-ms=0.0022 calls=60
[pipeline-stage] action setup mean-ms=0.0063 peak-call-ms=0.0574 calls=60
[pipeline-stage] action scanout mean-ms=1.1830 peak-call-ms=8.3130 calls=60
[pipeline-stage] action finish mean-ms=0.0010 peak-call-ms=0.0132 calls=60
[pipeline-stage] action host-post mean-ms=0.0078 peak-call-ms=0.0821 calls=60
[pipeline-stage] action synthesis mean-ms=0.0004 peak-call-ms=0.0009 calls=377
[pipeline-stage] action mesh mean-ms=0.0060 peak-call-ms=0.0189 calls=1885
[pipeline-stage] action supersample mean-ms=0.0234 peak-call-ms=0.0619 calls=377
[pipeline-stage] action DOF mean-ms=0.0537 peak-call-ms=0.1293 calls=377
[pipeline-stage] action submit mean-ms=0.0154 peak-call-ms=0.0165 calls=2639
[pipeline-stage] action callback mean-ms=0.0005 peak-call-ms=0.0005 calls=1885
[pipeline-work] ticks=0.16 repre=0.84 draws=7.0 vertices=494 upload-MiB=0.017 depth-MiB=0.000 depth-copy-MiB=0.000 depth-copy-calls=0.00 jobs=0.00 helpers=0.00 fallback=0.00 failed=0.00 (per-present)
[pipeline-traffic] upload-calls=0.32 skipped=0.48 scan-MiB=1.338 upload-MiB=0.017 mirror-realloc=0.00 (per-present)
[pipeline-atlas] reuse=0.00 copy-MiB=0.000 copy-calls=0.00 (per-present; copies are GPU-only)
[pipeline-path] cpu-project=0.00 cpu-stage=0.00 gpu-reuse=0.00 publish=0.00 opt-out=0.00 limit=0.00 rejected=0.00 (events/present, not view fallbacks)
[pipeline-perf] scene=Action 3D host=0 map=01/01 output=1280x800 frames=372 fps=370.6 cadence-ms=2.698 p95=9.973 max=17.983 refresh=3 vsync=0 cap=0 gpu-ms=unavailable
[pipeline-stage] events/input mean-ms=0.0721 peak-call-ms=8.1389 calls=372
[pipeline-stage] emulation mean-ms=0.0466 peak-call-ms=1.6686 calls=60
[pipeline-stage] PPU + capture mean-ms=1.2291 peak-call-ms=8.4449 calls=60
[pipeline-stage] world map build mean-ms=0.0001 peak-call-ms=0.0009 calls=60
[pipeline-stage] SIM metadata mean-ms=0.0040 peak-call-ms=0.0347 calls=60
[pipeline-stage] town canvas mean-ms=0.0002 peak-call-ms=0.0019 calls=60
[pipeline-stage] frame snapshot mean-ms=0.0091 peak-call-ms=0.0851 calls=60
[pipeline-stage] upload mean-ms=0.1871 peak-call-ms=1.8596 calls=60
[pipeline-stage] presentation mean-ms=0.2588 peak-call-ms=0.7227 calls=372
[pipeline-stage] CRT/resolve mean-ms=0.0121 peak-call-ms=0.0301 calls=744
[pipeline-stage] host UI mean-ms=0.0053 peak-call-ms=0.0117 calls=372
[pipeline-stage] settings UI mean-ms=0.0004 peak-call-ms=0.0012 calls=372
[pipeline-stage] present/wait mean-ms=0.8181 peak-call-ms=2.4681 calls=372
[pipeline-stage] pacing/sleep mean-ms=0.0005 peak-call-ms=0.0010 calls=372
[pipeline-stage] housekeeping mean-ms=0.0002 peak-call-ms=0.0044 calls=60
[pipeline-stage] PPU setup mean-ms=0.0063 peak-call-ms=0.0570 calls=60
[pipeline-stage] PPU scanout mean-ms=1.2152 peak-call-ms=8.3565 calls=60
[pipeline-stage] PPU finish mean-ms=0.0010 peak-call-ms=0.0077 calls=60
[pipeline-stage] action total mean-ms=0.2385 peak-call-ms=0.6938 calls=372
[pipeline-stage] action upload mean-ms=0.1098 peak-call-ms=1.3608 calls=60
[pipeline-stage] action analysis mean-ms=0.0001 peak-call-ms=0.0010 calls=60
[pipeline-stage] action setup mean-ms=0.0062 peak-call-ms=0.0563 calls=60
[pipeline-stage] action scanout mean-ms=1.2151 peak-call-ms=8.3556 calls=60
[pipeline-stage] action finish mean-ms=0.0010 peak-call-ms=0.0074 calls=60
[pipeline-stage] action host-post mean-ms=0.0076 peak-call-ms=0.0585 calls=60
[pipeline-stage] action synthesis mean-ms=0.0004 peak-call-ms=0.0010 calls=372
[pipeline-stage] action mesh mean-ms=0.0062 peak-call-ms=0.0233 calls=1860
[pipeline-stage] action supersample mean-ms=0.0234 peak-call-ms=0.0539 calls=372
[pipeline-stage] action DOF mean-ms=0.0554 peak-call-ms=0.1379 calls=372
[pipeline-stage] action submit mean-ms=0.0156 peak-call-ms=0.0170 calls=2604
[pipeline-stage] action callback mean-ms=0.0006 peak-call-ms=0.0101 calls=1860
[pipeline-work] ticks=0.16 repre=0.84 draws=7.0 vertices=494 upload-MiB=0.013 depth-MiB=0.000 depth-copy-MiB=0.000 depth-copy-calls=0.00 jobs=0.00 helpers=0.00 fallback=0.00 failed=0.00 (per-present)
[pipeline-traffic] upload-calls=0.33 skipped=0.48 scan-MiB=1.346 upload-MiB=0.013 mirror-realloc=0.00 (per-present)
[pipeline-atlas] reuse=0.00 copy-MiB=0.000 copy-calls=0.00 (per-present; copies are GPU-only)
[pipeline-path] cpu-project=0.00 cpu-stage=0.00 gpu-reuse=0.00 publish=0.00 opt-out=0.00 limit=0.00 rejected=0.00 (events/present, not view fallbacks)
[pipeline-perf] scene=Action 3D host=0 map=01/01 output=1280x800 frames=357 fps=355.6 cadence-ms=2.812 p95=9.989 max=18.012 refresh=3 vsync=0 cap=0 gpu-ms=unavailable
[pipeline-stage] events/input mean-ms=0.0551 peak-call-ms=7.9570 calls=357
[pipeline-stage] emulation mean-ms=0.0474 peak-call-ms=1.3788 calls=61
[pipeline-stage] PPU + capture mean-ms=1.2970 peak-call-ms=7.8479 calls=61
[pipeline-stage] world map build mean-ms=0.0001 peak-call-ms=0.0010 calls=61
[pipeline-stage] SIM metadata mean-ms=0.0045 peak-call-ms=0.0593 calls=61
[pipeline-stage] town canvas mean-ms=0.0002 peak-call-ms=0.0016 calls=61
[pipeline-stage] frame snapshot mean-ms=0.0101 peak-call-ms=0.0755 calls=61
[pipeline-stage] upload mean-ms=0.2031 peak-call-ms=1.4815 calls=61
[pipeline-stage] presentation mean-ms=0.2686 peak-call-ms=0.7788 calls=357
[pipeline-stage] CRT/resolve mean-ms=0.0125 peak-call-ms=0.0282 calls=714
[pipeline-stage] host UI mean-ms=0.0055 peak-call-ms=0.0157 calls=357
[pipeline-stage] settings UI mean-ms=0.0004 peak-call-ms=0.0011 calls=357
[pipeline-stage] present/wait mean-ms=0.8702 peak-call-ms=2.4201 calls=357
[pipeline-stage] pacing/sleep mean-ms=0.0005 peak-call-ms=0.0011 calls=357
[pipeline-stage] housekeeping mean-ms=0.0002 peak-call-ms=0.0038 calls=61
[pipeline-stage] PPU setup mean-ms=0.0067 peak-call-ms=0.0628 calls=61
[pipeline-stage] PPU scanout mean-ms=1.2823 peak-call-ms=7.7652 calls=61
[pipeline-stage] PPU finish mean-ms=0.0011 peak-call-ms=0.0076 calls=61
[pipeline-stage] action total mean-ms=0.2475 peak-call-ms=0.7496 calls=357
[pipeline-stage] action upload mean-ms=0.1192 peak-call-ms=0.9456 calls=61
[pipeline-stage] action analysis mean-ms=0.0001 peak-call-ms=0.0013 calls=61
[pipeline-stage] action setup mean-ms=0.0067 peak-call-ms=0.0621 calls=61
[pipeline-stage] action scanout mean-ms=1.2822 peak-call-ms=7.7645 calls=61
[pipeline-stage] action finish mean-ms=0.0010 peak-call-ms=0.0073 calls=61
[pipeline-stage] action host-post mean-ms=0.0085 peak-call-ms=0.0805 calls=61
[pipeline-stage] action synthesis mean-ms=0.0004 peak-call-ms=0.0011 calls=357
[pipeline-stage] action mesh mean-ms=0.0062 peak-call-ms=0.0207 calls=1785
[pipeline-stage] action supersample mean-ms=0.0243 peak-call-ms=0.0598 calls=357
[pipeline-stage] action DOF mean-ms=0.0600 peak-call-ms=0.1465 calls=357
[pipeline-stage] action submit mean-ms=0.0164 peak-call-ms=0.0426 calls=2499
[pipeline-stage] action callback mean-ms=0.0006 peak-call-ms=0.0007 calls=1785
[pipeline-work] ticks=0.17 repre=0.83 draws=7.0 vertices=494 upload-MiB=0.011 depth-MiB=0.000 depth-copy-MiB=0.000 depth-copy-calls=0.00 jobs=0.00 helpers=0.00 fallback=0.00 failed=0.00 (per-present)
[pipeline-traffic] upload-calls=0.35 skipped=0.51 scan-MiB=1.429 upload-MiB=0.011 mirror-realloc=0.00 (per-present)
[pipeline-atlas] reuse=0.00 copy-MiB=0.000 copy-calls=0.00 (per-present; copies are GPU-only)
[pipeline-path] cpu-project=0.00 cpu-stage=0.00 gpu-reuse=0.00 publish=0.00 opt-out=0.00 limit=0.00 rejected=0.00 (events/present, not view fallbacks)
[pipeline-perf] scene=Action 3D host=0 map=01/01 output=1280x800 frames=367 fps=365.8 cadence-ms=2.734 p95=10.147 max=18.429 refresh=3 vsync=0 cap=0 gpu-ms=unavailable
[pipeline-stage] events/input mean-ms=0.0717 peak-call-ms=7.9644 calls=367
[pipeline-stage] emulation mean-ms=0.0500 peak-call-ms=1.5511 calls=60
[pipeline-stage] PPU + capture mean-ms=1.2542 peak-call-ms=8.3271 calls=60
[pipeline-stage] world map build mean-ms=0.0001 peak-call-ms=0.0015 calls=60
[pipeline-stage] SIM metadata mean-ms=0.0042 peak-call-ms=0.0500 calls=60
[pipeline-stage] town canvas mean-ms=0.0002 peak-call-ms=0.0019 calls=60
[pipeline-stage] frame snapshot mean-ms=0.0098 peak-call-ms=0.1080 calls=60
[pipeline-stage] upload mean-ms=0.1794 peak-call-ms=1.3421 calls=60
[pipeline-stage] presentation mean-ms=0.2584 peak-call-ms=0.7473 calls=367
[pipeline-stage] CRT/resolve mean-ms=0.0122 peak-call-ms=0.0201 calls=734
[pipeline-stage] host UI mean-ms=0.0055 peak-call-ms=0.0233 calls=367
[pipeline-stage] settings UI mean-ms=0.0004 peak-call-ms=0.0010 calls=367
[pipeline-stage] present/wait mean-ms=0.8319 peak-call-ms=3.5588 calls=367
[pipeline-stage] pacing/sleep mean-ms=0.0005 peak-call-ms=0.0011 calls=367
[pipeline-stage] housekeeping mean-ms=0.0002 peak-call-ms=0.0040 calls=60
[pipeline-stage] PPU setup mean-ms=0.0066 peak-call-ms=0.0695 calls=60
[pipeline-stage] PPU scanout mean-ms=1.2395 peak-call-ms=8.2431 calls=60
[pipeline-stage] PPU finish mean-ms=0.0011 peak-call-ms=0.0181 calls=60
[pipeline-stage] action total mean-ms=0.2378 peak-call-ms=0.7194 calls=367
[pipeline-stage] action upload mean-ms=0.1079 peak-call-ms=0.8541 calls=60
[pipeline-stage] action analysis mean-ms=0.0001 peak-call-ms=0.0012 calls=60
[pipeline-stage] action setup mean-ms=0.0065 peak-call-ms=0.0691 calls=60
[pipeline-stage] action scanout mean-ms=1.2394 peak-call-ms=8.2425 calls=60
[pipeline-stage] action finish mean-ms=0.0010 peak-call-ms=0.0175 calls=60
[pipeline-stage] action host-post mean-ms=0.0079 peak-call-ms=0.0927 calls=60
[pipeline-stage] action synthesis mean-ms=0.0004 peak-call-ms=0.0010 calls=367
[pipeline-stage] action mesh mean-ms=0.0061 peak-call-ms=0.0206 calls=1835
[pipeline-stage] action supersample mean-ms=0.0234 peak-call-ms=0.0559 calls=367
[pipeline-stage] action DOF mean-ms=0.0547 peak-call-ms=0.1268 calls=367
[pipeline-stage] action submit mean-ms=0.0159 peak-call-ms=0.0329 calls=2569
[pipeline-stage] action callback mean-ms=0.0006 peak-call-ms=0.0006 calls=1835
[pipeline-work] ticks=0.16 repre=0.84 draws=7.0 vertices=494 upload-MiB=0.006 depth-MiB=0.000 depth-copy-MiB=0.000 depth-copy-calls=0.00 jobs=0.00 helpers=0.00 fallback=0.00 failed=0.00 (per-present)
[pipeline-traffic] upload-calls=0.31 skipped=0.49 scan-MiB=1.369 upload-MiB=0.006 mirror-realloc=0.00 (per-present)
[pipeline-atlas] reuse=0.00 copy-MiB=0.000 copy-calls=0.00 (per-present; copies are GPU-only)
[pipeline-path] cpu-project=0.00 cpu-stage=0.00 gpu-reuse=0.00 publish=0.00 opt-out=0.00 limit=0.00 rejected=0.00 (events/present, not view fallbacks)
[pipeline-perf] scene=Action 3D host=0 map=01/01 output=1280x800 frames=377 fps=375.1 cadence-ms=2.666 p95=9.714 max=18.136 refresh=3 vsync=0 cap=0 gpu-ms=unavailable
[pipeline-stage] events/input mean-ms=0.0700 peak-call-ms=8.1766 calls=377
[pipeline-stage] emulation mean-ms=0.0442 peak-call-ms=1.7736 calls=61
[pipeline-stage] PPU + capture mean-ms=1.2210 peak-call-ms=7.7571 calls=61
[pipeline-stage] world map build mean-ms=0.0001 peak-call-ms=0.0009 calls=61
[pipeline-stage] SIM metadata mean-ms=0.0040 peak-call-ms=0.0339 calls=61
[pipeline-stage] town canvas mean-ms=0.0002 peak-call-ms=0.0016 calls=61
[pipeline-stage] frame snapshot mean-ms=0.0091 peak-call-ms=0.0675 calls=61
[pipeline-stage] upload mean-ms=0.1601 peak-call-ms=1.3090 calls=61
[pipeline-stage] presentation mean-ms=0.2547 peak-call-ms=0.7833 calls=377
[pipeline-stage] CRT/resolve mean-ms=0.0119 peak-call-ms=0.0239 calls=754
[pipeline-stage] host UI mean-ms=0.0054 peak-call-ms=0.0281 calls=377
[pipeline-stage] settings UI mean-ms=0.0004 peak-call-ms=0.0013 calls=377
[pipeline-stage] present/wait mean-ms=0.8563 peak-call-ms=3.5674 calls=377
[pipeline-stage] pacing/sleep mean-ms=0.0004 peak-call-ms=0.0011 calls=377
[pipeline-stage] housekeeping mean-ms=0.0002 peak-call-ms=0.0021 calls=61
[pipeline-stage] PPU setup mean-ms=0.0065 peak-call-ms=0.0676 calls=61
[pipeline-stage] PPU scanout mean-ms=1.2069 peak-call-ms=7.6731 calls=61
[pipeline-stage] PPU finish mean-ms=0.0010 peak-call-ms=0.0169 calls=61
[pipeline-stage] action total mean-ms=0.2347 peak-call-ms=0.7495 calls=377
[pipeline-stage] action upload mean-ms=0.1204 peak-call-ms=0.8917 calls=61
[pipeline-stage] action analysis mean-ms=0.0001 peak-call-ms=0.0014 calls=61
[pipeline-stage] action setup mean-ms=0.0065 peak-call-ms=0.0670 calls=61
[pipeline-stage] action scanout mean-ms=1.2067 peak-call-ms=7.6724 calls=61
[pipeline-stage] action finish mean-ms=0.0010 peak-call-ms=0.0165 calls=61
[pipeline-stage] action host-post mean-ms=0.0076 peak-call-ms=0.0580 calls=61
[pipeline-stage] action synthesis mean-ms=0.0004 peak-call-ms=0.0011 calls=377
[pipeline-stage] action mesh mean-ms=0.0059 peak-call-ms=0.0228 calls=1885
[pipeline-stage] action supersample mean-ms=0.0236 peak-call-ms=0.0633 calls=377
[pipeline-stage] action DOF mean-ms=0.0540 peak-call-ms=0.1306 calls=377
[pipeline-stage] action submit mean-ms=0.0158 peak-call-ms=0.0336 calls=2639
[pipeline-stage] action callback mean-ms=0.0006 peak-call-ms=0.0100 calls=1885
[pipeline-work] ticks=0.16 repre=0.84 draws=7.0 vertices=494 upload-MiB=0.005 depth-MiB=0.000 depth-copy-MiB=0.000 depth-copy-calls=0.00 jobs=0.00 helpers=0.00 fallback=0.00 failed=0.00 (per-present)
[pipeline-traffic] upload-calls=0.17 skipped=0.49 scan-MiB=1.343 upload-MiB=0.005 mirror-realloc=0.00 (per-present)
[pipeline-atlas] reuse=0.00 copy-MiB=0.000 copy-calls=0.00 (per-present; copies are GPU-only)
[pipeline-path] cpu-project=0.00 cpu-stage=0.00 gpu-reuse=0.00 publish=0.00 opt-out=0.00 limit=0.00 rejected=0.00 (events/present, not view fallbacks)
[pipeline-perf] scene=Action 3D host=0 map=01/01 output=1280x800 frames=355 fps=354.0 cadence-ms=2.825 p95=10.010 max=17.978 refresh=3 vsync=0 cap=0 gpu-ms=unavailable
[pipeline-stage] events/input mean-ms=0.0767 peak-call-ms=7.8967 calls=355
[pipeline-stage] emulation mean-ms=0.0512 peak-call-ms=1.6240 calls=60
[pipeline-stage] PPU + capture mean-ms=1.2824 peak-call-ms=8.3256 calls=60
[pipeline-stage] world map build mean-ms=0.0001 peak-call-ms=0.0010 calls=60
[pipeline-stage] SIM metadata mean-ms=0.0044 peak-call-ms=0.0343 calls=60
[pipeline-stage] town canvas mean-ms=0.0002 peak-call-ms=0.0018 calls=60
[pipeline-stage] frame snapshot mean-ms=0.0099 peak-call-ms=0.0747 calls=60
[pipeline-stage] upload mean-ms=0.2008 peak-call-ms=2.7416 calls=60
[pipeline-stage] presentation mean-ms=0.2673 peak-call-ms=0.7563 calls=355
[pipeline-stage] CRT/resolve mean-ms=0.0125 peak-call-ms=0.0284 calls=710
[pipeline-stage] host UI mean-ms=0.0056 peak-call-ms=0.0130 calls=355
[pipeline-stage] settings UI mean-ms=0.0004 peak-call-ms=0.0012 calls=355
[pipeline-stage] present/wait mean-ms=0.8539 peak-call-ms=3.7890 calls=355
[pipeline-stage] pacing/sleep mean-ms=0.0005 peak-call-ms=0.0011 calls=355
[pipeline-stage] housekeeping mean-ms=0.0002 peak-call-ms=0.0027 calls=60
[pipeline-stage] PPU setup mean-ms=0.0068 peak-call-ms=0.0638 calls=60
[pipeline-stage] PPU scanout mean-ms=1.2674 peak-call-ms=8.2271 calls=60
[pipeline-stage] PPU finish mean-ms=0.0011 peak-call-ms=0.0076 calls=60
[pipeline-stage] action total mean-ms=0.2463 peak-call-ms=0.7287 calls=355
[pipeline-stage] action upload mean-ms=0.1236 peak-call-ms=2.2567 calls=60
[pipeline-stage] action analysis mean-ms=0.0001 peak-call-ms=0.0015 calls=60
[pipeline-stage] action setup mean-ms=0.0067 peak-call-ms=0.0629 calls=60
[pipeline-stage] action scanout mean-ms=1.2673 peak-call-ms=8.2264 calls=60
[pipeline-stage] action finish mean-ms=0.0010 peak-call-ms=0.0072 calls=60
[pipeline-stage] action host-post mean-ms=0.0084 peak-call-ms=0.0658 calls=60
[pipeline-stage] action synthesis mean-ms=0.0004 peak-call-ms=0.0011 calls=355
[pipeline-stage] action mesh mean-ms=0.0062 peak-call-ms=0.0201 calls=1775
[pipeline-stage] action supersample mean-ms=0.0240 peak-call-ms=0.0510 calls=355
[pipeline-stage] action DOF mean-ms=0.0590 peak-call-ms=0.1543 calls=355
[pipeline-stage] action submit mean-ms=0.0163 peak-call-ms=0.0217 calls=2485
[pipeline-stage] action callback mean-ms=0.0006 peak-call-ms=0.0005 calls=1775
[pipeline-work] ticks=0.17 repre=0.83 draws=7.0 vertices=494 upload-MiB=0.014 depth-MiB=0.000 depth-copy-MiB=0.000 depth-copy-calls=0.00 jobs=0.00 helpers=0.00 fallback=0.00 failed=0.00 (per-present)
[pipeline-traffic] upload-calls=0.32 skipped=0.51 scan-MiB=1.413 upload-MiB=0.014 mirror-realloc=0.00 (per-present)
[pipeline-atlas] reuse=0.00 copy-MiB=0.000 copy-calls=0.00 (per-present; copies are GPU-only)
[pipeline-path] cpu-project=0.00 cpu-stage=0.00 gpu-reuse=0.00 publish=0.00 opt-out=0.00 limit=0.00 rejected=0.00 (events/present, not view fallbacks)
[pipeline-perf] scene=Action 3D host=0 map=01/01 output=1280x800 frames=368 fps=366.4 cadence-ms=2.729 p95=10.057 max=18.337 refresh=3 vsync=0 cap=0 gpu-ms=unavailable
[pipeline-stage] events/input mean-ms=0.0748 peak-call-ms=8.3185 calls=368
[pipeline-stage] emulation mean-ms=0.0410 peak-call-ms=1.2371 calls=61
[pipeline-stage] PPU + capture mean-ms=1.2601 peak-call-ms=7.9389 calls=61
[pipeline-stage] world map build mean-ms=0.0001 peak-call-ms=0.0011 calls=61
[pipeline-stage] SIM metadata mean-ms=0.0042 peak-call-ms=0.0404 calls=61
[pipeline-stage] town canvas mean-ms=0.0002 peak-call-ms=0.0016 calls=61
[pipeline-stage] frame snapshot mean-ms=0.0095 peak-call-ms=0.0770 calls=61
[pipeline-stage] upload mean-ms=0.2044 peak-call-ms=1.4681 calls=61
[pipeline-stage] presentation mean-ms=0.2655 peak-call-ms=1.4975 calls=368
[pipeline-stage] CRT/resolve mean-ms=0.0124 peak-call-ms=0.1129 calls=736
[pipeline-stage] host UI mean-ms=0.0055 peak-call-ms=0.0208 calls=368
[pipeline-stage] settings UI mean-ms=0.0004 peak-call-ms=0.0010 calls=368
[pipeline-stage] present/wait mean-ms=0.8202 peak-call-ms=2.4876 calls=368
[pipeline-stage] pacing/sleep mean-ms=0.0005 peak-call-ms=0.0011 calls=368
[pipeline-stage] housekeeping mean-ms=0.0002 peak-call-ms=0.0031 calls=61
[pipeline-stage] PPU setup mean-ms=0.0070 peak-call-ms=0.1026 calls=61
[pipeline-stage] PPU scanout mean-ms=1.2450 peak-call-ms=7.8242 calls=61
[pipeline-stage] PPU finish mean-ms=0.0010 peak-call-ms=0.0115 calls=61
[pipeline-stage] action total mean-ms=0.2448 peak-call-ms=1.4688 calls=368
[pipeline-stage] action upload mean-ms=0.1122 peak-call-ms=0.8888 calls=61
[pipeline-stage] action analysis mean-ms=0.0001 peak-call-ms=0.0012 calls=61
[pipeline-stage] action setup mean-ms=0.0069 peak-call-ms=0.1020 calls=61
[pipeline-stage] action scanout mean-ms=1.2449 peak-call-ms=7.8235 calls=61
[pipeline-stage] action finish mean-ms=0.0010 peak-call-ms=0.0110 calls=61
[pipeline-stage] action host-post mean-ms=0.0080 peak-call-ms=0.0644 calls=61
[pipeline-stage] action synthesis mean-ms=0.0004 peak-call-ms=0.0009 calls=368
[pipeline-stage] action mesh mean-ms=0.0061 peak-call-ms=0.0182 calls=1840
[pipeline-stage] action supersample mean-ms=0.0271 peak-call-ms=1.2094 calls=368
[pipeline-stage] action DOF mean-ms=0.0567 peak-call-ms=0.4320 calls=368
[pipeline-stage] action submit mean-ms=0.0161 peak-call-ms=0.0574 calls=2576
[pipeline-stage] action callback mean-ms=0.0006 peak-call-ms=0.0006 calls=1840
[pipeline-work] ticks=0.17 repre=0.83 draws=7.0 vertices=494 upload-MiB=0.047 depth-MiB=0.000 depth-copy-MiB=0.000 depth-copy-calls=0.00 jobs=0.00 helpers=0.00 fallback=0.00 failed=0.00 (per-present)
[pipeline-traffic] upload-calls=0.34 skipped=0.50 scan-MiB=1.411 upload-MiB=0.047 mirror-realloc=0.00 (per-present)
[pipeline-atlas] reuse=0.00 copy-MiB=0.000 copy-calls=0.00 (per-present; copies are GPU-only)
[pipeline-path] cpu-project=0.00 cpu-stage=0.00 gpu-reuse=0.00 publish=0.00 opt-out=0.00 limit=0.00 rejected=0.00 (events/present, not view fallbacks)
[action-fx] first scene accents captured: actors=1/1 decorations=0/0 (lighting=1 particles=1)
[action-fx] first scene accent geometry submitted: 1 effect(s), 586 vertices / 1548 indices (lighting=1 particles=1)
[pipeline-perf] scene=Action 3D host=0 map=01/01 output=1280x800 frames=369 fps=368.0 cadence-ms=2.718 p95=10.189 max=18.166 refresh=3 vsync=0 cap=0 gpu-ms=unavailable
[pipeline-stage] events/input mean-ms=0.0514 peak-call-ms=7.8779 calls=369
[pipeline-stage] emulation mean-ms=0.0749 peak-call-ms=2.7499 calls=60
[pipeline-stage] PPU + capture mean-ms=1.2404 peak-call-ms=8.7682 calls=60
[pipeline-stage] world map build mean-ms=0.0001 peak-call-ms=0.0011 calls=60
[pipeline-stage] SIM metadata mean-ms=0.0042 peak-call-ms=0.0513 calls=60
[pipeline-stage] town canvas mean-ms=0.0002 peak-call-ms=0.0028 calls=60
[pipeline-stage] frame snapshot mean-ms=0.0093 peak-call-ms=0.0799 calls=60
[pipeline-stage] upload mean-ms=0.2032 peak-call-ms=1.3999 calls=60
[pipeline-stage] presentation mean-ms=0.2743 peak-call-ms=0.8666 calls=369
[pipeline-stage] CRT/resolve mean-ms=0.0122 peak-call-ms=0.0351 calls=738
[pipeline-stage] host UI mean-ms=0.0055 peak-call-ms=0.0198 calls=369
[pipeline-stage] settings UI mean-ms=0.0004 peak-call-ms=0.0012 calls=369
[pipeline-stage] present/wait mean-ms=0.7836 peak-call-ms=2.5199 calls=369
[pipeline-stage] pacing/sleep mean-ms=0.0004 peak-call-ms=0.0012 calls=369
[pipeline-stage] housekeeping mean-ms=0.0002 peak-call-ms=0.0024 calls=60
[pipeline-stage] PPU setup mean-ms=0.0066 peak-call-ms=0.0651 calls=60
[pipeline-stage] PPU scanout mean-ms=1.2260 peak-call-ms=8.6857 calls=60
[pipeline-stage] PPU finish mean-ms=0.0011 peak-call-ms=0.0156 calls=60
[pipeline-stage] action total mean-ms=0.2538 peak-call-ms=0.8357 calls=369
[pipeline-stage] action upload mean-ms=0.1099 peak-call-ms=0.8263 calls=60
[pipeline-stage] action analysis mean-ms=0.0001 peak-call-ms=0.0016 calls=60
[pipeline-stage] action setup mean-ms=0.0065 peak-call-ms=0.0643 calls=60
[pipeline-stage] action scanout mean-ms=1.2259 peak-call-ms=8.6852 calls=60
[pipeline-stage] action finish mean-ms=0.0010 peak-call-ms=0.0150 calls=60
[pipeline-stage] action host-post mean-ms=0.0079 peak-call-ms=0.0918 calls=60
[pipeline-stage] action synthesis mean-ms=0.0004 peak-call-ms=0.0009 calls=369
[pipeline-stage] action mesh mean-ms=0.0059 peak-call-ms=0.0209 calls=1845
[pipeline-stage] action supersample mean-ms=0.0233 peak-call-ms=0.0531 calls=369
[pipeline-stage] action DOF mean-ms=0.0562 peak-call-ms=0.5264 calls=369
[pipeline-stage] action submit mean-ms=0.0156 peak-call-ms=0.0322 calls=2583
[pipeline-stage] action callback mean-ms=0.0120 peak-call-ms=0.2575 calls=1967
[pipeline-work] ticks=0.16 repre=0.84 draws=7.0 vertices=494 upload-MiB=0.052 depth-MiB=0.000 depth-copy-MiB=0.000 depth-copy-calls=0.00 jobs=0.00 helpers=0.00 fallback=0.00 failed=0.00 (per-present)
[pipeline-traffic] upload-calls=0.34 skipped=0.49 scan-MiB=1.392 upload-MiB=0.052 mirror-realloc=0.00 (per-present)
[pipeline-atlas] reuse=0.00 copy-MiB=0.000 copy-calls=0.00 (per-present; copies are GPU-only)
[pipeline-path] cpu-project=0.00 cpu-stage=0.00 gpu-reuse=0.00 publish=0.00 opt-out=0.00 limit=0.00 rejected=0.00 (events/present, not view fallbacks)
[pipeline-perf] scene=Action 3D host=0 map=01/01 output=1280x800 frames=348 fps=346.2 cadence-ms=2.889 p95=11.037 max=19.260 refresh=3 vsync=0 cap=0 gpu-ms=unavailable
[pipeline-stage] events/input mean-ms=0.0760 peak-call-ms=7.8993 calls=348
[pipeline-stage] emulation mean-ms=0.0724 peak-call-ms=2.9424 calls=61
[pipeline-stage] PPU + capture mean-ms=1.3257 peak-call-ms=8.7622 calls=61
[pipeline-stage] world map build mean-ms=0.0001 peak-call-ms=0.0009 calls=61
[pipeline-stage] SIM metadata mean-ms=0.0045 peak-call-ms=0.0332 calls=61
[pipeline-stage] town canvas mean-ms=0.0002 peak-call-ms=0.0019 calls=61
[pipeline-stage] frame snapshot mean-ms=0.0102 peak-call-ms=0.0710 calls=61
[pipeline-stage] upload mean-ms=0.2774 peak-call-ms=2.2031 calls=61
[pipeline-stage] presentation mean-ms=0.2953 peak-call-ms=0.7850 calls=348
[pipeline-stage] CRT/resolve mean-ms=0.0126 peak-call-ms=0.0297 calls=696
[pipeline-stage] host UI mean-ms=0.0059 peak-call-ms=0.0349 calls=348
[pipeline-stage] settings UI mean-ms=0.0004 peak-call-ms=0.0014 calls=348
[pipeline-stage] present/wait mean-ms=0.7787 peak-call-ms=2.9975 calls=348
[pipeline-stage] pacing/sleep mean-ms=0.0005 peak-call-ms=0.0012 calls=348
[pipeline-stage] housekeeping mean-ms=0.0003 peak-call-ms=0.0163 calls=61
[pipeline-stage] PPU setup mean-ms=0.0069 peak-call-ms=0.0673 calls=61
[pipeline-stage] PPU scanout mean-ms=1.3100 peak-call-ms=8.6788 calls=61
[pipeline-stage] PPU finish mean-ms=0.0016 peak-call-ms=0.0207 calls=61
[pipeline-stage] action total mean-ms=0.2737 peak-call-ms=0.7539 calls=348
[pipeline-stage] action upload mean-ms=0.1801 peak-call-ms=1.6146 calls=61
[pipeline-stage] action analysis mean-ms=0.0001 peak-call-ms=0.0011 calls=61
[pipeline-stage] action setup mean-ms=0.0068 peak-call-ms=0.0667 calls=61
[pipeline-stage] action scanout mean-ms=1.3099 peak-call-ms=8.6781 calls=61
[pipeline-stage] action finish mean-ms=0.0015 peak-call-ms=0.0204 calls=61
[pipeline-stage] action host-post mean-ms=0.0085 peak-call-ms=0.0633 calls=61
[pipeline-stage] action synthesis mean-ms=0.0004 peak-call-ms=0.0009 calls=348
[pipeline-stage] action mesh mean-ms=0.0062 peak-call-ms=0.0170 calls=1740
[pipeline-stage] action supersample mean-ms=0.0246 peak-call-ms=0.0855 calls=348
[pipeline-stage] action DOF mean-ms=0.0569 peak-call-ms=0.1214 calls=348
[pipeline-stage] action submit mean-ms=0.0166 peak-call-ms=0.0429 calls=2436
[pipeline-stage] action callback mean-ms=0.0224 peak-call-ms=0.0568 calls=1964
[pipeline-work] ticks=0.18 repre=0.82 draws=7.0 vertices=494 upload-MiB=0.138 depth-MiB=0.000 depth-copy-MiB=0.000 depth-copy-calls=0.00 jobs=0.00 helpers=0.00 fallback=0.00 failed=0.00 (per-present)
[pipeline-traffic] upload-calls=0.55 skipped=0.32 scan-MiB=1.485 upload-MiB=0.138 mirror-realloc=0.00 (per-present)
[pipeline-atlas] reuse=0.00 copy-MiB=0.000 copy-calls=0.00 (per-present; copies are GPU-only)
[pipeline-path] cpu-project=0.00 cpu-stage=0.00 gpu-reuse=0.00 publish=0.00 opt-out=0.00 limit=0.00 rejected=0.00 (events/present, not view fallbacks)
[pipeline-perf] scene=Action 3D host=0 map=01/01 output=1280x800 frames=365 fps=360.7 cadence-ms=2.773 p95=9.874 max=18.754 refresh=3 vsync=0 cap=0 gpu-ms=unavailable
[pipeline-stage] events/input mean-ms=0.0731 peak-call-ms=8.1628 calls=365
[pipeline-stage] emulation mean-ms=0.0549 peak-call-ms=1.8377 calls=61
[pipeline-stage] PPU + capture mean-ms=1.2604 peak-call-ms=7.9834 calls=61
[pipeline-stage] world map build mean-ms=0.0001 peak-call-ms=0.0009 calls=61
[pipeline-stage] SIM metadata mean-ms=0.0042 peak-call-ms=0.0342 calls=61
[pipeline-stage] town canvas mean-ms=0.0002 peak-call-ms=0.0031 calls=61
[pipeline-stage] frame snapshot mean-ms=0.0096 peak-call-ms=0.1056 calls=61
[pipeline-stage] upload mean-ms=0.1367 peak-call-ms=1.1718 calls=61
[pipeline-stage] presentation mean-ms=0.2701 peak-call-ms=0.7681 calls=365
[pipeline-stage] CRT/resolve mean-ms=0.0129 peak-call-ms=0.0363 calls=730
[pipeline-stage] host UI mean-ms=0.0058 peak-call-ms=0.0199 calls=365
[pipeline-stage] settings UI mean-ms=0.0004 peak-call-ms=0.0013 calls=365
[pipeline-stage] present/wait mean-ms=0.8874 peak-call-ms=2.9991 calls=365
[pipeline-stage] pacing/sleep mean-ms=0.0005 peak-call-ms=0.0014 calls=365
[pipeline-stage] housekeeping mean-ms=0.0002 peak-call-ms=0.0030 calls=61
[pipeline-stage] PPU setup mean-ms=0.0067 peak-call-ms=0.1295 calls=61
[pipeline-stage] PPU scanout mean-ms=1.2429 peak-call-ms=7.8853 calls=61
[pipeline-stage] PPU finish mean-ms=0.0042 peak-call-ms=0.0394 calls=61
[pipeline-stage] action total mean-ms=0.2487 peak-call-ms=0.7374 calls=365
[pipeline-stage] action upload mean-ms=0.0955 peak-call-ms=0.8361 calls=61
[pipeline-stage] action analysis mean-ms=0.0001 peak-call-ms=0.0011 calls=61
[pipeline-stage] action setup mean-ms=0.0067 peak-call-ms=0.1291 calls=61
[pipeline-stage] action scanout mean-ms=1.2429 peak-call-ms=7.8850 calls=61
[pipeline-stage] action finish mean-ms=0.0041 peak-call-ms=0.0391 calls=61
[pipeline-stage] action host-post mean-ms=0.0080 peak-call-ms=0.0827 calls=61
[pipeline-stage] action synthesis mean-ms=0.0004 peak-call-ms=0.0009 calls=365
[pipeline-stage] action mesh mean-ms=0.0064 peak-call-ms=0.0185 calls=1825
[pipeline-stage] action supersample mean-ms=0.0245 peak-call-ms=0.0527 calls=365
[pipeline-stage] action DOF mean-ms=0.0567 peak-call-ms=0.1332 calls=365
[pipeline-stage] action submit mean-ms=0.0167 peak-call-ms=0.0737 calls=2555
[pipeline-stage] action callback mean-ms=0.0006 peak-call-ms=0.0006 calls=1825
[pipeline-work] ticks=0.17 repre=0.83 draws=7.0 vertices=494 upload-MiB=0.000 depth-MiB=0.000 depth-copy-MiB=0.000 depth-copy-calls=0.00 jobs=0.00 helpers=0.00 fallback=0.00 failed=0.00 (per-present)
[pipeline-traffic] upload-calls=0.11 skipped=0.57 scan-MiB=1.365 upload-MiB=0.000 mirror-realloc=0.00 (per-present)
[pipeline-atlas] reuse=0.00 copy-MiB=0.000 copy-calls=0.00 (per-present; copies are GPU-only)
[pipeline-path] cpu-project=0.00 cpu-stage=0.00 gpu-reuse=0.00 publish=0.00 opt-out=0.00 limit=0.00 rejected=0.00 (events/present, not view fallbacks)
[pipeline-perf] scene=Action 3D host=0 map=01/01 output=1280x800 frames=413 fps=411.6 cadence-ms=2.430 p95=9.582 max=17.774 refresh=3 vsync=0 cap=0 gpu-ms=unavailable
[pipeline-stage] events/input mean-ms=0.0668 peak-call-ms=8.1677 calls=413
[pipeline-stage] emulation mean-ms=0.0376 peak-call-ms=1.5321 calls=60
[pipeline-stage] PPU + capture mean-ms=1.1039 peak-call-ms=8.3066 calls=60
[pipeline-stage] world map build mean-ms=0.0001 peak-call-ms=0.0009 calls=60
[pipeline-stage] SIM metadata mean-ms=0.0037 peak-call-ms=0.0442 calls=60
[pipeline-stage] town canvas mean-ms=0.0002 peak-call-ms=0.0018 calls=60
[pipeline-stage] frame snapshot mean-ms=0.0084 peak-call-ms=0.0902 calls=60
[pipeline-stage] upload mean-ms=0.0903 peak-call-ms=1.1906 calls=60
[pipeline-stage] presentation mean-ms=0.2594 peak-call-ms=0.9114 calls=413
[pipeline-stage] CRT/resolve mean-ms=0.0123 peak-call-ms=0.0335 calls=826
[pipeline-stage] host UI mean-ms=0.0054 peak-call-ms=0.0199 calls=413
[pipeline-stage] settings UI mean-ms=0.0004 peak-call-ms=0.0011 calls=413
[pipeline-stage] present/wait mean-ms=0.7889 peak-call-ms=3.3684 calls=413
[pipeline-stage] pacing/sleep mean-ms=0.0004 peak-call-ms=0.0016 calls=413
[pipeline-stage] housekeeping mean-ms=0.0002 peak-call-ms=0.0040 calls=60
[pipeline-stage] PPU setup mean-ms=0.0059 peak-call-ms=0.0628 calls=60
[pipeline-stage] PPU scanout mean-ms=1.0884 peak-call-ms=8.2020 calls=60
[pipeline-stage] PPU finish mean-ms=0.0038 peak-call-ms=0.0481 calls=60
[pipeline-stage] action total mean-ms=0.2390 peak-call-ms=0.8788 calls=413
[pipeline-stage] action upload mean-ms=0.0545 peak-call-ms=0.4708 calls=60
[pipeline-stage] action analysis mean-ms=0.0001 peak-call-ms=0.0022 calls=60
[pipeline-stage] action setup mean-ms=0.0058 peak-call-ms=0.0621 calls=60
[pipeline-stage] action scanout mean-ms=1.0883 peak-call-ms=8.2012 calls=60
[pipeline-stage] action finish mean-ms=0.0038 peak-call-ms=0.0478 calls=60
[pipeline-stage] action host-post mean-ms=0.0070 peak-call-ms=0.0881 calls=60
[pipeline-stage] action synthesis mean-ms=0.0004 peak-call-ms=0.0211 calls=413
[pipeline-stage] action mesh mean-ms=0.0062 peak-call-ms=0.0181 calls=2065
[pipeline-stage] action supersample mean-ms=0.0238 peak-call-ms=0.0526 calls=413
[pipeline-stage] action DOF mean-ms=0.0558 peak-call-ms=0.1580 calls=413
[pipeline-stage] action submit mean-ms=0.0154 peak-call-ms=0.0225 calls=2891
[pipeline-stage] action callback mean-ms=0.0006 peak-call-ms=0.0005 calls=2065
[pipeline-work] ticks=0.15 repre=0.85 draws=7.0 vertices=494 upload-MiB=0.000 depth-MiB=0.000 depth-copy-MiB=0.000 depth-copy-calls=0.00 jobs=0.00 helpers=0.00 fallback=0.00 failed=0.00 (per-present)
[pipeline-traffic] upload-calls=0.01 skipped=0.58 scan-MiB=1.177 upload-MiB=0.000 mirror-realloc=0.00 (per-present)
[pipeline-atlas] reuse=0.00 copy-MiB=0.000 copy-calls=0.00 (per-present; copies are GPU-only)
[pipeline-path] cpu-project=0.00 cpu-stage=0.00 gpu-reuse=0.00 publish=0.00 opt-out=0.00 limit=0.00 rejected=0.00 (events/present, not view fallbacks)
[pipeline-perf] scene=Action 3D host=0 map=01/01 output=1280x800 frames=406 fps=404.6 cadence-ms=2.472 p95=9.323 max=17.361 refresh=3 vsync=0 cap=0 gpu-ms=unavailable
[pipeline-stage] events/input mean-ms=0.0653 peak-call-ms=7.9004 calls=406
[pipeline-stage] emulation mean-ms=0.0349 peak-call-ms=1.0231 calls=60
[pipeline-stage] PPU + capture mean-ms=1.1053 peak-call-ms=8.1011 calls=60
[pipeline-stage] world map build mean-ms=0.0001 peak-call-ms=0.0008 calls=60
[pipeline-stage] SIM metadata mean-ms=0.0038 peak-call-ms=0.0307 calls=60
[pipeline-stage] town canvas mean-ms=0.0002 peak-call-ms=0.0016 calls=60
[pipeline-stage] frame snapshot mean-ms=0.0086 peak-call-ms=0.0761 calls=60
[pipeline-stage] upload mean-ms=0.0954 peak-call-ms=0.9492 calls=60
[pipeline-stage] presentation mean-ms=0.2591 peak-call-ms=0.7321 calls=406
[pipeline-stage] CRT/resolve mean-ms=0.0125 peak-call-ms=0.0527 calls=812
[pipeline-stage] host UI mean-ms=0.0057 peak-call-ms=0.0447 calls=406
[pipeline-stage] settings UI mean-ms=0.0004 peak-call-ms=0.0012 calls=406
[pipeline-stage] present/wait mean-ms=0.8305 peak-call-ms=2.3052 calls=406
[pipeline-stage] pacing/sleep mean-ms=0.0005 peak-call-ms=0.0226 calls=406
[pipeline-stage] housekeeping mean-ms=0.0002 peak-call-ms=0.0023 calls=60
[pipeline-stage] PPU setup mean-ms=0.0062 peak-call-ms=0.0782 calls=60
[pipeline-stage] PPU scanout mean-ms=1.0893 peak-call-ms=7.9537 calls=60
[pipeline-stage] PPU finish mean-ms=0.0037 peak-call-ms=0.0350 calls=60
[pipeline-stage] action total mean-ms=0.2383 peak-call-ms=0.7026 calls=406
[pipeline-stage] action upload mean-ms=0.0576 peak-call-ms=0.4738 calls=60
[pipeline-stage] action analysis mean-ms=0.0001 peak-call-ms=0.0012 calls=60
[pipeline-stage] action setup mean-ms=0.0061 peak-call-ms=0.0778 calls=60
[pipeline-stage] action scanout mean-ms=1.0892 peak-call-ms=7.9531 calls=60
[pipeline-stage] action finish mean-ms=0.0036 peak-call-ms=0.0347 calls=60
[pipeline-stage] action host-post mean-ms=0.0071 peak-call-ms=0.0524 calls=60
[pipeline-stage] action synthesis mean-ms=0.0004 peak-call-ms=0.0010 calls=406
[pipeline-stage] action mesh mean-ms=0.0060 peak-call-ms=0.0151 calls=2030
[pipeline-stage] action supersample mean-ms=0.0235 peak-call-ms=0.0727 calls=406
[pipeline-stage] action DOF mean-ms=0.0563 peak-call-ms=0.1717 calls=406
[pipeline-stage] action submit mean-ms=0.0152 peak-call-ms=0.0248 calls=2842
[pipeline-stage] action callback mean-ms=0.0006 peak-call-ms=0.0006 calls=2030
[pipeline-work] ticks=0.15 repre=0.85 draws=7.0 vertices=494 upload-MiB=0.000 depth-MiB=0.000 depth-copy-MiB=0.000 depth-copy-calls=0.00 jobs=0.00 helpers=0.00 fallback=0.00 failed=0.00 (per-present)
[pipeline-traffic] upload-calls=0.01 skipped=0.59 scan-MiB=1.197 upload-MiB=0.000 mirror-realloc=0.00 (per-present)
[pipeline-atlas] reuse=0.00 copy-MiB=0.000 copy-calls=0.00 (per-present; copies are GPU-only)
[pipeline-path] cpu-project=0.00 cpu-stage=0.00 gpu-reuse=0.00 publish=0.00 opt-out=0.00 limit=0.00 rejected=0.00 (events/present, not view fallbacks)
[pipeline-perf] scene=Action 3D host=0 map=01/01 output=1280x800 frames=390 fps=388.5 cadence-ms=2.574 p95=9.172 max=17.856 refresh=3 vsync=0 cap=0 gpu-ms=unavailable
[pipeline-stage] events/input mean-ms=0.0672 peak-call-ms=7.4980 calls=390
[pipeline-stage] emulation mean-ms=0.0492 peak-call-ms=1.6672 calls=61
[pipeline-stage] PPU + capture mean-ms=1.1528 peak-call-ms=7.6751 calls=61
[pipeline-stage] world map build mean-ms=0.0001 peak-call-ms=0.0009 calls=61
[pipeline-stage] SIM metadata mean-ms=0.0039 peak-call-ms=0.0425 calls=61
[pipeline-stage] town canvas mean-ms=0.0002 peak-call-ms=0.0017 calls=61
[pipeline-stage] frame snapshot mean-ms=0.0090 peak-call-ms=0.0809 calls=61
[pipeline-stage] upload mean-ms=0.0969 peak-call-ms=1.0609 calls=61
[pipeline-stage] presentation mean-ms=0.2633 peak-call-ms=0.7986 calls=390
[pipeline-stage] CRT/resolve mean-ms=0.0125 peak-call-ms=0.0367 calls=780
[pipeline-stage] host UI mean-ms=0.0056 peak-call-ms=0.0262 calls=390
[pipeline-stage] settings UI mean-ms=0.0004 peak-call-ms=0.0011 calls=390
[pipeline-stage] present/wait mean-ms=0.8823 peak-call-ms=2.4723 calls=390
[pipeline-stage] pacing/sleep mean-ms=0.0005 peak-call-ms=0.0195 calls=390
[pipeline-stage] housekeeping mean-ms=0.0002 peak-call-ms=0.0018 calls=61
[pipeline-stage] PPU setup mean-ms=0.0062 peak-call-ms=0.0612 calls=61
[pipeline-stage] PPU scanout mean-ms=1.1362 peak-call-ms=7.5746 calls=61
[pipeline-stage] PPU finish mean-ms=0.0039 peak-call-ms=0.0350 calls=61
[pipeline-stage] action total mean-ms=0.2425 peak-call-ms=0.7680 calls=390
[pipeline-stage] action upload mean-ms=0.0584 peak-call-ms=0.4430 calls=61
[pipeline-stage] action analysis mean-ms=0.0001 peak-call-ms=0.0011 calls=61
[pipeline-stage] action setup mean-ms=0.0061 peak-call-ms=0.0600 calls=61
[pipeline-stage] action scanout mean-ms=1.1360 peak-call-ms=7.5739 calls=61
[pipeline-stage] action finish mean-ms=0.0039 peak-call-ms=0.0347 calls=61
[pipeline-stage] action host-post mean-ms=0.0075 peak-call-ms=0.0693 calls=61
[pipeline-stage] action synthesis mean-ms=0.0005 peak-call-ms=0.0408 calls=390
[pipeline-stage] action mesh mean-ms=0.0060 peak-call-ms=0.0283 calls=1950
[pipeline-stage] action supersample mean-ms=0.0235 peak-call-ms=0.0580 calls=390
[pipeline-stage] action DOF mean-ms=0.0580 peak-call-ms=0.1449 calls=390
[pipeline-stage] action submit mean-ms=0.0152 peak-call-ms=0.0429 calls=2730
[pipeline-stage] action callback mean-ms=0.0006 peak-call-ms=0.0006 calls=1950
[pipeline-work] ticks=0.16 repre=0.84 draws=7.0 vertices=494 upload-MiB=0.000 depth-MiB=0.000 depth-copy-MiB=0.000 depth-copy-calls=0.00 jobs=0.00 helpers=0.00 fallback=0.00 failed=0.00 (per-present)
[pipeline-traffic] upload-calls=0.01 skipped=0.63 scan-MiB=1.267 upload-MiB=0.000 mirror-realloc=0.00 (per-present)
[pipeline-atlas] reuse=0.00 copy-MiB=0.000 copy-calls=0.00 (per-present; copies are GPU-only)
[pipeline-path] cpu-project=0.00 cpu-stage=0.00 gpu-reuse=0.00 publish=0.00 opt-out=0.00 limit=0.00 rejected=0.00 (events/present, not view fallbacks)
[pipeline-perf] scene=Action 3D host=0 map=01/01 output=1280x800 frames=405 fps=403.9 cadence-ms=2.476 p95=9.444 max=17.325 refresh=3 vsync=0 cap=0 gpu-ms=unavailable
[pipeline-stage] events/input mean-ms=0.0645 peak-call-ms=7.5171 calls=405
[pipeline-stage] emulation mean-ms=0.0395 peak-call-ms=1.6032 calls=60
[pipeline-stage] PPU + capture mean-ms=1.1116 peak-call-ms=8.1940 calls=60
[pipeline-stage] world map build mean-ms=0.0001 peak-call-ms=0.0014 calls=60
[pipeline-stage] SIM metadata mean-ms=0.0038 peak-call-ms=0.0610 calls=60
[pipeline-stage] town canvas mean-ms=0.0002 peak-call-ms=0.0022 calls=60
[pipeline-stage] frame snapshot mean-ms=0.0088 peak-call-ms=0.0974 calls=60
[pipeline-stage] upload mean-ms=0.0938 peak-call-ms=0.9822 calls=60
[pipeline-stage] presentation mean-ms=0.2630 peak-call-ms=0.7259 calls=405
[pipeline-stage] CRT/resolve mean-ms=0.0123 peak-call-ms=0.0244 calls=810
[pipeline-stage] host UI mean-ms=0.0055 peak-call-ms=0.0150 calls=405
[pipeline-stage] settings UI mean-ms=0.0004 peak-call-ms=0.0010 calls=405
[pipeline-stage] present/wait mean-ms=0.8219 peak-call-ms=2.4791 calls=405
[pipeline-stage] pacing/sleep mean-ms=0.0005 peak-call-ms=0.0261 calls=405
[pipeline-stage] housekeeping mean-ms=0.0002 peak-call-ms=0.0117 calls=60
[pipeline-stage] PPU setup mean-ms=0.0061 peak-call-ms=0.0862 calls=60
[pipeline-stage] PPU scanout mean-ms=1.0957 peak-call-ms=8.0690 calls=60
[pipeline-stage] PPU finish mean-ms=0.0038 peak-call-ms=0.0478 calls=60
[pipeline-stage] action total mean-ms=0.2427 peak-call-ms=0.6975 calls=405
[pipeline-stage] action upload mean-ms=0.0566 peak-call-ms=0.5272 calls=60
[pipeline-stage] action analysis mean-ms=0.0001 peak-call-ms=0.0014 calls=60
[pipeline-stage] action setup mean-ms=0.0060 peak-call-ms=0.0851 calls=60
[pipeline-stage] action scanout mean-ms=1.0956 peak-call-ms=8.0683 calls=60
[pipeline-stage] action finish mean-ms=0.0038 peak-call-ms=0.0475 calls=60
[pipeline-stage] action host-post mean-ms=0.0072 peak-call-ms=0.0964 calls=60
[pipeline-stage] action synthesis mean-ms=0.0003 peak-call-ms=0.0011 calls=405
[pipeline-stage] action mesh mean-ms=0.0059 peak-call-ms=0.0139 calls=2025
[pipeline-stage] action supersample mean-ms=0.0236 peak-call-ms=0.0480 calls=405
[pipeline-stage] action DOF mean-ms=0.0582 peak-call-ms=0.2144 calls=405
[pipeline-stage] action submit mean-ms=0.0155 peak-call-ms=0.0450 calls=2835
[pipeline-stage] action callback mean-ms=0.0007 peak-call-ms=0.0353 calls=2025
[pipeline-work] ticks=0.15 repre=0.85 draws=7.0 vertices=494 upload-MiB=0.000 depth-MiB=0.000 depth-copy-MiB=0.000 depth-copy-calls=0.00 jobs=0.00 helpers=0.00 fallback=0.00 failed=0.00 (per-present)
[pipeline-traffic] upload-calls=0.01 skipped=0.59 scan-MiB=1.200 upload-MiB=0.000 mirror-realloc=0.00 (per-present)
[pipeline-atlas] reuse=0.00 copy-MiB=0.000 copy-calls=0.00 (per-present; copies are GPU-only)
[pipeline-path] cpu-project=0.00 cpu-stage=0.00 gpu-reuse=0.00 publish=0.00 opt-out=0.00 limit=0.00 rejected=0.00 (events/present, not view fallbacks)
[pipeline-perf] scene=Action 3D host=0 map=01/01 output=1280x800 frames=403 fps=399.1 cadence-ms=2.506 p95=9.169 max=18.098 refresh=3 vsync=0 cap=0 gpu-ms=unavailable
[pipeline-stage] events/input mean-ms=0.0689 peak-call-ms=8.8886 calls=403
[pipeline-stage] emulation mean-ms=0.0352 peak-call-ms=1.5128 calls=61
[pipeline-stage] PPU + capture mean-ms=1.1157 peak-call-ms=7.9482 calls=61
[pipeline-stage] world map build mean-ms=0.0001 peak-call-ms=0.0011 calls=61
[pipeline-stage] SIM metadata mean-ms=0.0040 peak-call-ms=0.0395 calls=61
[pipeline-stage] town canvas mean-ms=0.0002 peak-call-ms=0.0019 calls=61
[pipeline-stage] frame snapshot mean-ms=0.0090 peak-call-ms=0.0807 calls=61
[pipeline-stage] upload mean-ms=0.0985 peak-call-ms=1.6789 calls=61
[pipeline-stage] presentation mean-ms=0.2627 peak-call-ms=0.7844 calls=403
[pipeline-stage] CRT/resolve mean-ms=0.0123 peak-call-ms=0.0325 calls=806
[pipeline-stage] host UI mean-ms=0.0056 peak-call-ms=0.0559 calls=403
[pipeline-stage] settings UI mean-ms=0.0004 peak-call-ms=0.0013 calls=403
[pipeline-stage] present/wait mean-ms=0.8431 peak-call-ms=2.4098 calls=403
[pipeline-stage] pacing/sleep mean-ms=0.0005 peak-call-ms=0.0011 calls=403
[pipeline-stage] housekeeping mean-ms=0.0002 peak-call-ms=0.0029 calls=61
[pipeline-stage] PPU setup mean-ms=0.0060 peak-call-ms=0.0600 calls=61
[pipeline-stage] PPU scanout mean-ms=1.0997 peak-call-ms=7.8167 calls=61
[pipeline-stage] PPU finish mean-ms=0.0040 peak-call-ms=0.0457 calls=61
[pipeline-stage] action total mean-ms=0.2422 peak-call-ms=0.7533 calls=403
[pipeline-stage] action upload mean-ms=0.0585 peak-call-ms=0.5115 calls=61
[pipeline-stage] action analysis mean-ms=0.0001 peak-call-ms=0.0013 calls=61
[pipeline-stage] action setup mean-ms=0.0059 peak-call-ms=0.0596 calls=61
[pipeline-stage] action scanout mean-ms=1.0996 peak-call-ms=7.8159 calls=61
[pipeline-stage] action finish mean-ms=0.0039 peak-call-ms=0.0454 calls=61
[pipeline-stage] action host-post mean-ms=0.0077 peak-call-ms=0.0786 calls=61
[pipeline-stage] action synthesis mean-ms=0.0003 peak-call-ms=0.0009 calls=403
[pipeline-stage] action mesh mean-ms=0.0072 peak-call-ms=0.0402 calls=2015
[pipeline-stage] action supersample mean-ms=0.0235 peak-call-ms=0.0602 calls=403
[pipeline-stage] action DOF mean-ms=0.0566 peak-call-ms=0.1682 calls=403
[pipeline-stage] action submit mean-ms=0.0152 peak-call-ms=0.0441 calls=2821
[pipeline-stage] action callback mean-ms=0.0006 peak-call-ms=0.0194 calls=2015
[pipeline-work] ticks=0.15 repre=0.85 draws=7.0 vertices=494 upload-MiB=0.000 depth-MiB=0.000 depth-copy-MiB=0.000 depth-copy-calls=0.00 jobs=0.00 helpers=0.00 fallback=0.00 failed=0.00 (per-present)
[pipeline-traffic] upload-calls=0.01 skipped=0.61 scan-MiB=1.226 upload-MiB=0.000 mirror-realloc=0.00 (per-present)
[pipeline-atlas] reuse=0.00 copy-MiB=0.000 copy-calls=0.00 (per-present; copies are GPU-only)
[pipeline-path] cpu-project=0.00 cpu-stage=0.00 gpu-reuse=0.00 publish=0.00 opt-out=0.00 limit=0.00 rejected=0.00 (events/present, not view fallbacks)
[present-cadence] tick-presents=1996 re-presents=23678 max-represent-alpha=0.000 no-present-no-sleep=0
[dump] wrote runs/20260912-172954/dump_state.txt + wram/sram/dispatch_log (exit)
[action-bg-hle] provider-summary frames=1293 preflight={layers:2570,tiles:2411645,mismatches:0,outside:0} eligible=2570 layers=2570 lookups=61123680 batches=2965984 tiles=58749120 outside=2374560 band-cache={builds:0,hits:0}
[action-room-scene] provider-summary layers=2570 live-fallbacks=0
[localized-text] cache lookups=57887 hits=57846 misses=41 rasters=41 uploads=41 failures=0
[action-room-load-hle] summary command5=2 command4=2 bytes=20992
[action-room-gfx-hle] summary command7=5 command6=3 bytes=37248
[action-room-video-hle] summary command3=1 bytes=28
[run-dir] all diagnostics from this run: runs/20260912-172954/  (share with: zip -r report.zip runs/20260912-172954)
