[Launcher] Config/saves anchored to '/home/deck/argame/capture-fast-path-20260912.XW1iYR/'.
[run-dir] runs/20260912-170940 (console.log + dumps ringfenced here; AR_NO_RUN_DIR=1 disables)
[runner-trace] recorder=excluded deep_instrumentation=excluded mode=off
Loaded ROM: /home/deck/argame/ar.sfc (1048576 bytes)
[video-geometry] 16:10 square-PAR -> 52 extra columns/side (render width 360)
[display] AR_DISPLAY_MODE=2 -> widescreen FULL (all corrections)
[video] driver: wayland (available: x11 wayland offscreen dummy evdev)
[render] ordered GPU interop enabled (offscreen SDL + one swapchain present)
[display] GPU frames in flight: 2
[hd-manifest] [replace:title-logo] game-assets/hd/title-logo.png (2087x754)
[hd-manifest] [replace:title-swirl] game-assets/hd/title-logo.png (2087x754, mode7)
[hd-manifest] 2 entries, 2 with art
[settings-menu] decoded ActRaiser font: $1000 bytes from ROM offset $0BECFB (2725 compressed bytes consumed)
[settings-menu] decoded native dialog frame: chars ROM $06C000, palette ROM $0E3F73
[diorama-layers] loaded diorama-layers.ini: 24 room(s), 34 plane override(s)
[input] no gamepad connected; keyboard bindings active
[music-manifest] [music:title-theme] game-assets/audio/title.ogg (48000 Hz, 8845689 frames, loop 0..8845689)
[music-manifest] [music:song-00] game-assets/audio/fillmore.ogg (44100 Hz, 7050707 frames, loop 0..7050707)
[music-manifest] [music:song-01] game-assets/audio/sky-palace.ogg (48000 Hz, 6389760 frames, loop 0..6389760)
[music-manifest] [music:song-02] game-assets/audio/bp.ogg (44100 Hz, 5369615 frames, loop 0..5369615)
[music-manifest] [music:song-08] game-assets/audio/advent.ogg (48000 Hz, 735609 frames, loop 0..735609)
[music-manifest] [music:song-09] game-assets/audio/act2.ogg (44100 Hz, 6182827 frames, loop 0..6182827)
[music-manifest] [music:song-10] game-assets/audio/birth-of-the-people.ogg (48000 Hz, 16201213 frames, loop 0..16201213)
[music-manifest] [music:song-11] game-assets/audio/level-up.ogg (48000 Hz, 451396 frames, loop 0..451396)
[music-manifest] 17 entries, 8 with audio
[audio-ext] extended sound channels disabled (authentic 8 voices)
[saves] loaded native-srm backend from /home/deck/argame/capture-fast-path-20260912.XW1iYR/timing-aitos/seed.srm
[input-replay] 5009 legacy records, max gf=21845 last gf=4676 from /home/deck/argame/capture-fast-path-20260912.XW1iYR/saves/aitos-r4-natural.rec
[audio] requested 32040 Hz is below SDL's 44100 device minimum; using 44100 (the setting cannot lower it)
[audio] stream input 44100 Hz, device 44100 Hz 512-frame buffer (requested 512 frames)
[widescreen] gf=0 $18=00 $19=00 -> pillarbox clamp=00 mirror=00 repeat=00 bands=0/811c9dc5 normal=00 hud=0/0/0 left-only-y=0 bg-plan=0 source=none/none hle=00
[music] src=1A:94B8 song=01 -> [music:title-theme] game-assets/audio/title.ogg
[pipeline-perf] scene=Native/menu host=0 map=00/00 output=1080x672 frames=323 fps=321.3 cadence-ms=3.112 p95=5.625 max=6.036 refresh=3 vsync=0 cap=0 gpu-ms=unavailable
[pipeline-stage] events/input mean-ms=0.0137 peak-call-ms=0.0540 calls=323
[pipeline-stage] emulation mean-ms=0.9157 peak-call-ms=3.3734 calls=323
[pipeline-stage] PPU + capture mean-ms=1.2359 peak-call-ms=2.7765 calls=323
[pipeline-stage] world map build mean-ms=0.0003 peak-call-ms=0.0009 calls=323
[pipeline-stage] SIM metadata mean-ms=0.0129 peak-call-ms=0.0811 calls=323
[pipeline-stage] town canvas mean-ms=0.0005 peak-call-ms=0.0083 calls=323
[pipeline-stage] frame snapshot mean-ms=0.0185 peak-call-ms=0.1052 calls=323
[pipeline-stage] upload mean-ms=0.6948 peak-call-ms=1.7635 calls=323
[pipeline-stage] presentation mean-ms=0.0121 peak-call-ms=0.0591 calls=323
[pipeline-stage] CRT/resolve mean-ms=0.0006 peak-call-ms=0.0092 calls=646
[pipeline-stage] host UI mean-ms=0.0015 peak-call-ms=0.0146 calls=323
[pipeline-stage] settings UI mean-ms=0.0004 peak-call-ms=0.0134 calls=323
[pipeline-stage] present/wait mean-ms=0.1689 peak-call-ms=0.8598 calls=323
[pipeline-stage] pacing/sleep mean-ms=0.0002 peak-call-ms=0.0007 calls=323
[pipeline-stage] housekeeping mean-ms=0.0027 peak-call-ms=0.1784 calls=323
[pipeline-stage] PPU setup mean-ms=0.0027 peak-call-ms=0.0448 calls=323
[pipeline-stage] PPU scanout mean-ms=1.2242 peak-call-ms=2.7615 calls=323
[pipeline-stage] PPU finish mean-ms=0.0006 peak-call-ms=0.0019 calls=323
[pipeline-work] ticks=1.00 repre=0.00 draws=0.0 vertices=0 upload-MiB=4.211 depth-MiB=0.000 depth-copy-MiB=0.000 depth-copy-calls=0.00 jobs=0.00 helpers=0.00 fallback=0.00 failed=0.00 (per-present)
[pipeline-traffic] upload-calls=0.67 skipped=0.00 scan-MiB=0.630 upload-MiB=4.211 mirror-realloc=0.00 (per-present)
[pipeline-atlas] reuse=0.00 copy-MiB=0.000 copy-calls=0.00 (per-present; copies are GPU-only)
[pipeline-path] cpu-project=0.00 cpu-stage=0.00 gpu-reuse=0.00 publish=0.00 opt-out=0.00 limit=0.00 rejected=0.00 (events/present, not view fallbacks)
[music] stop [music:title-theme] (driver halt $F0)
[widescreen] gf=373 $18=00 $19=07 -> WIDE clamp=00 mirror=00 repeat=00 bands=0/811c9dc5 normal=00 hud=32/168/168 left-only-y=32 bg-plan=0 source=none/none hle=00
[music] src=1C:A988 song=01 -> [music:song-01] game-assets/audio/sky-palace.ogg
[widescreen] gf=431 $18=00 $19=09 -> WIDE clamp=00 mirror=00 repeat=00 bands=0/811c9dc5 normal=00 hud=0/0/0 left-only-y=0 bg-plan=0 source=none/none hle=00
[sim-worldmap] HLE built from sim state at gf=431 after world-navigation entry (841 tiles changed)
[widescreen] gf=690 $18=00 $19=07 -> WIDE clamp=00 mirror=00 repeat=00 bands=0/811c9dc5 normal=00 hud=32/168/168 left-only-y=32 bg-plan=0 source=none/none hle=00
[music] stop [music:song-01] (driver halt $F0)
[widescreen] gf=898 $18=00 $19=09 -> WIDE clamp=00 mirror=00 repeat=00 bands=0/811c9dc5 normal=00 hud=0/0/0 left-only-y=0 bg-plan=0 source=none/none hle=00
[sim-worldmap] HLE built from sim state at gf=898 after world-navigation entry (0 tiles changed)
[music] src=1C:A7CC song=01 -> [music:song-08] game-assets/audio/advent.ogg
[pipeline-perf] scene=Native/menu host=0 map=00/09 output=1080x672 frames=445 fps=443.7 cadence-ms=2.254 p95=2.575 max=3.197 refresh=3 vsync=0 cap=0 gpu-ms=unavailable
[pipeline-stage] events/input mean-ms=0.0347 peak-call-ms=0.1183 calls=445
[pipeline-stage] emulation mean-ms=1.0544 peak-call-ms=2.7883 calls=445
[pipeline-stage] PPU + capture mean-ms=0.6007 peak-call-ms=0.8140 calls=445
[pipeline-stage] world map build mean-ms=0.0018 peak-call-ms=0.0350 calls=445
[pipeline-stage] SIM metadata mean-ms=0.0340 peak-call-ms=0.0648 calls=445
[pipeline-stage] town canvas mean-ms=0.0006 peak-call-ms=0.0066 calls=445
[pipeline-stage] frame snapshot mean-ms=0.0216 peak-call-ms=0.0426 calls=445
[pipeline-stage] upload mean-ms=0.2526 peak-call-ms=0.5392 calls=445
[pipeline-stage] presentation mean-ms=0.0146 peak-call-ms=0.0309 calls=445
[pipeline-stage] CRT/resolve mean-ms=0.0007 peak-call-ms=0.0011 calls=890
[pipeline-stage] host UI mean-ms=0.0019 peak-call-ms=0.0049 calls=445
[pipeline-stage] settings UI mean-ms=0.0005 peak-call-ms=0.0017 calls=445
[pipeline-stage] present/wait mean-ms=0.1812 peak-call-ms=0.4780 calls=445
[pipeline-stage] pacing/sleep mean-ms=0.0002 peak-call-ms=0.0008 calls=445
[pipeline-stage] housekeeping mean-ms=0.0030 peak-call-ms=0.1744 calls=445
[pipeline-stage] PPU setup mean-ms=0.0043 peak-call-ms=0.0174 calls=445
[pipeline-stage] PPU scanout mean-ms=0.5848 peak-call-ms=0.7991 calls=445
[pipeline-stage] PPU finish mean-ms=0.0007 peak-call-ms=0.0019 calls=445
[pipeline-work] ticks=1.00 repre=0.00 draws=0.0 vertices=0 upload-MiB=0.485 depth-MiB=0.000 depth-copy-MiB=0.000 depth-copy-calls=0.00 jobs=0.00 helpers=0.00 fallback=0.00 failed=0.00 (per-present)
[pipeline-traffic] upload-calls=0.87 skipped=0.00 scan-MiB=0.454 upload-MiB=0.485 mirror-realloc=0.00 (per-present)
[pipeline-atlas] reuse=0.00 copy-MiB=0.000 copy-calls=0.00 (per-present; copies are GPU-only)
[pipeline-path] cpu-project=0.00 cpu-stage=0.00 gpu-reuse=0.00 publish=0.00 opt-out=0.00 limit=0.00 rejected=0.00 (events/present, not view fallbacks)
[music] stop [music:song-08] (driver halt $F0)
[action-bg-hle] full world-layer provider enabled
[action-bg-hle] fallback=forced-blank map=04/04 BG1
[widescreen] gf=1323 $18=04 $19=04 -> WIDE clamp=00 mirror=00 repeat=00 bands=0/811c9dc5 normal=00 hud=40/88/168 left-only-y=28 bg-plan=1 source=world/world hle=00
[action-fx] first scene accents captured: actors=0/0 decorations=1/1 (lighting=1 particles=1)
[act-enter] $18=04 $19=04 at game-frame 1323
[music] src=1B:8554 song=01 authentic — drop game-assets/audio/song-05.ogg to replace ([music:song-05])
[action-room-scene] ROM-derived world source enabled
[widescreen] gf=1324 $18=04 $19=04 -> WIDE clamp=00 mirror=00 repeat=00 bands=0/811c9dc5 normal=00 hud=40/88/168 left-only-y=28 bg-plan=1 source=world/world hle=03
[video-geometry] 16:10 square-PAR -> 120 extra columns/side (render width 496)
[diorama] ON via AR_DIORAMA_AT at gf=1330
[gpu-fx] DOF shader ready
[gpu-fx] rim light shader ready
[action-fx] first BG1-high lava geometry submitted (Diorama, depth-ordered)
[pipeline-perf] scene=Action 3D host=0 map=04/04 output=1080x672 frames=161 fps=159.9 cadence-ms=6.253 p95=7.296 max=7.617 refresh=3 vsync=0 cap=0 gpu-ms=unavailable
[pipeline-stage] events/input mean-ms=0.0269 peak-call-ms=0.1096 calls=161
[pipeline-stage] emulation mean-ms=0.9393 peak-call-ms=1.1173 calls=161
[pipeline-stage] PPU + capture mean-ms=3.7730 peak-call-ms=5.5943 calls=161
[pipeline-stage] world map build mean-ms=0.0006 peak-call-ms=0.0012 calls=161
[pipeline-stage] SIM metadata mean-ms=0.0289 peak-call-ms=0.0481 calls=161
[pipeline-stage] town canvas mean-ms=0.0012 peak-call-ms=0.0021 calls=161
[pipeline-stage] frame snapshot mean-ms=0.0568 peak-call-ms=0.0865 calls=161
[pipeline-stage] upload mean-ms=0.9534 peak-call-ms=2.6170 calls=161
[pipeline-stage] presentation mean-ms=0.2122 peak-call-ms=1.1378 calls=161
[pipeline-stage] CRT/resolve mean-ms=0.0012 peak-call-ms=0.0013 calls=322
[pipeline-stage] host UI mean-ms=0.0023 peak-call-ms=0.0031 calls=161
[pipeline-stage] settings UI mean-ms=0.0008 peak-call-ms=0.0011 calls=161
[pipeline-stage] present/wait mean-ms=0.2024 peak-call-ms=0.3047 calls=161
[pipeline-stage] pacing/sleep mean-ms=0.0005 peak-call-ms=0.0011 calls=161
[pipeline-stage] housekeeping mean-ms=0.0054 peak-call-ms=0.5799 calls=161
[pipeline-stage] PPU setup mean-ms=0.0332 peak-call-ms=0.6788 calls=161
[pipeline-stage] PPU scanout mean-ms=3.7004 peak-call-ms=4.8784 calls=161
[pipeline-stage] PPU finish mean-ms=0.0106 peak-call-ms=0.0237 calls=161
[pipeline-stage] action total mean-ms=0.2023 peak-call-ms=1.1234 calls=161
[pipeline-stage] action upload mean-ms=0.8493 peak-call-ms=2.0264 calls=161
[pipeline-stage] action analysis mean-ms=0.0008 peak-call-ms=0.0016 calls=161
[pipeline-stage] action setup mean-ms=0.0329 peak-call-ms=0.6768 calls=161
[pipeline-stage] action scanout mean-ms=3.6999 peak-call-ms=4.8778 calls=161
[pipeline-stage] action finish mean-ms=0.0103 peak-call-ms=0.0234 calls=161
[pipeline-stage] action host-post mean-ms=0.0567 peak-call-ms=0.0791 calls=161
[pipeline-stage] action synthesis mean-ms=0.0005 peak-call-ms=0.0011 calls=161
[pipeline-stage] action mesh mean-ms=0.0031 peak-call-ms=0.0025 calls=483
[pipeline-stage] action supersample mean-ms=0.0279 peak-call-ms=0.2912 calls=161
[pipeline-stage] action DOF mean-ms=0.0809 peak-call-ms=0.6956 calls=161
[pipeline-stage] action submit mean-ms=0.0086 peak-call-ms=0.0230 calls=644
[pipeline-stage] action callback mean-ms=0.0160 peak-call-ms=0.0411 calls=644
[pipeline-work] ticks=1.00 repre=0.00 draws=4.0 vertices=364 upload-MiB=0.388 depth-MiB=0.000 depth-copy-MiB=0.000 depth-copy-calls=0.00 jobs=0.00 helpers=0.00 fallback=0.00 failed=0.00 (per-present)
[pipeline-traffic] upload-calls=1.90 skipped=1.19 scan-MiB=4.131 upload-MiB=0.388 mirror-realloc=0.03 (per-present)
[pipeline-atlas] reuse=0.00 copy-MiB=0.000 copy-calls=0.00 (per-present; copies are GPU-only)
[pipeline-path] cpu-project=0.00 cpu-stage=0.00 gpu-reuse=0.00 publish=0.00 opt-out=0.00 limit=0.00 rejected=0.00 (events/present, not view fallbacks)
[action-fx] first scene accent geometry submitted: 1 effect(s), 586 vertices / 1548 indices (lighting=1 particles=1)
[pipeline-perf] scene=Action 3D host=0 map=04/04 output=1080x672 frames=177 fps=175.6 cadence-ms=5.693 p95=6.027 max=6.296 refresh=3 vsync=0 cap=0 gpu-ms=unavailable
[pipeline-stage] events/input mean-ms=0.0235 peak-call-ms=0.0573 calls=177
[pipeline-stage] emulation mean-ms=0.9299 peak-call-ms=1.1767 calls=177
[pipeline-stage] PPU + capture mean-ms=3.4437 peak-call-ms=3.8000 calls=177
[pipeline-stage] world map build mean-ms=0.0005 peak-call-ms=0.0011 calls=177
[pipeline-stage] SIM metadata mean-ms=0.0233 peak-call-ms=0.0339 calls=177
[pipeline-stage] town canvas mean-ms=0.0010 peak-call-ms=0.0017 calls=177
[pipeline-stage] frame snapshot mean-ms=0.0488 peak-call-ms=0.0983 calls=177
[pipeline-stage] upload mean-ms=0.7767 peak-call-ms=1.4785 calls=177
[pipeline-stage] presentation mean-ms=0.1967 peak-call-ms=0.4442 calls=177
[pipeline-stage] CRT/resolve mean-ms=0.0010 peak-call-ms=0.0013 calls=354
[pipeline-stage] host UI mean-ms=0.0021 peak-call-ms=0.0189 calls=177
[pipeline-stage] settings UI mean-ms=0.0007 peak-call-ms=0.0011 calls=177
[pipeline-stage] present/wait mean-ms=0.1784 peak-call-ms=0.3440 calls=177
[pipeline-stage] pacing/sleep mean-ms=0.0005 peak-call-ms=0.0009 calls=177
[pipeline-stage] housekeeping mean-ms=0.0015 peak-call-ms=0.0158 calls=177
[pipeline-stage] PPU setup mean-ms=0.0274 peak-call-ms=0.0614 calls=177
[pipeline-stage] PPU scanout mean-ms=3.3781 peak-call-ms=3.7364 calls=177
[pipeline-stage] PPU finish mean-ms=0.0133 peak-call-ms=0.0259 calls=177
[pipeline-stage] action total mean-ms=0.1880 peak-call-ms=0.4360 calls=177
[pipeline-stage] action upload mean-ms=0.6990 peak-call-ms=1.4176 calls=177
[pipeline-stage] action analysis mean-ms=0.0006 peak-call-ms=0.0013 calls=177
[pipeline-stage] action setup mean-ms=0.0272 peak-call-ms=0.0609 calls=177
[pipeline-stage] action scanout mean-ms=3.3776 peak-call-ms=3.7360 calls=177
[pipeline-stage] action finish mean-ms=0.0131 peak-call-ms=0.0256 calls=177
[pipeline-stage] action host-post mean-ms=0.0455 peak-call-ms=0.0678 calls=177
[pipeline-stage] action synthesis mean-ms=0.0004 peak-call-ms=0.0010 calls=177
[pipeline-stage] action mesh mean-ms=0.0030 peak-call-ms=0.0025 calls=553
[pipeline-stage] action supersample mean-ms=0.0256 peak-call-ms=0.1121 calls=188
[pipeline-stage] action DOF mean-ms=0.0654 peak-call-ms=0.1358 calls=177
[pipeline-stage] action submit mean-ms=0.0084 peak-call-ms=0.0274 calls=719
[pipeline-stage] action callback mean-ms=0.0242 peak-call-ms=0.0577 calls=750
[pipeline-work] ticks=1.00 repre=0.00 draws=4.1 vertices=368 upload-MiB=0.366 depth-MiB=0.000 depth-copy-MiB=0.000 depth-copy-calls=0.00 jobs=0.00 helpers=0.00 fallback=0.00 failed=0.00 (per-present)
[pipeline-traffic] upload-calls=1.69 skipped=1.39 scan-MiB=3.939 upload-MiB=0.366 mirror-realloc=0.01 (per-present)
[pipeline-atlas] reuse=0.00 copy-MiB=0.000 copy-calls=0.00 (per-present; copies are GPU-only)
[pipeline-path] cpu-project=0.00 cpu-stage=0.00 gpu-reuse=0.00 publish=0.00 opt-out=0.00 limit=0.00 rejected=0.00 (events/present, not view fallbacks)
[pipeline-perf] scene=Action 3D host=0 map=04/04 output=1080x672 frames=169 fps=167.3 cadence-ms=5.978 p95=6.824 max=7.959 refresh=3 vsync=0 cap=0 gpu-ms=unavailable
[pipeline-stage] events/input mean-ms=0.0221 peak-call-ms=0.0521 calls=169
[pipeline-stage] emulation mean-ms=0.9446 peak-call-ms=1.7505 calls=169
[pipeline-stage] PPU + capture mean-ms=3.4266 peak-call-ms=4.0312 calls=169
[pipeline-stage] world map build mean-ms=0.0005 peak-call-ms=0.0010 calls=169
[pipeline-stage] SIM metadata mean-ms=0.0221 peak-call-ms=0.0350 calls=169
[pipeline-stage] town canvas mean-ms=0.0010 peak-call-ms=0.0018 calls=169
[pipeline-stage] frame snapshot mean-ms=0.0467 peak-call-ms=0.0655 calls=169
[pipeline-stage] upload mean-ms=0.9858 peak-call-ms=2.6151 calls=169
[pipeline-stage] presentation mean-ms=0.2455 peak-call-ms=1.6975 calls=169
[pipeline-stage] CRT/resolve mean-ms=0.0009 peak-call-ms=0.0013 calls=338
[pipeline-stage] host UI mean-ms=0.0019 peak-call-ms=0.0027 calls=169
[pipeline-stage] settings UI mean-ms=0.0006 peak-call-ms=0.0010 calls=169
[pipeline-stage] present/wait mean-ms=0.2149 peak-call-ms=0.8262 calls=169
[pipeline-stage] pacing/sleep mean-ms=0.0005 peak-call-ms=0.0137 calls=169
[pipeline-stage] housekeeping mean-ms=0.0016 peak-call-ms=0.0172 calls=169
[pipeline-stage] PPU setup mean-ms=0.0267 peak-call-ms=0.0427 calls=169
[pipeline-stage] PPU scanout mean-ms=3.3662 peak-call-ms=3.9705 calls=169
[pipeline-stage] PPU finish mean-ms=0.0096 peak-call-ms=0.0345 calls=169
[pipeline-stage] action total mean-ms=0.2373 peak-call-ms=1.6890 calls=169
[pipeline-stage] action upload mean-ms=0.9209 peak-call-ms=2.5443 calls=169
[pipeline-stage] action analysis mean-ms=0.0006 peak-call-ms=0.0011 calls=169
[pipeline-stage] action setup mean-ms=0.0265 peak-call-ms=0.0421 calls=169
[pipeline-stage] action scanout mean-ms=3.3657 peak-call-ms=3.9703 calls=169
[pipeline-stage] action finish mean-ms=0.0094 peak-call-ms=0.0343 calls=169
[pipeline-stage] action host-post mean-ms=0.0427 peak-call-ms=0.0793 calls=169
[pipeline-stage] action synthesis mean-ms=0.0004 peak-call-ms=0.0011 calls=169
[pipeline-stage] action mesh mean-ms=0.0046 peak-call-ms=0.0173 calls=845
[pipeline-stage] action supersample mean-ms=0.0491 peak-call-ms=0.1610 calls=338
[pipeline-stage] action DOF mean-ms=0.0618 peak-call-ms=0.2028 calls=169
[pipeline-stage] action submit mean-ms=0.0092 peak-call-ms=0.0053 calls=845
[pipeline-stage] action callback mean-ms=0.0329 peak-call-ms=0.0490 calls=875
[pipeline-work] ticks=1.00 repre=0.00 draws=5.0 vertices=427 upload-MiB=0.722 depth-MiB=0.000 depth-copy-MiB=0.000 depth-copy-calls=0.00 jobs=0.00 helpers=0.00 fallback=0.00 failed=0.00 (per-present)
[pipeline-traffic] upload-calls=3.00 skipped=1.02 scan-MiB=4.126 upload-MiB=0.722 mirror-realloc=0.00 (per-present)
[pipeline-atlas] reuse=0.00 copy-MiB=0.000 copy-calls=0.00 (per-present; copies are GPU-only)
[pipeline-path] cpu-project=0.00 cpu-stage=0.00 gpu-reuse=0.00 publish=0.00 opt-out=0.00 limit=0.00 rejected=0.00 (events/present, not view fallbacks)
[pipeline-perf] scene=Action 3D host=0 map=04/04 output=1080x672 frames=165 fps=163.0 cadence-ms=6.135 p95=7.567 max=7.966 refresh=3 vsync=0 cap=0 gpu-ms=unavailable
[pipeline-stage] events/input mean-ms=0.0221 peak-call-ms=0.0587 calls=165
[pipeline-stage] emulation mean-ms=0.9854 peak-call-ms=1.6553 calls=165
[pipeline-stage] PPU + capture mean-ms=3.4466 peak-call-ms=3.7415 calls=165
[pipeline-stage] world map build mean-ms=0.0005 peak-call-ms=0.0136 calls=165
[pipeline-stage] SIM metadata mean-ms=0.0206 peak-call-ms=0.0291 calls=165
[pipeline-stage] town canvas mean-ms=0.0009 peak-call-ms=0.0014 calls=165
[pipeline-stage] frame snapshot mean-ms=0.0443 peak-call-ms=0.0761 calls=165
[pipeline-stage] upload mean-ms=1.1078 peak-call-ms=2.9298 calls=165
[pipeline-stage] presentation mean-ms=0.2266 peak-call-ms=1.3791 calls=165
[pipeline-stage] CRT/resolve mean-ms=0.0009 peak-call-ms=0.0009 calls=330
[pipeline-stage] host UI mean-ms=0.0019 peak-call-ms=0.0042 calls=165
[pipeline-stage] settings UI mean-ms=0.0006 peak-call-ms=0.0011 calls=165
[pipeline-stage] present/wait mean-ms=0.2167 peak-call-ms=0.9581 calls=165
[pipeline-stage] pacing/sleep mean-ms=0.0004 peak-call-ms=0.0008 calls=165
[pipeline-stage] housekeeping mean-ms=0.0013 peak-call-ms=0.0143 calls=165
[pipeline-stage] PPU setup mean-ms=0.0274 peak-call-ms=0.0391 calls=165
[pipeline-stage] PPU scanout mean-ms=3.3847 peak-call-ms=3.6910 calls=165
[pipeline-stage] PPU finish mean-ms=0.0112 peak-call-ms=0.0357 calls=165
[pipeline-stage] action total mean-ms=0.2113 peak-call-ms=1.3711 calls=165
[pipeline-stage] action upload mean-ms=1.0354 peak-call-ms=2.8714 calls=165
[pipeline-stage] action analysis mean-ms=0.0006 peak-call-ms=0.0010 calls=165
[pipeline-stage] action setup mean-ms=0.0271 peak-call-ms=0.0385 calls=165
[pipeline-stage] action scanout mean-ms=3.3841 peak-call-ms=3.6905 calls=165
[pipeline-stage] action finish mean-ms=0.0110 peak-call-ms=0.0355 calls=165
[pipeline-stage] action host-post mean-ms=0.0399 peak-call-ms=0.0537 calls=165
[pipeline-stage] action synthesis mean-ms=0.0005 peak-call-ms=0.0116 calls=165
[pipeline-stage] action mesh mean-ms=0.0046 peak-call-ms=0.0164 calls=825
[pipeline-stage] action supersample mean-ms=0.0377 peak-call-ms=0.0507 calls=330
[pipeline-stage] action DOF mean-ms=0.0589 peak-call-ms=0.1437 calls=165
[pipeline-stage] action submit mean-ms=0.0098 peak-call-ms=0.0312 calls=825
[pipeline-stage] action callback mean-ms=0.0404 peak-call-ms=1.1757 calls=825
[pipeline-work] ticks=1.00 repre=0.00 draws=5.0 vertices=427 upload-MiB=0.883 depth-MiB=0.000 depth-copy-MiB=0.000 depth-copy-calls=0.00 jobs=0.00 helpers=0.00 fallback=0.00 failed=0.00 (per-present)
[pipeline-traffic] upload-calls=3.21 skipped=0.81 scan-MiB=4.054 upload-MiB=0.883 mirror-realloc=0.00 (per-present)
[pipeline-atlas] reuse=0.00 copy-MiB=0.000 copy-calls=0.00 (per-present; copies are GPU-only)
[pipeline-path] cpu-project=0.00 cpu-stage=0.00 gpu-reuse=0.00 publish=0.00 opt-out=0.00 limit=0.00 rejected=0.00 (events/present, not view fallbacks)
[pipeline-perf] scene=Action 3D host=0 map=04/04 output=1080x672 frames=165 fps=163.1 cadence-ms=6.130 p95=7.539 max=7.987 refresh=3 vsync=0 cap=0 gpu-ms=unavailable
[pipeline-stage] events/input mean-ms=0.0268 peak-call-ms=0.8363 calls=165
[pipeline-stage] emulation mean-ms=0.9884 peak-call-ms=1.7849 calls=165
[pipeline-stage] PPU + capture mean-ms=3.5196 peak-call-ms=4.2695 calls=165
[pipeline-stage] world map build mean-ms=0.0004 peak-call-ms=0.0011 calls=165
[pipeline-stage] SIM metadata mean-ms=0.0207 peak-call-ms=0.0339 calls=165
[pipeline-stage] town canvas mean-ms=0.0009 peak-call-ms=0.0015 calls=165
[pipeline-stage] frame snapshot mean-ms=0.0442 peak-call-ms=0.0636 calls=165
[pipeline-stage] upload mean-ms=1.0658 peak-call-ms=2.8568 calls=165
[pipeline-stage] presentation mean-ms=0.1998 peak-call-ms=0.3026 calls=165
[pipeline-stage] CRT/resolve mean-ms=0.0009 peak-call-ms=0.0010 calls=330
[pipeline-stage] host UI mean-ms=0.0019 peak-call-ms=0.0034 calls=165
[pipeline-stage] settings UI mean-ms=0.0006 peak-call-ms=0.0011 calls=165
[pipeline-stage] present/wait mean-ms=0.2010 peak-call-ms=0.2677 calls=165
[pipeline-stage] pacing/sleep mean-ms=0.0004 peak-call-ms=0.0008 calls=165
[pipeline-stage] housekeeping mean-ms=0.0016 peak-call-ms=0.0291 calls=165
[pipeline-stage] PPU setup mean-ms=0.0267 peak-call-ms=0.0406 calls=165
[pipeline-stage] PPU scanout mean-ms=3.4571 peak-call-ms=4.2036 calls=165
[pipeline-stage] PPU finish mean-ms=0.0123 peak-call-ms=0.0294 calls=165
[pipeline-stage] action total mean-ms=0.1914 peak-call-ms=0.2913 calls=165
[pipeline-stage] action upload mean-ms=0.9851 peak-call-ms=2.7922 calls=165
[pipeline-stage] action analysis mean-ms=0.0006 peak-call-ms=0.0014 calls=165
[pipeline-stage] action setup mean-ms=0.0265 peak-call-ms=0.0403 calls=165
[pipeline-stage] action scanout mean-ms=3.4566 peak-call-ms=4.2031 calls=165
[pipeline-stage] action finish mean-ms=0.0121 peak-call-ms=0.0291 calls=165
[pipeline-stage] action host-post mean-ms=0.0400 peak-call-ms=0.0649 calls=165
[pipeline-stage] action synthesis mean-ms=0.0004 peak-call-ms=0.0009 calls=165
[pipeline-stage] action mesh mean-ms=0.0043 peak-call-ms=0.0170 calls=769
[pipeline-stage] action supersample mean-ms=0.0347 peak-call-ms=0.0496 calls=302
[pipeline-stage] action DOF mean-ms=0.0572 peak-call-ms=0.0835 calls=165
[pipeline-stage] action submit mean-ms=0.0095 peak-call-ms=0.0203 calls=797
[pipeline-stage] action callback mean-ms=0.0292 peak-call-ms=0.0532 calls=859
[pipeline-work] ticks=1.00 repre=0.00 draws=4.8 vertices=416 upload-MiB=0.796 depth-MiB=0.000 depth-copy-MiB=0.000 depth-copy-calls=0.00 jobs=0.00 helpers=0.00 fallback=0.00 failed=0.00 (per-present)
[pipeline-traffic] upload-calls=3.10 skipped=0.76 scan-MiB=4.045 upload-MiB=0.796 mirror-realloc=0.00 (per-present)
[pipeline-atlas] reuse=0.00 copy-MiB=0.000 copy-calls=0.00 (per-present; copies are GPU-only)
[pipeline-path] cpu-project=0.00 cpu-stage=0.00 gpu-reuse=0.00 publish=0.00 opt-out=0.00 limit=0.00 rejected=0.00 (events/present, not view fallbacks)
[pipeline-perf] scene=Action 3D host=0 map=04/04 output=1080x672 frames=171 fps=169.3 cadence-ms=5.905 p95=6.248 max=8.578 refresh=3 vsync=0 cap=0 gpu-ms=unavailable
[pipeline-stage] events/input mean-ms=0.0218 peak-call-ms=0.0389 calls=171
[pipeline-stage] emulation mean-ms=0.9630 peak-call-ms=1.1212 calls=171
[pipeline-stage] PPU + capture mean-ms=3.5367 peak-call-ms=4.3739 calls=171
[pipeline-stage] world map build mean-ms=0.0004 peak-call-ms=0.0007 calls=171
[pipeline-stage] SIM metadata mean-ms=0.0207 peak-call-ms=0.0302 calls=171
[pipeline-stage] town canvas mean-ms=0.0009 peak-call-ms=0.0016 calls=171
[pipeline-stage] frame snapshot mean-ms=0.0427 peak-call-ms=0.0689 calls=171
[pipeline-stage] upload mean-ms=0.9053 peak-call-ms=2.7454 calls=171
[pipeline-stage] presentation mean-ms=0.1724 peak-call-ms=0.2345 calls=171
[pipeline-stage] CRT/resolve mean-ms=0.0010 peak-call-ms=0.0161 calls=342
[pipeline-stage] host UI mean-ms=0.0021 peak-call-ms=0.0164 calls=171
[pipeline-stage] settings UI mean-ms=0.0006 peak-call-ms=0.0011 calls=171
[pipeline-stage] present/wait mean-ms=0.1798 peak-call-ms=0.2321 calls=171
[pipeline-stage] pacing/sleep mean-ms=0.0004 peak-call-ms=0.0007 calls=171
[pipeline-stage] housekeeping mean-ms=0.0012 peak-call-ms=0.0021 calls=171
[pipeline-stage] PPU setup mean-ms=0.0272 peak-call-ms=0.0441 calls=171
[pipeline-stage] PPU scanout mean-ms=3.4807 peak-call-ms=4.3048 calls=171
[pipeline-stage] PPU finish mean-ms=0.0053 peak-call-ms=0.0222 calls=171
[pipeline-stage] action total mean-ms=0.1640 peak-call-ms=0.2236 calls=171
[pipeline-stage] action upload mean-ms=0.8416 peak-call-ms=2.6833 calls=171
[pipeline-stage] action analysis mean-ms=0.0006 peak-call-ms=0.0010 calls=171
[pipeline-stage] action setup mean-ms=0.0270 peak-call-ms=0.0437 calls=171
[pipeline-stage] action scanout mean-ms=3.4802 peak-call-ms=4.3042 calls=171
[pipeline-stage] action finish mean-ms=0.0051 peak-call-ms=0.0219 calls=171
[pipeline-stage] action host-post mean-ms=0.0401 peak-call-ms=0.0489 calls=171
[pipeline-stage] action synthesis mean-ms=0.0004 peak-call-ms=0.0008 calls=171
[pipeline-stage] action mesh mean-ms=0.0028 peak-call-ms=0.0022 calls=513
[pipeline-stage] action supersample mean-ms=0.0225 peak-call-ms=0.0492 calls=171
[pipeline-stage] action DOF mean-ms=0.0563 peak-call-ms=0.0892 calls=171
[pipeline-stage] action submit mean-ms=0.0080 peak-call-ms=0.0169 calls=684
[pipeline-stage] action callback mean-ms=0.0213 peak-call-ms=0.0659 calls=684
[pipeline-work] ticks=1.00 repre=0.00 draws=4.0 vertices=364 upload-MiB=0.661 depth-MiB=0.000 depth-copy-MiB=0.000 depth-copy-calls=0.00 jobs=0.00 helpers=0.00 fallback=0.00 failed=0.00 (per-present)
[pipeline-traffic] upload-calls=2.32 skipped=0.70 scan-MiB=4.258 upload-MiB=0.661 mirror-realloc=0.00 (per-present)
[pipeline-atlas] reuse=0.00 copy-MiB=0.000 copy-calls=0.00 (per-present; copies are GPU-only)
[pipeline-path] cpu-project=0.00 cpu-stage=0.00 gpu-reuse=0.00 publish=0.00 opt-out=0.00 limit=0.00 rejected=0.00 (events/present, not view fallbacks)
[pipeline-perf] scene=Action 3D host=0 map=04/04 output=1080x672 frames=156 fps=154.6 cadence-ms=6.470 p95=7.861 max=8.219 refresh=3 vsync=0 cap=0 gpu-ms=unavailable
[pipeline-stage] events/input mean-ms=0.0223 peak-call-ms=0.0666 calls=156
[pipeline-stage] emulation mean-ms=0.9953 peak-call-ms=1.7705 calls=156
[pipeline-stage] PPU + capture mean-ms=3.6011 peak-call-ms=4.1439 calls=156
[pipeline-stage] world map build mean-ms=0.0005 peak-call-ms=0.0092 calls=156
[pipeline-stage] SIM metadata mean-ms=0.0207 peak-call-ms=0.0388 calls=156
[pipeline-stage] town canvas mean-ms=0.0009 peak-call-ms=0.0014 calls=156
[pipeline-stage] frame snapshot mean-ms=0.0421 peak-call-ms=0.0647 calls=156
[pipeline-stage] upload mean-ms=1.2766 peak-call-ms=3.0360 calls=156
[pipeline-stage] presentation mean-ms=0.2318 peak-call-ms=1.5656 calls=156
[pipeline-stage] CRT/resolve mean-ms=0.0009 peak-call-ms=0.0012 calls=312
[pipeline-stage] host UI mean-ms=0.0019 peak-call-ms=0.0039 calls=156
[pipeline-stage] settings UI mean-ms=0.0006 peak-call-ms=0.0009 calls=156
[pipeline-stage] present/wait mean-ms=0.2136 peak-call-ms=0.2636 calls=156
[pipeline-stage] pacing/sleep mean-ms=0.0004 peak-call-ms=0.0009 calls=156
[pipeline-stage] housekeeping mean-ms=0.0012 peak-call-ms=0.0025 calls=156
[pipeline-stage] PPU setup mean-ms=0.0270 peak-call-ms=0.0430 calls=156
[pipeline-stage] PPU scanout mean-ms=3.5403 peak-call-ms=4.0563 calls=156
[pipeline-stage] PPU finish mean-ms=0.0100 peak-call-ms=0.0353 calls=156
[pipeline-stage] action total mean-ms=0.2231 peak-call-ms=1.5570 calls=156
[pipeline-stage] action upload mean-ms=1.1518 peak-call-ms=2.9694 calls=156
[pipeline-stage] action analysis mean-ms=0.0091 peak-call-ms=1.3237 calls=156
[pipeline-stage] action setup mean-ms=0.0268 peak-call-ms=0.0427 calls=156
[pipeline-stage] action scanout mean-ms=3.5396 peak-call-ms=4.0559 calls=156
[pipeline-stage] action finish mean-ms=0.0098 peak-call-ms=0.0350 calls=156
[pipeline-stage] action host-post mean-ms=0.0400 peak-call-ms=0.0604 calls=156
[pipeline-stage] action synthesis mean-ms=0.0004 peak-call-ms=0.0008 calls=156
[pipeline-stage] action mesh mean-ms=0.0039 peak-call-ms=0.0242 calls=634
[pipeline-stage] action supersample mean-ms=0.0311 peak-call-ms=0.0495 calls=239
[pipeline-stage] action DOF mean-ms=0.0690 peak-call-ms=1.4005 calls=156
[pipeline-stage] action submit mean-ms=0.0091 peak-call-ms=0.0102 calls=707
[pipeline-stage] action callback mean-ms=0.0484 peak-call-ms=0.0791 calls=707
[pipeline-work] ticks=1.00 repre=0.00 draws=4.5 vertices=398 upload-MiB=1.005 depth-MiB=0.000 depth-copy-MiB=0.000 depth-copy-calls=0.00 jobs=0.00 helpers=0.00 fallback=0.00 failed=0.00 (per-present)
[pipeline-traffic] upload-calls=3.38 skipped=0.17 scan-MiB=4.224 upload-MiB=1.005 mirror-realloc=0.00 (per-present)
[pipeline-atlas] reuse=0.00 copy-MiB=0.000 copy-calls=0.00 (per-present; copies are GPU-only)
[pipeline-path] cpu-project=0.00 cpu-stage=0.00 gpu-reuse=0.00 publish=0.00 opt-out=0.00 limit=0.00 rejected=0.00 (events/present, not view fallbacks)
[widescreen] gf=2573 $18=04 $19=05 -> WIDE clamp=00 mirror=00 repeat=02 bands=0/811c9dc5 normal=00 hud=40/88/168 left-only-y=28 bg-plan=1 source=world/viewport hle=00
[widescreen] gf=2574 $18=04 $19=05 -> WIDE clamp=00 mirror=00 repeat=02 bands=0/811c9dc5 normal=00 hud=40/88/168 left-only-y=28 bg-plan=1 source=world/viewport hle=01
[present-cadence] tick-presents=3000 re-presents=0 max-represent-alpha=0.000 no-present-no-sleep=0
[dump] wrote runs/20260912-170940/dump_state.txt + wram/sram/dispatch_log (exit)
[action-bg-hle] provider-summary frames=1363 preflight={layers:2604,tiles:2458419,mismatches:0,outside:0} eligible=2604 layers=2604 lookups=37327808 batches=1821120 tiles=36882048 outside=445760 band-cache={builds:0,hits:0}
[action-room-scene] provider-summary layers=2604 live-fallbacks=0
[action-room-load-hle] summary command5=2 command4=4 bytes=14592
[action-room-gfx-hle] summary command7=3 command6=3 bytes=24960
[action-room-video-hle] summary command3=2 bytes=56
[run-dir] all diagnostics from this run: runs/20260912-170940/  (share with: zip -r report.zip runs/20260912-170940)
