[Launcher] Config/saves anchored to '/home/deck/argame/capture-fast-path-20260912.XW1iYR/'.
[run-dir] runs/20260912-170953 (console.log + dumps ringfenced here; AR_NO_RUN_DIR=1 disables)
[runner-trace] recorder=excluded deep_instrumentation=excluded mode=off
Loaded ROM: /home/deck/argame/ar.sfc (1048576 bytes)
[video-geometry] 16:10 square-PAR -> 52 extra columns/side (render width 360)
[display] AR_DISPLAY_MODE=2 -> widescreen FULL (all corrections)
[video] driver: wayland (available: x11 wayland offscreen dummy evdev)
[render] ordered GPU interop enabled (offscreen SDL + one swapchain present)
[display] GPU frames in flight: 2
[hd-manifest] [replace:title-logo] game-assets/hd/title-logo.png (2087x754)
[hd-manifest] [replace:title-swirl] game-assets/hd/title-logo.png (2087x754, mode7)
[hd-manifest] 2 entries, 2 with art
[settings-menu] decoded ActRaiser font: $1000 bytes from ROM offset $0BECFB (2725 compressed bytes consumed)
[settings-menu] decoded native dialog frame: chars ROM $06C000, palette ROM $0E3F73
[diorama-layers] loaded diorama-layers.ini: 24 room(s), 34 plane override(s)
[input] no gamepad connected; keyboard bindings active
[music-manifest] [music:title-theme] game-assets/audio/title.ogg (48000 Hz, 8845689 frames, loop 0..8845689)
[music-manifest] [music:song-00] game-assets/audio/fillmore.ogg (44100 Hz, 7050707 frames, loop 0..7050707)
[music-manifest] [music:song-01] game-assets/audio/sky-palace.ogg (48000 Hz, 6389760 frames, loop 0..6389760)
[music-manifest] [music:song-02] game-assets/audio/bp.ogg (44100 Hz, 5369615 frames, loop 0..5369615)
[music-manifest] [music:song-08] game-assets/audio/advent.ogg (48000 Hz, 735609 frames, loop 0..735609)
[music-manifest] [music:song-09] game-assets/audio/act2.ogg (44100 Hz, 6182827 frames, loop 0..6182827)
[music-manifest] [music:song-10] game-assets/audio/birth-of-the-people.ogg (48000 Hz, 16201213 frames, loop 0..16201213)
[music-manifest] [music:song-11] game-assets/audio/level-up.ogg (48000 Hz, 451396 frames, loop 0..451396)
[music-manifest] 17 entries, 8 with audio
[audio-ext] extended sound channels disabled (authentic 8 voices)
[saves] loaded native-srm backend from /home/deck/argame/capture-fast-path-20260912.XW1iYR/timing-aitos/seed.srm
[input-replay] 5009 legacy records, max gf=21845 last gf=4676 from /home/deck/argame/capture-fast-path-20260912.XW1iYR/saves/aitos-r4-natural.rec
[audio] requested 32040 Hz is below SDL's 44100 device minimum; using 44100 (the setting cannot lower it)
[audio] stream input 44100 Hz, device 44100 Hz 512-frame buffer (requested 512 frames)
[widescreen] gf=0 $18=00 $19=00 -> pillarbox clamp=00 mirror=00 repeat=00 bands=0/811c9dc5 normal=00 hud=0/0/0 left-only-y=0 bg-plan=0 source=none/none hle=00
[music] src=1A:94B8 song=01 -> [music:title-theme] game-assets/audio/title.ogg
[pipeline-perf] scene=Native/menu host=0 map=00/00 output=1080x672 frames=321 fps=318.9 cadence-ms=3.135 p95=5.704 max=6.242 refresh=3 vsync=0 cap=0 gpu-ms=unavailable
[pipeline-stage] events/input mean-ms=0.0141 peak-call-ms=0.0642 calls=321
[pipeline-stage] emulation mean-ms=0.9301 peak-call-ms=4.5188 calls=321
[pipeline-stage] PPU + capture mean-ms=1.2576 peak-call-ms=2.9457 calls=321
[pipeline-stage] world map build mean-ms=0.0002 peak-call-ms=0.0008 calls=321
[pipeline-stage] SIM metadata mean-ms=0.0134 peak-call-ms=0.1003 calls=321
[pipeline-stage] town canvas mean-ms=0.0005 peak-call-ms=0.0080 calls=321
[pipeline-stage] frame snapshot mean-ms=0.0187 peak-call-ms=0.1422 calls=321
[pipeline-stage] upload mean-ms=0.6877 peak-call-ms=1.8714 calls=321
[pipeline-stage] presentation mean-ms=0.0115 peak-call-ms=0.0343 calls=321
[pipeline-stage] CRT/resolve mean-ms=0.0005 peak-call-ms=0.0164 calls=642
[pipeline-stage] host UI mean-ms=0.0013 peak-call-ms=0.0057 calls=321
[pipeline-stage] settings UI mean-ms=0.0004 peak-call-ms=0.0008 calls=321
[pipeline-stage] present/wait mean-ms=0.1659 peak-call-ms=1.0597 calls=321
[pipeline-stage] pacing/sleep mean-ms=0.0002 peak-call-ms=0.0008 calls=321
[pipeline-stage] housekeeping mean-ms=0.0025 peak-call-ms=0.1347 calls=321
[pipeline-stage] PPU setup mean-ms=0.0028 peak-call-ms=0.0460 calls=321
[pipeline-stage] PPU scanout mean-ms=1.2456 peak-call-ms=2.9398 calls=321
[pipeline-stage] PPU finish mean-ms=0.0006 peak-call-ms=0.0016 calls=321
[pipeline-work] ticks=1.00 repre=0.00 draws=0.0 vertices=0 upload-MiB=4.176 depth-MiB=0.000 depth-copy-MiB=0.000 depth-copy-calls=0.00 jobs=0.00 helpers=0.00 fallback=0.00 failed=0.00 (per-present)
[pipeline-traffic] upload-calls=0.66 skipped=0.00 scan-MiB=0.630 upload-MiB=4.176 mirror-realloc=0.00 (per-present)
[pipeline-atlas] reuse=0.00 copy-MiB=0.000 copy-calls=0.00 (per-present; copies are GPU-only)
[pipeline-path] cpu-project=0.00 cpu-stage=0.00 gpu-reuse=0.00 publish=0.00 opt-out=0.00 limit=0.00 rejected=0.00 (events/present, not view fallbacks)
[music] stop [music:title-theme] (driver halt $F0)
[widescreen] gf=373 $18=00 $19=07 -> WIDE clamp=00 mirror=00 repeat=00 bands=0/811c9dc5 normal=00 hud=32/168/168 left-only-y=32 bg-plan=0 source=none/none hle=00
[music] src=1C:A988 song=01 -> [music:song-01] game-assets/audio/sky-palace.ogg
[widescreen] gf=431 $18=00 $19=09 -> WIDE clamp=00 mirror=00 repeat=00 bands=0/811c9dc5 normal=00 hud=0/0/0 left-only-y=0 bg-plan=0 source=none/none hle=00
[sim-worldmap] HLE built from sim state at gf=431 after world-navigation entry (841 tiles changed)
[widescreen] gf=690 $18=00 $19=07 -> WIDE clamp=00 mirror=00 repeat=00 bands=0/811c9dc5 normal=00 hud=32/168/168 left-only-y=32 bg-plan=0 source=none/none hle=00
[music] stop [music:song-01] (driver halt $F0)
[widescreen] gf=898 $18=00 $19=09 -> WIDE clamp=00 mirror=00 repeat=00 bands=0/811c9dc5 normal=00 hud=0/0/0 left-only-y=0 bg-plan=0 source=none/none hle=00
[sim-worldmap] HLE built from sim state at gf=898 after world-navigation entry (0 tiles changed)
[music] src=1C:A7CC song=01 -> [music:song-08] game-assets/audio/advent.ogg
[pipeline-perf] scene=Native/menu host=0 map=00/09 output=1080x672 frames=449 fps=447.7 cadence-ms=2.233 p95=2.569 max=3.166 refresh=3 vsync=0 cap=0 gpu-ms=unavailable
[pipeline-stage] events/input mean-ms=0.0378 peak-call-ms=0.0970 calls=449
[pipeline-stage] emulation mean-ms=1.0460 peak-call-ms=2.7869 calls=449
[pipeline-stage] PPU + capture mean-ms=0.5946 peak-call-ms=0.8738 calls=449
[pipeline-stage] world map build mean-ms=0.0019 peak-call-ms=0.0357 calls=449
[pipeline-stage] SIM metadata mean-ms=0.0358 peak-call-ms=0.0583 calls=449
[pipeline-stage] town canvas mean-ms=0.0006 peak-call-ms=0.0018 calls=449
[pipeline-stage] frame snapshot mean-ms=0.0227 peak-call-ms=0.0413 calls=449
[pipeline-stage] upload mean-ms=0.2436 peak-call-ms=0.4480 calls=449
[pipeline-stage] presentation mean-ms=0.0142 peak-call-ms=0.0255 calls=449
[pipeline-stage] CRT/resolve mean-ms=0.0006 peak-call-ms=0.0094 calls=898
[pipeline-stage] host UI mean-ms=0.0018 peak-call-ms=0.0031 calls=449
[pipeline-stage] settings UI mean-ms=0.0005 peak-call-ms=0.0011 calls=449
[pipeline-stage] present/wait mean-ms=0.1781 peak-call-ms=0.3366 calls=449
[pipeline-stage] pacing/sleep mean-ms=0.0002 peak-call-ms=0.0007 calls=449
[pipeline-stage] housekeeping mean-ms=0.0019 peak-call-ms=0.1268 calls=449
[pipeline-stage] PPU setup mean-ms=0.0040 peak-call-ms=0.0131 calls=449
[pipeline-stage] PPU scanout mean-ms=0.5778 peak-call-ms=0.8534 calls=449
[pipeline-stage] PPU finish mean-ms=0.0009 peak-call-ms=0.0138 calls=449
[pipeline-work] ticks=1.00 repre=0.00 draws=0.0 vertices=0 upload-MiB=0.481 depth-MiB=0.000 depth-copy-MiB=0.000 depth-copy-calls=0.00 jobs=0.00 helpers=0.00 fallback=0.00 failed=0.00 (per-present)
[pipeline-traffic] upload-calls=0.87 skipped=0.00 scan-MiB=0.456 upload-MiB=0.481 mirror-realloc=0.00 (per-present)
[pipeline-atlas] reuse=0.00 copy-MiB=0.000 copy-calls=0.00 (per-present; copies are GPU-only)
[pipeline-path] cpu-project=0.00 cpu-stage=0.00 gpu-reuse=0.00 publish=0.00 opt-out=0.00 limit=0.00 rejected=0.00 (events/present, not view fallbacks)
[music] stop [music:song-08] (driver halt $F0)
[action-bg-hle] full world-layer provider enabled
[action-bg-hle] fallback=forced-blank map=04/04 BG1
[widescreen] gf=1323 $18=04 $19=04 -> WIDE clamp=00 mirror=00 repeat=00 bands=0/811c9dc5 normal=00 hud=40/88/168 left-only-y=28 bg-plan=1 source=world/world hle=00
[action-fx] first scene accents captured: actors=0/0 decorations=1/1 (lighting=1 particles=1)
[act-enter] $18=04 $19=04 at game-frame 1323
[music] src=1B:8554 song=01 authentic — drop game-assets/audio/song-05.ogg to replace ([music:song-05])
[action-room-scene] ROM-derived world source enabled
[widescreen] gf=1324 $18=04 $19=04 -> WIDE clamp=00 mirror=00 repeat=00 bands=0/811c9dc5 normal=00 hud=40/88/168 left-only-y=28 bg-plan=1 source=world/world hle=03
[video-geometry] 16:10 square-PAR -> 120 extra columns/side (render width 496)
[diorama] ON via AR_DIORAMA_AT at gf=1330
[gpu-fx] DOF shader ready
[gpu-fx] rim light shader ready
[action-fx] first BG1-high lava geometry submitted (Diorama, depth-ordered)
[pipeline-perf] scene=Action 3D host=0 map=04/04 output=1080x672 frames=150 fps=148.5 cadence-ms=6.733 p95=7.684 max=8.412 refresh=3 vsync=0 cap=0 gpu-ms=unavailable
[pipeline-stage] events/input mean-ms=0.0287 peak-call-ms=0.0754 calls=150
[pipeline-stage] emulation mean-ms=0.9438 peak-call-ms=1.0399 calls=150
[pipeline-stage] PPU + capture mean-ms=4.1894 peak-call-ms=6.0537 calls=150
[pipeline-stage] world map build mean-ms=0.0006 peak-call-ms=0.0012 calls=150
[pipeline-stage] SIM metadata mean-ms=0.0291 peak-call-ms=0.0482 calls=150
[pipeline-stage] town canvas mean-ms=0.0014 peak-call-ms=0.0066 calls=150
[pipeline-stage] frame snapshot mean-ms=0.0539 peak-call-ms=0.0770 calls=150
[pipeline-stage] upload mean-ms=0.9905 peak-call-ms=2.8426 calls=150
[pipeline-stage] presentation mean-ms=0.2160 peak-call-ms=1.1695 calls=150
[pipeline-stage] CRT/resolve mean-ms=0.0011 peak-call-ms=0.0019 calls=300
[pipeline-stage] host UI mean-ms=0.0023 peak-call-ms=0.0196 calls=150
[pipeline-stage] settings UI mean-ms=0.0009 peak-call-ms=0.0180 calls=150
[pipeline-stage] present/wait mean-ms=0.2199 peak-call-ms=0.9265 calls=150
[pipeline-stage] pacing/sleep mean-ms=0.0005 peak-call-ms=0.0010 calls=150
[pipeline-stage] housekeeping mean-ms=0.0062 peak-call-ms=0.6023 calls=150
[pipeline-stage] PPU setup mean-ms=0.0339 peak-call-ms=0.7072 calls=150
[pipeline-stage] PPU scanout mean-ms=4.1142 peak-call-ms=5.3051 calls=150
[pipeline-stage] PPU finish mean-ms=0.0112 peak-call-ms=0.0250 calls=150
[pipeline-stage] action total mean-ms=0.2057 peak-call-ms=1.1550 calls=150
[pipeline-stage] action upload mean-ms=0.8816 peak-call-ms=2.7168 calls=150
[pipeline-stage] action analysis mean-ms=0.0009 peak-call-ms=0.0014 calls=150
[pipeline-stage] action setup mean-ms=0.0336 peak-call-ms=0.7054 calls=150
[pipeline-stage] action scanout mean-ms=4.1135 peak-call-ms=5.3044 calls=150
[pipeline-stage] action finish mean-ms=0.0109 peak-call-ms=0.0247 calls=150
[pipeline-stage] action host-post mean-ms=0.0577 peak-call-ms=0.0946 calls=150
[pipeline-stage] action synthesis mean-ms=0.0005 peak-call-ms=0.0014 calls=150
[pipeline-stage] action mesh mean-ms=0.0033 peak-call-ms=0.0026 calls=450
[pipeline-stage] action supersample mean-ms=0.0297 peak-call-ms=0.3161 calls=150
[pipeline-stage] action DOF mean-ms=0.0807 peak-call-ms=0.7010 calls=150
[pipeline-stage] action submit mean-ms=0.0089 peak-call-ms=0.0311 calls=600
[pipeline-stage] action callback mean-ms=0.0160 peak-call-ms=0.0495 calls=600
[pipeline-work] ticks=1.00 repre=0.00 draws=4.0 vertices=364 upload-MiB=0.416 depth-MiB=0.000 depth-copy-MiB=0.000 depth-copy-calls=0.00 jobs=0.00 helpers=0.00 fallback=0.00 failed=0.00 (per-present)
[pipeline-traffic] upload-calls=1.99 skipped=1.10 scan-MiB=4.144 upload-MiB=0.416 mirror-realloc=0.03 (per-present)
[pipeline-atlas] reuse=0.00 copy-MiB=0.000 copy-calls=0.00 (per-present; copies are GPU-only)
[pipeline-path] cpu-project=0.00 cpu-stage=0.00 gpu-reuse=0.00 publish=0.00 opt-out=0.00 limit=0.00 rejected=0.00 (events/present, not view fallbacks)
[action-fx] first scene accent geometry submitted: 1 effect(s), 586 vertices / 1548 indices (lighting=1 particles=1)
[pipeline-perf] scene=Action 3D host=0 map=04/04 output=1080x672 frames=172 fps=170.6 cadence-ms=5.862 p95=6.183 max=7.211 refresh=3 vsync=0 cap=0 gpu-ms=unavailable
[pipeline-stage] events/input mean-ms=0.0220 peak-call-ms=0.0427 calls=172
[pipeline-stage] emulation mean-ms=0.9207 peak-call-ms=0.9869 calls=172
[pipeline-stage] PPU + capture mean-ms=3.7384 peak-call-ms=4.1619 calls=172
[pipeline-stage] world map build mean-ms=0.0005 peak-call-ms=0.0010 calls=172
[pipeline-stage] SIM metadata mean-ms=0.0224 peak-call-ms=0.0398 calls=172
[pipeline-stage] town canvas mean-ms=0.0010 peak-call-ms=0.0021 calls=172
[pipeline-stage] frame snapshot mean-ms=0.0455 peak-call-ms=0.0739 calls=172
[pipeline-stage] upload mean-ms=0.6837 peak-call-ms=1.4664 calls=172
[pipeline-stage] presentation mean-ms=0.1876 peak-call-ms=0.4162 calls=172
[pipeline-stage] CRT/resolve mean-ms=0.0008 peak-call-ms=0.0009 calls=344
[pipeline-stage] host UI mean-ms=0.0019 peak-call-ms=0.0033 calls=172
[pipeline-stage] settings UI mean-ms=0.0006 peak-call-ms=0.0010 calls=172
[pipeline-stage] present/wait mean-ms=0.1729 peak-call-ms=1.2983 calls=172
[pipeline-stage] pacing/sleep mean-ms=0.0004 peak-call-ms=0.0007 calls=172
[pipeline-stage] housekeeping mean-ms=0.0013 peak-call-ms=0.0149 calls=172
[pipeline-stage] PPU setup mean-ms=0.0268 peak-call-ms=0.0427 calls=172
[pipeline-stage] PPU scanout mean-ms=3.6741 peak-call-ms=4.1105 calls=172
[pipeline-stage] PPU finish mean-ms=0.0132 peak-call-ms=0.0265 calls=172
[pipeline-stage] action total mean-ms=0.1799 peak-call-ms=0.4094 calls=172
[pipeline-stage] action upload mean-ms=0.6120 peak-call-ms=1.3993 calls=172
[pipeline-stage] action analysis mean-ms=0.0006 peak-call-ms=0.0010 calls=172
[pipeline-stage] action setup mean-ms=0.0265 peak-call-ms=0.0424 calls=172
[pipeline-stage] action scanout mean-ms=3.6736 peak-call-ms=4.1100 calls=172
[pipeline-stage] action finish mean-ms=0.0130 peak-call-ms=0.0262 calls=172
[pipeline-stage] action host-post mean-ms=0.0439 peak-call-ms=0.0755 calls=172
[pipeline-stage] action synthesis mean-ms=0.0004 peak-call-ms=0.0009 calls=172
[pipeline-stage] action mesh mean-ms=0.0030 peak-call-ms=0.0023 calls=516
[pipeline-stage] action supersample mean-ms=0.0238 peak-call-ms=0.1075 calls=172
[pipeline-stage] action DOF mean-ms=0.0623 peak-call-ms=0.1510 calls=172
[pipeline-stage] action submit mean-ms=0.0078 peak-call-ms=0.0091 calls=688
[pipeline-stage] action callback mean-ms=0.0249 peak-call-ms=0.0412 calls=719
[pipeline-work] ticks=1.00 repre=0.00 draws=4.0 vertices=364 upload-MiB=0.336 depth-MiB=0.000 depth-copy-MiB=0.000 depth-copy-calls=0.00 jobs=0.00 helpers=0.00 fallback=0.00 failed=0.00 (per-present)
[pipeline-traffic] upload-calls=1.62 skipped=1.41 scan-MiB=3.921 upload-MiB=0.336 mirror-realloc=0.00 (per-present)
[pipeline-atlas] reuse=0.00 copy-MiB=0.000 copy-calls=0.00 (per-present; copies are GPU-only)
[pipeline-path] cpu-project=0.00 cpu-stage=0.00 gpu-reuse=0.00 publish=0.00 opt-out=0.00 limit=0.00 rejected=0.00 (events/present, not view fallbacks)
[pipeline-perf] scene=Action 3D host=0 map=04/04 output=1080x672 frames=163 fps=161.3 cadence-ms=6.200 p95=6.744 max=7.369 refresh=3 vsync=0 cap=0 gpu-ms=unavailable
[pipeline-stage] events/input mean-ms=0.0218 peak-call-ms=0.0455 calls=163
[pipeline-stage] emulation mean-ms=0.9296 peak-call-ms=1.0893 calls=163
[pipeline-stage] PPU + capture mean-ms=3.7497 peak-call-ms=4.1009 calls=163
[pipeline-stage] world map build mean-ms=0.0005 peak-call-ms=0.0008 calls=163
[pipeline-stage] SIM metadata mean-ms=0.0210 peak-call-ms=0.0263 calls=163
[pipeline-stage] town canvas mean-ms=0.0010 peak-call-ms=0.0014 calls=163
[pipeline-stage] frame snapshot mean-ms=0.0444 peak-call-ms=0.0568 calls=163
[pipeline-stage] upload mean-ms=0.9243 peak-call-ms=1.4588 calls=163
[pipeline-stage] presentation mean-ms=0.2259 peak-call-ms=0.5680 calls=163
[pipeline-stage] CRT/resolve mean-ms=0.0008 peak-call-ms=0.0008 calls=326
[pipeline-stage] host UI mean-ms=0.0019 peak-call-ms=0.0032 calls=163
[pipeline-stage] settings UI mean-ms=0.0006 peak-call-ms=0.0011 calls=163
[pipeline-stage] present/wait mean-ms=0.2176 peak-call-ms=1.1332 calls=163
[pipeline-stage] pacing/sleep mean-ms=0.0004 peak-call-ms=0.0010 calls=163
[pipeline-stage] housekeeping mean-ms=0.0013 peak-call-ms=0.0141 calls=163
[pipeline-stage] PPU setup mean-ms=0.0263 peak-call-ms=0.0396 calls=163
[pipeline-stage] PPU scanout mean-ms=3.6887 peak-call-ms=4.0487 calls=163
[pipeline-stage] PPU finish mean-ms=0.0114 peak-call-ms=0.0503 calls=163
[pipeline-stage] action total mean-ms=0.2180 peak-call-ms=0.5593 calls=163
[pipeline-stage] action upload mean-ms=0.8616 peak-call-ms=1.3972 calls=163
[pipeline-stage] action analysis mean-ms=0.0006 peak-call-ms=0.0012 calls=163
[pipeline-stage] action setup mean-ms=0.0261 peak-call-ms=0.0392 calls=163
[pipeline-stage] action scanout mean-ms=3.6882 peak-call-ms=4.0482 calls=163
[pipeline-stage] action finish mean-ms=0.0111 peak-call-ms=0.0500 calls=163
[pipeline-stage] action host-post mean-ms=0.0409 peak-call-ms=0.0483 calls=163
[pipeline-stage] action synthesis mean-ms=0.0004 peak-call-ms=0.0009 calls=163
[pipeline-stage] action mesh mean-ms=0.0048 peak-call-ms=0.0184 calls=805
[pipeline-stage] action supersample mean-ms=0.0475 peak-call-ms=0.1772 calls=321
[pipeline-stage] action DOF mean-ms=0.0584 peak-call-ms=0.1372 calls=163
[pipeline-stage] action submit mean-ms=0.0093 peak-call-ms=0.0213 calls=810
[pipeline-stage] action callback mean-ms=0.0297 peak-call-ms=0.0547 calls=840
[pipeline-work] ticks=1.00 repre=0.00 draws=5.0 vertices=425 upload-MiB=0.704 depth-MiB=0.000 depth-copy-MiB=0.000 depth-copy-calls=0.00 jobs=0.00 helpers=0.00 fallback=0.00 failed=0.00 (per-present)
[pipeline-traffic] upload-calls=2.91 skipped=1.08 scan-MiB=4.112 upload-MiB=0.704 mirror-realloc=0.01 (per-present)
[pipeline-atlas] reuse=0.00 copy-MiB=0.000 copy-calls=0.00 (per-present; copies are GPU-only)
[pipeline-path] cpu-project=0.00 cpu-stage=0.00 gpu-reuse=0.00 publish=0.00 opt-out=0.00 limit=0.00 rejected=0.00 (events/present, not view fallbacks)
[pipeline-perf] scene=Action 3D host=0 map=04/04 output=1080x672 frames=160 fps=158.3 cadence-ms=6.316 p95=6.551 max=6.866 refresh=3 vsync=0 cap=0 gpu-ms=unavailable
[pipeline-stage] events/input mean-ms=0.0223 peak-call-ms=0.0419 calls=160
[pipeline-stage] emulation mean-ms=0.9517 peak-call-ms=1.1325 calls=160
[pipeline-stage] PPU + capture mean-ms=3.7804 peak-call-ms=4.3764 calls=160
[pipeline-stage] world map build mean-ms=0.0005 peak-call-ms=0.0009 calls=160
[pipeline-stage] SIM metadata mean-ms=0.0211 peak-call-ms=0.0274 calls=160
[pipeline-stage] town canvas mean-ms=0.0010 peak-call-ms=0.0015 calls=160
[pipeline-stage] frame snapshot mean-ms=0.0439 peak-call-ms=0.0529 calls=160
[pipeline-stage] upload mean-ms=1.0075 peak-call-ms=1.5576 calls=160
[pipeline-stage] presentation mean-ms=0.2131 peak-call-ms=0.5658 calls=160
[pipeline-stage] CRT/resolve mean-ms=0.0007 peak-call-ms=0.0008 calls=320
[pipeline-stage] host UI mean-ms=0.0018 peak-call-ms=0.0027 calls=160
[pipeline-stage] settings UI mean-ms=0.0006 peak-call-ms=0.0009 calls=160
[pipeline-stage] present/wait mean-ms=0.2068 peak-call-ms=0.3730 calls=160
[pipeline-stage] pacing/sleep mean-ms=0.0004 peak-call-ms=0.0008 calls=160
[pipeline-stage] housekeeping mean-ms=0.0014 peak-call-ms=0.0154 calls=160
[pipeline-stage] PPU setup mean-ms=0.0272 peak-call-ms=0.0451 calls=160
[pipeline-stage] PPU scanout mean-ms=3.7188 peak-call-ms=4.3141 calls=160
[pipeline-stage] PPU finish mean-ms=0.0106 peak-call-ms=0.0379 calls=160
[pipeline-stage] action total mean-ms=0.2051 peak-call-ms=0.5578 calls=160
[pipeline-stage] action upload mean-ms=0.9436 peak-call-ms=1.4953 calls=160
[pipeline-stage] action analysis mean-ms=0.0006 peak-call-ms=0.0014 calls=160
[pipeline-stage] action setup mean-ms=0.0270 peak-call-ms=0.0449 calls=160
[pipeline-stage] action scanout mean-ms=3.7184 peak-call-ms=4.3134 calls=160
[pipeline-stage] action finish mean-ms=0.0104 peak-call-ms=0.0377 calls=160
[pipeline-stage] action host-post mean-ms=0.0410 peak-call-ms=0.0496 calls=160
[pipeline-stage] action synthesis mean-ms=0.0004 peak-call-ms=0.0010 calls=160
[pipeline-stage] action mesh mean-ms=0.0046 peak-call-ms=0.0024 calls=800
[pipeline-stage] action supersample mean-ms=0.0393 peak-call-ms=0.1345 calls=320
[pipeline-stage] action DOF mean-ms=0.0563 peak-call-ms=0.1315 calls=160
[pipeline-stage] action submit mean-ms=0.0093 peak-call-ms=0.0052 calls=800
[pipeline-stage] action callback mean-ms=0.0343 peak-call-ms=0.0712 calls=800
[pipeline-work] ticks=1.00 repre=0.00 draws=5.0 vertices=427 upload-MiB=0.884 depth-MiB=0.000 depth-copy-MiB=0.000 depth-copy-calls=0.00 jobs=0.00 helpers=0.00 fallback=0.00 failed=0.00 (per-present)
[pipeline-traffic] upload-calls=3.27 skipped=0.75 scan-MiB=4.035 upload-MiB=0.884 mirror-realloc=0.00 (per-present)
[pipeline-atlas] reuse=0.00 copy-MiB=0.000 copy-calls=0.00 (per-present; copies are GPU-only)
[pipeline-path] cpu-project=0.00 cpu-stage=0.00 gpu-reuse=0.00 publish=0.00 opt-out=0.00 limit=0.00 rejected=0.00 (events/present, not view fallbacks)
[pipeline-perf] scene=Action 3D host=0 map=04/04 output=1080x672 frames=155 fps=153.8 cadence-ms=6.500 p95=7.560 max=7.771 refresh=3 vsync=0 cap=0 gpu-ms=unavailable
[pipeline-stage] events/input mean-ms=0.0224 peak-call-ms=0.0767 calls=155
[pipeline-stage] emulation mean-ms=0.9625 peak-call-ms=1.0369 calls=155
[pipeline-stage] PPU + capture mean-ms=3.9436 peak-call-ms=4.3069 calls=155
[pipeline-stage] world map build mean-ms=0.0005 peak-call-ms=0.0010 calls=155
[pipeline-stage] SIM metadata mean-ms=0.0236 peak-call-ms=0.0424 calls=155
[pipeline-stage] town canvas mean-ms=0.0011 peak-call-ms=0.0020 calls=155
[pipeline-stage] frame snapshot mean-ms=0.0473 peak-call-ms=0.0968 calls=155
[pipeline-stage] upload mean-ms=1.0099 peak-call-ms=1.6623 calls=155
[pipeline-stage] presentation mean-ms=0.2116 peak-call-ms=0.3237 calls=155
[pipeline-stage] CRT/resolve mean-ms=0.0008 peak-call-ms=0.0010 calls=310
[pipeline-stage] host UI mean-ms=0.0019 peak-call-ms=0.0031 calls=155
[pipeline-stage] settings UI mean-ms=0.0007 peak-call-ms=0.0013 calls=155
[pipeline-stage] present/wait mean-ms=0.2080 peak-call-ms=0.6699 calls=155
[pipeline-stage] pacing/sleep mean-ms=0.0004 peak-call-ms=0.0009 calls=155
[pipeline-stage] housekeeping mean-ms=0.0014 peak-call-ms=0.0167 calls=155
[pipeline-stage] PPU setup mean-ms=0.0273 peak-call-ms=0.0570 calls=155
[pipeline-stage] PPU scanout mean-ms=3.8779 peak-call-ms=4.2488 calls=155
[pipeline-stage] PPU finish mean-ms=0.0135 peak-call-ms=0.0374 calls=155
[pipeline-stage] action total mean-ms=0.2032 peak-call-ms=0.3117 calls=155
[pipeline-stage] action upload mean-ms=0.9389 peak-call-ms=1.5178 calls=155
[pipeline-stage] action analysis mean-ms=0.0007 peak-call-ms=0.0015 calls=155
[pipeline-stage] action setup mean-ms=0.0271 peak-call-ms=0.0556 calls=155
[pipeline-stage] action scanout mean-ms=3.8774 peak-call-ms=4.2479 calls=155
[pipeline-stage] action finish mean-ms=0.0132 peak-call-ms=0.0371 calls=155
[pipeline-stage] action host-post mean-ms=0.0459 peak-call-ms=0.0781 calls=155
[pipeline-stage] action synthesis mean-ms=0.0004 peak-call-ms=0.0012 calls=155
[pipeline-stage] action mesh mean-ms=0.0047 peak-call-ms=0.0024 calls=775
[pipeline-stage] action supersample mean-ms=0.0390 peak-call-ms=0.0393 calls=310
[pipeline-stage] action DOF mean-ms=0.0592 peak-call-ms=0.1121 calls=155
[pipeline-stage] action submit mean-ms=0.0099 peak-call-ms=0.0174 calls=775
[pipeline-stage] action callback mean-ms=0.0311 peak-call-ms=0.0544 calls=818
[pipeline-work] ticks=1.00 repre=0.00 draws=5.0 vertices=427 upload-MiB=0.774 depth-MiB=0.000 depth-copy-MiB=0.000 depth-copy-calls=0.00 jobs=0.00 helpers=0.00 fallback=0.00 failed=0.00 (per-present)
[pipeline-traffic] upload-calls=3.05 skipped=0.98 scan-MiB=4.065 upload-MiB=0.774 mirror-realloc=0.00 (per-present)
[pipeline-atlas] reuse=0.00 copy-MiB=0.000 copy-calls=0.00 (per-present; copies are GPU-only)
[pipeline-path] cpu-project=0.00 cpu-stage=0.00 gpu-reuse=0.00 publish=0.00 opt-out=0.00 limit=0.00 rejected=0.00 (events/present, not view fallbacks)
[pipeline-perf] scene=Action 3D host=0 map=04/04 output=1080x672 frames=162 fps=161.0 cadence-ms=6.212 p95=6.525 max=6.904 refresh=3 vsync=0 cap=0 gpu-ms=unavailable
[pipeline-stage] events/input mean-ms=0.0215 peak-call-ms=0.0394 calls=162
[pipeline-stage] emulation mean-ms=0.9480 peak-call-ms=1.1453 calls=162
[pipeline-stage] PPU + capture mean-ms=3.9026 peak-call-ms=4.3562 calls=162
[pipeline-stage] world map build mean-ms=0.0005 peak-call-ms=0.0009 calls=162
[pipeline-stage] SIM metadata mean-ms=0.0211 peak-call-ms=0.0260 calls=162
[pipeline-stage] town canvas mean-ms=0.0010 peak-call-ms=0.0014 calls=162
[pipeline-stage] frame snapshot mean-ms=0.0423 peak-call-ms=0.0563 calls=162
[pipeline-stage] upload mean-ms=0.8649 peak-call-ms=1.1832 calls=162
[pipeline-stage] presentation mean-ms=0.1648 peak-call-ms=0.2328 calls=162
[pipeline-stage] CRT/resolve mean-ms=0.0007 peak-call-ms=0.0009 calls=324
[pipeline-stage] host UI mean-ms=0.0018 peak-call-ms=0.0031 calls=162
[pipeline-stage] settings UI mean-ms=0.0006 peak-call-ms=0.0009 calls=162
[pipeline-stage] present/wait mean-ms=0.1814 peak-call-ms=0.2635 calls=162
[pipeline-stage] pacing/sleep mean-ms=0.0004 peak-call-ms=0.0008 calls=162
[pipeline-stage] housekeeping mean-ms=0.0013 peak-call-ms=0.0147 calls=162
[pipeline-stage] PPU setup mean-ms=0.0267 peak-call-ms=0.0361 calls=162
[pipeline-stage] PPU scanout mean-ms=3.8455 peak-call-ms=4.2886 calls=162
[pipeline-stage] PPU finish mean-ms=0.0064 peak-call-ms=0.0210 calls=162
[pipeline-stage] action total mean-ms=0.1570 peak-call-ms=0.2195 calls=162
[pipeline-stage] action upload mean-ms=0.8018 peak-call-ms=1.1197 calls=162
[pipeline-stage] action analysis mean-ms=0.0006 peak-call-ms=0.0012 calls=162
[pipeline-stage] action setup mean-ms=0.0265 peak-call-ms=0.0358 calls=162
[pipeline-stage] action scanout mean-ms=3.8450 peak-call-ms=4.2881 calls=162
[pipeline-stage] action finish mean-ms=0.0062 peak-call-ms=0.0208 calls=162
[pipeline-stage] action host-post mean-ms=0.0410 peak-call-ms=0.0517 calls=162
[pipeline-stage] action synthesis mean-ms=0.0004 peak-call-ms=0.0008 calls=162
[pipeline-stage] action mesh mean-ms=0.0030 peak-call-ms=0.0021 calls=504
[pipeline-stage] action supersample mean-ms=0.0242 peak-call-ms=0.0435 calls=171
[pipeline-stage] action DOF mean-ms=0.0552 peak-call-ms=0.0769 calls=162
[pipeline-stage] action submit mean-ms=0.0083 peak-call-ms=0.0214 calls=657
[pipeline-stage] action callback mean-ms=0.0152 peak-call-ms=0.0474 calls=676
[pipeline-work] ticks=1.00 repre=0.00 draws=4.1 vertices=368 upload-MiB=0.670 depth-MiB=0.000 depth-copy-MiB=0.000 depth-copy-calls=0.00 jobs=0.00 helpers=0.00 fallback=0.00 failed=0.00 (per-present)
[pipeline-traffic] upload-calls=2.40 skipped=0.67 scan-MiB=4.198 upload-MiB=0.670 mirror-realloc=0.00 (per-present)
[pipeline-atlas] reuse=0.00 copy-MiB=0.000 copy-calls=0.00 (per-present; copies are GPU-only)
[pipeline-path] cpu-project=0.00 cpu-stage=0.00 gpu-reuse=0.00 publish=0.00 opt-out=0.00 limit=0.00 rejected=0.00 (events/present, not view fallbacks)
[pipeline-perf] scene=Action 3D host=0 map=04/04 output=1080x672 frames=157 fps=155.0 cadence-ms=6.452 p95=6.686 max=7.032 refresh=3 vsync=0 cap=0 gpu-ms=unavailable
[pipeline-stage] events/input mean-ms=0.0213 peak-call-ms=0.0432 calls=157
[pipeline-stage] emulation mean-ms=0.9425 peak-call-ms=1.1377 calls=157
[pipeline-stage] PPU + capture mean-ms=3.9231 peak-call-ms=4.3553 calls=157
[pipeline-stage] world map build mean-ms=0.0005 peak-call-ms=0.0009 calls=157
[pipeline-stage] SIM metadata mean-ms=0.0210 peak-call-ms=0.0266 calls=157
[pipeline-stage] town canvas mean-ms=0.0010 peak-call-ms=0.0016 calls=157
[pipeline-stage] frame snapshot mean-ms=0.0415 peak-call-ms=0.0533 calls=157
[pipeline-stage] upload mean-ms=1.0267 peak-call-ms=1.6332 calls=157
[pipeline-stage] presentation mean-ms=0.2128 peak-call-ms=0.2527 calls=157
[pipeline-stage] CRT/resolve mean-ms=0.0007 peak-call-ms=0.0008 calls=314
[pipeline-stage] host UI mean-ms=0.0019 peak-call-ms=0.0185 calls=157
[pipeline-stage] settings UI mean-ms=0.0006 peak-call-ms=0.0012 calls=157
[pipeline-stage] present/wait mean-ms=0.1973 peak-call-ms=0.2620 calls=157
[pipeline-stage] pacing/sleep mean-ms=0.0004 peak-call-ms=0.0008 calls=157
[pipeline-stage] housekeeping mean-ms=0.0014 peak-call-ms=0.0206 calls=157
[pipeline-stage] PPU setup mean-ms=0.0265 peak-call-ms=0.0392 calls=157
[pipeline-stage] PPU scanout mean-ms=3.8642 peak-call-ms=4.3005 calls=157
[pipeline-stage] PPU finish mean-ms=0.0081 peak-call-ms=0.0300 calls=157
[pipeline-stage] action total mean-ms=0.2047 peak-call-ms=0.2444 calls=157
[pipeline-stage] action upload mean-ms=0.9631 peak-call-ms=1.5703 calls=157
[pipeline-stage] action analysis mean-ms=0.0006 peak-call-ms=0.0013 calls=157
[pipeline-stage] action setup mean-ms=0.0263 peak-call-ms=0.0390 calls=157
[pipeline-stage] action scanout mean-ms=3.8637 peak-call-ms=4.3000 calls=157
[pipeline-stage] action finish mean-ms=0.0078 peak-call-ms=0.0298 calls=157
[pipeline-stage] action host-post mean-ms=0.0412 peak-call-ms=0.0530 calls=157
[pipeline-stage] action synthesis mean-ms=0.0004 peak-call-ms=0.0007 calls=157
[pipeline-stage] action mesh mean-ms=0.0033 peak-call-ms=0.0020 calls=547
[pipeline-stage] action supersample mean-ms=0.0271 peak-call-ms=0.0415 calls=195
[pipeline-stage] action DOF mean-ms=0.0570 peak-call-ms=0.0849 calls=157
[pipeline-stage] action submit mean-ms=0.0086 peak-call-ms=0.0210 calls=666
[pipeline-stage] action callback mean-ms=0.0491 peak-call-ms=0.0824 calls=666
[pipeline-work] ticks=1.00 repre=0.00 draws=4.2 vertices=379 upload-MiB=0.967 depth-MiB=0.000 depth-copy-MiB=0.000 depth-copy-calls=0.00 jobs=0.00 helpers=0.00 fallback=0.00 failed=0.00 (per-present)
[pipeline-traffic] upload-calls=2.99 skipped=0.27 scan-MiB=4.130 upload-MiB=0.967 mirror-realloc=0.00 (per-present)
[pipeline-atlas] reuse=0.00 copy-MiB=0.000 copy-calls=0.00 (per-present; copies are GPU-only)
[pipeline-path] cpu-project=0.00 cpu-stage=0.00 gpu-reuse=0.00 publish=0.00 opt-out=0.00 limit=0.00 rejected=0.00 (events/present, not view fallbacks)
[widescreen] gf=2573 $18=04 $19=05 -> WIDE clamp=00 mirror=00 repeat=02 bands=0/811c9dc5 normal=00 hud=40/88/168 left-only-y=28 bg-plan=1 source=world/viewport hle=00
[widescreen] gf=2574 $18=04 $19=05 -> WIDE clamp=00 mirror=00 repeat=02 bands=0/811c9dc5 normal=00 hud=40/88/168 left-only-y=28 bg-plan=1 source=world/viewport hle=01
[present-cadence] tick-presents=3000 re-presents=0 max-represent-alpha=0.000 no-present-no-sleep=0
[dump] wrote runs/20260912-170953/dump_state.txt + wram/sram/dispatch_log (exit)
[action-bg-hle] provider-summary frames=1363 preflight={layers:2604,tiles:2458419,mismatches:0,outside:0} eligible=2604 layers=2604 lookups=37327808 batches=1821120 tiles=36882048 outside=445760 band-cache={builds:0,hits:0}
[action-room-scene] provider-summary layers=2604 live-fallbacks=0
[action-room-load-hle] summary command5=2 command4=4 bytes=14592
[action-room-gfx-hle] summary command7=3 command6=3 bytes=24960
[action-room-video-hle] summary command3=2 bytes=56
[run-dir] all diagnostics from this run: runs/20260912-170953/  (share with: zip -r report.zip runs/20260912-170953)
