[Launcher] Config/saves anchored to '/home/deck/argame/capture-fast-path-20260912.XW1iYR/'.
[run-dir] runs/20260912-171033 (console.log + dumps ringfenced here; AR_NO_RUN_DIR=1 disables)
[runner-trace] recorder=excluded deep_instrumentation=excluded mode=off
Loaded ROM: /home/deck/argame/ar.sfc (1048576 bytes)
[video-geometry] 16:10 square-PAR -> 52 extra columns/side (render width 360)
[display] AR_DISPLAY_MODE=2 -> widescreen FULL (all corrections)
[video] driver: wayland (available: x11 wayland offscreen dummy evdev)
[render] ordered GPU interop enabled (offscreen SDL + one swapchain present)
[display] GPU frames in flight: 2
[hd-manifest] [replace:title-logo] game-assets/hd/title-logo.png (2087x754)
[hd-manifest] [replace:title-swirl] game-assets/hd/title-logo.png (2087x754, mode7)
[hd-manifest] 2 entries, 2 with art
[settings-menu] decoded ActRaiser font: $1000 bytes from ROM offset $0BECFB (2725 compressed bytes consumed)
[settings-menu] decoded native dialog frame: chars ROM $06C000, palette ROM $0E3F73
[diorama-layers] loaded diorama-layers.ini: 24 room(s), 34 plane override(s)
[input] no gamepad connected; keyboard bindings active
[music-manifest] [music:title-theme] game-assets/audio/title.ogg (48000 Hz, 8845689 frames, loop 0..8845689)
[music-manifest] [music:song-00] game-assets/audio/fillmore.ogg (44100 Hz, 7050707 frames, loop 0..7050707)
[music-manifest] [music:song-01] game-assets/audio/sky-palace.ogg (48000 Hz, 6389760 frames, loop 0..6389760)
[music-manifest] [music:song-02] game-assets/audio/bp.ogg (44100 Hz, 5369615 frames, loop 0..5369615)
[music-manifest] [music:song-08] game-assets/audio/advent.ogg (48000 Hz, 735609 frames, loop 0..735609)
[music-manifest] [music:song-09] game-assets/audio/act2.ogg (44100 Hz, 6182827 frames, loop 0..6182827)
[music-manifest] [music:song-10] game-assets/audio/birth-of-the-people.ogg (48000 Hz, 16201213 frames, loop 0..16201213)
[music-manifest] [music:song-11] game-assets/audio/level-up.ogg (48000 Hz, 451396 frames, loop 0..451396)
[music-manifest] 17 entries, 8 with audio
[audio-ext] extended sound channels disabled (authentic 8 voices)
[saves] loaded native-srm backend from /home/deck/argame/capture-fast-path-20260912.XW1iYR/timing-aitos/seed.srm
[input-replay] 5009 legacy records, max gf=21845 last gf=4676 from /home/deck/argame/capture-fast-path-20260912.XW1iYR/saves/aitos-r4-natural.rec
[audio] requested 32040 Hz is below SDL's 44100 device minimum; using 44100 (the setting cannot lower it)
[audio] stream input 44100 Hz, device 44100 Hz 512-frame buffer (requested 512 frames)
[widescreen] gf=0 $18=00 $19=00 -> pillarbox clamp=00 mirror=00 repeat=00 bands=0/811c9dc5 normal=00 hud=0/0/0 left-only-y=0 bg-plan=0 source=none/none hle=00
[music] src=1A:94B8 song=01 -> [music:title-theme] game-assets/audio/title.ogg
[pipeline-perf] scene=Native/menu host=0 map=00/00 output=1080x672 frames=318 fps=316.2 cadence-ms=3.162 p95=6.182 max=7.694 refresh=3 vsync=0 cap=0 gpu-ms=unavailable
[pipeline-stage] events/input mean-ms=0.0151 peak-call-ms=0.0687 calls=318
[pipeline-stage] emulation mean-ms=0.9285 peak-call-ms=3.2229 calls=318
[pipeline-stage] PPU + capture mean-ms=1.2283 peak-call-ms=2.9016 calls=318
[pipeline-stage] world map build mean-ms=0.0003 peak-call-ms=0.0008 calls=318
[pipeline-stage] SIM metadata mean-ms=0.0135 peak-call-ms=0.0822 calls=318
[pipeline-stage] town canvas mean-ms=0.0006 peak-call-ms=0.0060 calls=318
[pipeline-stage] frame snapshot mean-ms=0.0181 peak-call-ms=0.1148 calls=318
[pipeline-stage] upload mean-ms=0.7353 peak-call-ms=3.2334 calls=318
[pipeline-stage] presentation mean-ms=0.0130 peak-call-ms=0.0315 calls=318
[pipeline-stage] CRT/resolve mean-ms=0.0006 peak-call-ms=0.0011 calls=636
[pipeline-stage] host UI mean-ms=0.0015 peak-call-ms=0.0027 calls=318
[pipeline-stage] settings UI mean-ms=0.0004 peak-call-ms=0.0009 calls=318
[pipeline-stage] present/wait mean-ms=0.1707 peak-call-ms=0.8787 calls=318
[pipeline-stage] pacing/sleep mean-ms=0.0002 peak-call-ms=0.0008 calls=318
[pipeline-stage] housekeeping mean-ms=0.0021 peak-call-ms=0.1038 calls=318
[pipeline-stage] PPU setup mean-ms=0.0030 peak-call-ms=0.0478 calls=318
[pipeline-stage] PPU scanout mean-ms=1.2154 peak-call-ms=2.8843 calls=318
[pipeline-stage] PPU finish mean-ms=0.0006 peak-call-ms=0.0018 calls=318
[pipeline-work] ticks=1.00 repre=0.00 draws=0.0 vertices=0 upload-MiB=4.122 depth-MiB=0.000 depth-copy-MiB=0.000 depth-copy-calls=0.00 jobs=0.00 helpers=0.00 fallback=0.00 failed=0.00 (per-present)
[pipeline-traffic] upload-calls=0.64 skipped=0.00 scan-MiB=0.630 upload-MiB=4.122 mirror-realloc=0.00 (per-present)
[pipeline-atlas] reuse=0.00 copy-MiB=0.000 copy-calls=0.00 (per-present; copies are GPU-only)
[pipeline-path] cpu-project=0.00 cpu-stage=0.00 gpu-reuse=0.00 publish=0.00 opt-out=0.00 limit=0.00 rejected=0.00 (events/present, not view fallbacks)
[music] stop [music:title-theme] (driver halt $F0)
[widescreen] gf=373 $18=00 $19=07 -> WIDE clamp=00 mirror=00 repeat=00 bands=0/811c9dc5 normal=00 hud=32/168/168 left-only-y=32 bg-plan=0 source=none/none hle=00
[music] src=1C:A988 song=01 -> [music:song-01] game-assets/audio/sky-palace.ogg
[widescreen] gf=431 $18=00 $19=09 -> WIDE clamp=00 mirror=00 repeat=00 bands=0/811c9dc5 normal=00 hud=0/0/0 left-only-y=0 bg-plan=0 source=none/none hle=00
[sim-worldmap] HLE built from sim state at gf=431 after world-navigation entry (841 tiles changed)
[widescreen] gf=690 $18=00 $19=07 -> WIDE clamp=00 mirror=00 repeat=00 bands=0/811c9dc5 normal=00 hud=32/168/168 left-only-y=32 bg-plan=0 source=none/none hle=00
[music] stop [music:song-01] (driver halt $F0)
[widescreen] gf=898 $18=00 $19=09 -> WIDE clamp=00 mirror=00 repeat=00 bands=0/811c9dc5 normal=00 hud=0/0/0 left-only-y=0 bg-plan=0 source=none/none hle=00
[sim-worldmap] HLE built from sim state at gf=898 after world-navigation entry (0 tiles changed)
[music] src=1C:A7CC song=01 -> [music:song-08] game-assets/audio/advent.ogg
[pipeline-perf] scene=Native/menu host=0 map=00/09 output=1080x672 frames=424 fps=422.7 cadence-ms=2.366 p95=2.677 max=3.337 refresh=3 vsync=0 cap=0 gpu-ms=unavailable
[pipeline-stage] events/input mean-ms=0.0381 peak-call-ms=0.1032 calls=424
[pipeline-stage] emulation mean-ms=1.0670 peak-call-ms=2.8478 calls=424
[pipeline-stage] PPU + capture mean-ms=0.6425 peak-call-ms=1.2746 calls=424
[pipeline-stage] world map build mean-ms=0.0022 peak-call-ms=0.0350 calls=424
[pipeline-stage] SIM metadata mean-ms=0.0370 peak-call-ms=0.0659 calls=424
[pipeline-stage] town canvas mean-ms=0.0008 peak-call-ms=0.0126 calls=424
[pipeline-stage] frame snapshot mean-ms=0.0227 peak-call-ms=0.0439 calls=424
[pipeline-stage] upload mean-ms=0.2837 peak-call-ms=1.0112 calls=424
[pipeline-stage] presentation mean-ms=0.0177 peak-call-ms=0.0536 calls=424
[pipeline-stage] CRT/resolve mean-ms=0.0008 peak-call-ms=0.0011 calls=848
[pipeline-stage] host UI mean-ms=0.0023 peak-call-ms=0.0334 calls=424
[pipeline-stage] settings UI mean-ms=0.0006 peak-call-ms=0.0012 calls=424
[pipeline-stage] present/wait mean-ms=0.1913 peak-call-ms=0.3943 calls=424
[pipeline-stage] pacing/sleep mean-ms=0.0004 peak-call-ms=0.0010 calls=424
[pipeline-stage] housekeeping mean-ms=0.0033 peak-call-ms=0.1807 calls=424
[pipeline-stage] PPU setup mean-ms=0.0047 peak-call-ms=0.0143 calls=424
[pipeline-stage] PPU scanout mean-ms=0.6244 peak-call-ms=1.2567 calls=424
[pipeline-stage] PPU finish mean-ms=0.0008 peak-call-ms=0.0018 calls=424
[pipeline-work] ticks=1.00 repre=0.00 draws=0.0 vertices=0 upload-MiB=0.500 depth-MiB=0.000 depth-copy-MiB=0.000 depth-copy-calls=0.00 jobs=0.00 helpers=0.00 fallback=0.00 failed=0.00 (per-present)
[pipeline-traffic] upload-calls=0.90 skipped=0.00 scan-MiB=0.455 upload-MiB=0.500 mirror-realloc=0.00 (per-present)
[pipeline-atlas] reuse=0.00 copy-MiB=0.000 copy-calls=0.00 (per-present; copies are GPU-only)
[pipeline-path] cpu-project=0.00 cpu-stage=0.00 gpu-reuse=0.00 publish=0.00 opt-out=0.00 limit=0.00 rejected=0.00 (events/present, not view fallbacks)
[music] stop [music:song-08] (driver halt $F0)
[action-bg-hle] full world-layer provider enabled
[action-bg-hle] fallback=forced-blank map=04/04 BG1
[widescreen] gf=1323 $18=04 $19=04 -> WIDE clamp=00 mirror=00 repeat=00 bands=0/811c9dc5 normal=00 hud=40/88/168 left-only-y=28 bg-plan=1 source=world/world hle=00
[action-fx] first scene accents captured: actors=0/0 decorations=1/1 (lighting=1 particles=1)
[act-enter] $18=04 $19=04 at game-frame 1323
[music] src=1B:8554 song=01 authentic — drop game-assets/audio/song-05.ogg to replace ([music:song-05])
[action-room-scene] ROM-derived world source enabled
[widescreen] gf=1324 $18=04 $19=04 -> WIDE clamp=00 mirror=00 repeat=00 bands=0/811c9dc5 normal=00 hud=40/88/168 left-only-y=28 bg-plan=1 source=world/world hle=03
[video-geometry] 16:10 square-PAR -> 120 extra columns/side (render width 496)
[diorama] ON via AR_DIORAMA_AT at gf=1330
[gpu-fx] DOF shader ready
[gpu-fx] rim light shader ready
[action-fx] first BG1-high lava geometry submitted (Diorama, depth-ordered)
[pipeline-perf] scene=Action 3D host=0 map=04/04 output=1080x672 frames=160 fps=159.0 cadence-ms=6.290 p95=7.341 max=7.548 refresh=3 vsync=0 cap=0 gpu-ms=unavailable
[pipeline-stage] events/input mean-ms=0.0282 peak-call-ms=0.0820 calls=160
[pipeline-stage] emulation mean-ms=0.9496 peak-call-ms=1.1996 calls=160
[pipeline-stage] PPU + capture mean-ms=3.7903 peak-call-ms=5.6942 calls=160
[pipeline-stage] world map build mean-ms=0.0006 peak-call-ms=0.0062 calls=160
[pipeline-stage] SIM metadata mean-ms=0.0282 peak-call-ms=0.0527 calls=160
[pipeline-stage] town canvas mean-ms=0.0012 peak-call-ms=0.0019 calls=160
[pipeline-stage] frame snapshot mean-ms=0.0529 peak-call-ms=0.0763 calls=160
[pipeline-stage] upload mean-ms=0.9554 peak-call-ms=2.7715 calls=160
[pipeline-stage] presentation mean-ms=0.2217 peak-call-ms=1.2592 calls=160
[pipeline-stage] CRT/resolve mean-ms=0.0010 peak-call-ms=0.0012 calls=320
[pipeline-stage] host UI mean-ms=0.0024 peak-call-ms=0.0032 calls=160
[pipeline-stage] settings UI mean-ms=0.0007 peak-call-ms=0.0012 calls=160
[pipeline-stage] present/wait mean-ms=0.2090 peak-call-ms=0.4178 calls=160
[pipeline-stage] pacing/sleep mean-ms=0.0005 peak-call-ms=0.0010 calls=160
[pipeline-stage] housekeeping mean-ms=0.0057 peak-call-ms=0.6005 calls=160
[pipeline-stage] PPU setup mean-ms=0.0343 peak-call-ms=0.6363 calls=160
[pipeline-stage] PPU scanout mean-ms=3.7161 peak-call-ms=5.0181 calls=160
[pipeline-stage] PPU finish mean-ms=0.0104 peak-call-ms=0.0211 calls=160
[pipeline-stage] action total mean-ms=0.2109 peak-call-ms=1.2405 calls=160
[pipeline-stage] action upload mean-ms=0.8494 peak-call-ms=2.0987 calls=160
[pipeline-stage] action analysis mean-ms=0.0008 peak-call-ms=0.0015 calls=160
[pipeline-stage] action setup mean-ms=0.0340 peak-call-ms=0.6344 calls=160
[pipeline-stage] action scanout mean-ms=3.7155 peak-call-ms=5.0172 calls=160
[pipeline-stage] action finish mean-ms=0.0101 peak-call-ms=0.0208 calls=160
[pipeline-stage] action host-post mean-ms=0.0542 peak-call-ms=0.0838 calls=160
[pipeline-stage] action synthesis mean-ms=0.0005 peak-call-ms=0.0152 calls=160
[pipeline-stage] action mesh mean-ms=0.0031 peak-call-ms=0.0026 calls=480
[pipeline-stage] action supersample mean-ms=0.0288 peak-call-ms=0.3543 calls=160
[pipeline-stage] action DOF mean-ms=0.0829 peak-call-ms=0.7139 calls=160
[pipeline-stage] action submit mean-ms=0.0096 peak-call-ms=0.0491 calls=640
[pipeline-stage] action callback mean-ms=0.0180 peak-call-ms=0.0553 calls=640
[pipeline-work] ticks=1.00 repre=0.00 draws=4.0 vertices=364 upload-MiB=0.390 depth-MiB=0.000 depth-copy-MiB=0.000 depth-copy-calls=0.00 jobs=0.00 helpers=0.00 fallback=0.00 failed=0.00 (per-present)
[pipeline-traffic] upload-calls=1.91 skipped=1.18 scan-MiB=4.133 upload-MiB=0.390 mirror-realloc=0.03 (per-present)
[pipeline-atlas] reuse=0.00 copy-MiB=0.000 copy-calls=0.00 (per-present; copies are GPU-only)
[pipeline-path] cpu-project=0.00 cpu-stage=0.00 gpu-reuse=0.00 publish=0.00 opt-out=0.00 limit=0.00 rejected=0.00 (events/present, not view fallbacks)
[action-fx] first scene accent geometry submitted: 1 effect(s), 586 vertices / 1548 indices (lighting=1 particles=1)
[pipeline-perf] scene=Action 3D host=0 map=04/04 output=1080x672 frames=170 fps=168.5 cadence-ms=5.933 p95=6.635 max=7.222 refresh=3 vsync=0 cap=0 gpu-ms=unavailable
[pipeline-stage] events/input mean-ms=0.0254 peak-call-ms=0.0419 calls=170
[pipeline-stage] emulation mean-ms=0.9512 peak-call-ms=1.6234 calls=170
[pipeline-stage] PPU + capture mean-ms=3.5361 peak-call-ms=3.9197 calls=170
[pipeline-stage] world map build mean-ms=0.0005 peak-call-ms=0.0010 calls=170
[pipeline-stage] SIM metadata mean-ms=0.0252 peak-call-ms=0.0459 calls=170
[pipeline-stage] town canvas mean-ms=0.0011 peak-call-ms=0.0018 calls=170
[pipeline-stage] frame snapshot mean-ms=0.0488 peak-call-ms=0.0708 calls=170
[pipeline-stage] upload mean-ms=0.8472 peak-call-ms=1.5539 calls=170
[pipeline-stage] presentation mean-ms=0.2215 peak-call-ms=0.7375 calls=170
[pipeline-stage] CRT/resolve mean-ms=0.0009 peak-call-ms=0.0012 calls=340
[pipeline-stage] host UI mean-ms=0.0022 peak-call-ms=0.0038 calls=170
[pipeline-stage] settings UI mean-ms=0.0006 peak-call-ms=0.0012 calls=170
[pipeline-stage] present/wait mean-ms=0.1979 peak-call-ms=1.0636 calls=170
[pipeline-stage] pacing/sleep mean-ms=0.0005 peak-call-ms=0.0011 calls=170
[pipeline-stage] housekeeping mean-ms=0.0017 peak-call-ms=0.0200 calls=170
[pipeline-stage] PPU setup mean-ms=0.0280 peak-call-ms=0.0418 calls=170
[pipeline-stage] PPU scanout mean-ms=3.4670 peak-call-ms=3.8480 calls=170
[pipeline-stage] PPU finish mean-ms=0.0144 peak-call-ms=0.0308 calls=170
[pipeline-stage] action total mean-ms=0.2120 peak-call-ms=0.7257 calls=170
[pipeline-stage] action upload mean-ms=0.7598 peak-call-ms=1.4789 calls=170
[pipeline-stage] action analysis mean-ms=0.0007 peak-call-ms=0.0013 calls=170
[pipeline-stage] action setup mean-ms=0.0278 peak-call-ms=0.0415 calls=170
[pipeline-stage] action scanout mean-ms=3.4664 peak-call-ms=3.8475 calls=170
[pipeline-stage] action finish mean-ms=0.0141 peak-call-ms=0.0306 calls=170
[pipeline-stage] action host-post mean-ms=0.0485 peak-call-ms=0.0793 calls=170
[pipeline-stage] action synthesis mean-ms=0.0004 peak-call-ms=0.0008 calls=170
[pipeline-stage] action mesh mean-ms=0.0030 peak-call-ms=0.0023 calls=516
[pipeline-stage] action supersample mean-ms=0.0268 peak-call-ms=0.1757 calls=173
[pipeline-stage] action DOF mean-ms=0.0735 peak-call-ms=0.1952 calls=170
[pipeline-stage] action submit mean-ms=0.0093 peak-call-ms=0.0230 calls=683
[pipeline-stage] action callback mean-ms=0.0278 peak-call-ms=0.0463 calls=714
[pipeline-work] ticks=1.00 repre=0.00 draws=4.0 vertices=365 upload-MiB=0.377 depth-MiB=0.000 depth-copy-MiB=0.000 depth-copy-calls=0.00 jobs=0.00 helpers=0.00 fallback=0.00 failed=0.00 (per-present)
[pipeline-traffic] upload-calls=1.72 skipped=1.32 scan-MiB=3.897 upload-MiB=0.377 mirror-realloc=0.01 (per-present)
[pipeline-atlas] reuse=0.00 copy-MiB=0.000 copy-calls=0.00 (per-present; copies are GPU-only)
[pipeline-path] cpu-project=0.00 cpu-stage=0.00 gpu-reuse=0.00 publish=0.00 opt-out=0.00 limit=0.00 rejected=0.00 (events/present, not view fallbacks)
[pipeline-perf] scene=Action 3D host=0 map=04/04 output=1080x672 frames=153 fps=151.9 cadence-ms=6.582 p95=7.805 max=9.133 refresh=3 vsync=0 cap=0 gpu-ms=unavailable
[pipeline-stage] events/input mean-ms=0.0273 peak-call-ms=0.0942 calls=153
[pipeline-stage] emulation mean-ms=0.9801 peak-call-ms=1.7163 calls=153
[pipeline-stage] PPU + capture mean-ms=3.6027 peak-call-ms=3.8901 calls=153
[pipeline-stage] world map build mean-ms=0.0006 peak-call-ms=0.0055 calls=153
[pipeline-stage] SIM metadata mean-ms=0.0255 peak-call-ms=0.0447 calls=153
[pipeline-stage] town canvas mean-ms=0.0011 peak-call-ms=0.0021 calls=153
[pipeline-stage] frame snapshot mean-ms=0.0510 peak-call-ms=0.0821 calls=153
[pipeline-stage] upload mean-ms=1.2320 peak-call-ms=3.3630 calls=153
[pipeline-stage] presentation mean-ms=0.3106 peak-call-ms=1.3182 calls=153
[pipeline-stage] CRT/resolve mean-ms=0.0011 peak-call-ms=0.0189 calls=306
[pipeline-stage] host UI mean-ms=0.0022 peak-call-ms=0.0052 calls=153
[pipeline-stage] settings UI mean-ms=0.0006 peak-call-ms=0.0012 calls=153
[pipeline-stage] present/wait mean-ms=0.2648 peak-call-ms=1.1685 calls=153
[pipeline-stage] pacing/sleep mean-ms=0.0005 peak-call-ms=0.0009 calls=153
[pipeline-stage] housekeeping mean-ms=0.0020 peak-call-ms=0.0197 calls=153
[pipeline-stage] PPU setup mean-ms=0.0296 peak-call-ms=0.0953 calls=153
[pipeline-stage] PPU scanout mean-ms=3.5311 peak-call-ms=3.8271 calls=153
[pipeline-stage] PPU finish mean-ms=0.0127 peak-call-ms=0.0480 calls=153
[pipeline-stage] action total mean-ms=0.2998 peak-call-ms=1.3080 calls=153
[pipeline-stage] action upload mean-ms=1.1353 peak-call-ms=3.2589 calls=153
[pipeline-stage] action analysis mean-ms=0.0008 peak-call-ms=0.0017 calls=153
[pipeline-stage] action setup mean-ms=0.0293 peak-call-ms=0.0940 calls=153
[pipeline-stage] action scanout mean-ms=3.5305 peak-call-ms=3.8262 calls=153
[pipeline-stage] action finish mean-ms=0.0124 peak-call-ms=0.0478 calls=153
[pipeline-stage] action host-post mean-ms=0.0498 peak-call-ms=0.0822 calls=153
[pipeline-stage] action synthesis mean-ms=0.0004 peak-call-ms=0.0009 calls=153
[pipeline-stage] action mesh mean-ms=0.0048 peak-call-ms=0.0173 calls=765
[pipeline-stage] action supersample mean-ms=0.0617 peak-call-ms=0.2586 calls=306
[pipeline-stage] action DOF mean-ms=0.0834 peak-call-ms=1.1240 calls=153
[pipeline-stage] action submit mean-ms=0.0116 peak-call-ms=0.0300 calls=765
[pipeline-stage] action callback mean-ms=0.0371 peak-call-ms=0.0689 calls=795
[pipeline-work] ticks=1.00 repre=0.00 draws=5.0 vertices=427 upload-MiB=0.706 depth-MiB=0.000 depth-copy-MiB=0.000 depth-copy-calls=0.00 jobs=0.00 helpers=0.00 fallback=0.00 failed=0.00 (per-present)
[pipeline-traffic] upload-calls=2.95 skipped=1.07 scan-MiB=4.136 upload-MiB=0.706 mirror-realloc=0.00 (per-present)
[pipeline-atlas] reuse=0.00 copy-MiB=0.000 copy-calls=0.00 (per-present; copies are GPU-only)
[pipeline-path] cpu-project=0.00 cpu-stage=0.00 gpu-reuse=0.00 publish=0.00 opt-out=0.00 limit=0.00 rejected=0.00 (events/present, not view fallbacks)
[pipeline-perf] scene=Action 3D host=0 map=04/04 output=1080x672 frames=148 fps=146.5 cadence-ms=6.827 p95=8.006 max=8.600 refresh=3 vsync=0 cap=0 gpu-ms=unavailable
[pipeline-stage] events/input mean-ms=0.0304 peak-call-ms=0.2523 calls=148
[pipeline-stage] emulation mean-ms=1.0283 peak-call-ms=2.0300 calls=148
[pipeline-stage] PPU + capture mean-ms=3.6457 peak-call-ms=4.1810 calls=148
[pipeline-stage] world map build mean-ms=0.0006 peak-call-ms=0.0010 calls=148
[pipeline-stage] SIM metadata mean-ms=0.0277 peak-call-ms=0.2708 calls=148
[pipeline-stage] town canvas mean-ms=0.0011 peak-call-ms=0.0020 calls=148
[pipeline-stage] frame snapshot mean-ms=0.0517 peak-call-ms=0.0797 calls=148
[pipeline-stage] upload mean-ms=1.3303 peak-call-ms=3.0977 calls=148
[pipeline-stage] presentation mean-ms=0.3331 peak-call-ms=1.2787 calls=148
[pipeline-stage] CRT/resolve mean-ms=0.0010 peak-call-ms=0.0013 calls=296
[pipeline-stage] host UI mean-ms=0.0023 peak-call-ms=0.0161 calls=148
[pipeline-stage] settings UI mean-ms=0.0007 peak-call-ms=0.0145 calls=148
[pipeline-stage] present/wait mean-ms=0.2873 peak-call-ms=1.1661 calls=148
[pipeline-stage] pacing/sleep mean-ms=0.0005 peak-call-ms=0.0011 calls=148
[pipeline-stage] housekeeping mean-ms=0.0020 peak-call-ms=0.0272 calls=148
[pipeline-stage] PPU setup mean-ms=0.0303 peak-call-ms=0.1017 calls=148
[pipeline-stage] PPU scanout mean-ms=3.5733 peak-call-ms=4.0910 calls=148
[pipeline-stage] PPU finish mean-ms=0.0124 peak-call-ms=0.0384 calls=148
[pipeline-stage] action total mean-ms=0.3170 peak-call-ms=1.2689 calls=148
[pipeline-stage] action upload mean-ms=1.2386 peak-call-ms=3.0224 calls=148
[pipeline-stage] action analysis mean-ms=0.0008 peak-call-ms=0.0155 calls=148
[pipeline-stage] action setup mean-ms=0.0300 peak-call-ms=0.1012 calls=148
[pipeline-stage] action scanout mean-ms=3.5726 peak-call-ms=4.0904 calls=148
[pipeline-stage] action finish mean-ms=0.0121 peak-call-ms=0.0381 calls=148
[pipeline-stage] action host-post mean-ms=0.0524 peak-call-ms=0.3025 calls=148
[pipeline-stage] action synthesis mean-ms=0.0004 peak-call-ms=0.0008 calls=148
[pipeline-stage] action mesh mean-ms=0.0046 peak-call-ms=0.0024 calls=740
[pipeline-stage] action supersample mean-ms=0.0615 peak-call-ms=0.9803 calls=296
[pipeline-stage] action DOF mean-ms=0.0766 peak-call-ms=0.1914 calls=148
[pipeline-stage] action submit mean-ms=0.0115 peak-call-ms=0.0076 calls=740
[pipeline-stage] action callback mean-ms=0.0656 peak-call-ms=1.0600 calls=740
[pipeline-work] ticks=1.00 repre=0.00 draws=5.0 vertices=427 upload-MiB=0.851 depth-MiB=0.000 depth-copy-MiB=0.000 depth-copy-calls=0.00 jobs=0.00 helpers=0.00 fallback=0.00 failed=0.00 (per-present)
[pipeline-traffic] upload-calls=3.17 skipped=0.85 scan-MiB=4.087 upload-MiB=0.851 mirror-realloc=0.00 (per-present)
[pipeline-atlas] reuse=0.00 copy-MiB=0.000 copy-calls=0.00 (per-present; copies are GPU-only)
[pipeline-path] cpu-project=0.00 cpu-stage=0.00 gpu-reuse=0.00 publish=0.00 opt-out=0.00 limit=0.00 rejected=0.00 (events/present, not view fallbacks)
[pipeline-perf] scene=Action 3D host=0 map=04/04 output=1080x672 frames=149 fps=147.1 cadence-ms=6.797 p95=7.849 max=8.621 refresh=3 vsync=0 cap=0 gpu-ms=unavailable
[pipeline-stage] events/input mean-ms=0.0269 peak-call-ms=0.0550 calls=149
[pipeline-stage] emulation mean-ms=1.0179 peak-call-ms=1.1585 calls=149
[pipeline-stage] PPU + capture mean-ms=3.6853 peak-call-ms=4.0447 calls=149
[pipeline-stage] world map build mean-ms=0.0005 peak-call-ms=0.0009 calls=149
[pipeline-stage] SIM metadata mean-ms=0.0261 peak-call-ms=0.0445 calls=149
[pipeline-stage] town canvas mean-ms=0.0011 peak-call-ms=0.0017 calls=149
[pipeline-stage] frame snapshot mean-ms=0.0524 peak-call-ms=0.0784 calls=149
[pipeline-stage] upload mean-ms=1.3390 peak-call-ms=2.9525 calls=149
[pipeline-stage] presentation mean-ms=0.2747 peak-call-ms=1.4718 calls=149
[pipeline-stage] CRT/resolve mean-ms=0.0010 peak-call-ms=0.0011 calls=298
[pipeline-stage] host UI mean-ms=0.0022 peak-call-ms=0.0029 calls=149
[pipeline-stage] settings UI mean-ms=0.0006 peak-call-ms=0.0011 calls=149
[pipeline-stage] present/wait mean-ms=0.2923 peak-call-ms=1.1563 calls=149
[pipeline-stage] pacing/sleep mean-ms=0.0005 peak-call-ms=0.0009 calls=149
[pipeline-stage] housekeeping mean-ms=0.0019 peak-call-ms=0.0181 calls=149
[pipeline-stage] PPU setup mean-ms=0.0296 peak-call-ms=0.0466 calls=149
[pipeline-stage] PPU scanout mean-ms=3.6130 peak-call-ms=3.9672 calls=149
[pipeline-stage] PPU finish mean-ms=0.0135 peak-call-ms=0.0379 calls=149
[pipeline-stage] action total mean-ms=0.2478 peak-call-ms=1.1038 calls=149
[pipeline-stage] action upload mean-ms=1.2237 peak-call-ms=2.8461 calls=149
[pipeline-stage] action analysis mean-ms=0.0008 peak-call-ms=0.0144 calls=149
[pipeline-stage] action setup mean-ms=0.0293 peak-call-ms=0.0464 calls=149
[pipeline-stage] action scanout mean-ms=3.6123 peak-call-ms=3.9665 calls=149
[pipeline-stage] action finish mean-ms=0.0132 peak-call-ms=0.0377 calls=149
[pipeline-stage] action host-post mean-ms=0.0506 peak-call-ms=0.0805 calls=149
[pipeline-stage] action synthesis mean-ms=0.0004 peak-call-ms=0.0013 calls=149
[pipeline-stage] action mesh mean-ms=0.0046 peak-call-ms=0.0023 calls=745
[pipeline-stage] action supersample mean-ms=0.0436 peak-call-ms=0.0514 calls=298
[pipeline-stage] action DOF mean-ms=0.0750 peak-call-ms=0.1119 calls=149
[pipeline-stage] action submit mean-ms=0.0120 peak-call-ms=0.0227 calls=745
[pipeline-stage] action callback mean-ms=0.0350 peak-call-ms=0.0614 calls=776
[pipeline-work] ticks=1.00 repre=0.00 draws=5.0 vertices=427 upload-MiB=0.887 depth-MiB=0.000 depth-copy-MiB=0.000 depth-copy-calls=0.00 jobs=0.00 helpers=0.00 fallback=0.00 failed=0.00 (per-present)
[pipeline-traffic] upload-calls=3.36 skipped=0.66 scan-MiB=3.928 upload-MiB=0.887 mirror-realloc=0.00 (per-present)
[pipeline-atlas] reuse=0.00 copy-MiB=0.000 copy-calls=0.00 (per-present; copies are GPU-only)
[pipeline-path] cpu-project=0.00 cpu-stage=0.00 gpu-reuse=0.00 publish=0.00 opt-out=0.00 limit=0.00 rejected=0.00 (events/present, not view fallbacks)
[pipeline-perf] scene=Action 3D host=0 map=04/04 output=1080x672 frames=157 fps=155.6 cadence-ms=6.427 p95=7.136 max=7.984 refresh=3 vsync=0 cap=0 gpu-ms=unavailable
[pipeline-stage] events/input mean-ms=0.0260 peak-call-ms=0.0464 calls=157
[pipeline-stage] emulation mean-ms=1.0063 peak-call-ms=1.7148 calls=157
[pipeline-stage] PPU + capture mean-ms=3.7224 peak-call-ms=4.3151 calls=157
[pipeline-stage] world map build mean-ms=0.0005 peak-call-ms=0.0008 calls=157
[pipeline-stage] SIM metadata mean-ms=0.0248 peak-call-ms=0.0384 calls=157
[pipeline-stage] town canvas mean-ms=0.0011 peak-call-ms=0.0016 calls=157
[pipeline-stage] frame snapshot mean-ms=0.0491 peak-call-ms=0.0762 calls=157
[pipeline-stage] upload mean-ms=1.0644 peak-call-ms=1.9142 calls=157
[pipeline-stage] presentation mean-ms=0.2156 peak-call-ms=1.0348 calls=157
[pipeline-stage] CRT/resolve mean-ms=0.0010 peak-call-ms=0.0011 calls=314
[pipeline-stage] host UI mean-ms=0.0022 peak-call-ms=0.0049 calls=157
[pipeline-stage] settings UI mean-ms=0.0006 peak-call-ms=0.0013 calls=157
[pipeline-stage] present/wait mean-ms=0.2374 peak-call-ms=1.1933 calls=157
[pipeline-stage] pacing/sleep mean-ms=0.0006 peak-call-ms=0.0158 calls=157
[pipeline-stage] housekeeping mean-ms=0.0021 peak-call-ms=0.0558 calls=157
[pipeline-stage] PPU setup mean-ms=0.0293 peak-call-ms=0.0649 calls=157
[pipeline-stage] PPU scanout mean-ms=3.6562 peak-call-ms=4.2407 calls=157
[pipeline-stage] PPU finish mean-ms=0.0080 peak-call-ms=0.0303 calls=157
[pipeline-stage] action total mean-ms=0.2048 peak-call-ms=1.0210 calls=157
[pipeline-stage] action upload mean-ms=0.9730 peak-call-ms=1.8392 calls=157
[pipeline-stage] action analysis mean-ms=0.0007 peak-call-ms=0.0015 calls=157
[pipeline-stage] action setup mean-ms=0.0290 peak-call-ms=0.0647 calls=157
[pipeline-stage] action scanout mean-ms=3.6555 peak-call-ms=4.2399 calls=157
[pipeline-stage] action finish mean-ms=0.0077 peak-call-ms=0.0301 calls=157
[pipeline-stage] action host-post mean-ms=0.0482 peak-call-ms=0.0728 calls=157
[pipeline-stage] action synthesis mean-ms=0.0004 peak-call-ms=0.0008 calls=157
[pipeline-stage] action mesh mean-ms=0.0036 peak-call-ms=0.0242 calls=529
[pipeline-stage] action supersample mean-ms=0.0301 peak-call-ms=0.0583 calls=186
[pipeline-stage] action DOF mean-ms=0.0723 peak-call-ms=0.1151 calls=157
[pipeline-stage] action submit mean-ms=0.0105 peak-call-ms=0.0309 calls=657
[pipeline-stage] action callback mean-ms=0.0188 peak-call-ms=0.0470 calls=688
[pipeline-work] ticks=1.00 repre=0.00 draws=4.2 vertices=376 upload-MiB=0.613 depth-MiB=0.000 depth-copy-MiB=0.000 depth-copy-calls=0.00 jobs=0.00 helpers=0.00 fallback=0.00 failed=0.00 (per-present)
[pipeline-traffic] upload-calls=2.31 skipped=0.90 scan-MiB=4.256 upload-MiB=0.613 mirror-realloc=0.00 (per-present)
[pipeline-atlas] reuse=0.00 copy-MiB=0.000 copy-calls=0.00 (per-present; copies are GPU-only)
[pipeline-path] cpu-project=0.00 cpu-stage=0.00 gpu-reuse=0.00 publish=0.00 opt-out=0.00 limit=0.00 rejected=0.00 (events/present, not view fallbacks)
[pipeline-perf] scene=Action 3D host=0 map=04/04 output=1080x672 frames=151 fps=149.9 cadence-ms=6.670 p95=7.318 max=8.030 refresh=3 vsync=0 cap=0 gpu-ms=unavailable
[pipeline-stage] events/input mean-ms=0.0259 peak-call-ms=0.0515 calls=151
[pipeline-stage] emulation mean-ms=0.9945 peak-call-ms=1.7091 calls=151
[pipeline-stage] PPU + capture mean-ms=3.7679 peak-call-ms=4.1947 calls=151
[pipeline-stage] world map build mean-ms=0.0005 peak-call-ms=0.0011 calls=151
[pipeline-stage] SIM metadata mean-ms=0.0255 peak-call-ms=0.0405 calls=151
[pipeline-stage] town canvas mean-ms=0.0011 peak-call-ms=0.0018 calls=151
[pipeline-stage] frame snapshot mean-ms=0.0480 peak-call-ms=0.0704 calls=151
[pipeline-stage] upload mean-ms=1.2241 peak-call-ms=1.8032 calls=151
[pipeline-stage] presentation mean-ms=0.2507 peak-call-ms=0.3439 calls=151
[pipeline-stage] CRT/resolve mean-ms=0.0010 peak-call-ms=0.0012 calls=302
[pipeline-stage] host UI mean-ms=0.0025 peak-call-ms=0.0256 calls=151
[pipeline-stage] settings UI mean-ms=0.0006 peak-call-ms=0.0013 calls=151
[pipeline-stage] present/wait mean-ms=0.2449 peak-call-ms=1.3351 calls=151
[pipeline-stage] pacing/sleep mean-ms=0.0005 peak-call-ms=0.0008 calls=151
[pipeline-stage] housekeeping mean-ms=0.0021 peak-call-ms=0.0187 calls=151
[pipeline-stage] PPU setup mean-ms=0.0298 peak-call-ms=0.0786 calls=151
[pipeline-stage] PPU scanout mean-ms=3.6932 peak-call-ms=4.1247 calls=151
[pipeline-stage] PPU finish mean-ms=0.0094 peak-call-ms=0.0433 calls=151
[pipeline-stage] action total mean-ms=0.2400 peak-call-ms=0.3308 calls=151
[pipeline-stage] action upload mean-ms=1.1364 peak-call-ms=1.6948 calls=151
[pipeline-stage] action analysis mean-ms=0.0007 peak-call-ms=0.0014 calls=151
[pipeline-stage] action setup mean-ms=0.0295 peak-call-ms=0.0774 calls=151
[pipeline-stage] action scanout mean-ms=3.6926 peak-call-ms=4.1241 calls=151
[pipeline-stage] action finish mean-ms=0.0091 peak-call-ms=0.0429 calls=151
[pipeline-stage] action host-post mean-ms=0.0494 peak-call-ms=0.0771 calls=151
[pipeline-stage] action synthesis mean-ms=0.0004 peak-call-ms=0.0012 calls=151
[pipeline-stage] action mesh mean-ms=0.0031 peak-call-ms=0.0126 calls=467
[pipeline-stage] action supersample mean-ms=0.0273 peak-call-ms=0.0483 calls=158
[pipeline-stage] action DOF mean-ms=0.0746 peak-call-ms=0.1280 calls=151
[pipeline-stage] action submit mean-ms=0.0105 peak-call-ms=0.0285 calls=611
[pipeline-stage] action callback mean-ms=0.0509 peak-call-ms=0.0817 calls=611
[pipeline-work] ticks=1.00 repre=0.00 draws=4.0 vertices=367 upload-MiB=0.914 depth-MiB=0.000 depth-copy-MiB=0.000 depth-copy-calls=0.00 jobs=0.00 helpers=0.00 fallback=0.00 failed=0.00 (per-present)
[pipeline-traffic] upload-calls=2.72 skipped=0.34 scan-MiB=4.062 upload-MiB=0.914 mirror-realloc=0.00 (per-present)
[pipeline-atlas] reuse=0.00 copy-MiB=0.000 copy-calls=0.00 (per-present; copies are GPU-only)
[pipeline-path] cpu-project=0.00 cpu-stage=0.00 gpu-reuse=0.00 publish=0.00 opt-out=0.00 limit=0.00 rejected=0.00 (events/present, not view fallbacks)
[pipeline-perf] scene=Action 3D host=0 map=04/04 output=1080x672 frames=141 fps=139.4 cadence-ms=7.173 p95=8.209 max=8.760 refresh=3 vsync=0 cap=0 gpu-ms=unavailable
[pipeline-stage] events/input mean-ms=0.0276 peak-call-ms=0.0752 calls=141
[pipeline-stage] emulation mean-ms=1.0131 peak-call-ms=1.4321 calls=141
[pipeline-stage] PPU + capture mean-ms=3.8994 peak-call-ms=4.5958 calls=141
[pipeline-stage] world map build mean-ms=0.0006 peak-call-ms=0.0009 calls=141
[pipeline-stage] SIM metadata mean-ms=0.0257 peak-call-ms=0.0414 calls=141
[pipeline-stage] town canvas mean-ms=0.0011 peak-call-ms=0.0018 calls=141
[pipeline-stage] frame snapshot mean-ms=0.0492 peak-call-ms=0.0688 calls=141
[pipeline-stage] upload mean-ms=1.4796 peak-call-ms=2.8859 calls=141
[pipeline-stage] presentation mean-ms=0.3152 peak-call-ms=1.4385 calls=141
[pipeline-stage] CRT/resolve mean-ms=0.0010 peak-call-ms=0.0010 calls=282
[pipeline-stage] host UI mean-ms=0.0023 peak-call-ms=0.0275 calls=141
[pipeline-stage] settings UI mean-ms=0.0006 peak-call-ms=0.0011 calls=141
[pipeline-stage] present/wait mean-ms=0.2782 peak-call-ms=1.0446 calls=141
[pipeline-stage] pacing/sleep mean-ms=0.0006 peak-call-ms=0.0012 calls=141
[pipeline-stage] housekeeping mean-ms=0.0025 peak-call-ms=0.0260 calls=141
[pipeline-stage] PPU setup mean-ms=0.0298 peak-call-ms=0.0597 calls=141
[pipeline-stage] PPU scanout mean-ms=3.8231 peak-call-ms=4.5284 calls=141
[pipeline-stage] PPU finish mean-ms=0.0130 peak-call-ms=0.0411 calls=141
[pipeline-stage] action total mean-ms=0.2918 peak-call-ms=1.4287 calls=141
[pipeline-stage] action upload mean-ms=1.3270 peak-call-ms=2.8104 calls=141
[pipeline-stage] action analysis mean-ms=0.0008 peak-call-ms=0.0013 calls=141
[pipeline-stage] action setup mean-ms=0.0295 peak-call-ms=0.0595 calls=141
[pipeline-stage] action scanout mean-ms=3.8224 peak-call-ms=4.5279 calls=141
[pipeline-stage] action finish mean-ms=0.0128 peak-call-ms=0.0408 calls=141
[pipeline-stage] action host-post mean-ms=0.0500 peak-call-ms=0.0823 calls=141
[pipeline-stage] action synthesis mean-ms=0.0004 peak-call-ms=0.0008 calls=141
[pipeline-stage] action mesh mean-ms=0.0048 peak-call-ms=0.0155 calls=705
[pipeline-stage] action supersample mean-ms=0.0570 peak-call-ms=1.0673 calls=282
[pipeline-stage] action DOF mean-ms=0.0850 peak-call-ms=1.1932 calls=141
[pipeline-stage] action submit mean-ms=0.0119 peak-call-ms=0.0243 calls=705
[pipeline-stage] action callback mean-ms=0.0517 peak-call-ms=1.0747 calls=705
[pipeline-work] ticks=1.00 repre=0.00 draws=5.0 vertices=427 upload-MiB=0.866 depth-MiB=0.000 depth-copy-MiB=0.000 depth-copy-calls=0.00 jobs=0.00 helpers=0.00 fallback=0.00 failed=0.00 (per-present)
[pipeline-traffic] upload-calls=3.88 skipped=0.15 scan-MiB=4.663 upload-MiB=0.866 mirror-realloc=0.00 (per-present)
[pipeline-atlas] reuse=0.00 copy-MiB=0.000 copy-calls=0.00 (per-present; copies are GPU-only)
[pipeline-path] cpu-project=0.00 cpu-stage=0.00 gpu-reuse=0.00 publish=0.00 opt-out=0.00 limit=0.00 rejected=0.00 (events/present, not view fallbacks)
[widescreen] gf=2573 $18=04 $19=05 -> WIDE clamp=00 mirror=00 repeat=02 bands=0/811c9dc5 normal=00 hud=40/88/168 left-only-y=28 bg-plan=1 source=world/viewport hle=00
[widescreen] gf=2574 $18=04 $19=05 -> WIDE clamp=00 mirror=00 repeat=02 bands=0/811c9dc5 normal=00 hud=40/88/168 left-only-y=28 bg-plan=1 source=world/viewport hle=01
[present-cadence] tick-presents=3000 re-presents=0 max-represent-alpha=0.000 no-present-no-sleep=0
[dump] wrote runs/20260912-171033/dump_state.txt + wram/sram/dispatch_log (exit)
[action-bg-hle] provider-summary frames=1363 preflight={layers:2604,tiles:2458419,mismatches:0,outside:0} eligible=2604 layers=2604 lookups=37327808 batches=1821120 tiles=36882048 outside=445760 band-cache={builds:0,hits:0}
[action-room-scene] provider-summary layers=2604 live-fallbacks=0
[action-room-load-hle] summary command5=2 command4=4 bytes=14592
[action-room-gfx-hle] summary command7=3 command6=3 bytes=24960
[action-room-video-hle] summary command3=2 bytes=56
[run-dir] all diagnostics from this run: runs/20260912-171033/  (share with: zip -r report.zip runs/20260912-171033)
