[Launcher] Config/saves anchored to '/home/deck/argame/capture-fast-path-20260912.XW1iYR/'.
[run-dir] runs/20260912-171046 (console.log + dumps ringfenced here; AR_NO_RUN_DIR=1 disables)
[runner-trace] recorder=excluded deep_instrumentation=excluded mode=off
Loaded ROM: /home/deck/argame/ar.sfc (1048576 bytes)
[video-geometry] 16:10 square-PAR -> 52 extra columns/side (render width 360)
[display] AR_DISPLAY_MODE=2 -> widescreen FULL (all corrections)
[video] driver: wayland (available: x11 wayland offscreen dummy evdev)
[render] ordered GPU interop enabled (offscreen SDL + one swapchain present)
[display] GPU frames in flight: 2
[hd-manifest] [replace:title-logo] game-assets/hd/title-logo.png (2087x754)
[hd-manifest] [replace:title-swirl] game-assets/hd/title-logo.png (2087x754, mode7)
[hd-manifest] 2 entries, 2 with art
[settings-menu] decoded ActRaiser font: $1000 bytes from ROM offset $0BECFB (2725 compressed bytes consumed)
[settings-menu] decoded native dialog frame: chars ROM $06C000, palette ROM $0E3F73
[diorama-layers] loaded diorama-layers.ini: 24 room(s), 34 plane override(s)
[input] no gamepad connected; keyboard bindings active
[music-manifest] [music:title-theme] game-assets/audio/title.ogg (48000 Hz, 8845689 frames, loop 0..8845689)
[music-manifest] [music:song-00] game-assets/audio/fillmore.ogg (44100 Hz, 7050707 frames, loop 0..7050707)
[music-manifest] [music:song-01] game-assets/audio/sky-palace.ogg (48000 Hz, 6389760 frames, loop 0..6389760)
[music-manifest] [music:song-02] game-assets/audio/bp.ogg (44100 Hz, 5369615 frames, loop 0..5369615)
[music-manifest] [music:song-08] game-assets/audio/advent.ogg (48000 Hz, 735609 frames, loop 0..735609)
[music-manifest] [music:song-09] game-assets/audio/act2.ogg (44100 Hz, 6182827 frames, loop 0..6182827)
[music-manifest] [music:song-10] game-assets/audio/birth-of-the-people.ogg (48000 Hz, 16201213 frames, loop 0..16201213)
[music-manifest] [music:song-11] game-assets/audio/level-up.ogg (48000 Hz, 451396 frames, loop 0..451396)
[music-manifest] 17 entries, 8 with audio
[audio-ext] extended sound channels disabled (authentic 8 voices)
[saves] loaded native-srm backend from /home/deck/argame/capture-fast-path-20260912.XW1iYR/timing-aitos/seed.srm
[input-replay] 5009 legacy records, max gf=21845 last gf=4676 from /home/deck/argame/capture-fast-path-20260912.XW1iYR/saves/aitos-r4-natural.rec
[audio] requested 32040 Hz is below SDL's 44100 device minimum; using 44100 (the setting cannot lower it)
[audio] stream input 44100 Hz, device 44100 Hz 512-frame buffer (requested 512 frames)
[widescreen] gf=0 $18=00 $19=00 -> pillarbox clamp=00 mirror=00 repeat=00 bands=0/811c9dc5 normal=00 hud=0/0/0 left-only-y=0 bg-plan=0 source=none/none hle=00
[music] src=1A:94B8 song=01 -> [music:title-theme] game-assets/audio/title.ogg
[pipeline-perf] scene=Native/menu host=0 map=00/00 output=1080x672 frames=318 fps=317.0 cadence-ms=3.155 p95=5.870 max=7.367 refresh=3 vsync=0 cap=0 gpu-ms=unavailable
[pipeline-stage] events/input mean-ms=0.0143 peak-call-ms=0.0716 calls=318
[pipeline-stage] emulation mean-ms=0.9300 peak-call-ms=3.2542 calls=318
[pipeline-stage] PPU + capture mean-ms=1.2593 peak-call-ms=3.1932 calls=318
[pipeline-stage] world map build mean-ms=0.0003 peak-call-ms=0.0009 calls=318
[pipeline-stage] SIM metadata mean-ms=0.0130 peak-call-ms=0.0828 calls=318
[pipeline-stage] town canvas mean-ms=0.0005 peak-call-ms=0.0057 calls=318
[pipeline-stage] frame snapshot mean-ms=0.0193 peak-call-ms=0.1347 calls=318
[pipeline-stage] upload mean-ms=0.7043 peak-call-ms=3.2229 calls=318
[pipeline-stage] presentation mean-ms=0.0118 peak-call-ms=0.0594 calls=318
[pipeline-stage] CRT/resolve mean-ms=0.0005 peak-call-ms=0.0083 calls=636
[pipeline-stage] host UI mean-ms=0.0013 peak-call-ms=0.0137 calls=318
[pipeline-stage] settings UI mean-ms=0.0004 peak-call-ms=0.0067 calls=318
[pipeline-stage] present/wait mean-ms=0.1650 peak-call-ms=0.9852 calls=318
[pipeline-stage] pacing/sleep mean-ms=0.0002 peak-call-ms=0.0008 calls=318
[pipeline-stage] housekeeping mean-ms=0.0010 peak-call-ms=0.0027 calls=318
[pipeline-stage] PPU setup mean-ms=0.0027 peak-call-ms=0.0353 calls=318
[pipeline-stage] PPU scanout mean-ms=1.2463 peak-call-ms=3.1791 calls=318
[pipeline-stage] PPU finish mean-ms=0.0006 peak-call-ms=0.0053 calls=318
[pipeline-work] ticks=1.00 repre=0.00 draws=0.0 vertices=0 upload-MiB=4.122 depth-MiB=0.000 depth-copy-MiB=0.000 depth-copy-calls=0.00 jobs=0.00 helpers=0.00 fallback=0.00 failed=0.00 (per-present)
[pipeline-traffic] upload-calls=0.64 skipped=0.00 scan-MiB=0.630 upload-MiB=4.122 mirror-realloc=0.00 (per-present)
[pipeline-atlas] reuse=0.00 copy-MiB=0.000 copy-calls=0.00 (per-present; copies are GPU-only)
[pipeline-path] cpu-project=0.00 cpu-stage=0.00 gpu-reuse=0.00 publish=0.00 opt-out=0.00 limit=0.00 rejected=0.00 (events/present, not view fallbacks)
[music] stop [music:title-theme] (driver halt $F0)
[widescreen] gf=373 $18=00 $19=07 -> WIDE clamp=00 mirror=00 repeat=00 bands=0/811c9dc5 normal=00 hud=32/168/168 left-only-y=32 bg-plan=0 source=none/none hle=00
[music] src=1C:A988 song=01 -> [music:song-01] game-assets/audio/sky-palace.ogg
[widescreen] gf=431 $18=00 $19=09 -> WIDE clamp=00 mirror=00 repeat=00 bands=0/811c9dc5 normal=00 hud=0/0/0 left-only-y=0 bg-plan=0 source=none/none hle=00
[sim-worldmap] HLE built from sim state at gf=431 after world-navigation entry (841 tiles changed)
[widescreen] gf=690 $18=00 $19=07 -> WIDE clamp=00 mirror=00 repeat=00 bands=0/811c9dc5 normal=00 hud=32/168/168 left-only-y=32 bg-plan=0 source=none/none hle=00
[music] stop [music:song-01] (driver halt $F0)
[widescreen] gf=898 $18=00 $19=09 -> WIDE clamp=00 mirror=00 repeat=00 bands=0/811c9dc5 normal=00 hud=0/0/0 left-only-y=0 bg-plan=0 source=none/none hle=00
[sim-worldmap] HLE built from sim state at gf=898 after world-navigation entry (0 tiles changed)
[music] src=1C:A7CC song=01 -> [music:song-08] game-assets/audio/advent.ogg
[pipeline-perf] scene=Native/menu host=0 map=00/09 output=1080x672 frames=433 fps=431.5 cadence-ms=2.318 p95=2.605 max=3.237 refresh=3 vsync=0 cap=0 gpu-ms=unavailable
[pipeline-stage] events/input mean-ms=0.0397 peak-call-ms=0.1231 calls=433
[pipeline-stage] emulation mean-ms=1.0630 peak-call-ms=2.8048 calls=433
[pipeline-stage] PPU + capture mean-ms=0.6159 peak-call-ms=0.8534 calls=433
[pipeline-stage] world map build mean-ms=0.0018 peak-call-ms=0.0371 calls=433
[pipeline-stage] SIM metadata mean-ms=0.0358 peak-call-ms=0.0611 calls=433
[pipeline-stage] town canvas mean-ms=0.0006 peak-call-ms=0.0016 calls=433
[pipeline-stage] frame snapshot mean-ms=0.0249 peak-call-ms=0.0471 calls=433
[pipeline-stage] upload mean-ms=0.2687 peak-call-ms=0.4864 calls=433
[pipeline-stage] presentation mean-ms=0.0155 peak-call-ms=0.0308 calls=433
[pipeline-stage] CRT/resolve mean-ms=0.0008 peak-call-ms=0.0014 calls=866
[pipeline-stage] host UI mean-ms=0.0018 peak-call-ms=0.0116 calls=433
[pipeline-stage] settings UI mean-ms=0.0005 peak-call-ms=0.0012 calls=433
[pipeline-stage] present/wait mean-ms=0.1907 peak-call-ms=0.8921 calls=433
[pipeline-stage] pacing/sleep mean-ms=0.0002 peak-call-ms=0.0008 calls=433
[pipeline-stage] housekeeping mean-ms=0.0032 peak-call-ms=0.1628 calls=433
[pipeline-stage] PPU setup mean-ms=0.0043 peak-call-ms=0.0376 calls=433
[pipeline-stage] PPU scanout mean-ms=0.5982 peak-call-ms=0.8375 calls=433
[pipeline-stage] PPU finish mean-ms=0.0009 peak-call-ms=0.0017 calls=433
[pipeline-work] ticks=1.00 repre=0.00 draws=0.0 vertices=0 upload-MiB=0.499 depth-MiB=0.000 depth-copy-MiB=0.000 depth-copy-calls=0.00 jobs=0.00 helpers=0.00 fallback=0.00 failed=0.00 (per-present)
[pipeline-traffic] upload-calls=0.90 skipped=0.00 scan-MiB=0.450 upload-MiB=0.499 mirror-realloc=0.00 (per-present)
[pipeline-atlas] reuse=0.00 copy-MiB=0.000 copy-calls=0.00 (per-present; copies are GPU-only)
[pipeline-path] cpu-project=0.00 cpu-stage=0.00 gpu-reuse=0.00 publish=0.00 opt-out=0.00 limit=0.00 rejected=0.00 (events/present, not view fallbacks)
[music] stop [music:song-08] (driver halt $F0)
[action-bg-hle] full world-layer provider enabled
[action-bg-hle] fallback=forced-blank map=04/04 BG1
[widescreen] gf=1323 $18=04 $19=04 -> WIDE clamp=00 mirror=00 repeat=00 bands=0/811c9dc5 normal=00 hud=40/88/168 left-only-y=28 bg-plan=1 source=world/world hle=00
[action-fx] first scene accents captured: actors=0/0 decorations=1/1 (lighting=1 particles=1)
[act-enter] $18=04 $19=04 at game-frame 1323
[music] src=1B:8554 song=01 authentic — drop game-assets/audio/song-05.ogg to replace ([music:song-05])
[action-room-scene] ROM-derived world source enabled
[widescreen] gf=1324 $18=04 $19=04 -> WIDE clamp=00 mirror=00 repeat=00 bands=0/811c9dc5 normal=00 hud=40/88/168 left-only-y=28 bg-plan=1 source=world/world hle=03
[video-geometry] 16:10 square-PAR -> 120 extra columns/side (render width 496)
[diorama] ON via AR_DIORAMA_AT at gf=1330
[gpu-fx] DOF shader ready
[gpu-fx] rim light shader ready
[action-fx] first BG1-high lava geometry submitted (Diorama, depth-ordered)
[pipeline-perf] scene=Action 3D host=0 map=04/04 output=1080x672 frames=150 fps=148.2 cadence-ms=6.749 p95=7.745 max=7.992 refresh=3 vsync=0 cap=0 gpu-ms=unavailable
[pipeline-stage] events/input mean-ms=0.0274 peak-call-ms=0.0708 calls=150
[pipeline-stage] emulation mean-ms=0.9452 peak-call-ms=1.0720 calls=150
[pipeline-stage] PPU + capture mean-ms=4.2240 peak-call-ms=6.0683 calls=150
[pipeline-stage] world map build mean-ms=0.0009 peak-call-ms=0.0493 calls=150
[pipeline-stage] SIM metadata mean-ms=0.0285 peak-call-ms=0.0437 calls=150
[pipeline-stage] town canvas mean-ms=0.0013 peak-call-ms=0.0076 calls=150
[pipeline-stage] frame snapshot mean-ms=0.0544 peak-call-ms=0.0765 calls=150
[pipeline-stage] upload mean-ms=0.9748 peak-call-ms=2.5886 calls=150
[pipeline-stage] presentation mean-ms=0.2171 peak-call-ms=1.2283 calls=150
[pipeline-stage] CRT/resolve mean-ms=0.0011 peak-call-ms=0.0011 calls=300
[pipeline-stage] host UI mean-ms=0.0023 peak-call-ms=0.0041 calls=150
[pipeline-stage] settings UI mean-ms=0.0008 peak-call-ms=0.0016 calls=150
[pipeline-stage] present/wait mean-ms=0.2201 peak-call-ms=1.0671 calls=150
[pipeline-stage] pacing/sleep mean-ms=0.0005 peak-call-ms=0.0011 calls=150
[pipeline-stage] housekeeping mean-ms=0.0060 peak-call-ms=0.6255 calls=150
[pipeline-stage] PPU setup mean-ms=0.0335 peak-call-ms=0.7118 calls=150
[pipeline-stage] PPU scanout mean-ms=4.1490 peak-call-ms=5.3139 calls=150
[pipeline-stage] PPU finish mean-ms=0.0119 peak-call-ms=0.0446 calls=150
[pipeline-stage] action total mean-ms=0.2069 peak-call-ms=1.2146 calls=150
[pipeline-stage] action upload mean-ms=0.8696 peak-call-ms=1.9311 calls=150
[pipeline-stage] action analysis mean-ms=0.0008 peak-call-ms=0.0023 calls=150
[pipeline-stage] action setup mean-ms=0.0332 peak-call-ms=0.7101 calls=150
[pipeline-stage] action scanout mean-ms=4.1482 peak-call-ms=5.3131 calls=150
[pipeline-stage] action finish mean-ms=0.0116 peak-call-ms=0.0442 calls=150
[pipeline-stage] action host-post mean-ms=0.0560 peak-call-ms=0.1252 calls=150
[pipeline-stage] action synthesis mean-ms=0.0006 peak-call-ms=0.0013 calls=150
[pipeline-stage] action mesh mean-ms=0.0032 peak-call-ms=0.0033 calls=450
[pipeline-stage] action supersample mean-ms=0.0298 peak-call-ms=0.3369 calls=150
[pipeline-stage] action DOF mean-ms=0.0819 peak-call-ms=0.7432 calls=150
[pipeline-stage] action submit mean-ms=0.0090 peak-call-ms=0.0494 calls=600
[pipeline-stage] action callback mean-ms=0.0156 peak-call-ms=0.0413 calls=600
[pipeline-work] ticks=1.00 repre=0.00 draws=4.0 vertices=364 upload-MiB=0.416 depth-MiB=0.000 depth-copy-MiB=0.000 depth-copy-calls=0.00 jobs=0.00 helpers=0.00 fallback=0.00 failed=0.00 (per-present)
[pipeline-traffic] upload-calls=1.99 skipped=1.10 scan-MiB=4.144 upload-MiB=0.416 mirror-realloc=0.03 (per-present)
[pipeline-atlas] reuse=0.00 copy-MiB=0.000 copy-calls=0.00 (per-present; copies are GPU-only)
[pipeline-path] cpu-project=0.00 cpu-stage=0.00 gpu-reuse=0.00 publish=0.00 opt-out=0.00 limit=0.00 rejected=0.00 (events/present, not view fallbacks)
[action-fx] first scene accent geometry submitted: 1 effect(s), 586 vertices / 1548 indices (lighting=1 particles=1)
[pipeline-perf] scene=Action 3D host=0 map=04/04 output=1080x672 frames=159 fps=157.7 cadence-ms=6.341 p95=7.357 max=7.913 refresh=3 vsync=0 cap=0 gpu-ms=unavailable
[pipeline-stage] events/input mean-ms=0.0295 peak-call-ms=0.6394 calls=159
[pipeline-stage] emulation mean-ms=0.9572 peak-call-ms=1.2541 calls=159
[pipeline-stage] PPU + capture mean-ms=3.9299 peak-call-ms=4.7181 calls=159
[pipeline-stage] world map build mean-ms=0.0005 peak-call-ms=0.0011 calls=159
[pipeline-stage] SIM metadata mean-ms=0.0261 peak-call-ms=0.0514 calls=159
[pipeline-stage] town canvas mean-ms=0.0011 peak-call-ms=0.0016 calls=159
[pipeline-stage] frame snapshot mean-ms=0.0512 peak-call-ms=0.0965 calls=159
[pipeline-stage] upload mean-ms=0.8170 peak-call-ms=1.6043 calls=159
[pipeline-stage] presentation mean-ms=0.2230 peak-call-ms=0.4815 calls=159
[pipeline-stage] CRT/resolve mean-ms=0.0010 peak-call-ms=0.0011 calls=318
[pipeline-stage] host UI mean-ms=0.0022 peak-call-ms=0.0029 calls=159
[pipeline-stage] settings UI mean-ms=0.0007 peak-call-ms=0.0013 calls=159
[pipeline-stage] present/wait mean-ms=0.2214 peak-call-ms=1.3532 calls=159
[pipeline-stage] pacing/sleep mean-ms=0.0005 peak-call-ms=0.0011 calls=159
[pipeline-stage] housekeeping mean-ms=0.0019 peak-call-ms=0.0259 calls=159
[pipeline-stage] PPU setup mean-ms=0.0285 peak-call-ms=0.0477 calls=159
[pipeline-stage] PPU scanout mean-ms=3.8563 peak-call-ms=4.6414 calls=159
[pipeline-stage] PPU finish mean-ms=0.0169 peak-call-ms=0.0297 calls=159
[pipeline-stage] action total mean-ms=0.2135 peak-call-ms=0.4726 calls=159
[pipeline-stage] action upload mean-ms=0.7266 peak-call-ms=1.4661 calls=159
[pipeline-stage] action analysis mean-ms=0.0008 peak-call-ms=0.0117 calls=159
[pipeline-stage] action setup mean-ms=0.0282 peak-call-ms=0.0475 calls=159
[pipeline-stage] action scanout mean-ms=3.8556 peak-call-ms=4.6407 calls=159
[pipeline-stage] action finish mean-ms=0.0167 peak-call-ms=0.0295 calls=159
[pipeline-stage] action host-post mean-ms=0.0506 peak-call-ms=0.0859 calls=159
[pipeline-stage] action synthesis mean-ms=0.0007 peak-call-ms=0.0192 calls=159
[pipeline-stage] action mesh mean-ms=0.0032 peak-call-ms=0.0145 calls=477
[pipeline-stage] action supersample mean-ms=0.0278 peak-call-ms=0.1093 calls=159
[pipeline-stage] action DOF mean-ms=0.0748 peak-call-ms=0.1273 calls=159
[pipeline-stage] action submit mean-ms=0.0093 peak-call-ms=0.0230 calls=636
[pipeline-stage] action callback mean-ms=0.0295 peak-call-ms=0.0558 calls=667
[pipeline-work] ticks=1.00 repre=0.00 draws=4.0 vertices=364 upload-MiB=0.287 depth-MiB=0.000 depth-copy-MiB=0.000 depth-copy-calls=0.00 jobs=0.00 helpers=0.00 fallback=0.00 failed=0.00 (per-present)
[pipeline-traffic] upload-calls=1.50 skipped=1.52 scan-MiB=3.941 upload-MiB=0.287 mirror-realloc=0.00 (per-present)
[pipeline-atlas] reuse=0.00 copy-MiB=0.000 copy-calls=0.00 (per-present; copies are GPU-only)
[pipeline-path] cpu-project=0.00 cpu-stage=0.00 gpu-reuse=0.00 publish=0.00 opt-out=0.00 limit=0.00 rejected=0.00 (events/present, not view fallbacks)
[pipeline-perf] scene=Action 3D host=0 map=04/04 output=1080x672 frames=146 fps=144.3 cadence-ms=6.930 p95=8.069 max=8.486 refresh=3 vsync=0 cap=0 gpu-ms=unavailable
[pipeline-stage] events/input mean-ms=0.0272 peak-call-ms=0.0936 calls=146
[pipeline-stage] emulation mean-ms=0.9733 peak-call-ms=1.1426 calls=146
[pipeline-stage] PPU + capture mean-ms=4.0034 peak-call-ms=4.3046 calls=146
[pipeline-stage] world map build mean-ms=0.0005 peak-call-ms=0.0010 calls=146
[pipeline-stage] SIM metadata mean-ms=0.0265 peak-call-ms=0.0455 calls=146
[pipeline-stage] town canvas mean-ms=0.0011 peak-call-ms=0.0017 calls=146
[pipeline-stage] frame snapshot mean-ms=0.0527 peak-call-ms=0.0722 calls=146
[pipeline-stage] upload mean-ms=1.2114 peak-call-ms=2.8014 calls=146
[pipeline-stage] presentation mean-ms=0.2718 peak-call-ms=1.2653 calls=146
[pipeline-stage] CRT/resolve mean-ms=0.0010 peak-call-ms=0.0016 calls=292
[pipeline-stage] host UI mean-ms=0.0023 peak-call-ms=0.0031 calls=146
[pipeline-stage] settings UI mean-ms=0.0008 peak-call-ms=0.0013 calls=146
[pipeline-stage] present/wait mean-ms=0.2686 peak-call-ms=0.9875 calls=146
[pipeline-stage] pacing/sleep mean-ms=0.0005 peak-call-ms=0.0009 calls=146
[pipeline-stage] housekeeping mean-ms=0.0023 peak-call-ms=0.0397 calls=146
[pipeline-stage] PPU setup mean-ms=0.0296 peak-call-ms=0.0975 calls=146
[pipeline-stage] PPU scanout mean-ms=3.9273 peak-call-ms=4.1903 calls=146
[pipeline-stage] PPU finish mean-ms=0.0148 peak-call-ms=0.0425 calls=146
[pipeline-stage] action total mean-ms=0.2613 peak-call-ms=1.2556 calls=146
[pipeline-stage] action upload mean-ms=1.1047 peak-call-ms=2.6780 calls=146
[pipeline-stage] action analysis mean-ms=0.0007 peak-call-ms=0.0014 calls=146
[pipeline-stage] action setup mean-ms=0.0294 peak-call-ms=0.0971 calls=146
[pipeline-stage] action scanout mean-ms=3.9266 peak-call-ms=4.1893 calls=146
[pipeline-stage] action finish mean-ms=0.0145 peak-call-ms=0.0422 calls=146
[pipeline-stage] action host-post mean-ms=0.0514 peak-call-ms=0.0761 calls=146
[pipeline-stage] action synthesis mean-ms=0.0006 peak-call-ms=0.0013 calls=146
[pipeline-stage] action mesh mean-ms=0.0048 peak-call-ms=0.0146 calls=694
[pipeline-stage] action supersample mean-ms=0.0492 peak-call-ms=0.1827 calls=274
[pipeline-stage] action DOF mean-ms=0.0828 peak-call-ms=1.0928 calls=146
[pipeline-stage] action submit mean-ms=0.0110 peak-call-ms=0.0258 calls=712
[pipeline-stage] action callback mean-ms=0.0359 peak-call-ms=0.7503 calls=742
[pipeline-work] ticks=1.00 repre=0.00 draws=4.9 vertices=419 upload-MiB=0.692 depth-MiB=0.000 depth-copy-MiB=0.000 depth-copy-calls=0.00 jobs=0.00 helpers=0.00 fallback=0.00 failed=0.00 (per-present)
[pipeline-traffic] upload-calls=2.81 skipped=1.10 scan-MiB=4.118 upload-MiB=0.692 mirror-realloc=0.01 (per-present)
[pipeline-atlas] reuse=0.00 copy-MiB=0.000 copy-calls=0.00 (per-present; copies are GPU-only)
[pipeline-path] cpu-project=0.00 cpu-stage=0.00 gpu-reuse=0.00 publish=0.00 opt-out=0.00 limit=0.00 rejected=0.00 (events/present, not view fallbacks)
[pipeline-perf] scene=Action 3D host=0 map=04/04 output=1080x672 frames=146 fps=144.9 cadence-ms=6.901 p95=7.472 max=8.139 refresh=3 vsync=0 cap=0 gpu-ms=unavailable
[pipeline-stage] events/input mean-ms=0.0260 peak-call-ms=0.0534 calls=146
[pipeline-stage] emulation mean-ms=0.9694 peak-call-ms=1.0860 calls=146
[pipeline-stage] PPU + capture mean-ms=3.9666 peak-call-ms=4.3259 calls=146
[pipeline-stage] world map build mean-ms=0.0005 peak-call-ms=0.0009 calls=146
[pipeline-stage] SIM metadata mean-ms=0.0259 peak-call-ms=0.0384 calls=146
[pipeline-stage] town canvas mean-ms=0.0012 peak-call-ms=0.0019 calls=146
[pipeline-stage] frame snapshot mean-ms=0.0532 peak-call-ms=0.0836 calls=146
[pipeline-stage] upload mean-ms=1.2443 peak-call-ms=1.7719 calls=146
[pipeline-stage] presentation mean-ms=0.2735 peak-call-ms=0.7074 calls=146
[pipeline-stage] CRT/resolve mean-ms=0.0010 peak-call-ms=0.0013 calls=292
[pipeline-stage] host UI mean-ms=0.0022 peak-call-ms=0.0035 calls=146
[pipeline-stage] settings UI mean-ms=0.0007 peak-call-ms=0.0011 calls=146
[pipeline-stage] present/wait mean-ms=0.2570 peak-call-ms=0.9493 calls=146
[pipeline-stage] pacing/sleep mean-ms=0.0005 peak-call-ms=0.0010 calls=146
[pipeline-stage] housekeeping mean-ms=0.0024 peak-call-ms=0.0246 calls=146
[pipeline-stage] PPU setup mean-ms=0.0291 peak-call-ms=0.0444 calls=146
[pipeline-stage] PPU scanout mean-ms=3.8950 peak-call-ms=4.2559 calls=146
[pipeline-stage] PPU finish mean-ms=0.0133 peak-call-ms=0.0452 calls=146
[pipeline-stage] action total mean-ms=0.2636 peak-call-ms=0.6953 calls=146
[pipeline-stage] action upload mean-ms=1.1553 peak-call-ms=1.6428 calls=146
[pipeline-stage] action analysis mean-ms=0.0007 peak-call-ms=0.0015 calls=146
[pipeline-stage] action setup mean-ms=0.0288 peak-call-ms=0.0439 calls=146
[pipeline-stage] action scanout mean-ms=3.8944 peak-call-ms=4.2553 calls=146
[pipeline-stage] action finish mean-ms=0.0130 peak-call-ms=0.0449 calls=146
[pipeline-stage] action host-post mean-ms=0.0507 peak-call-ms=0.0806 calls=146
[pipeline-stage] action synthesis mean-ms=0.0006 peak-call-ms=0.0012 calls=146
[pipeline-stage] action mesh mean-ms=0.0051 peak-call-ms=0.0387 calls=730
[pipeline-stage] action supersample mean-ms=0.0519 peak-call-ms=0.1750 calls=292
[pipeline-stage] action DOF mean-ms=0.0747 peak-call-ms=0.1812 calls=146
[pipeline-stage] action submit mean-ms=0.0107 peak-call-ms=0.0186 calls=730
[pipeline-stage] action callback mean-ms=0.0406 peak-call-ms=0.0709 calls=730
[pipeline-work] ticks=1.00 repre=0.00 draws=5.0 vertices=427 upload-MiB=0.887 depth-MiB=0.000 depth-copy-MiB=0.000 depth-copy-calls=0.00 jobs=0.00 helpers=0.00 fallback=0.00 failed=0.00 (per-present)
[pipeline-traffic] upload-calls=3.32 skipped=0.69 scan-MiB=4.022 upload-MiB=0.887 mirror-realloc=0.00 (per-present)
[pipeline-atlas] reuse=0.00 copy-MiB=0.000 copy-calls=0.00 (per-present; copies are GPU-only)
[pipeline-path] cpu-project=0.00 cpu-stage=0.00 gpu-reuse=0.00 publish=0.00 opt-out=0.00 limit=0.00 rejected=0.00 (events/present, not view fallbacks)
[pipeline-perf] scene=Action 3D host=0 map=04/04 output=1080x672 frames=147 fps=145.3 cadence-ms=6.881 p95=7.237 max=8.237 refresh=3 vsync=0 cap=0 gpu-ms=unavailable
[pipeline-stage] events/input mean-ms=0.0244 peak-call-ms=0.0496 calls=147
[pipeline-stage] emulation mean-ms=0.9952 peak-call-ms=1.1934 calls=147
[pipeline-stage] PPU + capture mean-ms=4.1138 peak-call-ms=4.3231 calls=147
[pipeline-stage] world map build mean-ms=0.0005 peak-call-ms=0.0009 calls=147
[pipeline-stage] SIM metadata mean-ms=0.0249 peak-call-ms=0.0473 calls=147
[pipeline-stage] town canvas mean-ms=0.0011 peak-call-ms=0.0018 calls=147
[pipeline-stage] frame snapshot mean-ms=0.0495 peak-call-ms=0.0645 calls=147
[pipeline-stage] upload mean-ms=1.1331 peak-call-ms=2.2932 calls=147
[pipeline-stage] presentation mean-ms=0.2352 peak-call-ms=0.3061 calls=147
[pipeline-stage] CRT/resolve mean-ms=0.0009 peak-call-ms=0.0011 calls=294
[pipeline-stage] host UI mean-ms=0.0022 peak-call-ms=0.0033 calls=147
[pipeline-stage] settings UI mean-ms=0.0007 peak-call-ms=0.0014 calls=147
[pipeline-stage] present/wait mean-ms=0.2246 peak-call-ms=0.2962 calls=147
[pipeline-stage] pacing/sleep mean-ms=0.0005 peak-call-ms=0.0008 calls=147
[pipeline-stage] housekeeping mean-ms=0.0021 peak-call-ms=0.0181 calls=147
[pipeline-stage] PPU setup mean-ms=0.0295 peak-call-ms=0.0658 calls=147
[pipeline-stage] PPU scanout mean-ms=4.0421 peak-call-ms=4.2474 calls=147
[pipeline-stage] PPU finish mean-ms=0.0128 peak-call-ms=0.0340 calls=147
[pipeline-stage] action total mean-ms=0.2253 peak-call-ms=0.2951 calls=147
[pipeline-stage] action upload mean-ms=1.0481 peak-call-ms=2.1794 calls=147
[pipeline-stage] action analysis mean-ms=0.0007 peak-call-ms=0.0014 calls=147
[pipeline-stage] action setup mean-ms=0.0292 peak-call-ms=0.0655 calls=147
[pipeline-stage] action scanout mean-ms=4.0414 peak-call-ms=4.2466 calls=147
[pipeline-stage] action finish mean-ms=0.0125 peak-call-ms=0.0337 calls=147
[pipeline-stage] action host-post mean-ms=0.0481 peak-call-ms=0.0760 calls=147
[pipeline-stage] action synthesis mean-ms=0.0006 peak-call-ms=0.0012 calls=147
[pipeline-stage] action mesh mean-ms=0.0049 peak-call-ms=0.0268 calls=735
[pipeline-stage] action supersample mean-ms=0.0416 peak-call-ms=0.0536 calls=294
[pipeline-stage] action DOF mean-ms=0.0685 peak-call-ms=0.1116 calls=147
[pipeline-stage] action submit mean-ms=0.0109 peak-call-ms=0.0191 calls=735
[pipeline-stage] action callback mean-ms=0.0332 peak-call-ms=0.0648 calls=766
[pipeline-work] ticks=1.00 repre=0.00 draws=5.0 vertices=427 upload-MiB=0.834 depth-MiB=0.000 depth-copy-MiB=0.000 depth-copy-calls=0.00 jobs=0.00 helpers=0.00 fallback=0.00 failed=0.00 (per-present)
[pipeline-traffic] upload-calls=3.12 skipped=0.90 scan-MiB=3.876 upload-MiB=0.834 mirror-realloc=0.00 (per-present)
[pipeline-atlas] reuse=0.00 copy-MiB=0.000 copy-calls=0.00 (per-present; copies are GPU-only)
[pipeline-path] cpu-project=0.00 cpu-stage=0.00 gpu-reuse=0.00 publish=0.00 opt-out=0.00 limit=0.00 rejected=0.00 (events/present, not view fallbacks)
[pipeline-perf] scene=Action 3D host=0 map=04/04 output=1080x672 frames=149 fps=147.6 cadence-ms=6.777 p95=7.385 max=7.712 refresh=3 vsync=0 cap=0 gpu-ms=unavailable
[pipeline-stage] events/input mean-ms=0.0252 peak-call-ms=0.0444 calls=149
[pipeline-stage] emulation mean-ms=0.9767 peak-call-ms=1.1423 calls=149
[pipeline-stage] PPU + capture mean-ms=4.1163 peak-call-ms=4.7484 calls=149
[pipeline-stage] world map build mean-ms=0.0006 peak-call-ms=0.0009 calls=149
[pipeline-stage] SIM metadata mean-ms=0.0259 peak-call-ms=0.0411 calls=149
[pipeline-stage] town canvas mean-ms=0.0012 peak-call-ms=0.0022 calls=149
[pipeline-stage] frame snapshot mean-ms=0.0508 peak-call-ms=0.0716 calls=149
[pipeline-stage] upload mean-ms=1.0654 peak-call-ms=1.9573 calls=149
[pipeline-stage] presentation mean-ms=0.2118 peak-call-ms=0.3127 calls=149
[pipeline-stage] CRT/resolve mean-ms=0.0012 peak-call-ms=0.0326 calls=298
[pipeline-stage] host UI mean-ms=0.0022 peak-call-ms=0.0032 calls=149
[pipeline-stage] settings UI mean-ms=0.0008 peak-call-ms=0.0013 calls=149
[pipeline-stage] present/wait mean-ms=0.2203 peak-call-ms=0.3117 calls=149
[pipeline-stage] pacing/sleep mean-ms=0.0005 peak-call-ms=0.0008 calls=149
[pipeline-stage] housekeeping mean-ms=0.0021 peak-call-ms=0.0198 calls=149
[pipeline-stage] PPU setup mean-ms=0.0292 peak-call-ms=0.0654 calls=149
[pipeline-stage] PPU scanout mean-ms=4.0472 peak-call-ms=4.6900 calls=149
[pipeline-stage] PPU finish mean-ms=0.0103 peak-call-ms=0.0310 calls=149
[pipeline-stage] action total mean-ms=0.2017 peak-call-ms=0.2996 calls=149
[pipeline-stage] action upload mean-ms=0.9746 peak-call-ms=1.8425 calls=149
[pipeline-stage] action analysis mean-ms=0.0009 peak-call-ms=0.0230 calls=149
[pipeline-stage] action setup mean-ms=0.0290 peak-call-ms=0.0652 calls=149
[pipeline-stage] action scanout mean-ms=4.0465 peak-call-ms=4.6892 calls=149
[pipeline-stage] action finish mean-ms=0.0101 peak-call-ms=0.0306 calls=149
[pipeline-stage] action host-post mean-ms=0.0506 peak-call-ms=0.0853 calls=149
[pipeline-stage] action synthesis mean-ms=0.0007 peak-call-ms=0.0188 calls=149
[pipeline-stage] action mesh mean-ms=0.0040 peak-call-ms=0.0205 calls=569
[pipeline-stage] action supersample mean-ms=0.0342 peak-call-ms=0.0631 calls=210
[pipeline-stage] action DOF mean-ms=0.0706 peak-call-ms=0.1227 calls=149
[pipeline-stage] action submit mean-ms=0.0103 peak-call-ms=0.0187 calls=657
[pipeline-stage] action callback mean-ms=0.0195 peak-call-ms=0.0479 calls=688
[pipeline-work] ticks=1.00 repre=0.00 draws=4.4 vertices=390 upload-MiB=0.622 depth-MiB=0.000 depth-copy-MiB=0.000 depth-copy-calls=0.00 jobs=0.00 helpers=0.00 fallback=0.00 failed=0.00 (per-present)
[pipeline-traffic] upload-calls=2.52 skipped=0.91 scan-MiB=4.286 upload-MiB=0.622 mirror-realloc=0.00 (per-present)
[pipeline-atlas] reuse=0.00 copy-MiB=0.000 copy-calls=0.00 (per-present; copies are GPU-only)
[pipeline-path] cpu-project=0.00 cpu-stage=0.00 gpu-reuse=0.00 publish=0.00 opt-out=0.00 limit=0.00 rejected=0.00 (events/present, not view fallbacks)
[pipeline-perf] scene=Action 3D host=0 map=04/04 output=1080x672 frames=145 fps=143.9 cadence-ms=6.950 p95=7.569 max=8.226 refresh=3 vsync=0 cap=0 gpu-ms=unavailable
[pipeline-stage] events/input mean-ms=0.0254 peak-call-ms=0.0474 calls=145
[pipeline-stage] emulation mean-ms=0.9731 peak-call-ms=1.0956 calls=145
[pipeline-stage] PPU + capture mean-ms=4.1596 peak-call-ms=5.2622 calls=145
[pipeline-stage] world map build mean-ms=0.0006 peak-call-ms=0.0023 calls=145
[pipeline-stage] SIM metadata mean-ms=0.0259 peak-call-ms=0.0487 calls=145
[pipeline-stage] town canvas mean-ms=0.0012 peak-call-ms=0.0020 calls=145
[pipeline-stage] frame snapshot mean-ms=0.0496 peak-call-ms=0.0834 calls=145
[pipeline-stage] upload mean-ms=1.1629 peak-call-ms=1.7588 calls=145
[pipeline-stage] presentation mean-ms=0.2292 peak-call-ms=0.3199 calls=145
[pipeline-stage] CRT/resolve mean-ms=0.0010 peak-call-ms=0.0010 calls=290
[pipeline-stage] host UI mean-ms=0.0022 peak-call-ms=0.0044 calls=145
[pipeline-stage] settings UI mean-ms=0.0008 peak-call-ms=0.0013 calls=145
[pipeline-stage] present/wait mean-ms=0.2397 peak-call-ms=1.0246 calls=145
[pipeline-stage] pacing/sleep mean-ms=0.0005 peak-call-ms=0.0010 calls=145
[pipeline-stage] housekeeping mean-ms=0.0018 peak-call-ms=0.0150 calls=145
[pipeline-stage] PPU setup mean-ms=0.0291 peak-call-ms=0.0673 calls=145
[pipeline-stage] PPU scanout mean-ms=4.0907 peak-call-ms=5.1564 calls=145
[pipeline-stage] PPU finish mean-ms=0.0105 peak-call-ms=0.0319 calls=145
[pipeline-stage] action total mean-ms=0.2194 peak-call-ms=0.3071 calls=145
[pipeline-stage] action upload mean-ms=1.0734 peak-call-ms=1.5706 calls=145
[pipeline-stage] action analysis mean-ms=0.0007 peak-call-ms=0.0016 calls=145
[pipeline-stage] action setup mean-ms=0.0289 peak-call-ms=0.0670 calls=145
[pipeline-stage] action scanout mean-ms=4.0900 peak-call-ms=5.1559 calls=145
[pipeline-stage] action finish mean-ms=0.0103 peak-call-ms=0.0316 calls=145
[pipeline-stage] action host-post mean-ms=0.0505 peak-call-ms=0.0795 calls=145
[pipeline-stage] action synthesis mean-ms=0.0006 peak-call-ms=0.0011 calls=145
[pipeline-stage] action mesh mean-ms=0.0032 peak-call-ms=0.0025 calls=435
[pipeline-stage] action supersample mean-ms=0.0276 peak-call-ms=0.0644 calls=145
[pipeline-stage] action DOF mean-ms=0.0745 peak-call-ms=0.1157 calls=145
[pipeline-stage] action submit mean-ms=0.0100 peak-call-ms=0.0348 calls=580
[pipeline-stage] action callback mean-ms=0.0364 peak-call-ms=0.0826 calls=580
[pipeline-work] ticks=1.00 repre=0.00 draws=4.0 vertices=364 upload-MiB=0.822 depth-MiB=0.000 depth-copy-MiB=0.000 depth-copy-calls=0.00 jobs=0.00 helpers=0.00 fallback=0.00 failed=0.00 (per-present)
[pipeline-traffic] upload-calls=2.63 skipped=0.39 scan-MiB=4.276 upload-MiB=0.822 mirror-realloc=0.00 (per-present)
[pipeline-atlas] reuse=0.00 copy-MiB=0.000 copy-calls=0.00 (per-present; copies are GPU-only)
[pipeline-path] cpu-project=0.00 cpu-stage=0.00 gpu-reuse=0.00 publish=0.00 opt-out=0.00 limit=0.00 rejected=0.00 (events/present, not view fallbacks)
[pipeline-perf] scene=Action 3D host=0 map=04/04 output=1080x672 frames=139 fps=137.2 cadence-ms=7.289 p95=7.894 max=8.297 refresh=3 vsync=0 cap=0 gpu-ms=unavailable
[pipeline-stage] events/input mean-ms=0.0258 peak-call-ms=0.0439 calls=139
[pipeline-stage] emulation mean-ms=0.9758 peak-call-ms=1.1734 calls=139
[pipeline-stage] PPU + capture mean-ms=4.2478 peak-call-ms=4.6900 calls=139
[pipeline-stage] world map build mean-ms=0.0006 peak-call-ms=0.0008 calls=139
[pipeline-stage] SIM metadata mean-ms=0.0267 peak-call-ms=0.0529 calls=139
[pipeline-stage] town canvas mean-ms=0.0012 peak-call-ms=0.0019 calls=139
[pipeline-stage] frame snapshot mean-ms=0.0507 peak-call-ms=0.0775 calls=139
[pipeline-stage] upload mean-ms=1.3468 peak-call-ms=2.0076 calls=139
[pipeline-stage] presentation mean-ms=0.2608 peak-call-ms=0.3959 calls=139
[pipeline-stage] CRT/resolve mean-ms=0.0010 peak-call-ms=0.0011 calls=278
[pipeline-stage] host UI mean-ms=0.0022 peak-call-ms=0.0031 calls=139
[pipeline-stage] settings UI mean-ms=0.0008 peak-call-ms=0.0012 calls=139
[pipeline-stage] present/wait mean-ms=0.2679 peak-call-ms=1.0454 calls=139
[pipeline-stage] pacing/sleep mean-ms=0.0005 peak-call-ms=0.0009 calls=139
[pipeline-stage] housekeeping mean-ms=0.0026 peak-call-ms=0.0240 calls=139
[pipeline-stage] PPU setup mean-ms=0.0289 peak-call-ms=0.0503 calls=139
[pipeline-stage] PPU scanout mean-ms=4.1751 peak-call-ms=4.6230 calls=139
[pipeline-stage] PPU finish mean-ms=0.0132 peak-call-ms=0.0553 calls=139
[pipeline-stage] action total mean-ms=0.2508 peak-call-ms=0.3800 calls=139
[pipeline-stage] action upload mean-ms=1.2564 peak-call-ms=1.8891 calls=139
[pipeline-stage] action analysis mean-ms=0.0008 peak-call-ms=0.0014 calls=139
[pipeline-stage] action setup mean-ms=0.0286 peak-call-ms=0.0498 calls=139
[pipeline-stage] action scanout mean-ms=4.1745 peak-call-ms=4.6225 calls=139
[pipeline-stage] action finish mean-ms=0.0129 peak-call-ms=0.0550 calls=139
[pipeline-stage] action host-post mean-ms=0.0516 peak-call-ms=0.0917 calls=139
[pipeline-stage] action synthesis mean-ms=0.0006 peak-call-ms=0.0013 calls=139
[pipeline-stage] action mesh mean-ms=0.0043 peak-call-ms=0.0029 calls=617
[pipeline-stage] action supersample mean-ms=0.0401 peak-call-ms=0.0633 calls=239
[pipeline-stage] action DOF mean-ms=0.0744 peak-call-ms=0.1585 calls=139
[pipeline-stage] action submit mean-ms=0.0108 peak-call-ms=0.0067 calls=656
[pipeline-stage] action callback mean-ms=0.0495 peak-call-ms=0.0756 calls=656
[pipeline-work] ticks=1.00 repre=0.00 draws=4.7 vertices=409 upload-MiB=0.994 depth-MiB=0.000 depth-copy-MiB=0.000 depth-copy-calls=0.00 jobs=0.00 helpers=0.00 fallback=0.00 failed=0.00 (per-present)
[pipeline-traffic] upload-calls=3.58 skipped=0.15 scan-MiB=4.292 upload-MiB=0.994 mirror-realloc=0.00 (per-present)
[pipeline-atlas] reuse=0.00 copy-MiB=0.000 copy-calls=0.00 (per-present; copies are GPU-only)
[pipeline-path] cpu-project=0.00 cpu-stage=0.00 gpu-reuse=0.00 publish=0.00 opt-out=0.00 limit=0.00 rejected=0.00 (events/present, not view fallbacks)
[widescreen] gf=2573 $18=04 $19=05 -> WIDE clamp=00 mirror=00 repeat=02 bands=0/811c9dc5 normal=00 hud=40/88/168 left-only-y=28 bg-plan=1 source=world/viewport hle=00
[widescreen] gf=2574 $18=04 $19=05 -> WIDE clamp=00 mirror=00 repeat=02 bands=0/811c9dc5 normal=00 hud=40/88/168 left-only-y=28 bg-plan=1 source=world/viewport hle=01
[present-cadence] tick-presents=3000 re-presents=0 max-represent-alpha=0.000 no-present-no-sleep=0
[dump] wrote runs/20260912-171046/dump_state.txt + wram/sram/dispatch_log (exit)
[action-bg-hle] provider-summary frames=1363 preflight={layers:2604,tiles:2458419,mismatches:0,outside:0} eligible=2604 layers=2604 lookups=37327808 batches=1821120 tiles=36882048 outside=445760 band-cache={builds:0,hits:0}
[action-room-scene] provider-summary layers=2604 live-fallbacks=0
[action-room-load-hle] summary command5=2 command4=4 bytes=14592
[action-room-gfx-hle] summary command7=3 command6=3 bytes=24960
[action-room-video-hle] summary command3=2 bytes=56
[run-dir] all diagnostics from this run: runs/20260912-171046/  (share with: zip -r report.zip runs/20260912-171046)
