[Launcher] Config/saves anchored to '/home/deck/argame/capture-fast-path-20260912.XW1iYR/'.
[run-dir] runs/20260912-173822 (console.log + dumps ringfenced here; AR_NO_RUN_DIR=1 disables)
[runner-trace] recorder=excluded deep_instrumentation=excluded mode=off
Loaded ROM: /home/deck/argame/capture-fast-path-20260912.XW1iYR/ar.sfc (1048576 bytes)
[video-geometry] 16:10 square-PAR -> 120 extra columns/side (render width 496)
[video] driver: wayland (available: x11 wayland offscreen dummy evdev)
[render] ordered GPU interop enabled (offscreen SDL + one swapchain present)
[display] GPU frames in flight: 2
[hd-manifest] [replace:title-logo] game-assets/hd/title-logo.png (2087x754)
[hd-manifest] [replace:title-swirl] game-assets/hd/title-logo.png (2087x754, mode7)
[hd-manifest] 2 entries, 2 with art
[settings-menu] decoded ActRaiser font: $1000 bytes from ROM offset $0BECFB (2725 compressed bytes consumed)
[settings-menu] decoded native dialog frame: chars ROM $06C000, palette ROM $0E3F73
[diorama-layers] loaded diorama-layers.ini: 24 room(s), 34 plane override(s)
[input] gamepad 1 connected: Steam Deck Controller
[music-manifest] [music:title-theme] game-assets/audio/title.ogg (48000 Hz, 8845689 frames, loop 0..8845689)
[music-manifest] [music:song-00] game-assets/audio/fillmore.ogg (44100 Hz, 7050707 frames, loop 0..7050707)
[music-manifest] [music:song-01] game-assets/audio/sky-palace.ogg (48000 Hz, 6389760 frames, loop 0..6389760)
[music-manifest] [music:song-02] game-assets/audio/bp.ogg (44100 Hz, 5369615 frames, loop 0..5369615)
[music-manifest] [music:song-08] game-assets/audio/advent.ogg (48000 Hz, 735609 frames, loop 0..735609)
[music-manifest] [music:song-09] game-assets/audio/act2.ogg (44100 Hz, 6182827 frames, loop 0..6182827)
[music-manifest] [music:song-10] game-assets/audio/birth-of-the-people.ogg (48000 Hz, 16201213 frames, loop 0..16201213)
[music-manifest] [music:song-11] game-assets/audio/level-up.ogg (48000 Hz, 451396 frames, loop 0..451396)
[music-manifest] 17 entries, 8 with audio
[audio-ext] extended sound channels enabled (40 voices, 8 effect lanes)
[saves] loaded native-srm backend from /home/deck/argame/capture-fast-path-20260912.XW1iYR/visible-fillmore-interp-unlimited/seed.srm
[save-editor] boot edits rejected: no staged save edits change the image
[input-replay] 2548 legacy records, max gf=21845 last gf=2508 from /home/deck/argame/capture-fast-path-20260912.XW1iYR/saves/fillmore-act.rec
[audio] stream input 44100 Hz, device 44100 Hz 512-frame buffer (requested 512 frames)
[widescreen] gf=0 $18=00 $19=00 -> pillarbox clamp=00 mirror=00 repeat=00 bands=0/811c9dc5 normal=00 hud=0/0/0 left-only-y=0 bg-plan=0 source=none/none hle=00
[localization] enhanced: Excellent Adventure English - Full Edition
[crt] shader ready
[music] src=1A:94B8 song=01 -> [music:title-theme] game-assets/audio/title.ogg
[pipeline-perf] scene=Native/menu host=0 map=00/00 output=1280x800 frames=1572 fps=1570.8 cadence-ms=0.637 p95=1.186 max=8.870 refresh=3 vsync=0 cap=0 gpu-ms=unavailable
[pipeline-stage] events/input mean-ms=0.0488 peak-call-ms=8.1734 calls=1587
[pipeline-stage] emulation mean-ms=0.0079 peak-call-ms=3.6393 calls=61
[pipeline-stage] PPU + capture mean-ms=0.0082 peak-call-ms=1.0141 calls=61
[pipeline-stage] world map build mean-ms=0.0000 peak-call-ms=0.0061 calls=61
[pipeline-stage] SIM metadata mean-ms=0.0009 peak-call-ms=0.1262 calls=61
[pipeline-stage] town canvas mean-ms=0.0000 peak-call-ms=0.0091 calls=61
[pipeline-stage] frame snapshot mean-ms=0.0049 peak-call-ms=5.1209 calls=61
[pipeline-stage] upload mean-ms=0.0077 peak-call-ms=1.9750 calls=61
[pipeline-stage] presentation mean-ms=0.0593 peak-call-ms=1.3035 calls=1572
[pipeline-stage] CRT/resolve mean-ms=0.0107 peak-call-ms=0.3503 calls=3144
[pipeline-stage] host UI mean-ms=0.0042 peak-call-ms=0.0405 calls=1572
[pipeline-stage] settings UI mean-ms=0.0002 peak-call-ms=0.0346 calls=1572
[pipeline-stage] present/wait mean-ms=0.4497 peak-call-ms=1.8627 calls=1572
[pipeline-stage] pacing/sleep mean-ms=0.0106 peak-call-ms=1.1010 calls=1587
[pipeline-stage] housekeeping mean-ms=0.0000 peak-call-ms=0.0039 calls=61
[pipeline-stage] PPU setup mean-ms=0.0003 peak-call-ms=0.0628 calls=61
[pipeline-stage] PPU scanout mean-ms=0.0072 peak-call-ms=0.7291 calls=61
[pipeline-stage] PPU finish mean-ms=0.0001 peak-call-ms=0.0025 calls=61
[pipeline-work] ticks=0.04 repre=0.96 draws=0.0 vertices=0 upload-MiB=0.002 depth-MiB=0.000 depth-copy-MiB=0.000 depth-copy-calls=0.00 jobs=0.00 helpers=0.00 fallback=0.00 failed=0.00 (per-present)
[pipeline-traffic] upload-calls=0.00 skipped=0.00 scan-MiB=0.097 upload-MiB=0.002 mirror-realloc=0.00 (per-present)
[pipeline-atlas] reuse=0.00 copy-MiB=0.000 copy-calls=0.00 (per-present; copies are GPU-only)
[pipeline-path] cpu-project=0.00 cpu-stage=0.00 gpu-reuse=0.00 publish=0.00 opt-out=0.00 limit=0.00 rejected=0.00 (events/present, not view fallbacks)
[pipeline-perf] scene=Native/menu host=0 map=00/00 output=1280x800 frames=1665 fps=1652.3 cadence-ms=0.605 p95=1.403 max=15.950 refresh=3 vsync=0 cap=0 gpu-ms=unavailable
[pipeline-stage] events/input mean-ms=0.0555 peak-call-ms=7.7297 calls=1665
[pipeline-stage] emulation mean-ms=0.0045 peak-call-ms=1.5199 calls=61
[pipeline-stage] PPU + capture mean-ms=0.0455 peak-call-ms=5.0287 calls=61
[pipeline-stage] world map build mean-ms=0.0000 peak-call-ms=0.0010 calls=61
[pipeline-stage] SIM metadata mean-ms=0.0010 peak-call-ms=0.0443 calls=61
[pipeline-stage] town canvas mean-ms=0.0000 peak-call-ms=0.0019 calls=61
[pipeline-stage] frame snapshot mean-ms=0.0018 peak-call-ms=0.0672 calls=61
[pipeline-stage] upload mean-ms=0.0267 peak-call-ms=3.6175 calls=61
[pipeline-stage] presentation mean-ms=0.0590 peak-call-ms=0.2229 calls=1665
[pipeline-stage] CRT/resolve mean-ms=0.0106 peak-call-ms=0.0684 calls=3330
[pipeline-stage] host UI mean-ms=0.0043 peak-call-ms=0.0652 calls=1665
[pipeline-stage] settings UI mean-ms=0.0002 peak-call-ms=0.0532 calls=1665
[pipeline-stage] present/wait mean-ms=0.3537 peak-call-ms=2.2588 calls=1665
[pipeline-stage] pacing/sleep mean-ms=0.0003 peak-call-ms=0.0014 calls=1665
[pipeline-stage] housekeeping mean-ms=0.0000 peak-call-ms=0.0020 calls=61
[pipeline-stage] PPU setup mean-ms=0.0002 peak-call-ms=0.0085 calls=61
[pipeline-stage] PPU scanout mean-ms=0.0445 peak-call-ms=5.0038 calls=61
[pipeline-stage] PPU finish mean-ms=0.0001 peak-call-ms=0.0438 calls=61
[pipeline-work] ticks=0.04 repre=0.96 draws=0.0 vertices=0 upload-MiB=0.077 depth-MiB=0.000 depth-copy-MiB=0.000 depth-copy-calls=0.00 jobs=0.00 helpers=0.00 fallback=0.00 failed=0.00 (per-present)
[pipeline-traffic] upload-calls=0.01 skipped=0.00 scan-MiB=0.093 upload-MiB=0.077 mirror-realloc=0.00 (per-present)
[pipeline-atlas] reuse=0.00 copy-MiB=0.000 copy-calls=0.00 (per-present; copies are GPU-only)
[pipeline-path] cpu-project=0.00 cpu-stage=0.00 gpu-reuse=0.00 publish=0.00 opt-out=0.00 limit=0.00 rejected=0.00 (events/present, not view fallbacks)
[pipeline-perf] scene=Native/menu host=0 map=00/00 output=1280x800 frames=1097 fps=1095.6 cadence-ms=0.913 p95=2.085 max=16.262 refresh=3 vsync=0 cap=0 gpu-ms=unavailable
[pipeline-stage] events/input mean-ms=0.0519 peak-call-ms=8.1497 calls=1097
[pipeline-stage] emulation mean-ms=0.0075 peak-call-ms=0.8063 calls=60
[pipeline-stage] PPU + capture mean-ms=0.1212 peak-call-ms=4.9353 calls=60
[pipeline-stage] world map build mean-ms=0.0000 peak-call-ms=0.0008 calls=60
[pipeline-stage] SIM metadata mean-ms=0.0012 peak-call-ms=0.0571 calls=60
[pipeline-stage] town canvas mean-ms=0.0001 peak-call-ms=0.0016 calls=60
[pipeline-stage] frame snapshot mean-ms=0.0023 peak-call-ms=0.0775 calls=60
[pipeline-stage] upload mean-ms=0.0481 peak-call-ms=2.8180 calls=60
[pipeline-stage] presentation mean-ms=0.0612 peak-call-ms=0.1865 calls=1097
[pipeline-stage] CRT/resolve mean-ms=0.0103 peak-call-ms=0.0442 calls=2194
[pipeline-stage] host UI mean-ms=0.0043 peak-call-ms=0.0302 calls=1097
[pipeline-stage] settings UI mean-ms=0.0002 peak-call-ms=0.0013 calls=1097
[pipeline-stage] present/wait mean-ms=0.5602 peak-call-ms=2.9904 calls=1097
[pipeline-stage] pacing/sleep mean-ms=0.0003 peak-call-ms=0.0143 calls=1097
[pipeline-stage] housekeeping mean-ms=0.0001 peak-call-ms=0.0018 calls=60
[pipeline-stage] PPU setup mean-ms=0.0003 peak-call-ms=0.0078 calls=60
[pipeline-stage] PPU scanout mean-ms=0.1200 peak-call-ms=4.9145 calls=60
[pipeline-stage] PPU finish mean-ms=0.0001 peak-call-ms=0.0040 calls=60
[pipeline-work] ticks=0.05 repre=0.95 draws=0.0 vertices=0 upload-MiB=0.154 depth-MiB=0.000 depth-copy-MiB=0.000 depth-copy-calls=0.00 jobs=0.00 helpers=0.00 fallback=0.00 failed=0.00 (per-present)
[pipeline-traffic] upload-calls=0.02 skipped=0.00 scan-MiB=0.140 upload-MiB=0.154 mirror-realloc=0.00 (per-present)
[pipeline-atlas] reuse=0.00 copy-MiB=0.000 copy-calls=0.00 (per-present; copies are GPU-only)
[pipeline-path] cpu-project=0.00 cpu-stage=0.00 gpu-reuse=0.00 publish=0.00 opt-out=0.00 limit=0.00 rejected=0.00 (events/present, not view fallbacks)
[pipeline-perf] scene=Native/menu host=0 map=00/00 output=1280x800 frames=1097 fps=1096.0 cadence-ms=0.912 p95=2.318 max=15.448 refresh=3 vsync=0 cap=0 gpu-ms=unavailable
[pipeline-stage] events/input mean-ms=0.0514 peak-call-ms=8.1974 calls=1097
[pipeline-stage] emulation mean-ms=0.0087 peak-call-ms=2.1976 calls=60
[pipeline-stage] PPU + capture mean-ms=0.1175 peak-call-ms=4.6842 calls=60
[pipeline-stage] world map build mean-ms=0.0000 peak-call-ms=0.0008 calls=60
[pipeline-stage] SIM metadata mean-ms=0.0011 peak-call-ms=0.0550 calls=60
[pipeline-stage] town canvas mean-ms=0.0001 peak-call-ms=0.0015 calls=60
[pipeline-stage] frame snapshot mean-ms=0.0025 peak-call-ms=0.1851 calls=60
[pipeline-stage] upload mean-ms=0.0474 peak-call-ms=3.4295 calls=60
[pipeline-stage] presentation mean-ms=0.0748 peak-call-ms=6.6634 calls=1097
[pipeline-stage] CRT/resolve mean-ms=0.0105 peak-call-ms=0.0500 calls=2194
[pipeline-stage] host UI mean-ms=0.0044 peak-call-ms=0.0433 calls=1097
[pipeline-stage] settings UI mean-ms=0.0002 peak-call-ms=0.0010 calls=1097
[pipeline-stage] present/wait mean-ms=0.5509 peak-call-ms=2.1297 calls=1097
[pipeline-stage] pacing/sleep mean-ms=0.0003 peak-call-ms=0.0013 calls=1097
[pipeline-stage] housekeeping mean-ms=0.0001 peak-call-ms=0.0015 calls=60
[pipeline-stage] PPU setup mean-ms=0.0003 peak-call-ms=0.0420 calls=60
[pipeline-stage] PPU scanout mean-ms=0.1162 peak-call-ms=4.6637 calls=60
[pipeline-stage] PPU finish mean-ms=0.0001 peak-call-ms=0.0024 calls=60
[pipeline-work] ticks=0.05 repre=0.95 draws=0.0 vertices=0 upload-MiB=0.145 depth-MiB=0.000 depth-copy-MiB=0.000 depth-copy-calls=0.00 jobs=0.00 helpers=0.00 fallback=0.00 failed=0.00 (per-present)
[pipeline-traffic] upload-calls=0.05 skipped=0.00 scan-MiB=0.144 upload-MiB=0.145 mirror-realloc=0.00 (per-present)
[pipeline-atlas] reuse=0.00 copy-MiB=0.000 copy-calls=0.00 (per-present; copies are GPU-only)
[pipeline-path] cpu-project=0.00 cpu-stage=0.00 gpu-reuse=0.00 publish=0.00 opt-out=0.00 limit=0.00 rejected=0.00 (events/present, not view fallbacks)
[music] stop [music:title-theme] (driver halt $F0)
[widescreen] gf=310 $18=00 $19=07 -> WIDE clamp=00 mirror=00 repeat=00 bands=0/811c9dc5 normal=00 hud=32/168/168 left-only-y=32 bg-plan=0 source=none/none hle=00
[sim-worldmap] HLE built from sim state at gf=310 after Sky Palace entry (2623 tiles changed)
[sim3d-view] gf=310 none -> authentic (view fallback) (inactive, view=authentic_fallback, integrity=$0, mismatch=0 px) after 310 frame(s)
[music] src=1C:A988 song=01 -> [music:song-01] game-assets/audio/sky-palace.ogg
[sim3d-view] gf=311 authentic (view fallback) -> Sky Palace globe (inactive, view=sky_palace, integrity=$0, mismatch=0 px) after 1 frame(s)
[world-navigation-setup] mountains=26.189ms cliffs=17.489ms art=25.747ms
[pipeline-perf] scene=Sky Palace host=0 map=00/07 output=1280x800 frames=231 fps=229.9 cadence-ms=4.350 p95=9.331 max=15.008 refresh=3 vsync=0 cap=0 gpu-ms=unavailable
[pipeline-stage] events/input mean-ms=0.0870 peak-call-ms=7.7833 calls=231
[pipeline-stage] emulation mean-ms=0.0498 peak-call-ms=1.2581 calls=63
[pipeline-stage] PPU + capture mean-ms=1.1881 peak-call-ms=7.1279 calls=61
[pipeline-stage] world map build mean-ms=0.0018 peak-call-ms=0.0450 calls=61
[pipeline-stage] SIM metadata mean-ms=0.0148 peak-call-ms=0.1040 calls=61
[pipeline-stage] town canvas mean-ms=0.0004 peak-call-ms=0.0114 calls=61
[pipeline-stage] frame snapshot mean-ms=0.0190 peak-call-ms=0.1034 calls=61
[pipeline-stage] upload mean-ms=0.3664 peak-call-ms=2.3260 calls=61
[pipeline-stage] presentation mean-ms=1.7342 peak-call-ms=226.1925 calls=231
[pipeline-stage] CRT/resolve mean-ms=0.0165 peak-call-ms=0.0986 calls=462
[pipeline-stage] host UI mean-ms=0.0078 peak-call-ms=0.0254 calls=231
[pipeline-stage] settings UI mean-ms=0.0007 peak-call-ms=0.0180 calls=231
[pipeline-stage] present/wait mean-ms=1.7770 peak-call-ms=5.6924 calls=231
[pipeline-stage] pacing/sleep mean-ms=0.0006 peak-call-ms=0.0021 calls=231
[pipeline-stage] housekeeping mean-ms=0.0004 peak-call-ms=0.0029 calls=61
[pipeline-stage] PPU setup mean-ms=0.0022 peak-call-ms=0.0120 calls=61
[pipeline-stage] PPU scanout mean-ms=1.1702 peak-call-ms=7.0449 calls=61
[pipeline-stage] PPU finish mean-ms=0.0027 peak-call-ms=0.0152 calls=61
[pipeline-stage] job owner mean-ms=0.0290 peak-call-ms=1.9724 calls=6
[pipeline-stage] job helpers* mean-ms=0.0902 peak-call-ms=2.6553 calls=15
[pipeline-stage] job join wait mean-ms=0.0096 peak-call-ms=0.7382 calls=5
[pipeline-stage] SIM upload mean-ms=0.4250 peak-call-ms=69.4471 calls=231
[pipeline-stage] SIM backdrop mean-ms=0.0025 peak-call-ms=0.0063 calls=231
[pipeline-stage] SIM terrain mean-ms=0.2813 peak-call-ms=62.6820 calls=231
[pipeline-stage] SIM depth pass mean-ms=0.0858 peak-call-ms=0.0708 calls=752
[pipeline-stage] SIM model project mean-ms=0.1285 peak-call-ms=29.5409 calls=231
[pipeline-stage] SIM depth submit mean-ms=0.2529 peak-call-ms=2.1264 calls=231
[pipeline-stage] SIM clouds mean-ms=0.2388 peak-call-ms=33.7988 calls=231
[pipeline-stage] world animation mean-ms=0.0419 peak-call-ms=3.6332 calls=3
[pipeline-stage] world transfer mean-ms=0.0984 peak-call-ms=6.8063 calls=62
[pipeline-stage] world prepare mean-ms=0.0928 peak-call-ms=19.2604 calls=462
[pipeline-stage] world atmosphere mean-ms=0.0590 peak-call-ms=0.2806 calls=231
[pipeline-work] ticks=0.27 repre=0.74 draws=27.0 vertices=971161 upload-MiB=0.576 depth-MiB=0.111 depth-copy-MiB=0.028 depth-copy-calls=0.02 jobs=0.03 helpers=0.06 fallback=0.00 failed=0.00 (per-present)
[pipeline-traffic] upload-calls=1.07 skipped=0.00 scan-MiB=0.659 upload-MiB=0.576 mirror-realloc=0.00 (per-present)
[pipeline-atlas] reuse=0.98 copy-MiB=0.277 copy-calls=0.02 (per-present; copies are GPU-only)
[pipeline-path] cpu-project=1.00 cpu-stage=0.00 gpu-reuse=2.00 publish=0.01 opt-out=0.00 limit=0.00 rejected=0.00 (events/present, not view fallbacks)
[widescreen] gf=374 $18=00 $19=09 -> WIDE clamp=00 mirror=00 repeat=00 bands=0/811c9dc5 normal=00 hud=0/0/0 left-only-y=0 bg-plan=0 source=none/none hle=00
[sim-worldmap] HLE built from sim state at gf=374 after world-navigation entry (0 tiles changed)
[world-navigation-capture] gf=374 fallback=forced-blank
[sim3d-view] gf=374 Sky Palace globe -> authentic (view fallback) (inactive, view=authentic_fallback, integrity=$0, mismatch=0 px) after 63 frame(s)
[sim3d-view] gf=375 authentic (view fallback) -> world navigation 3D (inactive, view=world_navigation, integrity=$0, mismatch=0 px) after 1 frame(s)
[warp] from $18=$00 $19=$09 staged region=$01 map=$01 ($1B/$1A/$FB set); transition processor should pick it up.
[world-navigation-capture] gf=402 fallback=forced-blank
[sim3d-view] gf=402 world navigation 3D -> authentic (view fallback) (inactive, view=authentic_fallback, integrity=$0, mismatch=0 px) after 27 frame(s)
[pipeline-perf] scene=Native/menu host=0 map=00/09 output=1280x800 frames=2260 fps=2258.5 cadence-ms=0.443 p95=0.808 max=9.024 refresh=3 vsync=0 cap=0 gpu-ms=unavailable
[pipeline-stage] events/input mean-ms=0.0501 peak-call-ms=7.9906 calls=2260
[pipeline-stage] emulation mean-ms=0.0023 peak-call-ms=1.1784 calls=61
[pipeline-stage] PPU + capture mean-ms=0.0032 peak-call-ms=0.2097 calls=61
[pipeline-stage] world map build mean-ms=0.0000 peak-call-ms=0.0022 calls=61
[pipeline-stage] SIM metadata mean-ms=0.0009 peak-call-ms=0.0488 calls=61
[pipeline-stage] town canvas mean-ms=0.0000 peak-call-ms=0.0014 calls=61
[pipeline-stage] frame snapshot mean-ms=0.0011 peak-call-ms=0.0746 calls=61
[pipeline-stage] upload mean-ms=0.0027 peak-call-ms=0.7900 calls=61
[pipeline-stage] presentation mean-ms=0.0322 peak-call-ms=0.1505 calls=2260
[pipeline-stage] CRT/resolve mean-ms=0.0238 peak-call-ms=0.1065 calls=4520
[pipeline-stage] host UI mean-ms=0.0039 peak-call-ms=0.0365 calls=2260
[pipeline-stage] settings UI mean-ms=0.0002 peak-call-ms=0.0113 calls=2260
[pipeline-stage] present/wait mean-ms=0.2988 peak-call-ms=3.6943 calls=2260
[pipeline-stage] pacing/sleep mean-ms=0.0002 peak-call-ms=0.0172 calls=2260
[pipeline-stage] housekeeping mean-ms=0.0000 peak-call-ms=0.0022 calls=61
[pipeline-stage] PPU setup mean-ms=0.0001 peak-call-ms=0.0357 calls=61
[pipeline-stage] PPU scanout mean-ms=0.0026 peak-call-ms=0.1398 calls=61
[pipeline-stage] PPU finish mean-ms=0.0000 peak-call-ms=0.0017 calls=61
[pipeline-work] ticks=0.03 repre=0.97 draws=0.0 vertices=0 upload-MiB=0.001 depth-MiB=0.000 depth-copy-MiB=0.000 depth-copy-calls=0.00 jobs=0.00 helpers=0.00 fallback=1.00 failed=0.00 (per-present)
[pipeline-traffic] upload-calls=0.00 skipped=0.00 scan-MiB=0.046 upload-MiB=0.001 mirror-realloc=0.00 (per-present)
[pipeline-atlas] reuse=0.00 copy-MiB=0.000 copy-calls=0.00 (per-present; copies are GPU-only)
[pipeline-path] cpu-project=0.00 cpu-stage=0.00 gpu-reuse=0.00 publish=0.00 opt-out=0.00 limit=0.00 rejected=0.00 (events/present, not view fallbacks)
[pipeline-perf] scene=Native/menu host=0 map=00/09 output=1280x800 frames=2175 fps=2173.8 cadence-ms=0.460 p95=0.957 max=10.575 refresh=3 vsync=0 cap=0 gpu-ms=unavailable
[pipeline-stage] events/input mean-ms=0.0541 peak-call-ms=8.2541 calls=2175
[pipeline-stage] emulation mean-ms=0.0025 peak-call-ms=1.1823 calls=60
[pipeline-stage] PPU + capture mean-ms=0.0041 peak-call-ms=0.2570 calls=60
[pipeline-stage] world map build mean-ms=0.0001 peak-call-ms=0.0059 calls=60
[pipeline-stage] SIM metadata mean-ms=0.0013 peak-call-ms=0.0810 calls=60
[pipeline-stage] town canvas mean-ms=0.0000 peak-call-ms=0.0018 calls=60
[pipeline-stage] frame snapshot mean-ms=0.0014 peak-call-ms=0.0723 calls=60
[pipeline-stage] upload mean-ms=0.0033 peak-call-ms=0.2520 calls=60
[pipeline-stage] presentation mean-ms=0.0364 peak-call-ms=0.2444 calls=2175
[pipeline-stage] CRT/resolve mean-ms=0.0271 peak-call-ms=0.2132 calls=4350
[pipeline-stage] host UI mean-ms=0.0042 peak-call-ms=0.0395 calls=2175
[pipeline-stage] settings UI mean-ms=0.0002 peak-call-ms=0.0103 calls=2175
[pipeline-stage] present/wait mean-ms=0.2999 peak-call-ms=1.4270 calls=2175
[pipeline-stage] pacing/sleep mean-ms=0.0003 peak-call-ms=0.0437 calls=2175
[pipeline-stage] housekeeping mean-ms=0.0000 peak-call-ms=0.0023 calls=60
[pipeline-stage] PPU setup mean-ms=0.0002 peak-call-ms=0.0110 calls=60
[pipeline-stage] PPU scanout mean-ms=0.0034 peak-call-ms=0.2256 calls=60
[pipeline-stage] PPU finish mean-ms=0.0000 peak-call-ms=0.0054 calls=60
[pipeline-work] ticks=0.03 repre=0.97 draws=0.0 vertices=0 upload-MiB=0.000 depth-MiB=0.000 depth-copy-MiB=0.000 depth-copy-calls=0.00 jobs=0.00 helpers=0.00 fallback=1.00 failed=0.00 (per-present)
[pipeline-traffic] upload-calls=0.00 skipped=0.00 scan-MiB=0.047 upload-MiB=0.000 mirror-realloc=0.00 (per-present)
[pipeline-atlas] reuse=0.00 copy-MiB=0.000 copy-calls=0.00 (per-present; copies are GPU-only)
[pipeline-path] cpu-project=0.00 cpu-stage=0.00 gpu-reuse=0.00 publish=0.00 opt-out=0.00 limit=0.00 rejected=0.00 (events/present, not view fallbacks)
[pipeline-perf] scene=Native/menu host=0 map=00/09 output=1280x800 frames=2040 fps=2038.6 cadence-ms=0.491 p95=1.054 max=9.372 refresh=3 vsync=0 cap=0 gpu-ms=unavailable
[pipeline-stage] events/input mean-ms=0.0528 peak-call-ms=8.2433 calls=2040
[pipeline-stage] emulation mean-ms=0.0025 peak-call-ms=1.4684 calls=60
[pipeline-stage] PPU + capture mean-ms=0.0046 peak-call-ms=0.2290 calls=60
[pipeline-stage] world map build mean-ms=0.0001 peak-call-ms=0.0031 calls=60
[pipeline-stage] SIM metadata mean-ms=0.0015 peak-call-ms=0.0820 calls=60
[pipeline-stage] town canvas mean-ms=0.0000 peak-call-ms=0.0031 calls=60
[pipeline-stage] frame snapshot mean-ms=0.0016 peak-call-ms=0.1007 calls=60
[pipeline-stage] upload mean-ms=0.0038 peak-call-ms=0.2165 calls=60
[pipeline-stage] presentation mean-ms=0.0374 peak-call-ms=0.1858 calls=2040
[pipeline-stage] CRT/resolve mean-ms=0.0278 peak-call-ms=0.1595 calls=4080
[pipeline-stage] host UI mean-ms=0.0044 peak-call-ms=0.0484 calls=2040
[pipeline-stage] settings UI mean-ms=0.0002 peak-call-ms=0.0185 calls=2040
[pipeline-stage] present/wait mean-ms=0.3279 peak-call-ms=2.5957 calls=2040
[pipeline-stage] pacing/sleep mean-ms=0.0002 peak-call-ms=0.0044 calls=2040
[pipeline-stage] housekeeping mean-ms=0.0000 peak-call-ms=0.0022 calls=60
[pipeline-stage] PPU setup mean-ms=0.0002 peak-call-ms=0.0085 calls=60
[pipeline-stage] PPU scanout mean-ms=0.0038 peak-call-ms=0.2031 calls=60
[pipeline-stage] PPU finish mean-ms=0.0000 peak-call-ms=0.0024 calls=60
[pipeline-work] ticks=0.03 repre=0.97 draws=0.0 vertices=0 upload-MiB=0.000 depth-MiB=0.000 depth-copy-MiB=0.000 depth-copy-calls=0.00 jobs=0.00 helpers=0.00 fallback=1.00 failed=0.00 (per-present)
[pipeline-traffic] upload-calls=0.00 skipped=0.00 scan-MiB=0.050 upload-MiB=0.000 mirror-realloc=0.00 (per-present)
[pipeline-atlas] reuse=0.00 copy-MiB=0.000 copy-calls=0.00 (per-present; copies are GPU-only)
[pipeline-path] cpu-project=0.00 cpu-stage=0.00 gpu-reuse=0.00 publish=0.00 opt-out=0.00 limit=0.00 rejected=0.00 (events/present, not view fallbacks)
[pipeline-perf] scene=Native/menu host=0 map=00/09 output=1280x800 frames=1981 fps=1979.8 cadence-ms=0.505 p95=1.070 max=10.279 refresh=3 vsync=0 cap=0 gpu-ms=unavailable
[pipeline-stage] events/input mean-ms=0.0538 peak-call-ms=8.3007 calls=1981
[pipeline-stage] emulation mean-ms=0.0027 peak-call-ms=1.7009 calls=60
[pipeline-stage] PPU + capture mean-ms=0.0047 peak-call-ms=0.2242 calls=60
[pipeline-stage] world map build mean-ms=0.0001 peak-call-ms=0.0033 calls=60
[pipeline-stage] SIM metadata mean-ms=0.0016 peak-call-ms=0.0899 calls=60
[pipeline-stage] town canvas mean-ms=0.0000 peak-call-ms=0.0030 calls=60
[pipeline-stage] frame snapshot mean-ms=0.0017 peak-call-ms=0.1895 calls=60
[pipeline-stage] upload mean-ms=0.0040 peak-call-ms=0.2196 calls=60
[pipeline-stage] presentation mean-ms=0.0371 peak-call-ms=0.1930 calls=1981
[pipeline-stage] CRT/resolve mean-ms=0.0276 peak-call-ms=0.1597 calls=3962
[pipeline-stage] host UI mean-ms=0.0044 peak-call-ms=0.0542 calls=1981
[pipeline-stage] settings UI mean-ms=0.0002 peak-call-ms=0.0089 calls=1981
[pipeline-stage] present/wait mean-ms=0.3416 peak-call-ms=1.7092 calls=1981
[pipeline-stage] pacing/sleep mean-ms=0.0003 peak-call-ms=0.0606 calls=1981
[pipeline-stage] housekeeping mean-ms=0.0000 peak-call-ms=0.0028 calls=60
[pipeline-stage] PPU setup mean-ms=0.0002 peak-call-ms=0.0086 calls=60
[pipeline-stage] PPU scanout mean-ms=0.0040 peak-call-ms=0.1986 calls=60
[pipeline-stage] PPU finish mean-ms=0.0000 peak-call-ms=0.0023 calls=60
[pipeline-work] ticks=0.03 repre=0.97 draws=0.0 vertices=0 upload-MiB=0.000 depth-MiB=0.000 depth-copy-MiB=0.000 depth-copy-calls=0.00 jobs=0.00 helpers=0.00 fallback=1.00 failed=0.00 (per-present)
[pipeline-traffic] upload-calls=0.00 skipped=0.00 scan-MiB=0.051 upload-MiB=0.000 mirror-realloc=0.00 (per-present)
[pipeline-atlas] reuse=0.00 copy-MiB=0.000 copy-calls=0.00 (per-present; copies are GPU-only)
[pipeline-path] cpu-project=0.00 cpu-stage=0.00 gpu-reuse=0.00 publish=0.00 opt-out=0.00 limit=0.00 rejected=0.00 (events/present, not view fallbacks)
[pipeline-perf] scene=Native/menu host=0 map=00/09 output=1280x800 frames=2027 fps=2025.1 cadence-ms=0.494 p95=1.008 max=9.533 refresh=3 vsync=0 cap=0 gpu-ms=unavailable
[pipeline-stage] events/input mean-ms=0.0531 peak-call-ms=8.3285 calls=2027
[pipeline-stage] emulation mean-ms=0.0016 peak-call-ms=0.9776 calls=61
[pipeline-stage] PPU + capture mean-ms=0.0047 peak-call-ms=0.2013 calls=61
[pipeline-stage] world map build mean-ms=0.0001 peak-call-ms=0.0043 calls=61
[pipeline-stage] SIM metadata mean-ms=0.0016 peak-call-ms=0.0737 calls=61
[pipeline-stage] town canvas mean-ms=0.0000 peak-call-ms=0.0129 calls=61
[pipeline-stage] frame snapshot mean-ms=0.0017 peak-call-ms=0.1285 calls=61
[pipeline-stage] upload mean-ms=0.0039 peak-call-ms=0.1807 calls=61
[pipeline-stage] presentation mean-ms=0.0371 peak-call-ms=0.4411 calls=2027
[pipeline-stage] CRT/resolve mean-ms=0.0274 peak-call-ms=0.1957 calls=4054
[pipeline-stage] host UI mean-ms=0.0044 peak-call-ms=0.0318 calls=2027
[pipeline-stage] settings UI mean-ms=0.0002 peak-call-ms=0.0152 calls=2027
[pipeline-stage] present/wait mean-ms=0.3343 peak-call-ms=2.3164 calls=2027
[pipeline-stage] pacing/sleep mean-ms=0.0002 peak-call-ms=0.0063 calls=2027
[pipeline-stage] housekeeping mean-ms=0.0000 peak-call-ms=0.0021 calls=61
[pipeline-stage] PPU setup mean-ms=0.0002 peak-call-ms=0.0135 calls=61
[pipeline-stage] PPU scanout mean-ms=0.0039 peak-call-ms=0.1756 calls=61
[pipeline-stage] PPU finish mean-ms=0.0001 peak-call-ms=0.0129 calls=61
[pipeline-work] ticks=0.03 repre=0.97 draws=0.0 vertices=0 upload-MiB=0.000 depth-MiB=0.000 depth-copy-MiB=0.000 depth-copy-calls=0.00 jobs=0.00 helpers=0.00 fallback=1.00 failed=0.00 (per-present)
[pipeline-traffic] upload-calls=0.00 skipped=0.00 scan-MiB=0.051 upload-MiB=0.000 mirror-realloc=0.00 (per-present)
[pipeline-atlas] reuse=0.00 copy-MiB=0.000 copy-calls=0.00 (per-present; copies are GPU-only)
[pipeline-path] cpu-project=0.00 cpu-stage=0.00 gpu-reuse=0.00 publish=0.00 opt-out=0.00 limit=0.00 rejected=0.00 (events/present, not view fallbacks)
[music] stop [music:song-01] (driver halt $F0)
[action-bg-hle] full world-layer provider enabled
[action-bg-hle] fallback=forced-blank map=01/01 BG1
[widescreen] gf=402 $18=01 $19=01 -> WIDE clamp=00 mirror=00 repeat=00 bands=0/811c9dc5 normal=00 hud=40/88/168 left-only-y=28 bg-plan=1 source=world/world hle=00
[sim3d-view] gf=402 authentic (view fallback) -> none (inactive, view=none, integrity=$0, mismatch=0 px) after 0 frame(s)
[act-enter] $18=01 $19=01 at game-frame 402
[music] src=18:947F song=01 -> [music:song-00] game-assets/audio/fillmore.ogg
[action-room-scene] ROM-derived world source enabled
[widescreen] gf=403 $18=01 $19=01 -> WIDE clamp=00 mirror=00 repeat=00 bands=0/811c9dc5 normal=00 hud=40/88/168 left-only-y=28 bg-plan=1 source=world/world hle=03
[gpu-fx] blur shader ready
[gpu-fx] DOF shader ready
[gpu-fx] rim light shader ready
[pipeline-perf] scene=Action 3D host=0 map=01/01 output=1280x800 frames=402 fps=395.5 cadence-ms=2.528 p95=14.305 max=32.640 refresh=3 vsync=0 cap=0 gpu-ms=unavailable
[pipeline-stage] events/input mean-ms=0.0654 peak-call-ms=8.1126 calls=402
[pipeline-stage] emulation mean-ms=0.0554 peak-call-ms=7.0887 calls=62
[pipeline-stage] PPU + capture mean-ms=1.0436 peak-call-ms=9.9559 calls=62
[pipeline-stage] world map build mean-ms=0.0001 peak-call-ms=0.0009 calls=62
[pipeline-stage] SIM metadata mean-ms=0.0043 peak-call-ms=0.0624 calls=62
[pipeline-stage] town canvas mean-ms=0.0002 peak-call-ms=0.0029 calls=62
[pipeline-stage] frame snapshot mean-ms=0.0096 peak-call-ms=0.0939 calls=62
[pipeline-stage] upload mean-ms=0.5640 peak-call-ms=10.0137 calls=62
[pipeline-stage] presentation mean-ms=0.2197 peak-call-ms=11.2250 calls=402
[pipeline-stage] CRT/resolve mean-ms=0.0160 peak-call-ms=0.1003 calls=804
[pipeline-stage] host UI mean-ms=0.0052 peak-call-ms=0.0280 calls=402
[pipeline-stage] settings UI mean-ms=0.0003 peak-call-ms=0.0013 calls=402
[pipeline-stage] present/wait mean-ms=0.5432 peak-call-ms=2.9564 calls=402
[pipeline-stage] pacing/sleep mean-ms=0.0004 peak-call-ms=0.0015 calls=402
[pipeline-stage] housekeeping mean-ms=0.0002 peak-call-ms=0.0034 calls=62
[pipeline-stage] PPU setup mean-ms=0.0082 peak-call-ms=0.9774 calls=62
[pipeline-stage] PPU scanout mean-ms=1.0247 peak-call-ms=8.3641 calls=62
[pipeline-stage] PPU finish mean-ms=0.0010 peak-call-ms=0.0145 calls=62
[pipeline-stage] action total mean-ms=0.1956 peak-call-ms=11.1008 calls=193
[pipeline-stage] action upload mean-ms=0.1546 peak-call-ms=4.2916 calls=62
[pipeline-stage] action analysis mean-ms=0.2785 peak-call-ms=5.8990 calls=62
[pipeline-stage] action setup mean-ms=0.0081 peak-call-ms=0.9750 calls=62
[pipeline-stage] action scanout mean-ms=1.0245 peak-call-ms=8.3628 calls=62
[pipeline-stage] action finish mean-ms=0.0009 peak-call-ms=0.0141 calls=62
[pipeline-stage] action host-post mean-ms=0.0084 peak-call-ms=0.1130 calls=62
[pipeline-stage] action synthesis mean-ms=0.0586 peak-call-ms=0.3606 calls=193
[pipeline-stage] action mesh mean-ms=0.0028 peak-call-ms=0.0287 calls=965
[pipeline-stage] action supersample mean-ms=0.0135 peak-call-ms=0.4064 calls=193
[pipeline-stage] action DOF mean-ms=0.0157 peak-call-ms=0.4111 calls=193
[pipeline-stage] action submit mean-ms=0.0073 peak-call-ms=0.0278 calls=1397
[pipeline-stage] action callback mean-ms=0.0003 peak-call-ms=0.0006 calls=965
[pipeline-work] ticks=0.15 repre=0.85 draws=3.5 vertices=238 upload-MiB=0.148 depth-MiB=0.000 depth-copy-MiB=0.000 depth-copy-calls=0.00 jobs=0.00 helpers=0.00 fallback=0.00 failed=0.00 (per-present)
[pipeline-traffic] upload-calls=0.59 skipped=0.26 scan-MiB=1.165 upload-MiB=0.148 mirror-realloc=0.02 (per-present)
[pipeline-atlas] reuse=0.00 copy-MiB=0.000 copy-calls=0.00 (per-present; copies are GPU-only)
[pipeline-path] cpu-project=0.00 cpu-stage=0.00 gpu-reuse=0.00 publish=0.00 opt-out=0.00 limit=0.00 rejected=0.00 (events/present, not view fallbacks)
[pipeline-perf] scene=Action 3D host=0 map=01/01 output=1280x800 frames=275 fps=271.6 cadence-ms=3.682 p95=13.903 max=18.856 refresh=3 vsync=0 cap=0 gpu-ms=unavailable
[pipeline-stage] events/input mean-ms=0.0878 peak-call-ms=7.4580 calls=275
[pipeline-stage] emulation mean-ms=0.0684 peak-call-ms=1.6261 calls=61
[pipeline-stage] PPU + capture mean-ms=1.6844 peak-call-ms=8.3204 calls=61
[pipeline-stage] world map build mean-ms=0.0001 peak-call-ms=0.0009 calls=61
[pipeline-stage] SIM metadata mean-ms=0.0056 peak-call-ms=0.0328 calls=61
[pipeline-stage] town canvas mean-ms=0.0003 peak-call-ms=0.0016 calls=61
[pipeline-stage] frame snapshot mean-ms=0.0134 peak-call-ms=0.0832 calls=61
[pipeline-stage] upload mean-ms=0.6174 peak-call-ms=6.1765 calls=61
[pipeline-stage] presentation mean-ms=0.3593 peak-call-ms=1.4921 calls=275
[pipeline-stage] CRT/resolve mean-ms=0.0125 peak-call-ms=0.0987 calls=550
[pipeline-stage] host UI mean-ms=0.0057 peak-call-ms=0.0199 calls=275
[pipeline-stage] settings UI mean-ms=0.0004 peak-call-ms=0.0019 calls=275
[pipeline-stage] present/wait mean-ms=0.7613 peak-call-ms=3.5920 calls=275
[pipeline-stage] pacing/sleep mean-ms=0.0005 peak-call-ms=0.0017 calls=275
[pipeline-stage] housekeeping mean-ms=0.0003 peak-call-ms=0.0036 calls=61
[pipeline-stage] PPU setup mean-ms=0.0089 peak-call-ms=0.0550 calls=61
[pipeline-stage] PPU scanout mean-ms=1.6649 peak-call-ms=8.2381 calls=61
[pipeline-stage] PPU finish mean-ms=0.0015 peak-call-ms=0.0128 calls=61
[pipeline-stage] action total mean-ms=0.3383 peak-call-ms=1.4625 calls=275
[pipeline-stage] action upload mean-ms=0.1826 peak-call-ms=1.2345 calls=61
[pipeline-stage] action analysis mean-ms=0.2942 peak-call-ms=3.5563 calls=61
[pipeline-stage] action setup mean-ms=0.0088 peak-call-ms=0.0541 calls=61
[pipeline-stage] action scanout mean-ms=1.6647 peak-call-ms=8.2374 calls=61
[pipeline-stage] action finish mean-ms=0.0014 peak-call-ms=0.0125 calls=61
[pipeline-stage] action host-post mean-ms=0.0110 peak-call-ms=0.0594 calls=61
[pipeline-stage] action synthesis mean-ms=0.1156 peak-call-ms=0.2320 calls=275
[pipeline-stage] action mesh mean-ms=0.0060 peak-call-ms=0.0220 calls=1375
[pipeline-stage] action supersample mean-ms=0.0230 peak-call-ms=0.0412 calls=275
[pipeline-stage] action DOF mean-ms=0.0291 peak-call-ms=0.0661 calls=275
[pipeline-stage] action submit mean-ms=0.0154 peak-call-ms=0.0268 calls=1970
[pipeline-stage] action callback mean-ms=0.0006 peak-call-ms=0.0007 calls=1375
[pipeline-work] ticks=0.22 repre=0.78 draws=7.2 vertices=495 upload-MiB=0.125 depth-MiB=0.000 depth-copy-MiB=0.000 depth-copy-calls=0.00 jobs=0.00 helpers=0.00 fallback=0.00 failed=0.00 (per-present)
[pipeline-traffic] upload-calls=0.64 skipped=0.54 scan-MiB=1.868 upload-MiB=0.125 mirror-realloc=0.00 (per-present)
[pipeline-atlas] reuse=0.00 copy-MiB=0.000 copy-calls=0.00 (per-present; copies are GPU-only)
[pipeline-path] cpu-project=0.00 cpu-stage=0.00 gpu-reuse=0.00 publish=0.00 opt-out=0.00 limit=0.00 rejected=0.00 (events/present, not view fallbacks)
[pipeline-perf] scene=Action 3D host=0 map=01/01 output=1280x800 frames=266 fps=264.8 cadence-ms=3.777 p95=14.064 max=18.615 refresh=3 vsync=0 cap=0 gpu-ms=unavailable
[pipeline-stage] events/input mean-ms=0.0657 peak-call-ms=8.1072 calls=266
[pipeline-stage] emulation mean-ms=0.0698 peak-call-ms=1.6887 calls=60
[pipeline-stage] PPU + capture mean-ms=1.7305 peak-call-ms=9.0180 calls=60
[pipeline-stage] world map build mean-ms=0.0001 peak-call-ms=0.0009 calls=60
[pipeline-stage] SIM metadata mean-ms=0.0058 peak-call-ms=0.0774 calls=60
[pipeline-stage] town canvas mean-ms=0.0003 peak-call-ms=0.0019 calls=60
[pipeline-stage] frame snapshot mean-ms=0.0131 peak-call-ms=0.0761 calls=60
[pipeline-stage] upload mean-ms=0.6720 peak-call-ms=6.7277 calls=60
[pipeline-stage] presentation mean-ms=0.3543 peak-call-ms=1.3370 calls=266
[pipeline-stage] CRT/resolve mean-ms=0.0123 peak-call-ms=0.0744 calls=532
[pipeline-stage] host UI mean-ms=0.0059 peak-call-ms=0.0724 calls=266
[pipeline-stage] settings UI mean-ms=0.0004 peak-call-ms=0.0014 calls=266
[pipeline-stage] present/wait mean-ms=0.7768 peak-call-ms=2.7477 calls=266
[pipeline-stage] pacing/sleep mean-ms=0.0005 peak-call-ms=0.0010 calls=266
[pipeline-stage] housekeeping mean-ms=0.0003 peak-call-ms=0.0045 calls=60
[pipeline-stage] PPU setup mean-ms=0.0092 peak-call-ms=0.0637 calls=60
[pipeline-stage] PPU scanout mean-ms=1.7106 peak-call-ms=8.9359 calls=60
[pipeline-stage] PPU finish mean-ms=0.0015 peak-call-ms=0.0131 calls=60
[pipeline-stage] action total mean-ms=0.3331 peak-call-ms=1.3075 calls=266
[pipeline-stage] action upload mean-ms=0.2275 peak-call-ms=2.6512 calls=60
[pipeline-stage] action analysis mean-ms=0.2965 peak-call-ms=3.8199 calls=60
[pipeline-stage] action setup mean-ms=0.0090 peak-call-ms=0.0633 calls=60
[pipeline-stage] action scanout mean-ms=1.7105 peak-call-ms=8.9351 calls=60
[pipeline-stage] action finish mean-ms=0.0014 peak-call-ms=0.0128 calls=60
[pipeline-stage] action host-post mean-ms=0.0112 peak-call-ms=0.1000 calls=60
[pipeline-stage] action synthesis mean-ms=0.1142 peak-call-ms=0.2558 calls=266
[pipeline-stage] action mesh mean-ms=0.0057 peak-call-ms=0.0151 calls=1330
[pipeline-stage] action supersample mean-ms=0.0230 peak-call-ms=0.0632 calls=266
[pipeline-stage] action DOF mean-ms=0.0282 peak-call-ms=0.0552 calls=266
[pipeline-stage] action submit mean-ms=0.0152 peak-call-ms=0.0541 calls=1898
[pipeline-stage] action callback mean-ms=0.0006 peak-call-ms=0.0014 calls=1330
[pipeline-work] ticks=0.23 repre=0.77 draws=7.1 vertices=495 upload-MiB=0.124 depth-MiB=0.000 depth-copy-MiB=0.000 depth-copy-calls=0.00 jobs=0.00 helpers=0.00 fallback=0.00 failed=0.00 (per-present)
[pipeline-traffic] upload-calls=0.64 skipped=0.56 scan-MiB=1.892 upload-MiB=0.124 mirror-realloc=0.00 (per-present)
[pipeline-atlas] reuse=0.00 copy-MiB=0.000 copy-calls=0.00 (per-present; copies are GPU-only)
[pipeline-path] cpu-project=0.00 cpu-stage=0.00 gpu-reuse=0.00 publish=0.00 opt-out=0.00 limit=0.00 rejected=0.00 (events/present, not view fallbacks)
[pipeline-perf] scene=Action 3D host=0 map=01/01 output=1280x800 frames=325 fps=323.7 cadence-ms=3.089 p95=11.137 max=19.155 refresh=3 vsync=0 cap=0 gpu-ms=unavailable
[pipeline-stage] events/input mean-ms=0.0817 peak-call-ms=8.2512 calls=325
[pipeline-stage] emulation mean-ms=0.0628 peak-call-ms=2.1354 calls=60
[pipeline-stage] PPU + capture mean-ms=1.4075 peak-call-ms=8.6407 calls=60
[pipeline-stage] world map build mean-ms=0.0001 peak-call-ms=0.0017 calls=60
[pipeline-stage] SIM metadata mean-ms=0.0050 peak-call-ms=0.0645 calls=60
[pipeline-stage] town canvas mean-ms=0.0002 peak-call-ms=0.0026 calls=60
[pipeline-stage] frame snapshot mean-ms=0.0112 peak-call-ms=0.1184 calls=60
[pipeline-stage] upload mean-ms=0.3407 peak-call-ms=3.5088 calls=60
[pipeline-stage] presentation mean-ms=0.3351 peak-call-ms=1.0937 calls=325
[pipeline-stage] CRT/resolve mean-ms=0.0121 peak-call-ms=0.0621 calls=650
[pipeline-stage] host UI mean-ms=0.0052 peak-call-ms=0.0130 calls=325
[pipeline-stage] settings UI mean-ms=0.0004 peak-call-ms=0.0009 calls=325
[pipeline-stage] present/wait mean-ms=0.7696 peak-call-ms=2.4116 calls=325
[pipeline-stage] pacing/sleep mean-ms=0.0005 peak-call-ms=0.0012 calls=325
[pipeline-stage] housekeeping mean-ms=0.0003 peak-call-ms=0.0041 calls=60
[pipeline-stage] PPU setup mean-ms=0.0075 peak-call-ms=0.0629 calls=60
[pipeline-stage] PPU scanout mean-ms=1.3900 peak-call-ms=8.5577 calls=60
[pipeline-stage] PPU finish mean-ms=0.0013 peak-call-ms=0.0157 calls=60
[pipeline-stage] action total mean-ms=0.3152 peak-call-ms=1.0668 calls=325
[pipeline-stage] action upload mean-ms=0.1373 peak-call-ms=2.5047 calls=60
[pipeline-stage] action analysis mean-ms=0.1113 peak-call-ms=1.7232 calls=60
[pipeline-stage] action setup mean-ms=0.0074 peak-call-ms=0.0619 calls=60
[pipeline-stage] action scanout mean-ms=1.3899 peak-call-ms=8.5572 calls=60
[pipeline-stage] action finish mean-ms=0.0012 peak-call-ms=0.0151 calls=60
[pipeline-stage] action host-post mean-ms=0.0095 peak-call-ms=0.0938 calls=60
[pipeline-stage] action synthesis mean-ms=0.1039 peak-call-ms=0.2040 calls=325
[pipeline-stage] action mesh mean-ms=0.0056 peak-call-ms=0.0026 calls=1625
[pipeline-stage] action supersample mean-ms=0.0228 peak-call-ms=0.0885 calls=325
[pipeline-stage] action DOF mean-ms=0.0304 peak-call-ms=0.0862 calls=325
[pipeline-stage] action submit mean-ms=0.0152 peak-call-ms=0.0584 calls=2275
[pipeline-stage] action callback mean-ms=0.0006 peak-call-ms=0.0149 calls=1625
[pipeline-work] ticks=0.18 repre=0.82 draws=7.0 vertices=494 upload-MiB=0.020 depth-MiB=0.000 depth-copy-MiB=0.000 depth-copy-calls=0.00 jobs=0.00 helpers=0.00 fallback=0.00 failed=0.00 (per-present)
[pipeline-traffic] upload-calls=0.38 skipped=0.55 scan-MiB=1.549 upload-MiB=0.020 mirror-realloc=0.00 (per-present)
[pipeline-atlas] reuse=0.00 copy-MiB=0.000 copy-calls=0.00 (per-present; copies are GPU-only)
[pipeline-path] cpu-project=0.00 cpu-stage=0.00 gpu-reuse=0.00 publish=0.00 opt-out=0.00 limit=0.00 rejected=0.00 (events/present, not view fallbacks)
[pipeline-perf] scene=Action 3D host=0 map=01/01 output=1280x800 frames=341 fps=339.5 cadence-ms=2.945 p95=10.846 max=18.674 refresh=3 vsync=0 cap=0 gpu-ms=unavailable
[pipeline-stage] events/input mean-ms=0.0547 peak-call-ms=7.8196 calls=341
[pipeline-stage] emulation mean-ms=0.0538 peak-call-ms=1.9647 calls=61
[pipeline-stage] PPU + capture mean-ms=1.3578 peak-call-ms=8.7960 calls=61
[pipeline-stage] world map build mean-ms=0.0001 peak-call-ms=0.0010 calls=61
[pipeline-stage] SIM metadata mean-ms=0.0046 peak-call-ms=0.0348 calls=61
[pipeline-stage] town canvas mean-ms=0.0002 peak-call-ms=0.0018 calls=61
[pipeline-stage] frame snapshot mean-ms=0.0107 peak-call-ms=0.0857 calls=61
[pipeline-stage] upload mean-ms=0.3297 peak-call-ms=3.4306 calls=61
[pipeline-stage] presentation mean-ms=0.3356 peak-call-ms=1.0966 calls=341
[pipeline-stage] CRT/resolve mean-ms=0.0122 peak-call-ms=0.0306 calls=682
[pipeline-stage] host UI mean-ms=0.0055 peak-call-ms=0.0304 calls=341
[pipeline-stage] settings UI mean-ms=0.0005 peak-call-ms=0.0214 calls=341
[pipeline-stage] present/wait mean-ms=0.7541 peak-call-ms=2.3636 calls=341
[pipeline-stage] pacing/sleep mean-ms=0.0004 peak-call-ms=0.0020 calls=341
[pipeline-stage] housekeeping mean-ms=0.0002 peak-call-ms=0.0022 calls=61
[pipeline-stage] PPU setup mean-ms=0.0071 peak-call-ms=0.0628 calls=61
[pipeline-stage] PPU scanout mean-ms=1.3424 peak-call-ms=8.7134 calls=61
[pipeline-stage] PPU finish mean-ms=0.0011 peak-call-ms=0.0095 calls=61
[pipeline-stage] action total mean-ms=0.3154 peak-call-ms=1.0718 calls=341
[pipeline-stage] action upload mean-ms=0.1283 peak-call-ms=2.2751 calls=61
[pipeline-stage] action analysis mean-ms=0.1121 peak-call-ms=1.2421 calls=61
[pipeline-stage] action setup mean-ms=0.0070 peak-call-ms=0.0626 calls=61
[pipeline-stage] action scanout mean-ms=1.3422 peak-call-ms=8.7128 calls=61
[pipeline-stage] action finish mean-ms=0.0011 peak-call-ms=0.0092 calls=61
[pipeline-stage] action host-post mean-ms=0.0090 peak-call-ms=0.0620 calls=61
[pipeline-stage] action synthesis mean-ms=0.1014 peak-call-ms=0.7751 calls=341
[pipeline-stage] action mesh mean-ms=0.0059 peak-call-ms=0.0175 calls=1705
[pipeline-stage] action supersample mean-ms=0.0231 peak-call-ms=0.0863 calls=341
[pipeline-stage] action DOF mean-ms=0.0318 peak-call-ms=0.0998 calls=341
[pipeline-stage] action submit mean-ms=0.0152 peak-call-ms=0.0348 calls=2387
[pipeline-stage] action callback mean-ms=0.0006 peak-call-ms=0.0010 calls=1705
[pipeline-work] ticks=0.18 repre=0.82 draws=7.0 vertices=494 upload-MiB=0.019 depth-MiB=0.000 depth-copy-MiB=0.000 depth-copy-calls=0.00 jobs=0.00 helpers=0.00 fallback=0.00 failed=0.00 (per-present)
[pipeline-traffic] upload-calls=0.36 skipped=0.54 scan-MiB=1.499 upload-MiB=0.019 mirror-realloc=0.00 (per-present)
[pipeline-atlas] reuse=0.00 copy-MiB=0.000 copy-calls=0.00 (per-present; copies are GPU-only)
[pipeline-path] cpu-project=0.00 cpu-stage=0.00 gpu-reuse=0.00 publish=0.00 opt-out=0.00 limit=0.00 rejected=0.00 (events/present, not view fallbacks)
[pipeline-perf] scene=Action 3D host=0 map=01/01 output=1280x800 frames=317 fps=312.4 cadence-ms=3.201 p95=11.019 max=18.442 refresh=3 vsync=0 cap=0 gpu-ms=unavailable
[pipeline-stage] events/input mean-ms=0.0840 peak-call-ms=7.8240 calls=317
[pipeline-stage] emulation mean-ms=0.0587 peak-call-ms=1.6991 calls=61
[pipeline-stage] PPU + capture mean-ms=1.4678 peak-call-ms=8.2630 calls=61
[pipeline-stage] world map build mean-ms=0.0001 peak-call-ms=0.0008 calls=61
[pipeline-stage] SIM metadata mean-ms=0.0048 peak-call-ms=0.0325 calls=61
[pipeline-stage] town canvas mean-ms=0.0002 peak-call-ms=0.0017 calls=61
[pipeline-stage] frame snapshot mean-ms=0.0111 peak-call-ms=0.0802 calls=61
[pipeline-stage] upload mean-ms=0.3443 peak-call-ms=2.1101 calls=61
[pipeline-stage] presentation mean-ms=0.3571 peak-call-ms=1.4308 calls=317
[pipeline-stage] CRT/resolve mean-ms=0.0132 peak-call-ms=0.1290 calls=634
[pipeline-stage] host UI mean-ms=0.0057 peak-call-ms=0.0294 calls=317
[pipeline-stage] settings UI mean-ms=0.0004 peak-call-ms=0.0014 calls=317
[pipeline-stage] present/wait mean-ms=0.7898 peak-call-ms=2.4148 calls=317
[pipeline-stage] pacing/sleep mean-ms=0.0005 peak-call-ms=0.0106 calls=317
[pipeline-stage] housekeeping mean-ms=0.0003 peak-call-ms=0.0029 calls=61
[pipeline-stage] PPU setup mean-ms=0.0077 peak-call-ms=0.0606 calls=61
[pipeline-stage] PPU scanout mean-ms=1.4508 peak-call-ms=8.1702 calls=61
[pipeline-stage] PPU finish mean-ms=0.0013 peak-call-ms=0.0129 calls=61
[pipeline-stage] action total mean-ms=0.3356 peak-call-ms=1.3897 calls=317
[pipeline-stage] action upload mean-ms=0.1308 peak-call-ms=0.9185 calls=61
[pipeline-stage] action analysis mean-ms=0.1187 peak-call-ms=0.8025 calls=61
[pipeline-stage] action setup mean-ms=0.0076 peak-call-ms=0.0597 calls=61
[pipeline-stage] action scanout mean-ms=1.4507 peak-call-ms=8.1696 calls=61
[pipeline-stage] action finish mean-ms=0.0012 peak-call-ms=0.0126 calls=61
[pipeline-stage] action host-post mean-ms=0.0094 peak-call-ms=0.0577 calls=61
[pipeline-stage] action synthesis mean-ms=0.1144 peak-call-ms=0.8687 calls=317
[pipeline-stage] action mesh mean-ms=0.0062 peak-call-ms=0.0578 calls=1585
[pipeline-stage] action supersample mean-ms=0.0229 peak-call-ms=0.0440 calls=317
[pipeline-stage] action DOF mean-ms=0.0316 peak-call-ms=0.1031 calls=317
[pipeline-stage] action submit mean-ms=0.0151 peak-call-ms=0.0229 calls=2219
[pipeline-stage] action callback mean-ms=0.0006 peak-call-ms=0.0008 calls=1585
[pipeline-work] ticks=0.19 repre=0.81 draws=7.0 vertices=494 upload-MiB=0.019 depth-MiB=0.000 depth-copy-MiB=0.000 depth-copy-calls=0.00 jobs=0.00 helpers=0.00 fallback=0.00 failed=0.00 (per-present)
[pipeline-traffic] upload-calls=0.39 skipped=0.58 scan-MiB=1.612 upload-MiB=0.019 mirror-realloc=0.00 (per-present)
[pipeline-atlas] reuse=0.00 copy-MiB=0.000 copy-calls=0.00 (per-present; copies are GPU-only)
[pipeline-path] cpu-project=0.00 cpu-stage=0.00 gpu-reuse=0.00 publish=0.00 opt-out=0.00 limit=0.00 rejected=0.00 (events/present, not view fallbacks)
[pipeline-perf] scene=Action 3D host=0 map=01/01 output=1280x800 frames=312 fps=311.0 cadence-ms=3.216 p95=11.325 max=18.819 refresh=3 vsync=0 cap=0 gpu-ms=unavailable
[pipeline-stage] events/input mean-ms=0.0851 peak-call-ms=8.0910 calls=312
[pipeline-stage] emulation mean-ms=0.0803 peak-call-ms=2.5647 calls=60
[pipeline-stage] PPU + capture mean-ms=1.4832 peak-call-ms=8.5857 calls=60
[pipeline-stage] world map build mean-ms=0.0001 peak-call-ms=0.0008 calls=60
[pipeline-stage] SIM metadata mean-ms=0.0048 peak-call-ms=0.0350 calls=60
[pipeline-stage] town canvas mean-ms=0.0002 peak-call-ms=0.0020 calls=60
[pipeline-stage] frame snapshot mean-ms=0.0112 peak-call-ms=0.0710 calls=60
[pipeline-stage] upload mean-ms=0.3485 peak-call-ms=2.3742 calls=60
[pipeline-stage] presentation mean-ms=0.3444 peak-call-ms=1.5319 calls=312
[pipeline-stage] CRT/resolve mean-ms=0.0120 peak-call-ms=0.0296 calls=624
[pipeline-stage] host UI mean-ms=0.0055 peak-call-ms=0.0201 calls=312
[pipeline-stage] settings UI mean-ms=0.0004 peak-call-ms=0.0011 calls=312
[pipeline-stage] present/wait mean-ms=0.7762 peak-call-ms=2.3236 calls=312
[pipeline-stage] pacing/sleep mean-ms=0.0005 peak-call-ms=0.0011 calls=312
[pipeline-stage] housekeeping mean-ms=0.0003 peak-call-ms=0.0033 calls=60
[pipeline-stage] PPU setup mean-ms=0.0078 peak-call-ms=0.0563 calls=60
[pipeline-stage] PPU scanout mean-ms=1.4662 peak-call-ms=8.5031 calls=60
[pipeline-stage] PPU finish mean-ms=0.0013 peak-call-ms=0.0135 calls=60
[pipeline-stage] action total mean-ms=0.3243 peak-call-ms=1.5004 calls=312
[pipeline-stage] action upload mean-ms=0.1329 peak-call-ms=0.9130 calls=60
[pipeline-stage] action analysis mean-ms=0.1193 peak-call-ms=0.9401 calls=60
[pipeline-stage] action setup mean-ms=0.0077 peak-call-ms=0.0558 calls=60
[pipeline-stage] action scanout mean-ms=1.4660 peak-call-ms=8.5024 calls=60
[pipeline-stage] action finish mean-ms=0.0013 peak-call-ms=0.0130 calls=60
[pipeline-stage] action host-post mean-ms=0.0095 peak-call-ms=0.0683 calls=60
[pipeline-stage] action synthesis mean-ms=0.1100 peak-call-ms=0.1893 calls=312
[pipeline-stage] action mesh mean-ms=0.0059 peak-call-ms=0.0180 calls=1560
[pipeline-stage] action supersample mean-ms=0.0231 peak-call-ms=0.0589 calls=312
[pipeline-stage] action DOF mean-ms=0.0300 peak-call-ms=0.0703 calls=312
[pipeline-stage] action submit mean-ms=0.0148 peak-call-ms=0.0294 calls=2184
[pipeline-stage] action callback mean-ms=0.0006 peak-call-ms=0.0007 calls=1560
[pipeline-work] ticks=0.19 repre=0.81 draws=7.0 vertices=494 upload-MiB=0.021 depth-MiB=0.000 depth-copy-MiB=0.000 depth-copy-calls=0.00 jobs=0.00 helpers=0.00 fallback=0.00 failed=0.00 (per-present)
[pipeline-traffic] upload-calls=0.39 skipped=0.58 scan-MiB=1.616 upload-MiB=0.021 mirror-realloc=0.00 (per-present)
[pipeline-atlas] reuse=0.00 copy-MiB=0.000 copy-calls=0.00 (per-present; copies are GPU-only)
[pipeline-path] cpu-project=0.00 cpu-stage=0.00 gpu-reuse=0.00 publish=0.00 opt-out=0.00 limit=0.00 rejected=0.00 (events/present, not view fallbacks)
[pipeline-perf] scene=Action 3D host=0 map=01/01 output=1280x800 frames=349 fps=344.9 cadence-ms=2.899 p95=10.570 max=18.276 refresh=3 vsync=0 cap=0 gpu-ms=unavailable
[pipeline-stage] events/input mean-ms=0.0544 peak-call-ms=7.6790 calls=349
[pipeline-stage] emulation mean-ms=0.0607 peak-call-ms=2.3063 calls=61
[pipeline-stage] PPU + capture mean-ms=1.3138 peak-call-ms=7.7914 calls=61
[pipeline-stage] world map build mean-ms=0.0001 peak-call-ms=0.0008 calls=61
[pipeline-stage] SIM metadata mean-ms=0.0044 peak-call-ms=0.0421 calls=61
[pipeline-stage] town canvas mean-ms=0.0002 peak-call-ms=0.0084 calls=61
[pipeline-stage] frame snapshot mean-ms=0.0104 peak-call-ms=0.1015 calls=61
[pipeline-stage] upload mean-ms=0.3054 peak-call-ms=2.0671 calls=61
[pipeline-stage] presentation mean-ms=0.3350 peak-call-ms=0.8708 calls=349
[pipeline-stage] CRT/resolve mean-ms=0.0118 peak-call-ms=0.0279 calls=698
[pipeline-stage] host UI mean-ms=0.0054 peak-call-ms=0.0215 calls=349
[pipeline-stage] settings UI mean-ms=0.0004 peak-call-ms=0.0022 calls=349
[pipeline-stage] present/wait mean-ms=0.7428 peak-call-ms=2.4335 calls=349
[pipeline-stage] pacing/sleep mean-ms=0.0005 peak-call-ms=0.0015 calls=349
[pipeline-stage] housekeeping mean-ms=0.0002 peak-call-ms=0.0032 calls=61
[pipeline-stage] PPU setup mean-ms=0.0070 peak-call-ms=0.0661 calls=61
[pipeline-stage] PPU scanout mean-ms=1.2987 peak-call-ms=7.7112 calls=61
[pipeline-stage] PPU finish mean-ms=0.0012 peak-call-ms=0.0099 calls=61
[pipeline-stage] action total mean-ms=0.3152 peak-call-ms=0.8384 calls=349
[pipeline-stage] action upload mean-ms=0.1188 peak-call-ms=0.8762 calls=61
[pipeline-stage] action analysis mean-ms=0.1030 peak-call-ms=0.6922 calls=61
[pipeline-stage] action setup mean-ms=0.0069 peak-call-ms=0.0658 calls=61
[pipeline-stage] action scanout mean-ms=1.2986 peak-call-ms=7.7106 calls=61
[pipeline-stage] action finish mean-ms=0.0011 peak-call-ms=0.0095 calls=61
[pipeline-stage] action host-post mean-ms=0.0086 peak-call-ms=0.0690 calls=61
[pipeline-stage] action synthesis mean-ms=0.1076 peak-call-ms=0.2427 calls=349
[pipeline-stage] action mesh mean-ms=0.0055 peak-call-ms=0.0157 calls=1745
[pipeline-stage] action supersample mean-ms=0.0224 peak-call-ms=0.0525 calls=349
[pipeline-stage] action DOF mean-ms=0.0291 peak-call-ms=0.0687 calls=349
[pipeline-stage] action submit mean-ms=0.0144 peak-call-ms=0.0211 calls=2443
[pipeline-stage] action callback mean-ms=0.0007 peak-call-ms=0.0173 calls=1745
[pipeline-work] ticks=0.17 repre=0.83 draws=7.0 vertices=494 upload-MiB=0.015 depth-MiB=0.000 depth-copy-MiB=0.000 depth-copy-calls=0.00 jobs=0.00 helpers=0.00 fallback=0.00 failed=0.00 (per-present)
[pipeline-traffic] upload-calls=0.36 skipped=0.52 scan-MiB=1.459 upload-MiB=0.015 mirror-realloc=0.00 (per-present)
[pipeline-atlas] reuse=0.00 copy-MiB=0.000 copy-calls=0.00 (per-present; copies are GPU-only)
[pipeline-path] cpu-project=0.00 cpu-stage=0.00 gpu-reuse=0.00 publish=0.00 opt-out=0.00 limit=0.00 rejected=0.00 (events/present, not view fallbacks)
[pipeline-perf] scene=Action 3D host=0 map=01/01 output=1280x800 frames=332 fps=331.0 cadence-ms=3.021 p95=10.590 max=18.562 refresh=3 vsync=0 cap=0 gpu-ms=unavailable
[pipeline-stage] events/input mean-ms=0.0804 peak-call-ms=7.9725 calls=332
[pipeline-stage] emulation mean-ms=0.0546 peak-call-ms=1.6880 calls=60
[pipeline-stage] PPU + capture mean-ms=1.3564 peak-call-ms=7.7869 calls=60
[pipeline-stage] world map build mean-ms=0.0001 peak-call-ms=0.0010 calls=60
[pipeline-stage] SIM metadata mean-ms=0.0045 peak-call-ms=0.0316 calls=60
[pipeline-stage] town canvas mean-ms=0.0002 peak-call-ms=0.0016 calls=60
[pipeline-stage] frame snapshot mean-ms=0.0106 peak-call-ms=0.0692 calls=60
[pipeline-stage] upload mean-ms=0.3172 peak-call-ms=2.2217 calls=60
[pipeline-stage] presentation mean-ms=0.3416 peak-call-ms=0.8823 calls=332
[pipeline-stage] CRT/resolve mean-ms=0.0119 peak-call-ms=0.0300 calls=664
[pipeline-stage] host UI mean-ms=0.0056 peak-call-ms=0.0271 calls=332
[pipeline-stage] settings UI mean-ms=0.0004 peak-call-ms=0.0016 calls=332
[pipeline-stage] present/wait mean-ms=0.7801 peak-call-ms=2.4134 calls=332
[pipeline-stage] pacing/sleep mean-ms=0.0005 peak-call-ms=0.0013 calls=332
[pipeline-stage] housekeeping mean-ms=0.0002 peak-call-ms=0.0027 calls=60
[pipeline-stage] PPU setup mean-ms=0.0073 peak-call-ms=0.0554 calls=60
[pipeline-stage] PPU scanout mean-ms=1.3406 peak-call-ms=7.7022 calls=60
[pipeline-stage] PPU finish mean-ms=0.0012 peak-call-ms=0.0083 calls=60
[pipeline-stage] action total mean-ms=0.3216 peak-call-ms=0.8540 calls=332
[pipeline-stage] action upload mean-ms=0.1210 peak-call-ms=0.9292 calls=60
[pipeline-stage] action analysis mean-ms=0.1093 peak-call-ms=0.7895 calls=60
[pipeline-stage] action setup mean-ms=0.0072 peak-call-ms=0.0551 calls=60
[pipeline-stage] action scanout mean-ms=1.3405 peak-call-ms=7.7016 calls=60
[pipeline-stage] action finish mean-ms=0.0012 peak-call-ms=0.0079 calls=60
[pipeline-stage] action host-post mean-ms=0.0088 peak-call-ms=0.0566 calls=60
[pipeline-stage] action synthesis mean-ms=0.1094 peak-call-ms=0.1812 calls=332
[pipeline-stage] action mesh mean-ms=0.0057 peak-call-ms=0.0131 calls=1660
[pipeline-stage] action supersample mean-ms=0.0227 peak-call-ms=0.0501 calls=332
[pipeline-stage] action DOF mean-ms=0.0298 peak-call-ms=0.0547 calls=332
[pipeline-stage] action submit mean-ms=0.0145 peak-call-ms=0.0158 calls=2324
[pipeline-stage] action callback mean-ms=0.0006 peak-call-ms=0.0006 calls=1660
[pipeline-work] ticks=0.18 repre=0.82 draws=7.0 vertices=494 upload-MiB=0.012 depth-MiB=0.000 depth-copy-MiB=0.000 depth-copy-calls=0.00 jobs=0.00 helpers=0.00 fallback=0.00 failed=0.00 (per-present)
[pipeline-traffic] upload-calls=0.37 skipped=0.54 scan-MiB=1.511 upload-MiB=0.012 mirror-realloc=0.00 (per-present)
[pipeline-atlas] reuse=0.00 copy-MiB=0.000 copy-calls=0.00 (per-present; copies are GPU-only)
[pipeline-path] cpu-project=0.00 cpu-stage=0.00 gpu-reuse=0.00 publish=0.00 opt-out=0.00 limit=0.00 rejected=0.00 (events/present, not view fallbacks)
[pipeline-perf] scene=Action 3D host=0 map=01/01 output=1280x800 frames=318 fps=313.8 cadence-ms=3.187 p95=10.980 max=19.419 refresh=3 vsync=0 cap=0 gpu-ms=unavailable
[pipeline-stage] events/input mean-ms=0.0859 peak-call-ms=8.0736 calls=318
[pipeline-stage] emulation mean-ms=0.0714 peak-call-ms=1.7208 calls=61
[pipeline-stage] PPU + capture mean-ms=1.4651 peak-call-ms=8.2115 calls=61
[pipeline-stage] world map build mean-ms=0.0001 peak-call-ms=0.0019 calls=61
[pipeline-stage] SIM metadata mean-ms=0.0049 peak-call-ms=0.0520 calls=61
[pipeline-stage] town canvas mean-ms=0.0003 peak-call-ms=0.0225 calls=61
[pipeline-stage] frame snapshot mean-ms=0.0112 peak-call-ms=0.0910 calls=61
[pipeline-stage] upload mean-ms=0.3315 peak-call-ms=2.4103 calls=61
[pipeline-stage] presentation mean-ms=0.3505 peak-call-ms=0.8734 calls=318
[pipeline-stage] CRT/resolve mean-ms=0.0123 peak-call-ms=0.0290 calls=636
[pipeline-stage] host UI mean-ms=0.0057 peak-call-ms=0.0267 calls=318
[pipeline-stage] settings UI mean-ms=0.0004 peak-call-ms=0.0013 calls=318
[pipeline-stage] present/wait mean-ms=0.7822 peak-call-ms=2.2864 calls=318
[pipeline-stage] pacing/sleep mean-ms=0.0005 peak-call-ms=0.0012 calls=318
[pipeline-stage] housekeeping mean-ms=0.0003 peak-call-ms=0.0102 calls=61
[pipeline-stage] PPU setup mean-ms=0.0078 peak-call-ms=0.0561 calls=61
[pipeline-stage] PPU scanout mean-ms=1.4476 peak-call-ms=8.1303 calls=61
[pipeline-stage] PPU finish mean-ms=0.0014 peak-call-ms=0.0163 calls=61
[pipeline-stage] action total mean-ms=0.3299 peak-call-ms=0.8439 calls=318
[pipeline-stage] action upload mean-ms=0.1284 peak-call-ms=0.8590 calls=61
[pipeline-stage] action analysis mean-ms=0.1200 peak-call-ms=1.3333 calls=61
[pipeline-stage] action setup mean-ms=0.0077 peak-call-ms=0.0550 calls=61
[pipeline-stage] action scanout mean-ms=1.4475 peak-call-ms=8.1294 calls=61
[pipeline-stage] action finish mean-ms=0.0013 peak-call-ms=0.0155 calls=61
[pipeline-stage] action host-post mean-ms=0.0096 peak-call-ms=0.0816 calls=61
[pipeline-stage] action synthesis mean-ms=0.1126 peak-call-ms=0.1951 calls=318
[pipeline-stage] action mesh mean-ms=0.0057 peak-call-ms=0.0023 calls=1590
[pipeline-stage] action supersample mean-ms=0.0232 peak-call-ms=0.0643 calls=318
[pipeline-stage] action DOF mean-ms=0.0306 peak-call-ms=0.0991 calls=318
[pipeline-stage] action submit mean-ms=0.0154 peak-call-ms=0.0402 calls=2226
[pipeline-stage] action callback mean-ms=0.0006 peak-call-ms=0.0007 calls=1590
[pipeline-work] ticks=0.19 repre=0.81 draws=7.0 vertices=494 upload-MiB=0.007 depth-MiB=0.000 depth-copy-MiB=0.000 depth-copy-calls=0.00 jobs=0.00 helpers=0.00 fallback=0.00 failed=0.00 (per-present)
[pipeline-traffic] upload-calls=0.36 skipped=0.58 scan-MiB=1.605 upload-MiB=0.007 mirror-realloc=0.00 (per-present)
[pipeline-atlas] reuse=0.00 copy-MiB=0.000 copy-calls=0.00 (per-present; copies are GPU-only)
[pipeline-path] cpu-project=0.00 cpu-stage=0.00 gpu-reuse=0.00 publish=0.00 opt-out=0.00 limit=0.00 rejected=0.00 (events/present, not view fallbacks)
[pipeline-perf] scene=Action 3D host=0 map=01/01 output=1280x800 frames=322 fps=320.7 cadence-ms=3.118 p95=10.849 max=18.167 refresh=3 vsync=0 cap=0 gpu-ms=unavailable
[pipeline-stage] events/input mean-ms=0.0593 peak-call-ms=7.8471 calls=322
[pipeline-stage] emulation mean-ms=0.0718 peak-call-ms=1.7544 calls=60
[pipeline-stage] PPU + capture mean-ms=1.4398 peak-call-ms=8.5581 calls=60
[pipeline-stage] world map build mean-ms=0.0001 peak-call-ms=0.0010 calls=60
[pipeline-stage] SIM metadata mean-ms=0.0048 peak-call-ms=0.0424 calls=60
[pipeline-stage] town canvas mean-ms=0.0002 peak-call-ms=0.0018 calls=60
[pipeline-stage] frame snapshot mean-ms=0.0112 peak-call-ms=0.1051 calls=60
[pipeline-stage] upload mean-ms=0.2953 peak-call-ms=2.0519 calls=60
[pipeline-stage] presentation mean-ms=0.3437 peak-call-ms=0.8344 calls=322
[pipeline-stage] CRT/resolve mean-ms=0.0123 peak-call-ms=0.0424 calls=644
[pipeline-stage] host UI mean-ms=0.0054 peak-call-ms=0.0212 calls=322
[pipeline-stage] settings UI mean-ms=0.0004 peak-call-ms=0.0013 calls=322
[pipeline-stage] present/wait mean-ms=0.8074 peak-call-ms=2.4042 calls=322
[pipeline-stage] pacing/sleep mean-ms=0.0005 peak-call-ms=0.0014 calls=322
[pipeline-stage] housekeeping mean-ms=0.0003 peak-call-ms=0.0027 calls=60
[pipeline-stage] PPU setup mean-ms=0.0075 peak-call-ms=0.0515 calls=60
[pipeline-stage] PPU scanout mean-ms=1.4231 peak-call-ms=8.4792 calls=60
[pipeline-stage] PPU finish mean-ms=0.0013 peak-call-ms=0.0102 calls=60
[pipeline-stage] action total mean-ms=0.3234 peak-call-ms=0.8088 calls=322
[pipeline-stage] action upload mean-ms=0.1363 peak-call-ms=0.9443 calls=60
[pipeline-stage] action analysis mean-ms=0.1129 peak-call-ms=0.8883 calls=60
[pipeline-stage] action setup mean-ms=0.0074 peak-call-ms=0.0510 calls=60
[pipeline-stage] action scanout mean-ms=1.4229 peak-call-ms=8.4785 calls=60
[pipeline-stage] action finish mean-ms=0.0012 peak-call-ms=0.0099 calls=60
[pipeline-stage] action host-post mean-ms=0.0093 peak-call-ms=0.0874 calls=60
[pipeline-stage] action synthesis mean-ms=0.1105 peak-call-ms=0.1990 calls=322
[pipeline-stage] action mesh mean-ms=0.0059 peak-call-ms=0.0267 calls=1610
[pipeline-stage] action supersample mean-ms=0.0229 peak-call-ms=0.0620 calls=322
[pipeline-stage] action DOF mean-ms=0.0300 peak-call-ms=0.0777 calls=322
[pipeline-stage] action submit mean-ms=0.0152 peak-call-ms=0.0279 calls=2254
[pipeline-stage] action callback mean-ms=0.0006 peak-call-ms=0.0006 calls=1610
[pipeline-work] ticks=0.19 repre=0.81 draws=7.0 vertices=494 upload-MiB=0.005 depth-MiB=0.000 depth-copy-MiB=0.000 depth-copy-calls=0.00 jobs=0.00 helpers=0.00 fallback=0.00 failed=0.00 (per-present)
[pipeline-traffic] upload-calls=0.20 skipped=0.56 scan-MiB=1.547 upload-MiB=0.005 mirror-realloc=0.00 (per-present)
[pipeline-atlas] reuse=0.00 copy-MiB=0.000 copy-calls=0.00 (per-present; copies are GPU-only)
[pipeline-path] cpu-project=0.00 cpu-stage=0.00 gpu-reuse=0.00 publish=0.00 opt-out=0.00 limit=0.00 rejected=0.00 (events/present, not view fallbacks)
[pipeline-perf] scene=Action 3D host=0 map=01/01 output=1280x800 frames=342 fps=337.4 cadence-ms=2.963 p95=10.545 max=18.828 refresh=3 vsync=0 cap=0 gpu-ms=unavailable
[pipeline-stage] events/input mean-ms=0.0805 peak-call-ms=8.1919 calls=342
[pipeline-stage] emulation mean-ms=0.0512 peak-call-ms=1.7230 calls=61
[pipeline-stage] PPU + capture mean-ms=1.3422 peak-call-ms=7.7393 calls=61
[pipeline-stage] world map build mean-ms=0.0001 peak-call-ms=0.0007 calls=61
[pipeline-stage] SIM metadata mean-ms=0.0045 peak-call-ms=0.0335 calls=61
[pipeline-stage] town canvas mean-ms=0.0002 peak-call-ms=0.0019 calls=61
[pipeline-stage] frame snapshot mean-ms=0.0108 peak-call-ms=0.0798 calls=61
[pipeline-stage] upload mean-ms=0.3101 peak-call-ms=1.9540 calls=61
[pipeline-stage] presentation mean-ms=0.3393 peak-call-ms=0.9712 calls=342
[pipeline-stage] CRT/resolve mean-ms=0.0120 peak-call-ms=0.0456 calls=684
[pipeline-stage] host UI mean-ms=0.0055 peak-call-ms=0.0244 calls=342
[pipeline-stage] settings UI mean-ms=0.0004 peak-call-ms=0.0015 calls=342
[pipeline-stage] present/wait mean-ms=0.7480 peak-call-ms=2.3559 calls=342
[pipeline-stage] pacing/sleep mean-ms=0.0005 peak-call-ms=0.0014 calls=342
[pipeline-stage] housekeeping mean-ms=0.0002 peak-call-ms=0.0024 calls=61
[pipeline-stage] PPU setup mean-ms=0.0070 peak-call-ms=0.0531 calls=61
[pipeline-stage] PPU scanout mean-ms=1.3270 peak-call-ms=7.6560 calls=61
[pipeline-stage] PPU finish mean-ms=0.0012 peak-call-ms=0.0081 calls=61
[pipeline-stage] action total mean-ms=0.3191 peak-call-ms=0.9419 calls=342
[pipeline-stage] action upload mean-ms=0.1217 peak-call-ms=0.8327 calls=61
[pipeline-stage] action analysis mean-ms=0.1082 peak-call-ms=0.7432 calls=61
[pipeline-stage] action setup mean-ms=0.0070 peak-call-ms=0.0525 calls=61
[pipeline-stage] action scanout mean-ms=1.3269 peak-call-ms=7.6553 calls=61
[pipeline-stage] action finish mean-ms=0.0011 peak-call-ms=0.0078 calls=61
[pipeline-stage] action host-post mean-ms=0.0089 peak-call-ms=0.0597 calls=61
[pipeline-stage] action synthesis mean-ms=0.1072 peak-call-ms=0.2262 calls=342
[pipeline-stage] action mesh mean-ms=0.0056 peak-call-ms=0.0034 calls=1710
[pipeline-stage] action supersample mean-ms=0.0228 peak-call-ms=0.0510 calls=342
[pipeline-stage] action DOF mean-ms=0.0304 peak-call-ms=0.0663 calls=342
[pipeline-stage] action submit mean-ms=0.0146 peak-call-ms=0.0240 calls=2394
[pipeline-stage] action callback mean-ms=0.0006 peak-call-ms=0.0010 calls=1710
[pipeline-work] ticks=0.18 repre=0.82 draws=7.0 vertices=494 upload-MiB=0.015 depth-MiB=0.000 depth-copy-MiB=0.000 depth-copy-calls=0.00 jobs=0.00 helpers=0.00 fallback=0.00 failed=0.00 (per-present)
[pipeline-traffic] upload-calls=0.34 skipped=0.54 scan-MiB=1.492 upload-MiB=0.015 mirror-realloc=0.00 (per-present)
[pipeline-atlas] reuse=0.00 copy-MiB=0.000 copy-calls=0.00 (per-present; copies are GPU-only)
[pipeline-path] cpu-project=0.00 cpu-stage=0.00 gpu-reuse=0.00 publish=0.00 opt-out=0.00 limit=0.00 rejected=0.00 (events/present, not view fallbacks)
[pipeline-perf] scene=Action 3D host=0 map=01/01 output=1280x800 frames=322 fps=320.7 cadence-ms=3.118 p95=10.946 max=18.170 refresh=3 vsync=0 cap=0 gpu-ms=unavailable
[pipeline-stage] events/input mean-ms=0.0599 peak-call-ms=7.6015 calls=322
[pipeline-stage] emulation mean-ms=0.0569 peak-call-ms=1.7017 calls=60
[pipeline-stage] PPU + capture mean-ms=1.4331 peak-call-ms=8.5746 calls=60
[pipeline-stage] world map build mean-ms=0.0001 peak-call-ms=0.0009 calls=60
[pipeline-stage] SIM metadata mean-ms=0.0046 peak-call-ms=0.0337 calls=60
[pipeline-stage] town canvas mean-ms=0.0002 peak-call-ms=0.0018 calls=60
[pipeline-stage] frame snapshot mean-ms=0.0109 peak-call-ms=0.0746 calls=60
[pipeline-stage] upload mean-ms=0.3579 peak-call-ms=2.8836 calls=60
[pipeline-stage] presentation mean-ms=0.3478 peak-call-ms=1.0500 calls=322
[pipeline-stage] CRT/resolve mean-ms=0.0124 peak-call-ms=0.0303 calls=644
[pipeline-stage] host UI mean-ms=0.0058 peak-call-ms=0.0269 calls=322
[pipeline-stage] settings UI mean-ms=0.0004 peak-call-ms=0.0016 calls=322
[pipeline-stage] present/wait mean-ms=0.7607 peak-call-ms=2.1474 calls=322
[pipeline-stage] pacing/sleep mean-ms=0.0005 peak-call-ms=0.0016 calls=322
[pipeline-stage] housekeeping mean-ms=0.0002 peak-call-ms=0.0028 calls=60
[pipeline-stage] PPU setup mean-ms=0.0076 peak-call-ms=0.0774 calls=60
[pipeline-stage] PPU scanout mean-ms=1.4166 peak-call-ms=8.4870 calls=60
[pipeline-stage] PPU finish mean-ms=0.0013 peak-call-ms=0.0086 calls=60
[pipeline-stage] action total mean-ms=0.3268 peak-call-ms=1.0100 calls=322
[pipeline-stage] action upload mean-ms=0.1307 peak-call-ms=0.9068 calls=60
[pipeline-stage] action analysis mean-ms=0.1220 peak-call-ms=1.5521 calls=60
[pipeline-stage] action setup mean-ms=0.0075 peak-call-ms=0.0768 calls=60
[pipeline-stage] action scanout mean-ms=1.4165 peak-call-ms=8.4863 calls=60
[pipeline-stage] action finish mean-ms=0.0012 peak-call-ms=0.0083 calls=60
[pipeline-stage] action host-post mean-ms=0.0090 peak-call-ms=0.0637 calls=60
[pipeline-stage] action synthesis mean-ms=0.1080 peak-call-ms=0.1939 calls=322
[pipeline-stage] action mesh mean-ms=0.0058 peak-call-ms=0.0188 calls=1610
[pipeline-stage] action supersample mean-ms=0.0236 peak-call-ms=0.0709 calls=322
[pipeline-stage] action DOF mean-ms=0.0311 peak-call-ms=0.0778 calls=322
[pipeline-stage] action submit mean-ms=0.0152 peak-call-ms=0.0219 calls=2254
[pipeline-stage] action callback mean-ms=0.0006 peak-call-ms=0.0008 calls=1610
[pipeline-work] ticks=0.19 repre=0.81 draws=7.0 vertices=494 upload-MiB=0.053 depth-MiB=0.000 depth-copy-MiB=0.000 depth-copy-calls=0.00 jobs=0.00 helpers=0.00 fallback=0.00 failed=0.00 (per-present)
[pipeline-traffic] upload-calls=0.38 skipped=0.56 scan-MiB=1.587 upload-MiB=0.053 mirror-realloc=0.00 (per-present)
[pipeline-atlas] reuse=0.00 copy-MiB=0.000 copy-calls=0.00 (per-present; copies are GPU-only)
[pipeline-path] cpu-project=0.00 cpu-stage=0.00 gpu-reuse=0.00 publish=0.00 opt-out=0.00 limit=0.00 rejected=0.00 (events/present, not view fallbacks)
[action-fx] first scene accents captured: actors=1/1 decorations=0/0 (lighting=1 particles=1)
[action-fx] first scene accent geometry submitted: 1 effect(s), 586 vertices / 1548 indices (lighting=1 particles=1)
[pipeline-perf] scene=Action 3D host=0 map=01/01 output=1280x800 frames=309 fps=304.2 cadence-ms=3.287 p95=11.657 max=18.541 refresh=3 vsync=0 cap=0 gpu-ms=unavailable
[pipeline-stage] events/input mean-ms=0.0853 peak-call-ms=7.6098 calls=309
[pipeline-stage] emulation mean-ms=0.0901 peak-call-ms=2.4992 calls=61
[pipeline-stage] PPU + capture mean-ms=1.5327 peak-call-ms=8.6634 calls=61
[pipeline-stage] world map build mean-ms=0.0001 peak-call-ms=0.0013 calls=61
[pipeline-stage] SIM metadata mean-ms=0.0050 peak-call-ms=0.0515 calls=61
[pipeline-stage] town canvas mean-ms=0.0002 peak-call-ms=0.0024 calls=61
[pipeline-stage] frame snapshot mean-ms=0.0124 peak-call-ms=0.2527 calls=61
[pipeline-stage] upload mean-ms=0.3886 peak-call-ms=3.8834 calls=61
[pipeline-stage] presentation mean-ms=0.3682 peak-call-ms=1.0629 calls=309
[pipeline-stage] CRT/resolve mean-ms=0.0122 peak-call-ms=0.0247 calls=618
[pipeline-stage] host UI mean-ms=0.0057 peak-call-ms=0.0208 calls=309
[pipeline-stage] settings UI mean-ms=0.0005 peak-call-ms=0.0162 calls=309
[pipeline-stage] present/wait mean-ms=0.7171 peak-call-ms=2.4324 calls=309
[pipeline-stage] pacing/sleep mean-ms=0.0005 peak-call-ms=0.0013 calls=309
[pipeline-stage] housekeeping mean-ms=0.0003 peak-call-ms=0.0035 calls=61
[pipeline-stage] PPU setup mean-ms=0.0079 peak-call-ms=0.0831 calls=61
[pipeline-stage] PPU scanout mean-ms=1.5155 peak-call-ms=8.5823 calls=61
[pipeline-stage] PPU finish mean-ms=0.0013 peak-call-ms=0.0129 calls=61
[pipeline-stage] action total mean-ms=0.3476 peak-call-ms=1.0223 calls=309
[pipeline-stage] action upload mean-ms=0.1371 peak-call-ms=1.1682 calls=61
[pipeline-stage] action analysis mean-ms=0.1368 peak-call-ms=2.1127 calls=61
[pipeline-stage] action setup mean-ms=0.0078 peak-call-ms=0.0824 calls=61
[pipeline-stage] action scanout mean-ms=1.5153 peak-call-ms=8.5817 calls=61
[pipeline-stage] action finish mean-ms=0.0013 peak-call-ms=0.0122 calls=61
[pipeline-stage] action host-post mean-ms=0.0099 peak-call-ms=0.1360 calls=61
[pipeline-stage] action synthesis mean-ms=0.1117 peak-call-ms=0.5524 calls=309
[pipeline-stage] action mesh mean-ms=0.0060 peak-call-ms=0.0509 calls=1545
[pipeline-stage] action supersample mean-ms=0.0234 peak-call-ms=0.0738 calls=309
[pipeline-stage] action DOF mean-ms=0.0310 peak-call-ms=0.1033 calls=309
[pipeline-stage] action submit mean-ms=0.0154 peak-call-ms=0.0554 calls=2163
[pipeline-stage] action callback mean-ms=0.0132 peak-call-ms=0.2506 calls=1652
[pipeline-work] ticks=0.20 repre=0.80 draws=7.0 vertices=494 upload-MiB=0.068 depth-MiB=0.000 depth-copy-MiB=0.000 depth-copy-calls=0.00 jobs=0.00 helpers=0.00 fallback=0.00 failed=0.00 (per-present)
[pipeline-traffic] upload-calls=0.42 skipped=0.58 scan-MiB=1.691 upload-MiB=0.068 mirror-realloc=0.00 (per-present)
[pipeline-atlas] reuse=0.00 copy-MiB=0.000 copy-calls=0.00 (per-present; copies are GPU-only)
[pipeline-path] cpu-project=0.00 cpu-stage=0.00 gpu-reuse=0.00 publish=0.00 opt-out=0.00 limit=0.00 rejected=0.00 (events/present, not view fallbacks)
[pipeline-perf] scene=Action 3D host=0 map=01/01 output=1280x800 frames=274 fps=272.9 cadence-ms=3.665 p95=12.890 max=21.075 refresh=3 vsync=0 cap=0 gpu-ms=unavailable
[pipeline-stage] events/input mean-ms=0.0676 peak-call-ms=8.2907 calls=274
[pipeline-stage] emulation mean-ms=0.1086 peak-call-ms=2.4516 calls=60
[pipeline-stage] PPU + capture mean-ms=1.6339 peak-call-ms=7.7013 calls=60
[pipeline-stage] world map build mean-ms=0.0002 peak-call-ms=0.0087 calls=60
[pipeline-stage] SIM metadata mean-ms=0.0055 peak-call-ms=0.0355 calls=60
[pipeline-stage] town canvas mean-ms=0.0003 peak-call-ms=0.0018 calls=60
[pipeline-stage] frame snapshot mean-ms=0.0130 peak-call-ms=0.0752 calls=60
[pipeline-stage] upload mean-ms=0.6580 peak-call-ms=4.2384 calls=60
[pipeline-stage] presentation mean-ms=0.3849 peak-call-ms=0.8949 calls=274
[pipeline-stage] CRT/resolve mean-ms=0.0120 peak-call-ms=0.0185 calls=548
[pipeline-stage] host UI mean-ms=0.0056 peak-call-ms=0.0121 calls=274
[pipeline-stage] settings UI mean-ms=0.0004 peak-call-ms=0.0013 calls=274
[pipeline-stage] present/wait mean-ms=0.7062 peak-call-ms=2.6248 calls=274
[pipeline-stage] pacing/sleep mean-ms=0.0005 peak-call-ms=0.0013 calls=274
[pipeline-stage] housekeeping mean-ms=0.0003 peak-call-ms=0.0026 calls=60
[pipeline-stage] PPU setup mean-ms=0.0088 peak-call-ms=0.0568 calls=60
[pipeline-stage] PPU scanout mean-ms=1.6135 peak-call-ms=7.5893 calls=60
[pipeline-stage] PPU finish mean-ms=0.0021 peak-call-ms=0.0257 calls=60
[pipeline-stage] action total mean-ms=0.3645 peak-call-ms=0.8671 calls=274
[pipeline-stage] action upload mean-ms=0.2182 peak-call-ms=1.4433 calls=60
[pipeline-stage] action analysis mean-ms=0.3221 peak-call-ms=2.4523 calls=60
[pipeline-stage] action setup mean-ms=0.0087 peak-call-ms=0.0557 calls=60
[pipeline-stage] action scanout mean-ms=1.6134 peak-call-ms=7.5886 calls=60
[pipeline-stage] action finish mean-ms=0.0021 peak-call-ms=0.0253 calls=60
[pipeline-stage] action host-post mean-ms=0.0108 peak-call-ms=0.0636 calls=60
[pipeline-stage] action synthesis mean-ms=0.1238 peak-call-ms=0.2081 calls=274
[pipeline-stage] action mesh mean-ms=0.0057 peak-call-ms=0.0155 calls=1370
[pipeline-stage] action supersample mean-ms=0.0229 peak-call-ms=0.0505 calls=274
[pipeline-stage] action DOF mean-ms=0.0294 peak-call-ms=0.0705 calls=274
[pipeline-stage] action submit mean-ms=0.0152 peak-call-ms=0.0934 calls=1918
[pipeline-stage] action callback mean-ms=0.0220 peak-call-ms=0.0555 calls=1548
[pipeline-work] ticks=0.22 repre=0.78 draws=7.0 vertices=494 upload-MiB=0.167 depth-MiB=0.000 depth-copy-MiB=0.000 depth-copy-calls=0.00 jobs=0.00 helpers=0.00 fallback=0.00 failed=0.00 (per-present)
[pipeline-traffic] upload-calls=0.68 skipped=0.41 scan-MiB=1.853 upload-MiB=0.167 mirror-realloc=0.00 (per-present)
[pipeline-atlas] reuse=0.00 copy-MiB=0.000 copy-calls=0.00 (per-present; copies are GPU-only)
[pipeline-path] cpu-project=0.00 cpu-stage=0.00 gpu-reuse=0.00 publish=0.00 opt-out=0.00 limit=0.00 rejected=0.00 (events/present, not view fallbacks)
[pipeline-perf] scene=Action 3D host=0 map=01/01 output=1280x800 frames=355 fps=353.5 cadence-ms=2.829 p95=10.089 max=18.398 refresh=3 vsync=0 cap=0 gpu-ms=unavailable
[pipeline-stage] events/input mean-ms=0.0758 peak-call-ms=8.1931 calls=355
[pipeline-stage] emulation mean-ms=0.0515 peak-call-ms=1.8338 calls=61
[pipeline-stage] PPU + capture mean-ms=1.2675 peak-call-ms=7.8541 calls=61
[pipeline-stage] world map build mean-ms=0.0001 peak-call-ms=0.0009 calls=61
[pipeline-stage] SIM metadata mean-ms=0.0042 peak-call-ms=0.0348 calls=61
[pipeline-stage] town canvas mean-ms=0.0002 peak-call-ms=0.0016 calls=61
[pipeline-stage] frame snapshot mean-ms=0.0100 peak-call-ms=0.0806 calls=61
[pipeline-stage] upload mean-ms=0.1979 peak-call-ms=1.9232 calls=61
[pipeline-stage] presentation mean-ms=0.2911 peak-call-ms=0.8274 calls=355
[pipeline-stage] CRT/resolve mean-ms=0.0127 peak-call-ms=0.0985 calls=710
[pipeline-stage] host UI mean-ms=0.0055 peak-call-ms=0.0314 calls=355
[pipeline-stage] settings UI mean-ms=0.0004 peak-call-ms=0.0012 calls=355
[pipeline-stage] present/wait mean-ms=0.8815 peak-call-ms=3.3576 calls=355
[pipeline-stage] pacing/sleep mean-ms=0.0004 peak-call-ms=0.0011 calls=355
[pipeline-stage] housekeeping mean-ms=0.0002 peak-call-ms=0.0033 calls=61
[pipeline-stage] PPU setup mean-ms=0.0069 peak-call-ms=0.0610 calls=61
[pipeline-stage] PPU scanout mean-ms=1.2489 peak-call-ms=7.7451 calls=61
[pipeline-stage] PPU finish mean-ms=0.0043 peak-call-ms=0.0390 calls=61
[pipeline-stage] action total mean-ms=0.2704 peak-call-ms=0.7964 calls=355
[pipeline-stage] action upload mean-ms=0.0999 peak-call-ms=1.0076 calls=61
[pipeline-stage] action analysis mean-ms=0.0556 peak-call-ms=0.8315 calls=61
[pipeline-stage] action setup mean-ms=0.0069 peak-call-ms=0.0606 calls=61
[pipeline-stage] action scanout mean-ms=1.2488 peak-call-ms=7.7443 calls=61
[pipeline-stage] action finish mean-ms=0.0042 peak-call-ms=0.0386 calls=61
[pipeline-stage] action host-post mean-ms=0.0083 peak-call-ms=0.0695 calls=61
[pipeline-stage] action synthesis mean-ms=0.0340 peak-call-ms=0.2126 calls=355
[pipeline-stage] action mesh mean-ms=0.0061 peak-call-ms=0.0238 calls=1775
[pipeline-stage] action supersample mean-ms=0.0238 peak-call-ms=0.0574 calls=355
[pipeline-stage] action DOF mean-ms=0.0486 peak-call-ms=0.1345 calls=355
[pipeline-stage] action submit mean-ms=0.0169 peak-call-ms=0.0217 calls=2485
[pipeline-stage] action callback mean-ms=0.0006 peak-call-ms=0.0008 calls=1775
[pipeline-work] ticks=0.17 repre=0.83 draws=7.0 vertices=494 upload-MiB=0.000 depth-MiB=0.000 depth-copy-MiB=0.000 depth-copy-calls=0.00 jobs=0.00 helpers=0.00 fallback=0.00 failed=0.00 (per-present)
[pipeline-traffic] upload-calls=0.11 skipped=0.59 scan-MiB=1.403 upload-MiB=0.000 mirror-realloc=0.00 (per-present)
[pipeline-atlas] reuse=0.00 copy-MiB=0.000 copy-calls=0.00 (per-present; copies are GPU-only)
[pipeline-path] cpu-project=0.00 cpu-stage=0.00 gpu-reuse=0.00 publish=0.00 opt-out=0.00 limit=0.00 rejected=0.00 (events/present, not view fallbacks)
[pipeline-perf] scene=Action 3D host=0 map=01/01 output=1280x800 frames=386 fps=384.5 cadence-ms=2.601 p95=9.280 max=18.249 refresh=3 vsync=0 cap=0 gpu-ms=unavailable
[pipeline-stage] events/input mean-ms=0.0713 peak-call-ms=8.2455 calls=386
[pipeline-stage] emulation mean-ms=0.0398 peak-call-ms=1.3690 calls=60
[pipeline-stage] PPU + capture mean-ms=1.1556 peak-call-ms=7.8822 calls=60
[pipeline-stage] world map build mean-ms=0.0001 peak-call-ms=0.0015 calls=60
[pipeline-stage] SIM metadata mean-ms=0.0038 peak-call-ms=0.0507 calls=60
[pipeline-stage] town canvas mean-ms=0.0002 peak-call-ms=0.0021 calls=60
[pipeline-stage] frame snapshot mean-ms=0.0091 peak-call-ms=0.1006 calls=60
[pipeline-stage] upload mean-ms=0.0994 peak-call-ms=1.0320 calls=60
[pipeline-stage] presentation mean-ms=0.2622 peak-call-ms=0.7508 calls=386
[pipeline-stage] CRT/resolve mean-ms=0.0123 peak-call-ms=0.0496 calls=772
[pipeline-stage] host UI mean-ms=0.0052 peak-call-ms=0.0392 calls=386
[pipeline-stage] settings UI mean-ms=0.0003 peak-call-ms=0.0012 calls=386
[pipeline-stage] present/wait mean-ms=0.8872 peak-call-ms=2.5654 calls=386
[pipeline-stage] pacing/sleep mean-ms=0.0005 peak-call-ms=0.0467 calls=386
[pipeline-stage] housekeeping mean-ms=0.0002 peak-call-ms=0.0030 calls=60
[pipeline-stage] PPU setup mean-ms=0.0065 peak-call-ms=0.0927 calls=60
[pipeline-stage] PPU scanout mean-ms=1.1378 peak-call-ms=7.7805 calls=60
[pipeline-stage] PPU finish mean-ms=0.0042 peak-call-ms=0.0789 calls=60
[pipeline-stage] action total mean-ms=0.2423 peak-call-ms=0.6913 calls=386
[pipeline-stage] action upload mean-ms=0.0594 peak-call-ms=0.5255 calls=60
[pipeline-stage] action analysis mean-ms=0.0007 peak-call-ms=0.0070 calls=60
[pipeline-stage] action setup mean-ms=0.0064 peak-call-ms=0.0923 calls=60
[pipeline-stage] action scanout mean-ms=1.1377 peak-call-ms=7.7797 calls=60
[pipeline-stage] action finish mean-ms=0.0041 peak-call-ms=0.0787 calls=60
[pipeline-stage] action host-post mean-ms=0.0076 peak-call-ms=0.0986 calls=60
[pipeline-stage] action synthesis mean-ms=0.0004 peak-call-ms=0.0156 calls=386
[pipeline-stage] action mesh mean-ms=0.0059 peak-call-ms=0.0302 calls=1930
[pipeline-stage] action supersample mean-ms=0.0231 peak-call-ms=0.0572 calls=386
[pipeline-stage] action DOF mean-ms=0.0567 peak-call-ms=0.1559 calls=386
[pipeline-stage] action submit mean-ms=0.0175 peak-call-ms=0.0492 calls=2702
[pipeline-stage] action callback mean-ms=0.0006 peak-call-ms=0.0009 calls=1930
[pipeline-work] ticks=0.16 repre=0.84 draws=7.0 vertices=494 upload-MiB=0.000 depth-MiB=0.000 depth-copy-MiB=0.000 depth-copy-calls=0.00 jobs=0.00 helpers=0.00 fallback=0.00 failed=0.00 (per-present)
[pipeline-traffic] upload-calls=0.01 skipped=0.62 scan-MiB=1.259 upload-MiB=0.000 mirror-realloc=0.00 (per-present)
[pipeline-atlas] reuse=0.00 copy-MiB=0.000 copy-calls=0.00 (per-present; copies are GPU-only)
[pipeline-path] cpu-project=0.00 cpu-stage=0.00 gpu-reuse=0.00 publish=0.00 opt-out=0.00 limit=0.00 rejected=0.00 (events/present, not view fallbacks)
[pipeline-perf] scene=Action 3D host=0 map=01/01 output=1280x800 frames=389 fps=387.9 cadence-ms=2.578 p95=9.506 max=17.576 refresh=3 vsync=0 cap=0 gpu-ms=unavailable
[pipeline-stage] events/input mean-ms=0.0672 peak-call-ms=8.0693 calls=389
[pipeline-stage] emulation mean-ms=0.0538 peak-call-ms=1.8570 calls=61
[pipeline-stage] PPU + capture mean-ms=1.1747 peak-call-ms=8.3669 calls=61
[pipeline-stage] world map build mean-ms=0.0001 peak-call-ms=0.0011 calls=61
[pipeline-stage] SIM metadata mean-ms=0.0043 peak-call-ms=0.1385 calls=61
[pipeline-stage] town canvas mean-ms=0.0002 peak-call-ms=0.0019 calls=61
[pipeline-stage] frame snapshot mean-ms=0.0094 peak-call-ms=0.1526 calls=61
[pipeline-stage] upload mean-ms=0.1044 peak-call-ms=0.9880 calls=61
[pipeline-stage] presentation mean-ms=0.2604 peak-call-ms=0.8134 calls=389
[pipeline-stage] CRT/resolve mean-ms=0.0123 peak-call-ms=0.0525 calls=778
[pipeline-stage] host UI mean-ms=0.0050 peak-call-ms=0.0387 calls=389
[pipeline-stage] settings UI mean-ms=0.0004 peak-call-ms=0.0328 calls=389
[pipeline-stage] present/wait mean-ms=0.8528 peak-call-ms=3.2903 calls=389
[pipeline-stage] pacing/sleep mean-ms=0.0004 peak-call-ms=0.0011 calls=389
[pipeline-stage] housekeeping mean-ms=0.0002 peak-call-ms=0.0050 calls=61
[pipeline-stage] PPU setup mean-ms=0.0062 peak-call-ms=0.0778 calls=61
[pipeline-stage] PPU scanout mean-ms=1.1578 peak-call-ms=8.2621 calls=61
[pipeline-stage] PPU finish mean-ms=0.0041 peak-call-ms=0.0427 calls=61
[pipeline-stage] action total mean-ms=0.2409 peak-call-ms=0.7849 calls=389
[pipeline-stage] action upload mean-ms=0.0632 peak-call-ms=0.6824 calls=61
[pipeline-stage] action analysis mean-ms=0.0008 peak-call-ms=0.0514 calls=61
[pipeline-stage] action setup mean-ms=0.0062 peak-call-ms=0.0770 calls=61
[pipeline-stage] action scanout mean-ms=1.1577 peak-call-ms=8.2614 calls=61
[pipeline-stage] action finish mean-ms=0.0040 peak-call-ms=0.0418 calls=61
[pipeline-stage] action host-post mean-ms=0.0080 peak-call-ms=0.1647 calls=61
[pipeline-stage] action synthesis mean-ms=0.0004 peak-call-ms=0.0011 calls=389
[pipeline-stage] action mesh mean-ms=0.0060 peak-call-ms=0.0405 calls=1945
[pipeline-stage] action supersample mean-ms=0.0232 peak-call-ms=0.0728 calls=389
[pipeline-stage] action DOF mean-ms=0.0569 peak-call-ms=0.2358 calls=389
[pipeline-stage] action submit mean-ms=0.0176 peak-call-ms=0.0576 calls=2723
[pipeline-stage] action callback mean-ms=0.0006 peak-call-ms=0.0007 calls=1945
[pipeline-work] ticks=0.16 repre=0.84 draws=7.0 vertices=494 upload-MiB=0.000 depth-MiB=0.000 depth-copy-MiB=0.000 depth-copy-calls=0.00 jobs=0.00 helpers=0.00 fallback=0.00 failed=0.00 (per-present)
[pipeline-traffic] upload-calls=0.01 skipped=0.63 scan-MiB=1.270 upload-MiB=0.000 mirror-realloc=0.00 (per-present)
[pipeline-atlas] reuse=0.00 copy-MiB=0.000 copy-calls=0.00 (per-present; copies are GPU-only)
[pipeline-path] cpu-project=0.00 cpu-stage=0.00 gpu-reuse=0.00 publish=0.00 opt-out=0.00 limit=0.00 rejected=0.00 (events/present, not view fallbacks)
[pipeline-perf] scene=Action 3D host=0 map=01/01 output=1280x800 frames=376 fps=374.9 cadence-ms=2.667 p95=9.662 max=17.524 refresh=3 vsync=0 cap=0 gpu-ms=unavailable
[pipeline-stage] events/input mean-ms=0.0701 peak-call-ms=8.0417 calls=376
[pipeline-stage] emulation mean-ms=0.0442 peak-call-ms=1.6425 calls=60
[pipeline-stage] PPU + capture mean-ms=1.2031 peak-call-ms=8.1216 calls=60
[pipeline-stage] world map build mean-ms=0.0001 peak-call-ms=0.0009 calls=60
[pipeline-stage] SIM metadata mean-ms=0.0042 peak-call-ms=0.0698 calls=60
[pipeline-stage] town canvas mean-ms=0.0002 peak-call-ms=0.0017 calls=60
[pipeline-stage] frame snapshot mean-ms=0.0094 peak-call-ms=0.0705 calls=60
[pipeline-stage] upload mean-ms=0.1056 peak-call-ms=1.1076 calls=60
[pipeline-stage] presentation mean-ms=0.2708 peak-call-ms=0.8098 calls=376
[pipeline-stage] CRT/resolve mean-ms=0.0123 peak-call-ms=0.0499 calls=752
[pipeline-stage] host UI mean-ms=0.0051 peak-call-ms=0.0146 calls=376
[pipeline-stage] settings UI mean-ms=0.0003 peak-call-ms=0.0016 calls=376
[pipeline-stage] present/wait mean-ms=0.8847 peak-call-ms=3.2084 calls=376
[pipeline-stage] pacing/sleep mean-ms=0.0004 peak-call-ms=0.0012 calls=376
[pipeline-stage] housekeeping mean-ms=0.0002 peak-call-ms=0.0028 calls=60
[pipeline-stage] PPU setup mean-ms=0.0063 peak-call-ms=0.0551 calls=60
[pipeline-stage] PPU scanout mean-ms=1.1860 peak-call-ms=8.0139 calls=60
[pipeline-stage] PPU finish mean-ms=0.0042 peak-call-ms=0.0369 calls=60
[pipeline-stage] action total mean-ms=0.2510 peak-call-ms=0.7748 calls=376
[pipeline-stage] action upload mean-ms=0.0639 peak-call-ms=0.4965 calls=60
[pipeline-stage] action analysis mean-ms=0.0007 peak-call-ms=0.0062 calls=60
[pipeline-stage] action setup mean-ms=0.0062 peak-call-ms=0.0548 calls=60
[pipeline-stage] action scanout mean-ms=1.1859 peak-call-ms=8.0132 calls=60
[pipeline-stage] action finish mean-ms=0.0041 peak-call-ms=0.0366 calls=60
[pipeline-stage] action host-post mean-ms=0.0081 peak-call-ms=0.0950 calls=60
[pipeline-stage] action synthesis mean-ms=0.0004 peak-call-ms=0.0011 calls=376
[pipeline-stage] action mesh mean-ms=0.0061 peak-call-ms=0.0154 calls=1880
[pipeline-stage] action supersample mean-ms=0.0240 peak-call-ms=0.0626 calls=376
[pipeline-stage] action DOF mean-ms=0.0589 peak-call-ms=0.1421 calls=376
[pipeline-stage] action submit mean-ms=0.0184 peak-call-ms=0.0509 calls=2632
[pipeline-stage] action callback mean-ms=0.0006 peak-call-ms=0.0007 calls=1880
[pipeline-work] ticks=0.16 repre=0.84 draws=7.0 vertices=494 upload-MiB=0.000 depth-MiB=0.000 depth-copy-MiB=0.000 depth-copy-calls=0.00 jobs=0.00 helpers=0.00 fallback=0.00 failed=0.00 (per-present)
[pipeline-traffic] upload-calls=0.01 skipped=0.64 scan-MiB=1.293 upload-MiB=0.000 mirror-realloc=0.00 (per-present)
[pipeline-atlas] reuse=0.00 copy-MiB=0.000 copy-calls=0.00 (per-present; copies are GPU-only)
[pipeline-path] cpu-project=0.00 cpu-stage=0.00 gpu-reuse=0.00 publish=0.00 opt-out=0.00 limit=0.00 rejected=0.00 (events/present, not view fallbacks)
[pipeline-perf] scene=Action 3D host=0 map=01/01 output=1280x800 frames=377 fps=373.3 cadence-ms=2.679 p95=9.159 max=17.323 refresh=3 vsync=0 cap=0 gpu-ms=unavailable
[pipeline-stage] events/input mean-ms=0.0701 peak-call-ms=8.1466 calls=377
[pipeline-stage] emulation mean-ms=0.0485 peak-call-ms=1.6302 calls=61
[pipeline-stage] PPU + capture mean-ms=1.1801 peak-call-ms=7.5217 calls=61
[pipeline-stage] world map build mean-ms=0.0001 peak-call-ms=0.0008 calls=61
[pipeline-stage] SIM metadata mean-ms=0.0040 peak-call-ms=0.0437 calls=61
[pipeline-stage] town canvas mean-ms=0.0002 peak-call-ms=0.0015 calls=61
[pipeline-stage] frame snapshot mean-ms=0.0095 peak-call-ms=0.0829 calls=61
[pipeline-stage] upload mean-ms=0.1015 peak-call-ms=1.0081 calls=61
[pipeline-stage] presentation mean-ms=0.2585 peak-call-ms=0.8385 calls=377
[pipeline-stage] CRT/resolve mean-ms=0.0120 peak-call-ms=0.0393 calls=754
[pipeline-stage] host UI mean-ms=0.0050 peak-call-ms=0.0174 calls=377
[pipeline-stage] settings UI mean-ms=0.0003 peak-call-ms=0.0011 calls=377
[pipeline-stage] present/wait mean-ms=0.9337 peak-call-ms=2.6020 calls=377
[pipeline-stage] pacing/sleep mean-ms=0.0004 peak-call-ms=0.0011 calls=377
[pipeline-stage] housekeeping mean-ms=0.0002 peak-call-ms=0.0032 calls=61
[pipeline-stage] PPU setup mean-ms=0.0066 peak-call-ms=0.0550 calls=61
[pipeline-stage] PPU scanout mean-ms=1.1625 peak-call-ms=7.4170 calls=61
[pipeline-stage] PPU finish mean-ms=0.0041 peak-call-ms=0.0271 calls=61
[pipeline-stage] action total mean-ms=0.2392 peak-call-ms=0.8110 calls=377
[pipeline-stage] action upload mean-ms=0.0616 peak-call-ms=0.4930 calls=61
[pipeline-stage] action analysis mean-ms=0.0008 peak-call-ms=0.0311 calls=61
[pipeline-stage] action setup mean-ms=0.0065 peak-call-ms=0.0543 calls=61
[pipeline-stage] action scanout mean-ms=1.1624 peak-call-ms=7.4165 calls=61
[pipeline-stage] action finish mean-ms=0.0040 peak-call-ms=0.0268 calls=61
[pipeline-stage] action host-post mean-ms=0.0078 peak-call-ms=0.0729 calls=61
[pipeline-stage] action synthesis mean-ms=0.0004 peak-call-ms=0.0010 calls=377
[pipeline-stage] action mesh mean-ms=0.0058 peak-call-ms=0.0209 calls=1885
[pipeline-stage] action supersample mean-ms=0.0228 peak-call-ms=0.0444 calls=377
[pipeline-stage] action DOF mean-ms=0.0560 peak-call-ms=0.1321 calls=377
[pipeline-stage] action submit mean-ms=0.0169 peak-call-ms=0.0226 calls=2639
[pipeline-stage] action callback mean-ms=0.0006 peak-call-ms=0.0004 calls=1885
[pipeline-work] ticks=0.16 repre=0.84 draws=7.0 vertices=494 upload-MiB=0.000 depth-MiB=0.000 depth-copy-MiB=0.000 depth-copy-calls=0.00 jobs=0.00 helpers=0.00 fallback=0.00 failed=0.00 (per-present)
[pipeline-traffic] upload-calls=0.01 skipped=0.65 scan-MiB=1.311 upload-MiB=0.000 mirror-realloc=0.00 (per-present)
[pipeline-atlas] reuse=0.00 copy-MiB=0.000 copy-calls=0.00 (per-present; copies are GPU-only)
[pipeline-path] cpu-project=0.00 cpu-stage=0.00 gpu-reuse=0.00 publish=0.00 opt-out=0.00 limit=0.00 rejected=0.00 (events/present, not view fallbacks)
[pipeline-perf] scene=Action 3D host=0 map=01/01 output=1280x800 frames=400 fps=398.5 cadence-ms=2.509 p95=9.285 max=17.578 refresh=3 vsync=0 cap=0 gpu-ms=unavailable
[pipeline-stage] events/input mean-ms=0.0662 peak-call-ms=8.1320 calls=400
[pipeline-stage] emulation mean-ms=0.0446 peak-call-ms=1.8673 calls=60
[pipeline-stage] PPU + capture mean-ms=1.1023 peak-call-ms=7.8092 calls=60
[pipeline-stage] world map build mean-ms=0.0001 peak-call-ms=0.0015 calls=60
[pipeline-stage] SIM metadata mean-ms=0.0039 peak-call-ms=0.0554 calls=60
[pipeline-stage] town canvas mean-ms=0.0002 peak-call-ms=0.0028 calls=60
[pipeline-stage] frame snapshot mean-ms=0.0092 peak-call-ms=0.1050 calls=60
[pipeline-stage] upload mean-ms=0.0945 peak-call-ms=1.0219 calls=60
[pipeline-stage] presentation mean-ms=0.2592 peak-call-ms=0.7390 calls=400
[pipeline-stage] CRT/resolve mean-ms=0.0119 peak-call-ms=0.0489 calls=800
[pipeline-stage] host UI mean-ms=0.0051 peak-call-ms=0.0657 calls=400
[pipeline-stage] settings UI mean-ms=0.0003 peak-call-ms=0.0013 calls=400
[pipeline-stage] present/wait mean-ms=0.8587 peak-call-ms=3.3173 calls=400
[pipeline-stage] pacing/sleep mean-ms=0.0004 peak-call-ms=0.0012 calls=400
[pipeline-stage] housekeeping mean-ms=0.0002 peak-call-ms=0.0140 calls=60
[pipeline-stage] PPU setup mean-ms=0.0063 peak-call-ms=0.1122 calls=60
[pipeline-stage] PPU scanout mean-ms=1.0853 peak-call-ms=7.6938 calls=60
[pipeline-stage] PPU finish mean-ms=0.0042 peak-call-ms=0.0599 calls=60
[pipeline-stage] action total mean-ms=0.2399 peak-call-ms=0.6953 calls=400
[pipeline-stage] action upload mean-ms=0.0561 peak-call-ms=0.4755 calls=60
[pipeline-stage] action analysis mean-ms=0.0007 peak-call-ms=0.0195 calls=60
[pipeline-stage] action setup mean-ms=0.0063 peak-call-ms=0.1112 calls=60
[pipeline-stage] action scanout mean-ms=1.0852 peak-call-ms=7.6933 calls=60
[pipeline-stage] action finish mean-ms=0.0041 peak-call-ms=0.0595 calls=60
[pipeline-stage] action host-post mean-ms=0.0077 peak-call-ms=0.0862 calls=60
[pipeline-stage] action synthesis mean-ms=0.0004 peak-call-ms=0.0011 calls=400
[pipeline-stage] action mesh mean-ms=0.0069 peak-call-ms=0.0216 calls=2000
[pipeline-stage] action supersample mean-ms=0.0232 peak-call-ms=0.0794 calls=400
[pipeline-stage] action DOF mean-ms=0.0560 peak-call-ms=0.1473 calls=400
[pipeline-stage] action submit mean-ms=0.0170 peak-call-ms=0.0428 calls=2800
[pipeline-stage] action callback mean-ms=0.0006 peak-call-ms=0.0006 calls=2000
[pipeline-work] ticks=0.15 repre=0.85 draws=7.0 vertices=494 upload-MiB=0.000 depth-MiB=0.000 depth-copy-MiB=0.000 depth-copy-calls=0.00 jobs=0.00 helpers=0.00 fallback=0.00 failed=0.00 (per-present)
[pipeline-traffic] upload-calls=0.01 skipped=0.60 scan-MiB=1.215 upload-MiB=0.000 mirror-realloc=0.00 (per-present)
[pipeline-atlas] reuse=0.00 copy-MiB=0.000 copy-calls=0.00 (per-present; copies are GPU-only)
[pipeline-path] cpu-project=0.00 cpu-stage=0.00 gpu-reuse=0.00 publish=0.00 opt-out=0.00 limit=0.00 rejected=0.00 (events/present, not view fallbacks)
[present-cadence] tick-presents=1996 re-presents=22792 max-represent-alpha=1.000 no-present-no-sleep=0
[dump] wrote runs/20260912-173822/dump_state.txt + wram/sram/dispatch_log (exit)
[action-bg-hle] provider-summary frames=1293 preflight={layers:2570,tiles:2411645,mismatches:0,outside:0} eligible=2570 layers=2570 lookups=61123680 batches=2965984 tiles=58749120 outside=2374560 band-cache={builds:0,hits:0}
[action-room-scene] provider-summary layers=2570 live-fallbacks=0
[localized-text] cache lookups=51624 hits=51583 misses=41 rasters=41 uploads=41 failures=0
[action-room-load-hle] summary command5=2 command4=2 bytes=20992
[action-room-gfx-hle] summary command7=5 command6=3 bytes=37248
[action-room-video-hle] summary command3=1 bytes=28
[run-dir] all diagnostics from this run: runs/20260912-173822/  (share with: zip -r report.zip runs/20260912-173822)
