[Launcher] Config/saves anchored to '/home/deck/argame/capture-fast-path-20260912.XW1iYR/'.
[run-dir] runs/20260912-173856 (console.log + dumps ringfenced here; AR_NO_RUN_DIR=1 disables)
[runner-trace] recorder=excluded deep_instrumentation=excluded mode=off
Loaded ROM: /home/deck/argame/capture-fast-path-20260912.XW1iYR/ar.sfc (1048576 bytes)
[video-geometry] 16:10 square-PAR -> 120 extra columns/side (render width 496)
[video] driver: wayland (available: x11 wayland offscreen dummy evdev)
[render] ordered GPU interop enabled (offscreen SDL + one swapchain present)
[display] GPU frames in flight: 2
[hd-manifest] [replace:title-logo] game-assets/hd/title-logo.png (2087x754)
[hd-manifest] [replace:title-swirl] game-assets/hd/title-logo.png (2087x754, mode7)
[hd-manifest] 2 entries, 2 with art
[settings-menu] decoded ActRaiser font: $1000 bytes from ROM offset $0BECFB (2725 compressed bytes consumed)
[settings-menu] decoded native dialog frame: chars ROM $06C000, palette ROM $0E3F73
[diorama-layers] loaded diorama-layers.ini: 24 room(s), 34 plane override(s)
[input] gamepad 1 connected: Steam Deck Controller
[music-manifest] [music:title-theme] game-assets/audio/title.ogg (48000 Hz, 8845689 frames, loop 0..8845689)
[music-manifest] [music:song-00] game-assets/audio/fillmore.ogg (44100 Hz, 7050707 frames, loop 0..7050707)
[music-manifest] [music:song-01] game-assets/audio/sky-palace.ogg (48000 Hz, 6389760 frames, loop 0..6389760)
[music-manifest] [music:song-02] game-assets/audio/bp.ogg (44100 Hz, 5369615 frames, loop 0..5369615)
[music-manifest] [music:song-08] game-assets/audio/advent.ogg (48000 Hz, 735609 frames, loop 0..735609)
[music-manifest] [music:song-09] game-assets/audio/act2.ogg (44100 Hz, 6182827 frames, loop 0..6182827)
[music-manifest] [music:song-10] game-assets/audio/birth-of-the-people.ogg (48000 Hz, 16201213 frames, loop 0..16201213)
[music-manifest] [music:song-11] game-assets/audio/level-up.ogg (48000 Hz, 451396 frames, loop 0..451396)
[music-manifest] 17 entries, 8 with audio
[audio-ext] extended sound channels enabled (40 voices, 8 effect lanes)
[saves] loaded native-srm backend from /home/deck/argame/capture-fast-path-20260912.XW1iYR/visible-fillmore-interp-unlimited/seed.srm
[save-editor] boot edits rejected: no staged save edits change the image
[input-replay] 2548 legacy records, max gf=21845 last gf=2508 from /home/deck/argame/capture-fast-path-20260912.XW1iYR/saves/fillmore-act.rec
[audio] stream input 44100 Hz, device 44100 Hz 512-frame buffer (requested 512 frames)
[widescreen] gf=0 $18=00 $19=00 -> pillarbox clamp=00 mirror=00 repeat=00 bands=0/811c9dc5 normal=00 hud=0/0/0 left-only-y=0 bg-plan=0 source=none/none hle=00
[localization] enhanced: Excellent Adventure English - Full Edition
[crt] shader ready
[music] src=1A:94B8 song=01 -> [music:title-theme] game-assets/audio/title.ogg
[pipeline-perf] scene=Native/menu host=0 map=00/00 output=1280x800 frames=1573 fps=1571.6 cadence-ms=0.636 p95=1.177 max=9.517 refresh=3 vsync=0 cap=0 gpu-ms=unavailable
[pipeline-stage] events/input mean-ms=0.0524 peak-call-ms=8.1156 calls=1588
[pipeline-stage] emulation mean-ms=0.0062 peak-call-ms=3.6621 calls=61
[pipeline-stage] PPU + capture mean-ms=0.0089 peak-call-ms=1.0141 calls=61
[pipeline-stage] world map build mean-ms=0.0000 peak-call-ms=0.0015 calls=61
[pipeline-stage] SIM metadata mean-ms=0.0011 peak-call-ms=0.1149 calls=61
[pipeline-stage] town canvas mean-ms=0.0001 peak-call-ms=0.0164 calls=61
[pipeline-stage] frame snapshot mean-ms=0.0052 peak-call-ms=5.0917 calls=61
[pipeline-stage] upload mean-ms=0.0087 peak-call-ms=1.9501 calls=61
[pipeline-stage] presentation mean-ms=0.0637 peak-call-ms=1.3014 calls=1573
[pipeline-stage] CRT/resolve mean-ms=0.0113 peak-call-ms=0.3395 calls=3146
[pipeline-stage] host UI mean-ms=0.0046 peak-call-ms=0.0375 calls=1573
[pipeline-stage] settings UI mean-ms=0.0002 peak-call-ms=0.0012 calls=1573
[pipeline-stage] present/wait mean-ms=0.4331 peak-call-ms=2.1374 calls=1573
[pipeline-stage] pacing/sleep mean-ms=0.0106 peak-call-ms=1.0974 calls=1588
[pipeline-stage] housekeeping mean-ms=0.0001 peak-call-ms=0.0101 calls=61
[pipeline-stage] PPU setup mean-ms=0.0002 peak-call-ms=0.0530 calls=61
[pipeline-stage] PPU scanout mean-ms=0.0078 peak-call-ms=0.7203 calls=61
[pipeline-stage] PPU finish mean-ms=0.0001 peak-call-ms=0.0030 calls=61
[pipeline-work] ticks=0.04 repre=0.96 draws=0.0 vertices=0 upload-MiB=0.002 depth-MiB=0.000 depth-copy-MiB=0.000 depth-copy-calls=0.00 jobs=0.00 helpers=0.00 fallback=0.00 failed=0.00 (per-present)
[pipeline-traffic] upload-calls=0.00 skipped=0.00 scan-MiB=0.097 upload-MiB=0.002 mirror-realloc=0.00 (per-present)
[pipeline-atlas] reuse=0.00 copy-MiB=0.000 copy-calls=0.00 (per-present; copies are GPU-only)
[pipeline-path] cpu-project=0.00 cpu-stage=0.00 gpu-reuse=0.00 publish=0.00 opt-out=0.00 limit=0.00 rejected=0.00 (events/present, not view fallbacks)
[pipeline-perf] scene=Native/menu host=0 map=00/00 output=1280x800 frames=1644 fps=1625.4 cadence-ms=0.615 p95=1.370 max=16.118 refresh=3 vsync=0 cap=0 gpu-ms=unavailable
[pipeline-stage] events/input mean-ms=0.0573 peak-call-ms=8.2458 calls=1644
[pipeline-stage] emulation mean-ms=0.0045 peak-call-ms=1.2806 calls=61
[pipeline-stage] PPU + capture mean-ms=0.0426 peak-call-ms=4.7603 calls=61
[pipeline-stage] world map build mean-ms=0.0000 peak-call-ms=0.0090 calls=61
[pipeline-stage] SIM metadata mean-ms=0.0010 peak-call-ms=0.0681 calls=61
[pipeline-stage] town canvas mean-ms=0.0000 peak-call-ms=0.0017 calls=61
[pipeline-stage] frame snapshot mean-ms=0.0019 peak-call-ms=0.0790 calls=61
[pipeline-stage] upload mean-ms=0.0265 peak-call-ms=3.3349 calls=61
[pipeline-stage] presentation mean-ms=0.0573 peak-call-ms=0.2554 calls=1644
[pipeline-stage] CRT/resolve mean-ms=0.0104 peak-call-ms=0.0562 calls=3288
[pipeline-stage] host UI mean-ms=0.0045 peak-call-ms=0.2066 calls=1644
[pipeline-stage] settings UI mean-ms=0.0002 peak-call-ms=0.0336 calls=1644
[pipeline-stage] present/wait mean-ms=0.3670 peak-call-ms=2.3117 calls=1644
[pipeline-stage] pacing/sleep mean-ms=0.0002 peak-call-ms=0.0011 calls=1644
[pipeline-stage] housekeeping mean-ms=0.0000 peak-call-ms=0.0020 calls=61
[pipeline-stage] PPU setup mean-ms=0.0002 peak-call-ms=0.0169 calls=61
[pipeline-stage] PPU scanout mean-ms=0.0417 peak-call-ms=4.7368 calls=61
[pipeline-stage] PPU finish mean-ms=0.0001 peak-call-ms=0.0098 calls=61
[pipeline-work] ticks=0.04 repre=0.96 draws=0.0 vertices=0 upload-MiB=0.078 depth-MiB=0.000 depth-copy-MiB=0.000 depth-copy-calls=0.00 jobs=0.00 helpers=0.00 fallback=0.00 failed=0.00 (per-present)
[pipeline-traffic] upload-calls=0.01 skipped=0.00 scan-MiB=0.094 upload-MiB=0.078 mirror-realloc=0.00 (per-present)
[pipeline-atlas] reuse=0.00 copy-MiB=0.000 copy-calls=0.00 (per-present; copies are GPU-only)
[pipeline-path] cpu-project=0.00 cpu-stage=0.00 gpu-reuse=0.00 publish=0.00 opt-out=0.00 limit=0.00 rejected=0.00 (events/present, not view fallbacks)
[pipeline-perf] scene=Native/menu host=0 map=00/00 output=1280x800 frames=1103 fps=1101.6 cadence-ms=0.908 p95=1.883 max=15.525 refresh=3 vsync=0 cap=0 gpu-ms=unavailable
[pipeline-stage] events/input mean-ms=0.0515 peak-call-ms=8.0853 calls=1103
[pipeline-stage] emulation mean-ms=0.0077 peak-call-ms=1.2559 calls=60
[pipeline-stage] PPU + capture mean-ms=0.1189 peak-call-ms=4.5434 calls=60
[pipeline-stage] world map build mean-ms=0.0000 peak-call-ms=0.0008 calls=60
[pipeline-stage] SIM metadata mean-ms=0.0012 peak-call-ms=0.0359 calls=60
[pipeline-stage] town canvas mean-ms=0.0001 peak-call-ms=0.0016 calls=60
[pipeline-stage] frame snapshot mean-ms=0.0024 peak-call-ms=0.0897 calls=60
[pipeline-stage] upload mean-ms=0.0475 peak-call-ms=2.6274 calls=60
[pipeline-stage] presentation mean-ms=0.0615 peak-call-ms=0.1671 calls=1103
[pipeline-stage] CRT/resolve mean-ms=0.0106 peak-call-ms=0.0440 calls=2206
[pipeline-stage] host UI mean-ms=0.0046 peak-call-ms=0.0256 calls=1103
[pipeline-stage] settings UI mean-ms=0.0002 peak-call-ms=0.0010 calls=1103
[pipeline-stage] present/wait mean-ms=0.5572 peak-call-ms=2.2874 calls=1103
[pipeline-stage] pacing/sleep mean-ms=0.0002 peak-call-ms=0.0013 calls=1103
[pipeline-stage] housekeeping mean-ms=0.0001 peak-call-ms=0.0029 calls=60
[pipeline-stage] PPU setup mean-ms=0.0003 peak-call-ms=0.0072 calls=60
[pipeline-stage] PPU scanout mean-ms=0.1178 peak-call-ms=4.5239 calls=60
[pipeline-stage] PPU finish mean-ms=0.0001 peak-call-ms=0.0026 calls=60
[pipeline-work] ticks=0.05 repre=0.95 draws=0.0 vertices=0 upload-MiB=0.153 depth-MiB=0.000 depth-copy-MiB=0.000 depth-copy-calls=0.00 jobs=0.00 helpers=0.00 fallback=0.00 failed=0.00 (per-present)
[pipeline-traffic] upload-calls=0.02 skipped=0.00 scan-MiB=0.140 upload-MiB=0.153 mirror-realloc=0.00 (per-present)
[pipeline-atlas] reuse=0.00 copy-MiB=0.000 copy-calls=0.00 (per-present; copies are GPU-only)
[pipeline-path] cpu-project=0.00 cpu-stage=0.00 gpu-reuse=0.00 publish=0.00 opt-out=0.00 limit=0.00 rejected=0.00 (events/present, not view fallbacks)
[pipeline-perf] scene=Native/menu host=0 map=00/00 output=1280x800 frames=1088 fps=1086.8 cadence-ms=0.920 p95=2.389 max=18.145 refresh=3 vsync=0 cap=0 gpu-ms=unavailable
[pipeline-stage] events/input mean-ms=0.0524 peak-call-ms=8.1894 calls=1088
[pipeline-stage] emulation mean-ms=0.0107 peak-call-ms=3.3611 calls=60
[pipeline-stage] PPU + capture mean-ms=0.1228 peak-call-ms=4.7538 calls=60
[pipeline-stage] world map build mean-ms=0.0000 peak-call-ms=0.0008 calls=60
[pipeline-stage] SIM metadata mean-ms=0.0012 peak-call-ms=0.0307 calls=60
[pipeline-stage] town canvas mean-ms=0.0001 peak-call-ms=0.0015 calls=60
[pipeline-stage] frame snapshot mean-ms=0.0026 peak-call-ms=0.2022 calls=60
[pipeline-stage] upload mean-ms=0.0496 peak-call-ms=3.6589 calls=60
[pipeline-stage] presentation mean-ms=0.0748 peak-call-ms=6.9056 calls=1088
[pipeline-stage] CRT/resolve mean-ms=0.0106 peak-call-ms=0.0594 calls=2176
[pipeline-stage] host UI mean-ms=0.0046 peak-call-ms=0.0364 calls=1088
[pipeline-stage] settings UI mean-ms=0.0002 peak-call-ms=0.0121 calls=1088
[pipeline-stage] present/wait mean-ms=0.5485 peak-call-ms=2.0359 calls=1088
[pipeline-stage] pacing/sleep mean-ms=0.0003 peak-call-ms=0.0169 calls=1088
[pipeline-stage] housekeeping mean-ms=0.0001 peak-call-ms=0.0027 calls=60
[pipeline-stage] PPU setup mean-ms=0.0003 peak-call-ms=0.0118 calls=60
[pipeline-stage] PPU scanout mean-ms=0.1216 peak-call-ms=4.7340 calls=60
[pipeline-stage] PPU finish mean-ms=0.0001 peak-call-ms=0.0028 calls=60
[pipeline-work] ticks=0.06 repre=0.94 draws=0.0 vertices=0 upload-MiB=0.146 depth-MiB=0.000 depth-copy-MiB=0.000 depth-copy-calls=0.00 jobs=0.00 helpers=0.00 fallback=0.00 failed=0.00 (per-present)
[pipeline-traffic] upload-calls=0.05 skipped=0.00 scan-MiB=0.145 upload-MiB=0.146 mirror-realloc=0.00 (per-present)
[pipeline-atlas] reuse=0.00 copy-MiB=0.000 copy-calls=0.00 (per-present; copies are GPU-only)
[pipeline-path] cpu-project=0.00 cpu-stage=0.00 gpu-reuse=0.00 publish=0.00 opt-out=0.00 limit=0.00 rejected=0.00 (events/present, not view fallbacks)
[music] stop [music:title-theme] (driver halt $F0)
[widescreen] gf=310 $18=00 $19=07 -> WIDE clamp=00 mirror=00 repeat=00 bands=0/811c9dc5 normal=00 hud=32/168/168 left-only-y=32 bg-plan=0 source=none/none hle=00
[sim-worldmap] HLE built from sim state at gf=310 after Sky Palace entry (2623 tiles changed)
[sim3d-view] gf=310 none -> authentic (view fallback) (inactive, view=authentic_fallback, integrity=$0, mismatch=0 px) after 310 frame(s)
[music] src=1C:A988 song=01 -> [music:song-01] game-assets/audio/sky-palace.ogg
[sim3d-view] gf=311 authentic (view fallback) -> Sky Palace globe (inactive, view=sky_palace, integrity=$0, mismatch=0 px) after 1 frame(s)
[world-navigation-setup] mountains=26.555ms cliffs=17.761ms art=27.786ms
[pipeline-perf] scene=Sky Palace host=0 map=00/07 output=1280x800 frames=228 fps=226.5 cadence-ms=4.416 p95=10.419 max=15.394 refresh=3 vsync=0 cap=0 gpu-ms=unavailable
[pipeline-stage] events/input mean-ms=0.1196 peak-call-ms=7.9264 calls=228
[pipeline-stage] emulation mean-ms=0.0660 peak-call-ms=1.9024 calls=63
[pipeline-stage] PPU + capture mean-ms=1.2169 peak-call-ms=7.2086 calls=61
[pipeline-stage] world map build mean-ms=0.0020 peak-call-ms=0.0598 calls=61
[pipeline-stage] SIM metadata mean-ms=0.0151 peak-call-ms=0.1024 calls=61
[pipeline-stage] town canvas mean-ms=0.0004 peak-call-ms=0.0026 calls=61
[pipeline-stage] frame snapshot mean-ms=0.0190 peak-call-ms=0.1246 calls=61
[pipeline-stage] upload mean-ms=0.3724 peak-call-ms=2.5892 calls=61
[pipeline-stage] presentation mean-ms=1.7754 peak-call-ms=232.3689 calls=228
[pipeline-stage] CRT/resolve mean-ms=0.0164 peak-call-ms=0.0901 calls=456
[pipeline-stage] host UI mean-ms=0.0075 peak-call-ms=0.0363 calls=228
[pipeline-stage] settings UI mean-ms=0.0006 peak-call-ms=0.0014 calls=228
[pipeline-stage] present/wait mean-ms=1.7630 peak-call-ms=5.5917 calls=228
[pipeline-stage] pacing/sleep mean-ms=0.0007 peak-call-ms=0.0025 calls=228
[pipeline-stage] housekeeping mean-ms=0.0004 peak-call-ms=0.0028 calls=61
[pipeline-stage] PPU setup mean-ms=0.0022 peak-call-ms=0.0118 calls=61
[pipeline-stage] PPU scanout mean-ms=1.1992 peak-call-ms=7.1266 calls=61
[pipeline-stage] PPU finish mean-ms=0.0027 peak-call-ms=0.0173 calls=61
[pipeline-stage] job owner mean-ms=0.0323 peak-call-ms=2.5086 calls=6
[pipeline-stage] job helpers* mean-ms=0.1036 peak-call-ms=3.3358 calls=15
[pipeline-stage] job join wait mean-ms=0.0119 peak-call-ms=0.9465 calls=5
[pipeline-stage] SIM upload mean-ms=0.4468 peak-call-ms=72.1235 calls=228
[pipeline-stage] SIM backdrop mean-ms=0.0025 peak-call-ms=0.0147 calls=228
[pipeline-stage] SIM terrain mean-ms=0.2826 peak-call-ms=62.2385 calls=228
[pipeline-stage] SIM depth pass mean-ms=0.0918 peak-call-ms=0.2635 calls=752
[pipeline-stage] SIM model project mean-ms=0.1352 peak-call-ms=30.7392 calls=228
[pipeline-stage] SIM depth submit mean-ms=0.2481 peak-call-ms=1.9817 calls=228
[pipeline-stage] SIM clouds mean-ms=0.2444 peak-call-ms=34.4784 calls=228
[pipeline-stage] world animation mean-ms=0.0469 peak-call-ms=4.0941 calls=3
[pipeline-stage] world transfer mean-ms=0.1021 peak-call-ms=7.4135 calls=62
[pipeline-stage] world prepare mean-ms=0.0927 peak-call-ms=19.0414 calls=456
[pipeline-stage] world atmosphere mean-ms=0.0598 peak-call-ms=0.3108 calls=228
[pipeline-work] ticks=0.28 repre=0.73 draws=27.0 vertices=971160 upload-MiB=0.584 depth-MiB=0.112 depth-copy-MiB=0.029 depth-copy-calls=0.02 jobs=0.03 helpers=0.07 fallback=0.00 failed=0.00 (per-present)
[pipeline-traffic] upload-calls=1.09 skipped=0.00 scan-MiB=0.667 upload-MiB=0.584 mirror-realloc=0.00 (per-present)
[pipeline-atlas] reuse=0.98 copy-MiB=0.281 copy-calls=0.02 (per-present; copies are GPU-only)
[pipeline-path] cpu-project=1.00 cpu-stage=0.00 gpu-reuse=2.00 publish=0.01 opt-out=0.00 limit=0.00 rejected=0.00 (events/present, not view fallbacks)
[widescreen] gf=374 $18=00 $19=09 -> WIDE clamp=00 mirror=00 repeat=00 bands=0/811c9dc5 normal=00 hud=0/0/0 left-only-y=0 bg-plan=0 source=none/none hle=00
[sim-worldmap] HLE built from sim state at gf=374 after world-navigation entry (0 tiles changed)
[world-navigation-capture] gf=374 fallback=forced-blank
[sim3d-view] gf=374 Sky Palace globe -> authentic (view fallback) (inactive, view=authentic_fallback, integrity=$0, mismatch=0 px) after 63 frame(s)
[sim3d-view] gf=375 authentic (view fallback) -> world navigation 3D (inactive, view=world_navigation, integrity=$0, mismatch=0 px) after 1 frame(s)
[warp] from $18=$00 $19=$09 staged region=$01 map=$01 ($1B/$1A/$FB set); transition processor should pick it up.
[world-navigation-capture] gf=402 fallback=forced-blank
[sim3d-view] gf=402 world navigation 3D -> authentic (view fallback) (inactive, view=authentic_fallback, integrity=$0, mismatch=0 px) after 27 frame(s)
[pipeline-perf] scene=Native/menu host=0 map=00/09 output=1280x800 frames=2284 fps=2282.6 cadence-ms=0.438 p95=0.780 max=9.262 refresh=3 vsync=0 cap=0 gpu-ms=unavailable
[pipeline-stage] events/input mean-ms=0.0512 peak-call-ms=8.1807 calls=2284
[pipeline-stage] emulation mean-ms=0.0019 peak-call-ms=1.1395 calls=61
[pipeline-stage] PPU + capture mean-ms=0.0030 peak-call-ms=0.1502 calls=61
[pipeline-stage] world map build mean-ms=0.0000 peak-call-ms=0.0026 calls=61
[pipeline-stage] SIM metadata mean-ms=0.0010 peak-call-ms=0.0527 calls=61
[pipeline-stage] town canvas mean-ms=0.0000 peak-call-ms=0.0016 calls=61
[pipeline-stage] frame snapshot mean-ms=0.0011 peak-call-ms=0.0941 calls=61
[pipeline-stage] upload mean-ms=0.0027 peak-call-ms=0.8060 calls=61
[pipeline-stage] presentation mean-ms=0.0332 peak-call-ms=0.1321 calls=2284
[pipeline-stage] CRT/resolve mean-ms=0.0246 peak-call-ms=0.0966 calls=4568
[pipeline-stage] host UI mean-ms=0.0041 peak-call-ms=0.0490 calls=2284
[pipeline-stage] settings UI mean-ms=0.0002 peak-call-ms=0.0008 calls=2284
[pipeline-stage] present/wait mean-ms=0.2908 peak-call-ms=3.2879 calls=2284
[pipeline-stage] pacing/sleep mean-ms=0.0002 peak-call-ms=0.0130 calls=2284
[pipeline-stage] housekeeping mean-ms=0.0000 peak-call-ms=0.0014 calls=61
[pipeline-stage] PPU setup mean-ms=0.0001 peak-call-ms=0.0434 calls=61
[pipeline-stage] PPU scanout mean-ms=0.0025 peak-call-ms=0.1194 calls=61
[pipeline-stage] PPU finish mean-ms=0.0000 peak-call-ms=0.0016 calls=61
[pipeline-work] ticks=0.03 repre=0.97 draws=0.0 vertices=0 upload-MiB=0.001 depth-MiB=0.000 depth-copy-MiB=0.000 depth-copy-calls=0.00 jobs=0.00 helpers=0.00 fallback=1.00 failed=0.00 (per-present)
[pipeline-traffic] upload-calls=0.00 skipped=0.00 scan-MiB=0.045 upload-MiB=0.001 mirror-realloc=0.00 (per-present)
[pipeline-atlas] reuse=0.00 copy-MiB=0.000 copy-calls=0.00 (per-present; copies are GPU-only)
[pipeline-path] cpu-project=0.00 cpu-stage=0.00 gpu-reuse=0.00 publish=0.00 opt-out=0.00 limit=0.00 rejected=0.00 (events/present, not view fallbacks)
[pipeline-perf] scene=Native/menu host=0 map=00/09 output=1280x800 frames=2159 fps=2157.8 cadence-ms=0.463 p95=1.032 max=9.399 refresh=3 vsync=0 cap=0 gpu-ms=unavailable
[pipeline-stage] events/input mean-ms=0.0531 peak-call-ms=8.1884 calls=2159
[pipeline-stage] emulation mean-ms=0.0033 peak-call-ms=1.2769 calls=60
[pipeline-stage] PPU + capture mean-ms=0.0039 peak-call-ms=0.2722 calls=60
[pipeline-stage] world map build mean-ms=0.0001 peak-call-ms=0.0095 calls=60
[pipeline-stage] SIM metadata mean-ms=0.0013 peak-call-ms=0.0719 calls=60
[pipeline-stage] town canvas mean-ms=0.0000 peak-call-ms=0.0015 calls=60
[pipeline-stage] frame snapshot mean-ms=0.0014 peak-call-ms=0.0828 calls=60
[pipeline-stage] upload mean-ms=0.0033 peak-call-ms=0.2150 calls=60
[pipeline-stage] presentation mean-ms=0.0336 peak-call-ms=0.2610 calls=2159
[pipeline-stage] CRT/resolve mean-ms=0.0248 peak-call-ms=0.2259 calls=4318
[pipeline-stage] host UI mean-ms=0.0041 peak-call-ms=0.1004 calls=2159
[pipeline-stage] settings UI mean-ms=0.0002 peak-call-ms=0.0137 calls=2159
[pipeline-stage] present/wait mean-ms=0.3114 peak-call-ms=2.3497 calls=2159
[pipeline-stage] pacing/sleep mean-ms=0.0002 peak-call-ms=0.0012 calls=2159
[pipeline-stage] housekeeping mean-ms=0.0000 peak-call-ms=0.0021 calls=60
[pipeline-stage] PPU setup mean-ms=0.0002 peak-call-ms=0.0108 calls=60
[pipeline-stage] PPU scanout mean-ms=0.0032 peak-call-ms=0.2386 calls=60
[pipeline-stage] PPU finish mean-ms=0.0000 peak-call-ms=0.0093 calls=60
[pipeline-work] ticks=0.03 repre=0.97 draws=0.0 vertices=0 upload-MiB=0.000 depth-MiB=0.000 depth-copy-MiB=0.000 depth-copy-calls=0.00 jobs=0.00 helpers=0.00 fallback=1.00 failed=0.00 (per-present)
[pipeline-traffic] upload-calls=0.00 skipped=0.00 scan-MiB=0.047 upload-MiB=0.000 mirror-realloc=0.00 (per-present)
[pipeline-atlas] reuse=0.00 copy-MiB=0.000 copy-calls=0.00 (per-present; copies are GPU-only)
[pipeline-path] cpu-project=0.00 cpu-stage=0.00 gpu-reuse=0.00 publish=0.00 opt-out=0.00 limit=0.00 rejected=0.00 (events/present, not view fallbacks)
[pipeline-perf] scene=Native/menu host=0 map=00/09 output=1280x800 frames=2030 fps=2028.8 cadence-ms=0.493 p95=0.996 max=9.475 refresh=3 vsync=0 cap=0 gpu-ms=unavailable
[pipeline-stage] events/input mean-ms=0.0517 peak-call-ms=8.2380 calls=2030
[pipeline-stage] emulation mean-ms=0.0031 peak-call-ms=1.4248 calls=60
[pipeline-stage] PPU + capture mean-ms=0.0045 peak-call-ms=0.2096 calls=60
[pipeline-stage] world map build mean-ms=0.0001 peak-call-ms=0.0102 calls=60
[pipeline-stage] SIM metadata mean-ms=0.0016 peak-call-ms=0.1048 calls=60
[pipeline-stage] town canvas mean-ms=0.0000 peak-call-ms=0.0017 calls=60
[pipeline-stage] frame snapshot mean-ms=0.0016 peak-call-ms=0.0957 calls=60
[pipeline-stage] upload mean-ms=0.0040 peak-call-ms=0.2149 calls=60
[pipeline-stage] presentation mean-ms=0.0346 peak-call-ms=0.1708 calls=2030
[pipeline-stage] CRT/resolve mean-ms=0.0256 peak-call-ms=0.1242 calls=4060
[pipeline-stage] host UI mean-ms=0.0042 peak-call-ms=0.0386 calls=2030
[pipeline-stage] settings UI mean-ms=0.0002 peak-call-ms=0.0017 calls=2030
[pipeline-stage] present/wait mean-ms=0.3392 peak-call-ms=1.5066 calls=2030
[pipeline-stage] pacing/sleep mean-ms=0.0002 peak-call-ms=0.0082 calls=2030
[pipeline-stage] housekeeping mean-ms=0.0000 peak-call-ms=0.0021 calls=60
[pipeline-stage] PPU setup mean-ms=0.0002 peak-call-ms=0.0484 calls=60
[pipeline-stage] PPU scanout mean-ms=0.0038 peak-call-ms=0.1803 calls=60
[pipeline-stage] PPU finish mean-ms=0.0000 peak-call-ms=0.0029 calls=60
[pipeline-work] ticks=0.03 repre=0.97 draws=0.0 vertices=0 upload-MiB=0.000 depth-MiB=0.000 depth-copy-MiB=0.000 depth-copy-calls=0.00 jobs=0.00 helpers=0.00 fallback=1.00 failed=0.00 (per-present)
[pipeline-traffic] upload-calls=0.00 skipped=0.00 scan-MiB=0.050 upload-MiB=0.000 mirror-realloc=0.00 (per-present)
[pipeline-atlas] reuse=0.00 copy-MiB=0.000 copy-calls=0.00 (per-present; copies are GPU-only)
[pipeline-path] cpu-project=0.00 cpu-stage=0.00 gpu-reuse=0.00 publish=0.00 opt-out=0.00 limit=0.00 rejected=0.00 (events/present, not view fallbacks)
[pipeline-perf] scene=Native/menu host=0 map=00/09 output=1280x800 frames=2050 fps=2048.8 cadence-ms=0.488 p95=1.036 max=9.566 refresh=3 vsync=0 cap=0 gpu-ms=unavailable
[pipeline-stage] events/input mean-ms=0.0511 peak-call-ms=8.1655 calls=2050
[pipeline-stage] emulation mean-ms=0.0041 peak-call-ms=1.3572 calls=60
[pipeline-stage] PPU + capture mean-ms=0.0045 peak-call-ms=0.2399 calls=60
[pipeline-stage] world map build mean-ms=0.0001 peak-call-ms=0.0033 calls=60
[pipeline-stage] SIM metadata mean-ms=0.0016 peak-call-ms=0.2740 calls=60
[pipeline-stage] town canvas mean-ms=0.0000 peak-call-ms=0.0020 calls=60
[pipeline-stage] frame snapshot mean-ms=0.0016 peak-call-ms=0.0643 calls=60
[pipeline-stage] upload mean-ms=0.0040 peak-call-ms=0.2052 calls=60
[pipeline-stage] presentation mean-ms=0.0347 peak-call-ms=0.1957 calls=2050
[pipeline-stage] CRT/resolve mean-ms=0.0255 peak-call-ms=0.1646 calls=4100
[pipeline-stage] host UI mean-ms=0.0043 peak-call-ms=0.0819 calls=2050
[pipeline-stage] settings UI mean-ms=0.0002 peak-call-ms=0.0068 calls=2050
[pipeline-stage] present/wait mean-ms=0.3340 peak-call-ms=1.5736 calls=2050
[pipeline-stage] pacing/sleep mean-ms=0.0002 peak-call-ms=0.0401 calls=2050
[pipeline-stage] housekeeping mean-ms=0.0000 peak-call-ms=0.0021 calls=60
[pipeline-stage] PPU setup mean-ms=0.0002 peak-call-ms=0.0076 calls=60
[pipeline-stage] PPU scanout mean-ms=0.0038 peak-call-ms=0.2149 calls=60
[pipeline-stage] PPU finish mean-ms=0.0000 peak-call-ms=0.0023 calls=60
[pipeline-work] ticks=0.03 repre=0.97 draws=0.0 vertices=0 upload-MiB=0.000 depth-MiB=0.000 depth-copy-MiB=0.000 depth-copy-calls=0.00 jobs=0.00 helpers=0.00 fallback=1.00 failed=0.00 (per-present)
[pipeline-traffic] upload-calls=0.00 skipped=0.00 scan-MiB=0.050 upload-MiB=0.000 mirror-realloc=0.00 (per-present)
[pipeline-atlas] reuse=0.00 copy-MiB=0.000 copy-calls=0.00 (per-present; copies are GPU-only)
[pipeline-path] cpu-project=0.00 cpu-stage=0.00 gpu-reuse=0.00 publish=0.00 opt-out=0.00 limit=0.00 rejected=0.00 (events/present, not view fallbacks)
[pipeline-perf] scene=Native/menu host=0 map=00/09 output=1280x800 frames=2011 fps=2009.8 cadence-ms=0.498 p95=1.007 max=10.115 refresh=3 vsync=0 cap=0 gpu-ms=unavailable
[pipeline-stage] events/input mean-ms=0.0525 peak-call-ms=8.2238 calls=2011
[pipeline-stage] emulation mean-ms=0.0033 peak-call-ms=1.1975 calls=61
[pipeline-stage] PPU + capture mean-ms=0.0047 peak-call-ms=0.2154 calls=61
[pipeline-stage] world map build mean-ms=0.0001 peak-call-ms=0.0038 calls=61
[pipeline-stage] SIM metadata mean-ms=0.0015 peak-call-ms=0.0577 calls=61
[pipeline-stage] town canvas mean-ms=0.0000 peak-call-ms=0.0021 calls=61
[pipeline-stage] frame snapshot mean-ms=0.0017 peak-call-ms=0.1086 calls=61
[pipeline-stage] upload mean-ms=0.0039 peak-call-ms=0.2124 calls=61
[pipeline-stage] presentation mean-ms=0.0345 peak-call-ms=0.1971 calls=2011
[pipeline-stage] CRT/resolve mean-ms=0.0255 peak-call-ms=0.1405 calls=4022
[pipeline-stage] host UI mean-ms=0.0042 peak-call-ms=0.0507 calls=2011
[pipeline-stage] settings UI mean-ms=0.0002 peak-call-ms=0.0045 calls=2011
[pipeline-stage] present/wait mean-ms=0.3433 peak-call-ms=2.3977 calls=2011
[pipeline-stage] pacing/sleep mean-ms=0.0002 peak-call-ms=0.0013 calls=2011
[pipeline-stage] housekeeping mean-ms=0.0000 peak-call-ms=0.0019 calls=61
[pipeline-stage] PPU setup mean-ms=0.0002 peak-call-ms=0.0125 calls=61
[pipeline-stage] PPU scanout mean-ms=0.0039 peak-call-ms=0.1844 calls=61
[pipeline-stage] PPU finish mean-ms=0.0000 peak-call-ms=0.0023 calls=61
[pipeline-work] ticks=0.03 repre=0.97 draws=0.0 vertices=0 upload-MiB=0.000 depth-MiB=0.000 depth-copy-MiB=0.000 depth-copy-calls=0.00 jobs=0.00 helpers=0.00 fallback=1.00 failed=0.00 (per-present)
[pipeline-traffic] upload-calls=0.00 skipped=0.00 scan-MiB=0.051 upload-MiB=0.000 mirror-realloc=0.00 (per-present)
[pipeline-atlas] reuse=0.00 copy-MiB=0.000 copy-calls=0.00 (per-present; copies are GPU-only)
[pipeline-path] cpu-project=0.00 cpu-stage=0.00 gpu-reuse=0.00 publish=0.00 opt-out=0.00 limit=0.00 rejected=0.00 (events/present, not view fallbacks)
[music] stop [music:song-01] (driver halt $F0)
[action-bg-hle] full world-layer provider enabled
[action-bg-hle] fallback=forced-blank map=01/01 BG1
[widescreen] gf=402 $18=01 $19=01 -> WIDE clamp=00 mirror=00 repeat=00 bands=0/811c9dc5 normal=00 hud=40/88/168 left-only-y=28 bg-plan=1 source=world/world hle=00
[sim3d-view] gf=402 authentic (view fallback) -> none (inactive, view=none, integrity=$0, mismatch=0 px) after 0 frame(s)
[act-enter] $18=01 $19=01 at game-frame 402
[music] src=18:947F song=01 -> [music:song-00] game-assets/audio/fillmore.ogg
[action-room-scene] ROM-derived world source enabled
[widescreen] gf=403 $18=01 $19=01 -> WIDE clamp=00 mirror=00 repeat=00 bands=0/811c9dc5 normal=00 hud=40/88/168 left-only-y=28 bg-plan=1 source=world/world hle=03
[gpu-fx] blur shader ready
[gpu-fx] DOF shader ready
[gpu-fx] rim light shader ready
[pipeline-perf] scene=Action 3D host=0 map=01/01 output=1280x800 frames=430 fps=427.9 cadence-ms=2.337 p95=13.212 max=29.074 refresh=3 vsync=0 cap=0 gpu-ms=unavailable
[pipeline-stage] events/input mean-ms=0.0629 peak-call-ms=8.3251 calls=430
[pipeline-stage] emulation mean-ms=0.0626 peak-call-ms=6.8207 calls=61
[pipeline-stage] PPU + capture mean-ms=0.8712 peak-call-ms=8.6396 calls=61
[pipeline-stage] world map build mean-ms=0.0001 peak-call-ms=0.0010 calls=61
[pipeline-stage] SIM metadata mean-ms=0.0039 peak-call-ms=0.0489 calls=61
[pipeline-stage] town canvas mean-ms=0.0002 peak-call-ms=0.0021 calls=61
[pipeline-stage] frame snapshot mean-ms=0.0087 peak-call-ms=0.0937 calls=61
[pipeline-stage] upload mean-ms=0.4841 peak-call-ms=8.8569 calls=61
[pipeline-stage] presentation mean-ms=0.2143 peak-call-ms=10.2542 calls=430
[pipeline-stage] CRT/resolve mean-ms=0.0141 peak-call-ms=0.1506 calls=860
[pipeline-stage] host UI mean-ms=0.0050 peak-call-ms=0.0631 calls=430
[pipeline-stage] settings UI mean-ms=0.0003 peak-call-ms=0.0015 calls=430
[pipeline-stage] present/wait mean-ms=0.5914 peak-call-ms=3.3258 calls=430
[pipeline-stage] pacing/sleep mean-ms=0.0003 peak-call-ms=0.0013 calls=430
[pipeline-stage] housekeeping mean-ms=0.0002 peak-call-ms=0.0035 calls=61
[pipeline-stage] PPU setup mean-ms=0.0079 peak-call-ms=1.0797 calls=61
[pipeline-stage] PPU scanout mean-ms=0.8532 peak-call-ms=7.3848 calls=61
[pipeline-stage] PPU finish mean-ms=0.0007 peak-call-ms=0.0082 calls=61
[pipeline-stage] action total mean-ms=0.1926 peak-call-ms=10.1381 calls=213
[pipeline-stage] action upload mean-ms=0.1234 peak-call-ms=3.7765 calls=61
[pipeline-stage] action analysis mean-ms=0.2485 peak-call-ms=5.2703 calls=61
[pipeline-stage] action setup mean-ms=0.0078 peak-call-ms=1.0774 calls=61
[pipeline-stage] action scanout mean-ms=0.8531 peak-call-ms=7.3841 calls=61
[pipeline-stage] action finish mean-ms=0.0006 peak-call-ms=0.0076 calls=61
[pipeline-stage] action host-post mean-ms=0.0077 peak-call-ms=0.0812 calls=61
[pipeline-stage] action synthesis mean-ms=0.0576 peak-call-ms=0.3186 calls=213
[pipeline-stage] action mesh mean-ms=0.0029 peak-call-ms=0.0217 calls=1065
[pipeline-stage] action supersample mean-ms=0.0138 peak-call-ms=0.3676 calls=213
[pipeline-stage] action DOF mean-ms=0.0154 peak-call-ms=0.4436 calls=213
[pipeline-stage] action submit mean-ms=0.0074 peak-call-ms=0.0232 calls=1547
[pipeline-stage] action callback mean-ms=0.0003 peak-call-ms=0.0006 calls=1065
[pipeline-work] ticks=0.14 repre=0.86 draws=3.6 vertices=245 upload-MiB=0.135 depth-MiB=0.000 depth-copy-MiB=0.000 depth-copy-calls=0.00 jobs=0.00 helpers=0.00 fallback=0.00 failed=0.00 (per-present)
[pipeline-traffic] upload-calls=0.54 skipped=0.24 scan-MiB=1.070 upload-MiB=0.135 mirror-realloc=0.02 (per-present)
[pipeline-atlas] reuse=0.00 copy-MiB=0.000 copy-calls=0.00 (per-present; copies are GPU-only)
[pipeline-path] cpu-project=0.00 cpu-stage=0.00 gpu-reuse=0.00 publish=0.00 opt-out=0.00 limit=0.00 rejected=0.00 (events/present, not view fallbacks)
[pipeline-perf] scene=Action 3D host=0 map=01/01 output=1280x800 frames=320 fps=318.9 cadence-ms=3.136 p95=12.877 max=17.896 refresh=3 vsync=0 cap=0 gpu-ms=unavailable
[pipeline-stage] events/input mean-ms=0.0568 peak-call-ms=7.9114 calls=320
[pipeline-stage] emulation mean-ms=0.0608 peak-call-ms=1.6435 calls=61
[pipeline-stage] PPU + capture mean-ms=1.2937 peak-call-ms=7.3015 calls=61
[pipeline-stage] world map build mean-ms=0.0001 peak-call-ms=0.0012 calls=61
[pipeline-stage] SIM metadata mean-ms=0.0050 peak-call-ms=0.0534 calls=61
[pipeline-stage] town canvas mean-ms=0.0002 peak-call-ms=0.0022 calls=61
[pipeline-stage] frame snapshot mean-ms=0.0115 peak-call-ms=0.0920 calls=61
[pipeline-stage] upload mean-ms=0.5261 peak-call-ms=5.8652 calls=61
[pipeline-stage] presentation mean-ms=0.3443 peak-call-ms=1.4028 calls=320
[pipeline-stage] CRT/resolve mean-ms=0.0121 peak-call-ms=0.0438 calls=640
[pipeline-stage] host UI mean-ms=0.0054 peak-call-ms=0.0172 calls=320
[pipeline-stage] settings UI mean-ms=0.0004 peak-call-ms=0.0012 calls=320
[pipeline-stage] present/wait mean-ms=0.8003 peak-call-ms=2.8442 calls=320
[pipeline-stage] pacing/sleep mean-ms=0.0004 peak-call-ms=0.0012 calls=320
[pipeline-stage] housekeeping mean-ms=0.0002 peak-call-ms=0.0037 calls=61
[pipeline-stage] PPU setup mean-ms=0.0079 peak-call-ms=0.0575 calls=61
[pipeline-stage] PPU scanout mean-ms=1.2767 peak-call-ms=7.2134 calls=61
[pipeline-stage] PPU finish mean-ms=0.0009 peak-call-ms=0.0079 calls=61
[pipeline-stage] action total mean-ms=0.3242 peak-call-ms=1.3739 calls=320
[pipeline-stage] action upload mean-ms=0.1602 peak-call-ms=1.8891 calls=61
[pipeline-stage] action analysis mean-ms=0.2475 peak-call-ms=3.4232 calls=61
[pipeline-stage] action setup mean-ms=0.0078 peak-call-ms=0.0558 calls=61
[pipeline-stage] action scanout mean-ms=1.2765 peak-call-ms=7.2129 calls=61
[pipeline-stage] action finish mean-ms=0.0009 peak-call-ms=0.0076 calls=61
[pipeline-stage] action host-post mean-ms=0.0098 peak-call-ms=0.1015 calls=61
[pipeline-stage] action synthesis mean-ms=0.1104 peak-call-ms=0.2006 calls=320
[pipeline-stage] action mesh mean-ms=0.0056 peak-call-ms=0.0180 calls=1600
[pipeline-stage] action supersample mean-ms=0.0223 peak-call-ms=0.0520 calls=320
[pipeline-stage] action DOF mean-ms=0.0282 peak-call-ms=0.0688 calls=320
[pipeline-stage] action submit mean-ms=0.0149 peak-call-ms=0.0298 calls=2294
[pipeline-stage] action callback mean-ms=0.0005 peak-call-ms=0.0007 calls=1600
[pipeline-work] ticks=0.19 repre=0.81 draws=7.2 vertices=495 upload-MiB=0.111 depth-MiB=0.000 depth-copy-MiB=0.000 depth-copy-calls=0.00 jobs=0.00 helpers=0.00 fallback=0.00 failed=0.00 (per-present)
[pipeline-traffic] upload-calls=0.56 skipped=0.46 scan-MiB=1.603 upload-MiB=0.111 mirror-realloc=0.00 (per-present)
[pipeline-atlas] reuse=0.00 copy-MiB=0.000 copy-calls=0.00 (per-present; copies are GPU-only)
[pipeline-path] cpu-project=0.00 cpu-stage=0.00 gpu-reuse=0.00 publish=0.00 opt-out=0.00 limit=0.00 rejected=0.00 (events/present, not view fallbacks)
[pipeline-perf] scene=Action 3D host=0 map=01/01 output=1280x800 frames=310 fps=308.7 cadence-ms=3.240 p95=12.999 max=18.250 refresh=3 vsync=0 cap=0 gpu-ms=unavailable
[pipeline-stage] events/input mean-ms=0.0812 peak-call-ms=8.1244 calls=310
[pipeline-stage] emulation mean-ms=0.0556 peak-call-ms=1.6356 calls=61
[pipeline-stage] PPU + capture mean-ms=1.3294 peak-call-ms=7.1436 calls=61
[pipeline-stage] world map build mean-ms=0.0001 peak-call-ms=0.0008 calls=61
[pipeline-stage] SIM metadata mean-ms=0.0051 peak-call-ms=0.0380 calls=61
[pipeline-stage] town canvas mean-ms=0.0002 peak-call-ms=0.0019 calls=61
[pipeline-stage] frame snapshot mean-ms=0.0115 peak-call-ms=0.0686 calls=61
[pipeline-stage] upload mean-ms=0.5195 peak-call-ms=5.2704 calls=61
[pipeline-stage] presentation mean-ms=0.3473 peak-call-ms=1.3825 calls=310
[pipeline-stage] CRT/resolve mean-ms=0.0123 peak-call-ms=0.1629 calls=620
[pipeline-stage] host UI mean-ms=0.0055 peak-call-ms=0.0187 calls=310
[pipeline-stage] settings UI mean-ms=0.0004 peak-call-ms=0.0011 calls=310
[pipeline-stage] present/wait mean-ms=0.8419 peak-call-ms=3.2849 calls=310
[pipeline-stage] pacing/sleep mean-ms=0.0005 peak-call-ms=0.0013 calls=310
[pipeline-stage] housekeeping mean-ms=0.0003 peak-call-ms=0.0024 calls=61
[pipeline-stage] PPU setup mean-ms=0.0082 peak-call-ms=0.0671 calls=61
[pipeline-stage] PPU scanout mean-ms=1.3119 peak-call-ms=7.0411 calls=61
[pipeline-stage] PPU finish mean-ms=0.0009 peak-call-ms=0.0115 calls=61
[pipeline-stage] action total mean-ms=0.3269 peak-call-ms=1.3514 calls=310
[pipeline-stage] action upload mean-ms=0.1586 peak-call-ms=1.2395 calls=61
[pipeline-stage] action analysis mean-ms=0.2404 peak-call-ms=3.0710 calls=61
[pipeline-stage] action setup mean-ms=0.0081 peak-call-ms=0.0664 calls=61
[pipeline-stage] action scanout mean-ms=1.3118 peak-call-ms=7.0403 calls=61
[pipeline-stage] action finish mean-ms=0.0009 peak-call-ms=0.0112 calls=61
[pipeline-stage] action host-post mean-ms=0.0100 peak-call-ms=0.0650 calls=61
[pipeline-stage] action synthesis mean-ms=0.1116 peak-call-ms=0.2086 calls=310
[pipeline-stage] action mesh mean-ms=0.0057 peak-call-ms=0.0147 calls=1550
[pipeline-stage] action supersample mean-ms=0.0225 peak-call-ms=0.0570 calls=310
[pipeline-stage] action DOF mean-ms=0.0276 peak-call-ms=0.0652 calls=310
[pipeline-stage] action submit mean-ms=0.0150 peak-call-ms=0.0261 calls=2216
[pipeline-stage] action callback mean-ms=0.0005 peak-call-ms=0.0017 calls=1550
[pipeline-work] ticks=0.20 repre=0.80 draws=7.1 vertices=495 upload-MiB=0.108 depth-MiB=0.000 depth-copy-MiB=0.000 depth-copy-calls=0.00 jobs=0.00 helpers=0.00 fallback=0.00 failed=0.00 (per-present)
[pipeline-traffic] upload-calls=0.55 skipped=0.49 scan-MiB=1.651 upload-MiB=0.108 mirror-realloc=0.00 (per-present)
[pipeline-atlas] reuse=0.00 copy-MiB=0.000 copy-calls=0.00 (per-present; copies are GPU-only)
[pipeline-path] cpu-project=0.00 cpu-stage=0.00 gpu-reuse=0.00 publish=0.00 opt-out=0.00 limit=0.00 rejected=0.00 (events/present, not view fallbacks)
[pipeline-perf] scene=Action 3D host=0 map=01/01 output=1280x800 frames=356 fps=354.7 cadence-ms=2.819 p95=10.079 max=18.437 refresh=3 vsync=0 cap=0 gpu-ms=unavailable
[pipeline-stage] events/input mean-ms=0.0768 peak-call-ms=8.1247 calls=356
[pipeline-stage] emulation mean-ms=0.0573 peak-call-ms=1.9197 calls=60
[pipeline-stage] PPU + capture mean-ms=1.1567 peak-call-ms=7.4416 calls=60
[pipeline-stage] world map build mean-ms=0.0001 peak-call-ms=0.0010 calls=60
[pipeline-stage] SIM metadata mean-ms=0.0043 peak-call-ms=0.0409 calls=60
[pipeline-stage] town canvas mean-ms=0.0002 peak-call-ms=0.0017 calls=60
[pipeline-stage] frame snapshot mean-ms=0.0100 peak-call-ms=0.1079 calls=60
[pipeline-stage] upload mean-ms=0.3034 peak-call-ms=3.1904 calls=60
[pipeline-stage] presentation mean-ms=0.3325 peak-call-ms=1.2260 calls=356
[pipeline-stage] CRT/resolve mean-ms=0.0118 peak-call-ms=0.0238 calls=712
[pipeline-stage] host UI mean-ms=0.0054 peak-call-ms=0.0166 calls=356
[pipeline-stage] settings UI mean-ms=0.0004 peak-call-ms=0.0013 calls=356
[pipeline-stage] present/wait mean-ms=0.8049 peak-call-ms=2.3846 calls=356
[pipeline-stage] pacing/sleep mean-ms=0.0004 peak-call-ms=0.0012 calls=356
[pipeline-stage] housekeeping mean-ms=0.0003 peak-call-ms=0.0115 calls=60
[pipeline-stage] PPU setup mean-ms=0.0070 peak-call-ms=0.0822 calls=60
[pipeline-stage] PPU scanout mean-ms=1.1415 peak-call-ms=7.3604 calls=60
[pipeline-stage] PPU finish mean-ms=0.0008 peak-call-ms=0.0074 calls=60
[pipeline-stage] action total mean-ms=0.3128 peak-call-ms=1.1890 calls=356
[pipeline-stage] action upload mean-ms=0.1132 peak-call-ms=0.8151 calls=60
[pipeline-stage] action analysis mean-ms=0.1081 peak-call-ms=1.9974 calls=60
[pipeline-stage] action setup mean-ms=0.0069 peak-call-ms=0.0813 calls=60
[pipeline-stage] action scanout mean-ms=1.1414 peak-call-ms=7.3596 calls=60
[pipeline-stage] action finish mean-ms=0.0008 peak-call-ms=0.0069 calls=60
[pipeline-stage] action host-post mean-ms=0.0083 peak-call-ms=0.0649 calls=60
[pipeline-stage] action synthesis mean-ms=0.1017 peak-call-ms=0.1933 calls=356
[pipeline-stage] action mesh mean-ms=0.0057 peak-call-ms=0.0306 calls=1780
[pipeline-stage] action supersample mean-ms=0.0223 peak-call-ms=0.0498 calls=356
[pipeline-stage] action DOF mean-ms=0.0295 peak-call-ms=0.0696 calls=356
[pipeline-stage] action submit mean-ms=0.0152 peak-call-ms=0.0386 calls=2492
[pipeline-stage] action callback mean-ms=0.0005 peak-call-ms=0.0006 calls=1780
[pipeline-work] ticks=0.17 repre=0.83 draws=7.0 vertices=494 upload-MiB=0.018 depth-MiB=0.000 depth-copy-MiB=0.000 depth-copy-calls=0.00 jobs=0.00 helpers=0.00 fallback=0.00 failed=0.00 (per-present)
[pipeline-traffic] upload-calls=0.35 skipped=0.51 scan-MiB=1.414 upload-MiB=0.018 mirror-realloc=0.00 (per-present)
[pipeline-atlas] reuse=0.00 copy-MiB=0.000 copy-calls=0.00 (per-present; copies are GPU-only)
[pipeline-path] cpu-project=0.00 cpu-stage=0.00 gpu-reuse=0.00 publish=0.00 opt-out=0.00 limit=0.00 rejected=0.00 (events/present, not view fallbacks)
[pipeline-perf] scene=Action 3D host=0 map=01/01 output=1280x800 frames=377 fps=375.7 cadence-ms=2.661 p95=9.847 max=17.939 refresh=3 vsync=0 cap=0 gpu-ms=unavailable
[pipeline-stage] events/input mean-ms=0.0517 peak-call-ms=8.0002 calls=377
[pipeline-stage] emulation mean-ms=0.0544 peak-call-ms=1.7728 calls=61
[pipeline-stage] PPU + capture mean-ms=1.1044 peak-call-ms=7.0567 calls=61
[pipeline-stage] world map build mean-ms=0.0001 peak-call-ms=0.0009 calls=61
[pipeline-stage] SIM metadata mean-ms=0.0042 peak-call-ms=0.0373 calls=61
[pipeline-stage] town canvas mean-ms=0.0002 peak-call-ms=0.0022 calls=61
[pipeline-stage] frame snapshot mean-ms=0.0095 peak-call-ms=0.0874 calls=61
[pipeline-stage] upload mean-ms=0.2782 peak-call-ms=1.8664 calls=61
[pipeline-stage] presentation mean-ms=0.3261 peak-call-ms=0.7863 calls=377
[pipeline-stage] CRT/resolve mean-ms=0.0119 peak-call-ms=0.0328 calls=754
[pipeline-stage] host UI mean-ms=0.0056 peak-call-ms=0.0346 calls=377
[pipeline-stage] settings UI mean-ms=0.0004 peak-call-ms=0.0013 calls=377
[pipeline-stage] present/wait mean-ms=0.7845 peak-call-ms=2.3192 calls=377
[pipeline-stage] pacing/sleep mean-ms=0.0004 peak-call-ms=0.0015 calls=377
[pipeline-stage] housekeeping mean-ms=0.0002 peak-call-ms=0.0036 calls=61
[pipeline-stage] PPU setup mean-ms=0.0066 peak-call-ms=0.0636 calls=61
[pipeline-stage] PPU scanout mean-ms=1.0901 peak-call-ms=6.9745 calls=61
[pipeline-stage] PPU finish mean-ms=0.0008 peak-call-ms=0.0100 calls=61
[pipeline-stage] action total mean-ms=0.3062 peak-call-ms=0.7583 calls=377
[pipeline-stage] action upload mean-ms=0.1096 peak-call-ms=0.7848 calls=61
[pipeline-stage] action analysis mean-ms=0.0922 peak-call-ms=0.6567 calls=61
[pipeline-stage] action setup mean-ms=0.0065 peak-call-ms=0.0633 calls=61
[pipeline-stage] action scanout mean-ms=1.0900 peak-call-ms=6.9740 calls=61
[pipeline-stage] action finish mean-ms=0.0008 peak-call-ms=0.0095 calls=61
[pipeline-stage] action host-post mean-ms=0.0082 peak-call-ms=0.0790 calls=61
[pipeline-stage] action synthesis mean-ms=0.0968 peak-call-ms=0.1778 calls=377
[pipeline-stage] action mesh mean-ms=0.0057 peak-call-ms=0.0230 calls=1885
[pipeline-stage] action supersample mean-ms=0.0217 peak-call-ms=0.0377 calls=377
[pipeline-stage] action DOF mean-ms=0.0307 peak-call-ms=0.0824 calls=377
[pipeline-stage] action submit mean-ms=0.0148 peak-call-ms=0.0265 calls=2639
[pipeline-stage] action callback mean-ms=0.0005 peak-call-ms=0.0006 calls=1885
[pipeline-work] ticks=0.16 repre=0.84 draws=7.0 vertices=494 upload-MiB=0.018 depth-MiB=0.000 depth-copy-MiB=0.000 depth-copy-calls=0.00 jobs=0.00 helpers=0.00 fallback=0.00 failed=0.00 (per-present)
[pipeline-traffic] upload-calls=0.33 skipped=0.49 scan-MiB=1.356 upload-MiB=0.018 mirror-realloc=0.00 (per-present)
[pipeline-atlas] reuse=0.00 copy-MiB=0.000 copy-calls=0.00 (per-present; copies are GPU-only)
[pipeline-path] cpu-project=0.00 cpu-stage=0.00 gpu-reuse=0.00 publish=0.00 opt-out=0.00 limit=0.00 rejected=0.00 (events/present, not view fallbacks)
[pipeline-perf] scene=Action 3D host=0 map=01/01 output=1280x800 frames=356 fps=354.9 cadence-ms=2.818 p95=10.378 max=17.591 refresh=3 vsync=0 cap=0 gpu-ms=unavailable
[pipeline-stage] events/input mean-ms=0.0754 peak-call-ms=7.9400 calls=356
[pipeline-stage] emulation mean-ms=0.0518 peak-call-ms=1.7311 calls=60
[pipeline-stage] PPU + capture mean-ms=1.1667 peak-call-ms=8.5262 calls=60
[pipeline-stage] world map build mean-ms=0.0001 peak-call-ms=0.0009 calls=60
[pipeline-stage] SIM metadata mean-ms=0.0044 peak-call-ms=0.0575 calls=60
[pipeline-stage] town canvas mean-ms=0.0002 peak-call-ms=0.0015 calls=60
[pipeline-stage] frame snapshot mean-ms=0.0100 peak-call-ms=0.1139 calls=60
[pipeline-stage] upload mean-ms=0.3168 peak-call-ms=3.3966 calls=60
[pipeline-stage] presentation mean-ms=0.3379 peak-call-ms=1.4470 calls=356
[pipeline-stage] CRT/resolve mean-ms=0.0119 peak-call-ms=0.0517 calls=712
[pipeline-stage] host UI mean-ms=0.0055 peak-call-ms=0.0287 calls=356
[pipeline-stage] settings UI mean-ms=0.0004 peak-call-ms=0.0016 calls=356
[pipeline-stage] present/wait mean-ms=0.7829 peak-call-ms=2.3685 calls=356
[pipeline-stage] pacing/sleep mean-ms=0.0004 peak-call-ms=0.0013 calls=356
[pipeline-stage] housekeeping mean-ms=0.0002 peak-call-ms=0.0031 calls=60
[pipeline-stage] PPU setup mean-ms=0.0067 peak-call-ms=0.0739 calls=60
[pipeline-stage] PPU scanout mean-ms=1.1522 peak-call-ms=8.4399 calls=60
[pipeline-stage] PPU finish mean-ms=0.0008 peak-call-ms=0.0075 calls=60
[pipeline-stage] action total mean-ms=0.3180 peak-call-ms=1.4175 calls=356
[pipeline-stage] action upload mean-ms=0.1202 peak-call-ms=2.1265 calls=60
[pipeline-stage] action analysis mean-ms=0.1123 peak-call-ms=1.8694 calls=60
[pipeline-stage] action setup mean-ms=0.0066 peak-call-ms=0.0732 calls=60
[pipeline-stage] action scanout mean-ms=1.1521 peak-call-ms=8.4389 calls=60
[pipeline-stage] action finish mean-ms=0.0008 peak-call-ms=0.0069 calls=60
[pipeline-stage] action host-post mean-ms=0.0087 peak-call-ms=0.0814 calls=60
[pipeline-stage] action synthesis mean-ms=0.1032 peak-call-ms=0.2416 calls=356
[pipeline-stage] action mesh mean-ms=0.0060 peak-call-ms=0.0417 calls=1780
[pipeline-stage] action supersample mean-ms=0.0225 peak-call-ms=0.0845 calls=356
[pipeline-stage] action DOF mean-ms=0.0306 peak-call-ms=0.0861 calls=356
[pipeline-stage] action submit mean-ms=0.0150 peak-call-ms=0.0544 calls=2492
[pipeline-stage] action callback mean-ms=0.0005 peak-call-ms=0.0008 calls=1780
[pipeline-work] ticks=0.17 repre=0.83 draws=7.0 vertices=494 upload-MiB=0.016 depth-MiB=0.000 depth-copy-MiB=0.000 depth-copy-calls=0.00 jobs=0.00 helpers=0.00 fallback=0.00 failed=0.00 (per-present)
[pipeline-traffic] upload-calls=0.35 skipped=0.51 scan-MiB=1.412 upload-MiB=0.016 mirror-realloc=0.00 (per-present)
[pipeline-atlas] reuse=0.00 copy-MiB=0.000 copy-calls=0.00 (per-present; copies are GPU-only)
[pipeline-path] cpu-project=0.00 cpu-stage=0.00 gpu-reuse=0.00 publish=0.00 opt-out=0.00 limit=0.00 rejected=0.00 (events/present, not view fallbacks)
[pipeline-perf] scene=Action 3D host=0 map=01/01 output=1280x800 frames=353 fps=348.9 cadence-ms=2.866 p95=9.868 max=18.211 refresh=3 vsync=0 cap=0 gpu-ms=unavailable
[pipeline-stage] events/input mean-ms=0.0755 peak-call-ms=7.9860 calls=353
[pipeline-stage] emulation mean-ms=0.0709 peak-call-ms=2.6397 calls=61
[pipeline-stage] PPU + capture mean-ms=1.1786 peak-call-ms=7.1444 calls=61
[pipeline-stage] world map build mean-ms=0.0001 peak-call-ms=0.0015 calls=61
[pipeline-stage] SIM metadata mean-ms=0.0045 peak-call-ms=0.0562 calls=61
[pipeline-stage] town canvas mean-ms=0.0002 peak-call-ms=0.0026 calls=61
[pipeline-stage] frame snapshot mean-ms=0.0100 peak-call-ms=0.0831 calls=61
[pipeline-stage] upload mean-ms=0.3056 peak-call-ms=3.1487 calls=61
[pipeline-stage] presentation mean-ms=0.3391 peak-call-ms=1.2993 calls=353
[pipeline-stage] CRT/resolve mean-ms=0.0119 peak-call-ms=0.0241 calls=706
[pipeline-stage] host UI mean-ms=0.0057 peak-call-ms=0.0358 calls=353
[pipeline-stage] settings UI mean-ms=0.0004 peak-call-ms=0.0012 calls=353
[pipeline-stage] present/wait mean-ms=0.8091 peak-call-ms=2.0417 calls=353
[pipeline-stage] pacing/sleep mean-ms=0.0004 peak-call-ms=0.0014 calls=353
[pipeline-stage] housekeeping mean-ms=0.0002 peak-call-ms=0.0038 calls=61
[pipeline-stage] PPU setup mean-ms=0.0070 peak-call-ms=0.0562 calls=61
[pipeline-stage] PPU scanout mean-ms=1.1625 peak-call-ms=7.0490 calls=61
[pipeline-stage] PPU finish mean-ms=0.0008 peak-call-ms=0.0112 calls=61
[pipeline-stage] action total mean-ms=0.3190 peak-call-ms=1.2700 calls=353
[pipeline-stage] action upload mean-ms=0.1145 peak-call-ms=0.7411 calls=61
[pipeline-stage] action analysis mean-ms=0.1063 peak-call-ms=1.9780 calls=61
[pipeline-stage] action setup mean-ms=0.0069 peak-call-ms=0.0554 calls=61
[pipeline-stage] action scanout mean-ms=1.1624 peak-call-ms=7.0483 calls=61
[pipeline-stage] action finish mean-ms=0.0008 peak-call-ms=0.0104 calls=61
[pipeline-stage] action host-post mean-ms=0.0087 peak-call-ms=0.0836 calls=61
[pipeline-stage] action synthesis mean-ms=0.1066 peak-call-ms=0.1837 calls=353
[pipeline-stage] action mesh mean-ms=0.0058 peak-call-ms=0.0242 calls=1765
[pipeline-stage] action supersample mean-ms=0.0224 peak-call-ms=0.0529 calls=353
[pipeline-stage] action DOF mean-ms=0.0296 peak-call-ms=0.0672 calls=353
[pipeline-stage] action submit mean-ms=0.0150 peak-call-ms=0.0211 calls=2471
[pipeline-stage] action callback mean-ms=0.0005 peak-call-ms=0.0007 calls=1765
[pipeline-work] ticks=0.17 repre=0.83 draws=7.0 vertices=494 upload-MiB=0.019 depth-MiB=0.000 depth-copy-MiB=0.000 depth-copy-calls=0.00 jobs=0.00 helpers=0.00 fallback=0.00 failed=0.00 (per-present)
[pipeline-traffic] upload-calls=0.35 skipped=0.52 scan-MiB=1.453 upload-MiB=0.019 mirror-realloc=0.00 (per-present)
[pipeline-atlas] reuse=0.00 copy-MiB=0.000 copy-calls=0.00 (per-present; copies are GPU-only)
[pipeline-path] cpu-project=0.00 cpu-stage=0.00 gpu-reuse=0.00 publish=0.00 opt-out=0.00 limit=0.00 rejected=0.00 (events/present, not view fallbacks)
[pipeline-perf] scene=Action 3D host=0 map=01/01 output=1280x800 frames=368 fps=366.8 cadence-ms=2.727 p95=9.942 max=18.168 refresh=3 vsync=0 cap=0 gpu-ms=unavailable
[pipeline-stage] events/input mean-ms=0.0755 peak-call-ms=8.2210 calls=368
[pipeline-stage] emulation mean-ms=0.0458 peak-call-ms=1.8068 calls=60
[pipeline-stage] PPU + capture mean-ms=1.1186 peak-call-ms=7.3038 calls=60
[pipeline-stage] world map build mean-ms=0.0001 peak-call-ms=0.0012 calls=60
[pipeline-stage] SIM metadata mean-ms=0.0042 peak-call-ms=0.0521 calls=60
[pipeline-stage] town canvas mean-ms=0.0002 peak-call-ms=0.0025 calls=60
[pipeline-stage] frame snapshot mean-ms=0.0093 peak-call-ms=0.0827 calls=60
[pipeline-stage] upload mean-ms=0.2837 peak-call-ms=1.9377 calls=60
[pipeline-stage] presentation mean-ms=0.3339 peak-call-ms=0.8391 calls=368
[pipeline-stage] CRT/resolve mean-ms=0.0117 peak-call-ms=0.0506 calls=736
[pipeline-stage] host UI mean-ms=0.0055 peak-call-ms=0.0337 calls=368
[pipeline-stage] settings UI mean-ms=0.0004 peak-call-ms=0.0015 calls=368
[pipeline-stage] present/wait mean-ms=0.7836 peak-call-ms=2.5124 calls=368
[pipeline-stage] pacing/sleep mean-ms=0.0005 peak-call-ms=0.0148 calls=368
[pipeline-stage] housekeeping mean-ms=0.0002 peak-call-ms=0.0037 calls=60
[pipeline-stage] PPU setup mean-ms=0.0066 peak-call-ms=0.0533 calls=60
[pipeline-stage] PPU scanout mean-ms=1.1040 peak-call-ms=7.2193 calls=60
[pipeline-stage] PPU finish mean-ms=0.0008 peak-call-ms=0.0105 calls=60
[pipeline-stage] action total mean-ms=0.3141 peak-call-ms=0.8126 calls=368
[pipeline-stage] action upload mean-ms=0.1101 peak-call-ms=0.7717 calls=60
[pipeline-stage] action analysis mean-ms=0.0970 peak-call-ms=0.7603 calls=60
[pipeline-stage] action setup mean-ms=0.0065 peak-call-ms=0.0524 calls=60
[pipeline-stage] action scanout mean-ms=1.1039 peak-call-ms=7.2185 calls=60
[pipeline-stage] action finish mean-ms=0.0007 peak-call-ms=0.0098 calls=60
[pipeline-stage] action host-post mean-ms=0.0082 peak-call-ms=0.0914 calls=60
[pipeline-stage] action synthesis mean-ms=0.1056 peak-call-ms=0.3283 calls=368
[pipeline-stage] action mesh mean-ms=0.0056 peak-call-ms=0.0126 calls=1840
[pipeline-stage] action supersample mean-ms=0.0217 peak-call-ms=0.0418 calls=368
[pipeline-stage] action DOF mean-ms=0.0290 peak-call-ms=0.0794 calls=368
[pipeline-stage] action submit mean-ms=0.0149 peak-call-ms=0.0245 calls=2576
[pipeline-stage] action callback mean-ms=0.0005 peak-call-ms=0.0006 calls=1840
[pipeline-work] ticks=0.16 repre=0.84 draws=7.0 vertices=494 upload-MiB=0.014 depth-MiB=0.000 depth-copy-MiB=0.000 depth-copy-calls=0.00 jobs=0.00 helpers=0.00 fallback=0.00 failed=0.00 (per-present)
[pipeline-traffic] upload-calls=0.33 skipped=0.49 scan-MiB=1.361 upload-MiB=0.014 mirror-realloc=0.00 (per-present)
[pipeline-atlas] reuse=0.00 copy-MiB=0.000 copy-calls=0.00 (per-present; copies are GPU-only)
[pipeline-path] cpu-project=0.00 cpu-stage=0.00 gpu-reuse=0.00 publish=0.00 opt-out=0.00 limit=0.00 rejected=0.00 (events/present, not view fallbacks)
[pipeline-perf] scene=Action 3D host=0 map=01/01 output=1280x800 frames=365 fps=363.8 cadence-ms=2.749 p95=10.321 max=17.712 refresh=3 vsync=0 cap=0 gpu-ms=unavailable
[pipeline-stage] events/input mean-ms=0.0720 peak-call-ms=7.6798 calls=365
[pipeline-stage] emulation mean-ms=0.0506 peak-call-ms=1.6785 calls=60
[pipeline-stage] PPU + capture mean-ms=1.1354 peak-call-ms=7.1960 calls=60
[pipeline-stage] world map build mean-ms=0.0001 peak-call-ms=0.0009 calls=60
[pipeline-stage] SIM metadata mean-ms=0.0043 peak-call-ms=0.0362 calls=60
[pipeline-stage] town canvas mean-ms=0.0002 peak-call-ms=0.0015 calls=60
[pipeline-stage] frame snapshot mean-ms=0.0098 peak-call-ms=0.1030 calls=60
[pipeline-stage] upload mean-ms=0.3154 peak-call-ms=3.3588 calls=60
[pipeline-stage] presentation mean-ms=0.3409 peak-call-ms=0.9105 calls=365
[pipeline-stage] CRT/resolve mean-ms=0.0121 peak-call-ms=0.0482 calls=730
[pipeline-stage] host UI mean-ms=0.0054 peak-call-ms=0.0236 calls=365
[pipeline-stage] settings UI mean-ms=0.0004 peak-call-ms=0.0017 calls=365
[pipeline-stage] present/wait mean-ms=0.7482 peak-call-ms=2.4068 calls=365
[pipeline-stage] pacing/sleep mean-ms=0.0004 peak-call-ms=0.0011 calls=365
[pipeline-stage] housekeeping mean-ms=0.0002 peak-call-ms=0.0019 calls=60
[pipeline-stage] PPU setup mean-ms=0.0065 peak-call-ms=0.0805 calls=60
[pipeline-stage] PPU scanout mean-ms=1.1210 peak-call-ms=7.0724 calls=60
[pipeline-stage] PPU finish mean-ms=0.0008 peak-call-ms=0.0077 calls=60
[pipeline-stage] action total mean-ms=0.3206 peak-call-ms=0.8813 calls=365
[pipeline-stage] action upload mean-ms=0.1229 peak-call-ms=2.2457 calls=60
[pipeline-stage] action analysis mean-ms=0.1155 peak-call-ms=2.0578 calls=60
[pipeline-stage] action setup mean-ms=0.0065 peak-call-ms=0.0803 calls=60
[pipeline-stage] action scanout mean-ms=1.1209 peak-call-ms=7.0719 calls=60
[pipeline-stage] action finish mean-ms=0.0008 peak-call-ms=0.0074 calls=60
[pipeline-stage] action host-post mean-ms=0.0083 peak-call-ms=0.0683 calls=60
[pipeline-stage] action synthesis mean-ms=0.1072 peak-call-ms=0.1974 calls=365
[pipeline-stage] action mesh mean-ms=0.0060 peak-call-ms=0.0421 calls=1825
[pipeline-stage] action supersample mean-ms=0.0222 peak-call-ms=0.0581 calls=365
[pipeline-stage] action DOF mean-ms=0.0289 peak-call-ms=0.0754 calls=365
[pipeline-stage] action submit mean-ms=0.0157 peak-call-ms=0.2271 calls=2555
[pipeline-stage] action callback mean-ms=0.0006 peak-call-ms=0.0159 calls=1825
[pipeline-work] ticks=0.16 repre=0.84 draws=7.0 vertices=494 upload-MiB=0.011 depth-MiB=0.000 depth-copy-MiB=0.000 depth-copy-calls=0.00 jobs=0.00 helpers=0.00 fallback=0.00 failed=0.00 (per-present)
[pipeline-traffic] upload-calls=0.33 skipped=0.49 scan-MiB=1.375 upload-MiB=0.011 mirror-realloc=0.00 (per-present)
[pipeline-atlas] reuse=0.00 copy-MiB=0.000 copy-calls=0.00 (per-present; copies are GPU-only)
[pipeline-path] cpu-project=0.00 cpu-stage=0.00 gpu-reuse=0.00 publish=0.00 opt-out=0.00 limit=0.00 rejected=0.00 (events/present, not view fallbacks)
[pipeline-perf] scene=Action 3D host=0 map=01/01 output=1280x800 frames=363 fps=361.9 cadence-ms=2.764 p95=9.871 max=18.156 refresh=3 vsync=0 cap=0 gpu-ms=unavailable
[pipeline-stage] events/input mean-ms=0.0546 peak-call-ms=7.9826 calls=363
[pipeline-stage] emulation mean-ms=0.0418 peak-call-ms=1.3353 calls=61
[pipeline-stage] PPU + capture mean-ms=1.1556 peak-call-ms=7.4523 calls=61
[pipeline-stage] world map build mean-ms=0.0001 peak-call-ms=0.0009 calls=61
[pipeline-stage] SIM metadata mean-ms=0.0043 peak-call-ms=0.0310 calls=61
[pipeline-stage] town canvas mean-ms=0.0002 peak-call-ms=0.0071 calls=61
[pipeline-stage] frame snapshot mean-ms=0.0097 peak-call-ms=0.0730 calls=61
[pipeline-stage] upload mean-ms=0.2932 peak-call-ms=3.1752 calls=61
[pipeline-stage] presentation mean-ms=0.3432 peak-call-ms=1.1069 calls=363
[pipeline-stage] CRT/resolve mean-ms=0.0122 peak-call-ms=0.0523 calls=726
[pipeline-stage] host UI mean-ms=0.0057 peak-call-ms=0.0212 calls=363
[pipeline-stage] settings UI mean-ms=0.0005 peak-call-ms=0.0120 calls=363
[pipeline-stage] present/wait mean-ms=0.8108 peak-call-ms=2.2456 calls=363
[pipeline-stage] pacing/sleep mean-ms=0.0005 peak-call-ms=0.0015 calls=363
[pipeline-stage] housekeeping mean-ms=0.0002 peak-call-ms=0.0030 calls=61
[pipeline-stage] PPU setup mean-ms=0.0066 peak-call-ms=0.0532 calls=61
[pipeline-stage] PPU scanout mean-ms=1.1411 peak-call-ms=7.3690 calls=61
[pipeline-stage] PPU finish mean-ms=0.0008 peak-call-ms=0.0077 calls=61
[pipeline-stage] action total mean-ms=0.3226 peak-call-ms=1.0813 calls=363
[pipeline-stage] action upload mean-ms=0.1165 peak-call-ms=2.0964 calls=61
[pipeline-stage] action analysis mean-ms=0.1036 peak-call-ms=1.6877 calls=61
[pipeline-stage] action setup mean-ms=0.0066 peak-call-ms=0.0529 calls=61
[pipeline-stage] action scanout mean-ms=1.1410 peak-call-ms=7.3684 calls=61
[pipeline-stage] action finish mean-ms=0.0008 peak-call-ms=0.0071 calls=61
[pipeline-stage] action host-post mean-ms=0.0083 peak-call-ms=0.0593 calls=61
[pipeline-stage] action synthesis mean-ms=0.1087 peak-call-ms=0.1961 calls=363
[pipeline-stage] action mesh mean-ms=0.0057 peak-call-ms=0.0123 calls=1815
[pipeline-stage] action supersample mean-ms=0.0224 peak-call-ms=0.0501 calls=363
[pipeline-stage] action DOF mean-ms=0.0312 peak-call-ms=0.7716 calls=363
[pipeline-stage] action submit mean-ms=0.0149 peak-call-ms=0.0197 calls=2541
[pipeline-stage] action callback mean-ms=0.0005 peak-call-ms=0.0008 calls=1815
[pipeline-work] ticks=0.17 repre=0.83 draws=7.0 vertices=494 upload-MiB=0.006 depth-MiB=0.000 depth-copy-MiB=0.000 depth-copy-calls=0.00 jobs=0.00 helpers=0.00 fallback=0.00 failed=0.00 (per-present)
[pipeline-traffic] upload-calls=0.31 skipped=0.50 scan-MiB=1.406 upload-MiB=0.006 mirror-realloc=0.00 (per-present)
[pipeline-atlas] reuse=0.00 copy-MiB=0.000 copy-calls=0.00 (per-present; copies are GPU-only)
[pipeline-path] cpu-project=0.00 cpu-stage=0.00 gpu-reuse=0.00 publish=0.00 opt-out=0.00 limit=0.00 rejected=0.00 (events/present, not view fallbacks)
[pipeline-perf] scene=Action 3D host=0 map=01/01 output=1280x800 frames=345 fps=344.0 cadence-ms=2.907 p95=9.713 max=19.095 refresh=3 vsync=0 cap=0 gpu-ms=unavailable
[pipeline-stage] events/input mean-ms=0.0779 peak-call-ms=8.3314 calls=345
[pipeline-stage] emulation mean-ms=0.0584 peak-call-ms=1.7893 calls=60
[pipeline-stage] PPU + capture mean-ms=1.1924 peak-call-ms=7.2029 calls=60
[pipeline-stage] world map build mean-ms=0.0001 peak-call-ms=0.0016 calls=60
[pipeline-stage] SIM metadata mean-ms=0.0045 peak-call-ms=0.0480 calls=60
[pipeline-stage] town canvas mean-ms=0.0002 peak-call-ms=0.0027 calls=60
[pipeline-stage] frame snapshot mean-ms=0.0103 peak-call-ms=0.0814 calls=60
[pipeline-stage] upload mean-ms=0.2719 peak-call-ms=1.8505 calls=60
[pipeline-stage] presentation mean-ms=0.3359 peak-call-ms=0.9366 calls=345
[pipeline-stage] CRT/resolve mean-ms=0.0117 peak-call-ms=0.0238 calls=690
[pipeline-stage] host UI mean-ms=0.0055 peak-call-ms=0.0240 calls=345
[pipeline-stage] settings UI mean-ms=0.0004 peak-call-ms=0.0013 calls=345
[pipeline-stage] present/wait mean-ms=0.8816 peak-call-ms=2.2930 calls=345
[pipeline-stage] pacing/sleep mean-ms=0.0004 peak-call-ms=0.0015 calls=345
[pipeline-stage] housekeeping mean-ms=0.0003 peak-call-ms=0.0035 calls=60
[pipeline-stage] PPU setup mean-ms=0.0071 peak-call-ms=0.0586 calls=60
[pipeline-stage] PPU scanout mean-ms=1.1766 peak-call-ms=7.1236 calls=60
[pipeline-stage] PPU finish mean-ms=0.0009 peak-call-ms=0.0146 calls=60
[pipeline-stage] action total mean-ms=0.3163 peak-call-ms=0.9066 calls=345
[pipeline-stage] action upload mean-ms=0.1275 peak-call-ms=0.8947 calls=60
[pipeline-stage] action analysis mean-ms=0.1020 peak-call-ms=0.6996 calls=60
[pipeline-stage] action setup mean-ms=0.0070 peak-call-ms=0.0581 calls=60
[pipeline-stage] action scanout mean-ms=1.1765 peak-call-ms=7.1229 calls=60
[pipeline-stage] action finish mean-ms=0.0008 peak-call-ms=0.0143 calls=60
[pipeline-stage] action host-post mean-ms=0.0088 peak-call-ms=0.0985 calls=60
[pipeline-stage] action synthesis mean-ms=0.1061 peak-call-ms=0.1697 calls=345
[pipeline-stage] action mesh mean-ms=0.0058 peak-call-ms=0.0183 calls=1725
[pipeline-stage] action supersample mean-ms=0.0226 peak-call-ms=0.0710 calls=345
[pipeline-stage] action DOF mean-ms=0.0289 peak-call-ms=0.0535 calls=345
[pipeline-stage] action submit mean-ms=0.0150 peak-call-ms=0.0198 calls=2415
[pipeline-stage] action callback mean-ms=0.0005 peak-call-ms=0.0008 calls=1725
[pipeline-work] ticks=0.17 repre=0.83 draws=7.0 vertices=494 upload-MiB=0.005 depth-MiB=0.000 depth-copy-MiB=0.000 depth-copy-calls=0.00 jobs=0.00 helpers=0.00 fallback=0.00 failed=0.00 (per-present)
[pipeline-traffic] upload-calls=0.18 skipped=0.52 scan-MiB=1.444 upload-MiB=0.005 mirror-realloc=0.00 (per-present)
[pipeline-atlas] reuse=0.00 copy-MiB=0.000 copy-calls=0.00 (per-present; copies are GPU-only)
[pipeline-path] cpu-project=0.00 cpu-stage=0.00 gpu-reuse=0.00 publish=0.00 opt-out=0.00 limit=0.00 rejected=0.00 (events/present, not view fallbacks)
[pipeline-perf] scene=Action 3D host=0 map=01/01 output=1280x800 frames=362 fps=358.1 cadence-ms=2.792 p95=10.035 max=18.131 refresh=3 vsync=0 cap=0 gpu-ms=unavailable
[pipeline-stage] events/input mean-ms=0.0748 peak-call-ms=8.1043 calls=362
[pipeline-stage] emulation mean-ms=0.0567 peak-call-ms=1.7334 calls=61
[pipeline-stage] PPU + capture mean-ms=1.1611 peak-call-ms=7.4192 calls=61
[pipeline-stage] world map build mean-ms=0.0001 peak-call-ms=0.0008 calls=61
[pipeline-stage] SIM metadata mean-ms=0.0043 peak-call-ms=0.0371 calls=61
[pipeline-stage] town canvas mean-ms=0.0002 peak-call-ms=0.0019 calls=61
[pipeline-stage] frame snapshot mean-ms=0.0100 peak-call-ms=0.0838 calls=61
[pipeline-stage] upload mean-ms=0.3043 peak-call-ms=3.2364 calls=61
[pipeline-stage] presentation mean-ms=0.3396 peak-call-ms=1.0351 calls=362
[pipeline-stage] CRT/resolve mean-ms=0.0121 peak-call-ms=0.0459 calls=724
[pipeline-stage] host UI mean-ms=0.0059 peak-call-ms=0.0397 calls=362
[pipeline-stage] settings UI mean-ms=0.0005 peak-call-ms=0.0136 calls=362
[pipeline-stage] present/wait mean-ms=0.7720 peak-call-ms=2.3440 calls=362
[pipeline-stage] pacing/sleep mean-ms=0.0005 peak-call-ms=0.0023 calls=362
[pipeline-stage] housekeeping mean-ms=0.0002 peak-call-ms=0.0026 calls=61
[pipeline-stage] PPU setup mean-ms=0.0070 peak-call-ms=0.0762 calls=61
[pipeline-stage] PPU scanout mean-ms=1.1457 peak-call-ms=7.3336 calls=61
[pipeline-stage] PPU finish mean-ms=0.0009 peak-call-ms=0.0209 calls=61
[pipeline-stage] action total mean-ms=0.3191 peak-call-ms=1.0076 calls=362
[pipeline-stage] action upload mean-ms=0.1247 peak-call-ms=2.1729 calls=61
[pipeline-stage] action analysis mean-ms=0.1057 peak-call-ms=1.5785 calls=61
[pipeline-stage] action setup mean-ms=0.0069 peak-call-ms=0.0754 calls=61
[pipeline-stage] action scanout mean-ms=1.1455 peak-call-ms=7.3325 calls=61
[pipeline-stage] action finish mean-ms=0.0008 peak-call-ms=0.0206 calls=61
[pipeline-stage] action host-post mean-ms=0.0083 peak-call-ms=0.0657 calls=61
[pipeline-stage] action synthesis mean-ms=0.1065 peak-call-ms=0.1994 calls=362
[pipeline-stage] action mesh mean-ms=0.0058 peak-call-ms=0.0034 calls=1810
[pipeline-stage] action supersample mean-ms=0.0225 peak-call-ms=0.0543 calls=362
[pipeline-stage] action DOF mean-ms=0.0299 peak-call-ms=0.0936 calls=362
[pipeline-stage] action submit mean-ms=0.0155 peak-call-ms=0.0326 calls=2534
[pipeline-stage] action callback mean-ms=0.0005 peak-call-ms=0.0005 calls=1810
[pipeline-work] ticks=0.17 repre=0.83 draws=7.0 vertices=494 upload-MiB=0.014 depth-MiB=0.000 depth-copy-MiB=0.000 depth-copy-calls=0.00 jobs=0.00 helpers=0.00 fallback=0.00 failed=0.00 (per-present)
[pipeline-traffic] upload-calls=0.32 skipped=0.51 scan-MiB=1.409 upload-MiB=0.014 mirror-realloc=0.00 (per-present)
[pipeline-atlas] reuse=0.00 copy-MiB=0.000 copy-calls=0.00 (per-present; copies are GPU-only)
[pipeline-path] cpu-project=0.00 cpu-stage=0.00 gpu-reuse=0.00 publish=0.00 opt-out=0.00 limit=0.00 rejected=0.00 (events/present, not view fallbacks)
[pipeline-perf] scene=Action 3D host=0 map=01/01 output=1280x800 frames=346 fps=344.6 cadence-ms=2.902 p95=10.629 max=21.219 refresh=3 vsync=0 cap=0 gpu-ms=unavailable
[pipeline-stage] events/input mean-ms=0.0772 peak-call-ms=8.0047 calls=346
[pipeline-stage] emulation mean-ms=0.0583 peak-call-ms=1.7388 calls=60
[pipeline-stage] PPU + capture mean-ms=1.2285 peak-call-ms=7.7197 calls=60
[pipeline-stage] world map build mean-ms=0.0001 peak-call-ms=0.0008 calls=60
[pipeline-stage] SIM metadata mean-ms=0.0044 peak-call-ms=0.0296 calls=60
[pipeline-stage] town canvas mean-ms=0.0002 peak-call-ms=0.0015 calls=60
[pipeline-stage] frame snapshot mean-ms=0.0102 peak-call-ms=0.0762 calls=60
[pipeline-stage] upload mean-ms=0.3426 peak-call-ms=3.5884 calls=60
[pipeline-stage] presentation mean-ms=0.3539 peak-call-ms=0.9283 calls=346
[pipeline-stage] CRT/resolve mean-ms=0.0129 peak-call-ms=0.0512 calls=692
[pipeline-stage] host UI mean-ms=0.0058 peak-call-ms=0.0163 calls=346
[pipeline-stage] settings UI mean-ms=0.0005 peak-call-ms=0.0011 calls=346
[pipeline-stage] present/wait mean-ms=0.7497 peak-call-ms=2.2390 calls=346
[pipeline-stage] pacing/sleep mean-ms=0.0005 peak-call-ms=0.0013 calls=346
[pipeline-stage] housekeeping mean-ms=0.0002 peak-call-ms=0.0021 calls=60
[pipeline-stage] PPU setup mean-ms=0.0070 peak-call-ms=0.0590 calls=60
[pipeline-stage] PPU scanout mean-ms=1.2133 peak-call-ms=7.6345 calls=60
[pipeline-stage] PPU finish mean-ms=0.0009 peak-call-ms=0.0079 calls=60
[pipeline-stage] action total mean-ms=0.3326 peak-call-ms=0.9017 calls=346
[pipeline-stage] action upload mean-ms=0.1312 peak-call-ms=2.2968 calls=60
[pipeline-stage] action analysis mean-ms=0.1117 peak-call-ms=1.8226 calls=60
[pipeline-stage] action setup mean-ms=0.0069 peak-call-ms=0.0586 calls=60
[pipeline-stage] action scanout mean-ms=1.2131 peak-call-ms=7.6338 calls=60
[pipeline-stage] action finish mean-ms=0.0008 peak-call-ms=0.0076 calls=60
[pipeline-stage] action host-post mean-ms=0.0086 peak-call-ms=0.0601 calls=60
[pipeline-stage] action synthesis mean-ms=0.1110 peak-call-ms=0.6585 calls=346
[pipeline-stage] action mesh mean-ms=0.0063 peak-call-ms=0.0169 calls=1730
[pipeline-stage] action supersample mean-ms=0.0235 peak-call-ms=0.0490 calls=346
[pipeline-stage] action DOF mean-ms=0.0310 peak-call-ms=0.0680 calls=346
[pipeline-stage] action submit mean-ms=0.0164 peak-call-ms=0.0256 calls=2422
[pipeline-stage] action callback mean-ms=0.0006 peak-call-ms=0.0008 calls=1730
[pipeline-work] ticks=0.17 repre=0.83 draws=7.0 vertices=494 upload-MiB=0.049 depth-MiB=0.000 depth-copy-MiB=0.000 depth-copy-calls=0.00 jobs=0.00 helpers=0.00 fallback=0.00 failed=0.00 (per-present)
[pipeline-traffic] upload-calls=0.36 skipped=0.52 scan-MiB=1.477 upload-MiB=0.049 mirror-realloc=0.00 (per-present)
[pipeline-atlas] reuse=0.00 copy-MiB=0.000 copy-calls=0.00 (per-present; copies are GPU-only)
[pipeline-path] cpu-project=0.00 cpu-stage=0.00 gpu-reuse=0.00 publish=0.00 opt-out=0.00 limit=0.00 rejected=0.00 (events/present, not view fallbacks)
[action-fx] first scene accents captured: actors=1/1 decorations=0/0 (lighting=1 particles=1)
[action-fx] first scene accent geometry submitted: 1 effect(s), 586 vertices / 1548 indices (lighting=1 particles=1)
[pipeline-perf] scene=Action 3D host=0 map=01/01 output=1280x800 frames=343 fps=338.4 cadence-ms=2.955 p95=10.951 max=18.009 refresh=3 vsync=0 cap=0 gpu-ms=unavailable
[pipeline-stage] events/input mean-ms=0.0548 peak-call-ms=7.7051 calls=343
[pipeline-stage] emulation mean-ms=0.0823 peak-call-ms=2.2062 calls=61
[pipeline-stage] PPU + capture mean-ms=1.2391 peak-call-ms=8.1680 calls=61
[pipeline-stage] world map build mean-ms=0.0001 peak-call-ms=0.0014 calls=61
[pipeline-stage] SIM metadata mean-ms=0.0046 peak-call-ms=0.0540 calls=61
[pipeline-stage] town canvas mean-ms=0.0002 peak-call-ms=0.0021 calls=61
[pipeline-stage] frame snapshot mean-ms=0.0105 peak-call-ms=0.0781 calls=61
[pipeline-stage] upload mean-ms=0.3514 peak-call-ms=4.0140 calls=61
[pipeline-stage] presentation mean-ms=0.3578 peak-call-ms=1.0625 calls=343
[pipeline-stage] CRT/resolve mean-ms=0.0123 peak-call-ms=0.0321 calls=686
[pipeline-stage] host UI mean-ms=0.0059 peak-call-ms=0.0477 calls=343
[pipeline-stage] settings UI mean-ms=0.0004 peak-call-ms=0.0015 calls=343
[pipeline-stage] present/wait mean-ms=0.7809 peak-call-ms=2.1676 calls=343
[pipeline-stage] pacing/sleep mean-ms=0.0005 peak-call-ms=0.0022 calls=343
[pipeline-stage] housekeeping mean-ms=0.0003 peak-call-ms=0.0060 calls=61
[pipeline-stage] PPU setup mean-ms=0.0072 peak-call-ms=0.0597 calls=61
[pipeline-stage] PPU scanout mean-ms=1.2231 peak-call-ms=8.0860 calls=61
[pipeline-stage] PPU finish mean-ms=0.0009 peak-call-ms=0.0124 calls=61
[pipeline-stage] action total mean-ms=0.3370 peak-call-ms=0.9993 calls=343
[pipeline-stage] action upload mean-ms=0.1273 peak-call-ms=2.2654 calls=61
[pipeline-stage] action analysis mean-ms=0.1217 peak-call-ms=2.2548 calls=61
[pipeline-stage] action setup mean-ms=0.0071 peak-call-ms=0.0580 calls=61
[pipeline-stage] action scanout mean-ms=1.2230 peak-call-ms=8.0854 calls=61
[pipeline-stage] action finish mean-ms=0.0008 peak-call-ms=0.0121 calls=61
[pipeline-stage] action host-post mean-ms=0.0090 peak-call-ms=0.1048 calls=61
[pipeline-stage] action synthesis mean-ms=0.1063 peak-call-ms=0.2164 calls=343
[pipeline-stage] action mesh mean-ms=0.0059 peak-call-ms=0.0167 calls=1715
[pipeline-stage] action supersample mean-ms=0.0229 peak-call-ms=0.0631 calls=343
[pipeline-stage] action DOF mean-ms=0.0301 peak-call-ms=0.0685 calls=343
[pipeline-stage] action submit mean-ms=0.0155 peak-call-ms=0.0242 calls=2401
[pipeline-stage] action callback mean-ms=0.0123 peak-call-ms=0.3123 calls=1829
[pipeline-work] ticks=0.18 repre=0.82 draws=7.0 vertices=494 upload-MiB=0.059 depth-MiB=0.000 depth-copy-MiB=0.000 depth-copy-calls=0.00 jobs=0.00 helpers=0.00 fallback=0.00 failed=0.00 (per-present)
[pipeline-traffic] upload-calls=0.37 skipped=0.53 scan-MiB=1.523 upload-MiB=0.059 mirror-realloc=0.00 (per-present)
[pipeline-atlas] reuse=0.00 copy-MiB=0.000 copy-calls=0.00 (per-present; copies are GPU-only)
[pipeline-path] cpu-project=0.00 cpu-stage=0.00 gpu-reuse=0.00 publish=0.00 opt-out=0.00 limit=0.00 rejected=0.00 (events/present, not view fallbacks)
[pipeline-perf] scene=Action 3D host=0 map=01/01 output=1280x800 frames=290 fps=288.8 cadence-ms=3.463 p95=11.961 max=21.781 refresh=3 vsync=0 cap=0 gpu-ms=unavailable
[pipeline-stage] events/input mean-ms=0.0896 peak-call-ms=8.2599 calls=290
[pipeline-stage] emulation mean-ms=0.0855 peak-call-ms=2.4168 calls=60
[pipeline-stage] PPU + capture mean-ms=1.3812 peak-call-ms=8.4520 calls=60
[pipeline-stage] world map build mean-ms=0.0001 peak-call-ms=0.0011 calls=60
[pipeline-stage] SIM metadata mean-ms=0.0055 peak-call-ms=0.0560 calls=60
[pipeline-stage] town canvas mean-ms=0.0002 peak-call-ms=0.0018 calls=60
[pipeline-stage] frame snapshot mean-ms=0.0124 peak-call-ms=0.0917 calls=60
[pipeline-stage] upload mean-ms=0.6372 peak-call-ms=5.5905 calls=60
[pipeline-stage] presentation mean-ms=0.3737 peak-call-ms=0.8703 calls=290
[pipeline-stage] CRT/resolve mean-ms=0.0120 peak-call-ms=0.0330 calls=580
[pipeline-stage] host UI mean-ms=0.0055 peak-call-ms=0.0134 calls=290
[pipeline-stage] settings UI mean-ms=0.0004 peak-call-ms=0.0015 calls=290
[pipeline-stage] present/wait mean-ms=0.7976 peak-call-ms=2.4552 calls=290
[pipeline-stage] pacing/sleep mean-ms=0.0005 peak-call-ms=0.0014 calls=290
[pipeline-stage] housekeeping mean-ms=0.0003 peak-call-ms=0.0041 calls=60
[pipeline-stage] PPU setup mean-ms=0.0086 peak-call-ms=0.0573 calls=60
[pipeline-stage] PPU scanout mean-ms=1.3621 peak-call-ms=8.3508 calls=60
[pipeline-stage] PPU finish mean-ms=0.0016 peak-call-ms=0.0231 calls=60
[pipeline-stage] action total mean-ms=0.3534 peak-call-ms=0.8421 calls=290
[pipeline-stage] action upload mean-ms=0.2166 peak-call-ms=2.7350 calls=60
[pipeline-stage] action analysis mean-ms=0.3092 peak-call-ms=2.3245 calls=60
[pipeline-stage] action setup mean-ms=0.0085 peak-call-ms=0.0565 calls=60
[pipeline-stage] action scanout mean-ms=1.3620 peak-call-ms=8.3501 calls=60
[pipeline-stage] action finish mean-ms=0.0016 peak-call-ms=0.0229 calls=60
[pipeline-stage] action host-post mean-ms=0.0108 peak-call-ms=0.0858 calls=60
[pipeline-stage] action synthesis mean-ms=0.1189 peak-call-ms=0.2144 calls=290
[pipeline-stage] action mesh mean-ms=0.0057 peak-call-ms=0.0154 calls=1450
[pipeline-stage] action supersample mean-ms=0.0214 peak-call-ms=0.0462 calls=290
[pipeline-stage] action DOF mean-ms=0.0281 peak-call-ms=0.0536 calls=290
[pipeline-stage] action submit mean-ms=0.0146 peak-call-ms=0.0189 calls=2030
[pipeline-stage] action callback mean-ms=0.0227 peak-call-ms=0.0556 calls=1651
[pipeline-work] ticks=0.21 repre=0.79 draws=7.0 vertices=494 upload-MiB=0.162 depth-MiB=0.000 depth-copy-MiB=0.000 depth-copy-calls=0.00 jobs=0.00 helpers=0.00 fallback=0.00 failed=0.00 (per-present)
[pipeline-traffic] upload-calls=0.65 skipped=0.38 scan-MiB=1.753 upload-MiB=0.162 mirror-realloc=0.00 (per-present)
[pipeline-atlas] reuse=0.00 copy-MiB=0.000 copy-calls=0.00 (per-present; copies are GPU-only)
[pipeline-path] cpu-project=0.00 cpu-stage=0.00 gpu-reuse=0.00 publish=0.00 opt-out=0.00 limit=0.00 rejected=0.00 (events/present, not view fallbacks)
[pipeline-perf] scene=Action 3D host=0 map=01/01 output=1280x800 frames=393 fps=389.4 cadence-ms=2.568 p95=9.202 max=17.059 refresh=3 vsync=0 cap=0 gpu-ms=unavailable
[pipeline-stage] events/input mean-ms=0.0690 peak-call-ms=8.2585 calls=393
[pipeline-stage] emulation mean-ms=0.0407 peak-call-ms=1.3183 calls=61
[pipeline-stage] PPU + capture mean-ms=1.0140 peak-call-ms=6.7059 calls=61
[pipeline-stage] world map build mean-ms=0.0001 peak-call-ms=0.0009 calls=61
[pipeline-stage] SIM metadata mean-ms=0.0040 peak-call-ms=0.0345 calls=61
[pipeline-stage] town canvas mean-ms=0.0002 peak-call-ms=0.0225 calls=61
[pipeline-stage] frame snapshot mean-ms=0.0092 peak-call-ms=0.0798 calls=61
[pipeline-stage] upload mean-ms=0.1818 peak-call-ms=2.4907 calls=61
[pipeline-stage] presentation mean-ms=0.2809 peak-call-ms=0.8679 calls=393
[pipeline-stage] CRT/resolve mean-ms=0.0120 peak-call-ms=0.0283 calls=786
[pipeline-stage] host UI mean-ms=0.0052 peak-call-ms=0.0174 calls=393
[pipeline-stage] settings UI mean-ms=0.0004 peak-call-ms=0.0010 calls=393
[pipeline-stage] present/wait mean-ms=0.9002 peak-call-ms=3.1651 calls=393
[pipeline-stage] pacing/sleep mean-ms=0.0004 peak-call-ms=0.0134 calls=393
[pipeline-stage] housekeeping mean-ms=0.0002 peak-call-ms=0.0021 calls=61
[pipeline-stage] PPU setup mean-ms=0.0063 peak-call-ms=0.0643 calls=61
[pipeline-stage] PPU scanout mean-ms=0.9981 peak-call-ms=6.6058 calls=61
[pipeline-stage] PPU finish mean-ms=0.0036 peak-call-ms=0.0423 calls=61
[pipeline-stage] action total mean-ms=0.2614 peak-call-ms=0.8379 calls=393
[pipeline-stage] action upload mean-ms=0.0908 peak-call-ms=0.8234 calls=61
[pipeline-stage] action analysis mean-ms=0.0509 peak-call-ms=0.6434 calls=61
[pipeline-stage] action setup mean-ms=0.0062 peak-call-ms=0.0635 calls=61
[pipeline-stage] action scanout mean-ms=0.9980 peak-call-ms=6.6052 calls=61
[pipeline-stage] action finish mean-ms=0.0035 peak-call-ms=0.0420 calls=61
[pipeline-stage] action host-post mean-ms=0.0079 peak-call-ms=0.0733 calls=61
[pipeline-stage] action synthesis mean-ms=0.0352 peak-call-ms=0.2071 calls=393
[pipeline-stage] action mesh mean-ms=0.0059 peak-call-ms=0.0163 calls=1965
[pipeline-stage] action supersample mean-ms=0.0224 peak-call-ms=0.0468 calls=393
[pipeline-stage] action DOF mean-ms=0.0444 peak-call-ms=0.1271 calls=393
[pipeline-stage] action submit mean-ms=0.0166 peak-call-ms=0.0324 calls=2751
[pipeline-stage] action callback mean-ms=0.0005 peak-call-ms=0.0007 calls=1965
[pipeline-work] ticks=0.16 repre=0.84 draws=7.0 vertices=494 upload-MiB=0.000 depth-MiB=0.000 depth-copy-MiB=0.000 depth-copy-calls=0.00 jobs=0.00 helpers=0.00 fallback=0.00 failed=0.00 (per-present)
[pipeline-traffic] upload-calls=0.10 skipped=0.53 scan-MiB=1.267 upload-MiB=0.000 mirror-realloc=0.00 (per-present)
[pipeline-atlas] reuse=0.00 copy-MiB=0.000 copy-calls=0.00 (per-present; copies are GPU-only)
[pipeline-path] cpu-project=0.00 cpu-stage=0.00 gpu-reuse=0.00 publish=0.00 opt-out=0.00 limit=0.00 rejected=0.00 (events/present, not view fallbacks)
[pipeline-perf] scene=Action 3D host=0 map=01/01 output=1280x800 frames=411 fps=409.5 cadence-ms=2.442 p95=8.327 max=17.315 refresh=3 vsync=0 cap=0 gpu-ms=unavailable
[pipeline-stage] events/input mean-ms=0.0657 peak-call-ms=8.0049 calls=411
[pipeline-stage] emulation mean-ms=0.0457 peak-call-ms=1.7294 calls=60
[pipeline-stage] PPU + capture mean-ms=0.9577 peak-call-ms=7.1538 calls=60
[pipeline-stage] world map build mean-ms=0.0001 peak-call-ms=0.0016 calls=60
[pipeline-stage] SIM metadata mean-ms=0.0038 peak-call-ms=0.0536 calls=60
[pipeline-stage] town canvas mean-ms=0.0002 peak-call-ms=0.0022 calls=60
[pipeline-stage] frame snapshot mean-ms=0.0085 peak-call-ms=0.0754 calls=60
[pipeline-stage] upload mean-ms=0.0911 peak-call-ms=1.0097 calls=60
[pipeline-stage] presentation mean-ms=0.2597 peak-call-ms=0.8249 calls=411
[pipeline-stage] CRT/resolve mean-ms=0.0124 peak-call-ms=0.0446 calls=822
[pipeline-stage] host UI mean-ms=0.0053 peak-call-ms=0.0284 calls=411
[pipeline-stage] settings UI mean-ms=0.0004 peak-call-ms=0.0212 calls=411
[pipeline-stage] present/wait mean-ms=0.9394 peak-call-ms=2.5908 calls=411
[pipeline-stage] pacing/sleep mean-ms=0.0004 peak-call-ms=0.0238 calls=411
[pipeline-stage] housekeeping mean-ms=0.0002 peak-call-ms=0.0020 calls=60
[pipeline-stage] PPU setup mean-ms=0.0058 peak-call-ms=0.0559 calls=60
[pipeline-stage] PPU scanout mean-ms=0.9429 peak-call-ms=7.0541 calls=60
[pipeline-stage] PPU finish mean-ms=0.0034 peak-call-ms=0.0407 calls=60
[pipeline-stage] action total mean-ms=0.2398 peak-call-ms=0.7938 calls=411
[pipeline-stage] action upload mean-ms=0.0544 peak-call-ms=0.4279 calls=60
[pipeline-stage] action analysis mean-ms=0.0007 peak-call-ms=0.0068 calls=60
[pipeline-stage] action setup mean-ms=0.0057 peak-call-ms=0.0554 calls=60
[pipeline-stage] action scanout mean-ms=0.9428 peak-call-ms=7.0533 calls=60
[pipeline-stage] action finish mean-ms=0.0034 peak-call-ms=0.0403 calls=60
[pipeline-stage] action host-post mean-ms=0.0073 peak-call-ms=0.0951 calls=60
[pipeline-stage] action synthesis mean-ms=0.0006 peak-call-ms=0.0019 calls=411
[pipeline-stage] action mesh mean-ms=0.0060 peak-call-ms=0.0156 calls=2055
[pipeline-stage] action supersample mean-ms=0.0233 peak-call-ms=0.0568 calls=411
[pipeline-stage] action DOF mean-ms=0.0547 peak-call-ms=0.1272 calls=411
[pipeline-stage] action submit mean-ms=0.0178 peak-call-ms=0.0623 calls=2877
[pipeline-stage] action callback mean-ms=0.0006 peak-call-ms=0.0123 calls=2055
[pipeline-work] ticks=0.15 repre=0.85 draws=7.0 vertices=494 upload-MiB=0.000 depth-MiB=0.000 depth-copy-MiB=0.000 depth-copy-calls=0.00 jobs=0.00 helpers=0.00 fallback=0.00 failed=0.00 (per-present)
[pipeline-traffic] upload-calls=0.01 skipped=0.58 scan-MiB=1.183 upload-MiB=0.000 mirror-realloc=0.00 (per-present)
[pipeline-atlas] reuse=0.00 copy-MiB=0.000 copy-calls=0.00 (per-present; copies are GPU-only)
[pipeline-path] cpu-project=0.00 cpu-stage=0.00 gpu-reuse=0.00 publish=0.00 opt-out=0.00 limit=0.00 rejected=0.00 (events/present, not view fallbacks)
[pipeline-perf] scene=Action 3D host=0 map=01/01 output=1280x800 frames=423 fps=421.9 cadence-ms=2.370 p95=8.668 max=15.808 refresh=3 vsync=0 cap=0 gpu-ms=unavailable
[pipeline-stage] events/input mean-ms=0.0637 peak-call-ms=7.9512 calls=423
[pipeline-stage] emulation mean-ms=0.0423 peak-call-ms=1.8100 calls=60
[pipeline-stage] PPU + capture mean-ms=0.9486 peak-call-ms=7.2103 calls=60
[pipeline-stage] world map build mean-ms=0.0001 peak-call-ms=0.0015 calls=60
[pipeline-stage] SIM metadata mean-ms=0.0037 peak-call-ms=0.0568 calls=60
[pipeline-stage] town canvas mean-ms=0.0002 peak-call-ms=0.0028 calls=60
[pipeline-stage] frame snapshot mean-ms=0.0082 peak-call-ms=0.0779 calls=60
[pipeline-stage] upload mean-ms=0.0907 peak-call-ms=1.0300 calls=60
[pipeline-stage] presentation mean-ms=0.2643 peak-call-ms=0.7177 calls=423
[pipeline-stage] CRT/resolve mean-ms=0.0120 peak-call-ms=0.0419 calls=846
[pipeline-stage] host UI mean-ms=0.0055 peak-call-ms=0.2188 calls=423
[pipeline-stage] settings UI mean-ms=0.0004 peak-call-ms=0.0208 calls=423
[pipeline-stage] present/wait mean-ms=0.8789 peak-call-ms=3.3109 calls=423
[pipeline-stage] pacing/sleep mean-ms=0.0004 peak-call-ms=0.0010 calls=423
[pipeline-stage] housekeeping mean-ms=0.0002 peak-call-ms=0.0020 calls=60
[pipeline-stage] PPU setup mean-ms=0.0058 peak-call-ms=0.1070 calls=60
[pipeline-stage] PPU scanout mean-ms=0.9338 peak-call-ms=7.1024 calls=60
[pipeline-stage] PPU finish mean-ms=0.0036 peak-call-ms=0.0354 calls=60
[pipeline-stage] action total mean-ms=0.2445 peak-call-ms=0.6907 calls=423
[pipeline-stage] action upload mean-ms=0.0542 peak-call-ms=0.4777 calls=60
[pipeline-stage] action analysis mean-ms=0.0007 peak-call-ms=0.0273 calls=60
[pipeline-stage] action setup mean-ms=0.0058 peak-call-ms=0.1065 calls=60
[pipeline-stage] action scanout mean-ms=0.9337 peak-call-ms=7.1018 calls=60
[pipeline-stage] action finish mean-ms=0.0035 peak-call-ms=0.0351 calls=60
[pipeline-stage] action host-post mean-ms=0.0075 peak-call-ms=0.1086 calls=60
[pipeline-stage] action synthesis mean-ms=0.0006 peak-call-ms=0.0016 calls=423
[pipeline-stage] action mesh mean-ms=0.0060 peak-call-ms=0.0283 calls=2115
[pipeline-stage] action supersample mean-ms=0.0240 peak-call-ms=0.1024 calls=423
[pipeline-stage] action DOF mean-ms=0.0570 peak-call-ms=0.2420 calls=423
[pipeline-stage] action submit mean-ms=0.0174 peak-call-ms=0.0427 calls=2961
[pipeline-stage] action callback mean-ms=0.0005 peak-call-ms=0.0008 calls=2115
[pipeline-work] ticks=0.14 repre=0.86 draws=7.0 vertices=494 upload-MiB=0.000 depth-MiB=0.000 depth-copy-MiB=0.000 depth-copy-calls=0.00 jobs=0.00 helpers=0.00 fallback=0.00 failed=0.00 (per-present)
[pipeline-traffic] upload-calls=0.01 skipped=0.57 scan-MiB=1.149 upload-MiB=0.000 mirror-realloc=0.00 (per-present)
[pipeline-atlas] reuse=0.00 copy-MiB=0.000 copy-calls=0.00 (per-present; copies are GPU-only)
[pipeline-path] cpu-project=0.00 cpu-stage=0.00 gpu-reuse=0.00 publish=0.00 opt-out=0.00 limit=0.00 rejected=0.00 (events/present, not view fallbacks)
[pipeline-perf] scene=Action 3D host=0 map=01/01 output=1280x800 frames=416 fps=412.0 cadence-ms=2.427 p95=8.423 max=16.867 refresh=3 vsync=0 cap=0 gpu-ms=unavailable
[pipeline-stage] events/input mean-ms=0.0656 peak-call-ms=8.3061 calls=416
[pipeline-stage] emulation mean-ms=0.0390 peak-call-ms=1.3681 calls=61
[pipeline-stage] PPU + capture mean-ms=0.9711 peak-call-ms=7.2759 calls=61
[pipeline-stage] world map build mean-ms=0.0001 peak-call-ms=0.0008 calls=61
[pipeline-stage] SIM metadata mean-ms=0.0039 peak-call-ms=0.0357 calls=61
[pipeline-stage] town canvas mean-ms=0.0002 peak-call-ms=0.0092 calls=61
[pipeline-stage] frame snapshot mean-ms=0.0087 peak-call-ms=0.1052 calls=61
[pipeline-stage] upload mean-ms=0.0955 peak-call-ms=0.9799 calls=61
[pipeline-stage] presentation mean-ms=0.2657 peak-call-ms=0.7577 calls=416
[pipeline-stage] CRT/resolve mean-ms=0.0127 peak-call-ms=0.0466 calls=832
[pipeline-stage] host UI mean-ms=0.0054 peak-call-ms=0.0331 calls=416
[pipeline-stage] settings UI mean-ms=0.0004 peak-call-ms=0.0012 calls=416
[pipeline-stage] present/wait mean-ms=0.9069 peak-call-ms=3.4462 calls=416
[pipeline-stage] pacing/sleep mean-ms=0.0004 peak-call-ms=0.0010 calls=416
[pipeline-stage] housekeeping mean-ms=0.0002 peak-call-ms=0.0041 calls=61
[pipeline-stage] PPU setup mean-ms=0.0058 peak-call-ms=0.0551 calls=61
[pipeline-stage] PPU scanout mean-ms=0.9557 peak-call-ms=7.1761 calls=61
[pipeline-stage] PPU finish mean-ms=0.0041 peak-call-ms=0.1368 calls=61
[pipeline-stage] action total mean-ms=0.2452 peak-call-ms=0.7301 calls=416
[pipeline-stage] action upload mean-ms=0.0577 peak-call-ms=0.5226 calls=61
[pipeline-stage] action analysis mean-ms=0.0007 peak-call-ms=0.0079 calls=61
[pipeline-stage] action setup mean-ms=0.0057 peak-call-ms=0.0542 calls=61
[pipeline-stage] action scanout mean-ms=0.9556 peak-call-ms=7.1755 calls=61
[pipeline-stage] action finish mean-ms=0.0041 peak-call-ms=0.1365 calls=61
[pipeline-stage] action host-post mean-ms=0.0076 peak-call-ms=0.0680 calls=61
[pipeline-stage] action synthesis mean-ms=0.0007 peak-call-ms=0.0018 calls=416
[pipeline-stage] action mesh mean-ms=0.0061 peak-call-ms=0.0228 calls=2080
[pipeline-stage] action supersample mean-ms=0.0236 peak-call-ms=0.0582 calls=416
[pipeline-stage] action DOF mean-ms=0.0568 peak-call-ms=0.1400 calls=416
[pipeline-stage] action submit mean-ms=0.0179 peak-call-ms=0.0387 calls=2912
[pipeline-stage] action callback mean-ms=0.0005 peak-call-ms=0.0005 calls=2080
[pipeline-work] ticks=0.15 repre=0.85 draws=7.0 vertices=494 upload-MiB=0.000 depth-MiB=0.000 depth-copy-MiB=0.000 depth-copy-calls=0.00 jobs=0.00 helpers=0.00 fallback=0.00 failed=0.00 (per-present)
[pipeline-traffic] upload-calls=0.01 skipped=0.59 scan-MiB=1.188 upload-MiB=0.000 mirror-realloc=0.00 (per-present)
[pipeline-atlas] reuse=0.00 copy-MiB=0.000 copy-calls=0.00 (per-present; copies are GPU-only)
[pipeline-path] cpu-project=0.00 cpu-stage=0.00 gpu-reuse=0.00 publish=0.00 opt-out=0.00 limit=0.00 rejected=0.00 (events/present, not view fallbacks)
[pipeline-perf] scene=Action 3D host=0 map=01/01 output=1280x800 frames=406 fps=404.7 cadence-ms=2.471 p95=8.425 max=17.403 refresh=3 vsync=0 cap=0 gpu-ms=unavailable
[pipeline-stage] events/input mean-ms=0.0678 peak-call-ms=8.1820 calls=406
[pipeline-stage] emulation mean-ms=0.0445 peak-call-ms=1.6165 calls=60
[pipeline-stage] PPU + capture mean-ms=0.9754 peak-call-ms=7.1602 calls=60
[pipeline-stage] world map build mean-ms=0.0001 peak-call-ms=0.0013 calls=60
[pipeline-stage] SIM metadata mean-ms=0.0041 peak-call-ms=0.0620 calls=60
[pipeline-stage] town canvas mean-ms=0.0002 peak-call-ms=0.0029 calls=60
[pipeline-stage] frame snapshot mean-ms=0.0088 peak-call-ms=0.0964 calls=60
[pipeline-stage] upload mean-ms=0.0924 peak-call-ms=1.0088 calls=60
[pipeline-stage] presentation mean-ms=0.2651 peak-call-ms=0.7705 calls=406
[pipeline-stage] CRT/resolve mean-ms=0.0127 peak-call-ms=0.0650 calls=812
[pipeline-stage] host UI mean-ms=0.0051 peak-call-ms=0.0107 calls=406
[pipeline-stage] settings UI mean-ms=0.0004 peak-call-ms=0.0011 calls=406
[pipeline-stage] present/wait mean-ms=0.9392 peak-call-ms=2.5884 calls=406
[pipeline-stage] pacing/sleep mean-ms=0.0004 peak-call-ms=0.0237 calls=406
[pipeline-stage] housekeeping mean-ms=0.0002 peak-call-ms=0.0029 calls=60
[pipeline-stage] PPU setup mean-ms=0.0059 peak-call-ms=0.0908 calls=60
[pipeline-stage] PPU scanout mean-ms=0.9602 peak-call-ms=7.0598 calls=60
[pipeline-stage] PPU finish mean-ms=0.0037 peak-call-ms=0.0390 calls=60
[pipeline-stage] action total mean-ms=0.2448 peak-call-ms=0.7433 calls=406
[pipeline-stage] action upload mean-ms=0.0553 peak-call-ms=0.4720 calls=60
[pipeline-stage] action analysis mean-ms=0.0007 peak-call-ms=0.0097 calls=60
[pipeline-stage] action setup mean-ms=0.0058 peak-call-ms=0.0900 calls=60
[pipeline-stage] action scanout mean-ms=0.9601 peak-call-ms=7.0589 calls=60
[pipeline-stage] action finish mean-ms=0.0037 peak-call-ms=0.0384 calls=60
[pipeline-stage] action host-post mean-ms=0.0078 peak-call-ms=0.1040 calls=60
[pipeline-stage] action synthesis mean-ms=0.0006 peak-call-ms=0.0025 calls=406
[pipeline-stage] action mesh mean-ms=0.0060 peak-call-ms=0.0434 calls=2030
[pipeline-stage] action supersample mean-ms=0.0237 peak-call-ms=0.1018 calls=406
[pipeline-stage] action DOF mean-ms=0.0573 peak-call-ms=0.1533 calls=406
[pipeline-stage] action submit mean-ms=0.0175 peak-call-ms=0.0461 calls=2842
[pipeline-stage] action callback mean-ms=0.0005 peak-call-ms=0.0005 calls=2030
[pipeline-work] ticks=0.15 repre=0.85 draws=7.0 vertices=494 upload-MiB=0.000 depth-MiB=0.000 depth-copy-MiB=0.000 depth-copy-calls=0.00 jobs=0.00 helpers=0.00 fallback=0.00 failed=0.00 (per-present)
[pipeline-traffic] upload-calls=0.01 skipped=0.59 scan-MiB=1.197 upload-MiB=0.000 mirror-realloc=0.00 (per-present)
[pipeline-atlas] reuse=0.00 copy-MiB=0.000 copy-calls=0.00 (per-present; copies are GPU-only)
[pipeline-path] cpu-project=0.00 cpu-stage=0.00 gpu-reuse=0.00 publish=0.00 opt-out=0.00 limit=0.00 rejected=0.00 (events/present, not view fallbacks)
[pipeline-perf] scene=Action 3D host=0 map=01/01 output=1280x800 frames=418 fps=416.5 cadence-ms=2.401 p95=8.658 max=16.414 refresh=3 vsync=0 cap=0 gpu-ms=unavailable
[pipeline-stage] events/input mean-ms=0.0646 peak-call-ms=7.9499 calls=418
[pipeline-stage] emulation mean-ms=0.0439 peak-call-ms=1.4318 calls=60
[pipeline-stage] PPU + capture mean-ms=0.9479 peak-call-ms=7.1564 calls=60
[pipeline-stage] world map build mean-ms=0.0001 peak-call-ms=0.0013 calls=60
[pipeline-stage] SIM metadata mean-ms=0.0038 peak-call-ms=0.0543 calls=60
[pipeline-stage] town canvas mean-ms=0.0002 peak-call-ms=0.0077 calls=60
[pipeline-stage] frame snapshot mean-ms=0.0086 peak-call-ms=0.1040 calls=60
[pipeline-stage] upload mean-ms=0.0908 peak-call-ms=0.9524 calls=60
[pipeline-stage] presentation mean-ms=0.2627 peak-call-ms=0.7341 calls=418
[pipeline-stage] CRT/resolve mean-ms=0.0126 peak-call-ms=0.0881 calls=836
[pipeline-stage] host UI mean-ms=0.0053 peak-call-ms=0.0342 calls=418
[pipeline-stage] settings UI mean-ms=0.0004 peak-call-ms=0.0014 calls=418
[pipeline-stage] present/wait mean-ms=0.9094 peak-call-ms=2.6333 calls=418
[pipeline-stage] pacing/sleep mean-ms=0.0004 peak-call-ms=0.0182 calls=418
[pipeline-stage] housekeeping mean-ms=0.0002 peak-call-ms=0.0035 calls=60
[pipeline-stage] PPU setup mean-ms=0.0058 peak-call-ms=0.1087 calls=60
[pipeline-stage] PPU scanout mean-ms=0.9330 peak-call-ms=7.0571 calls=60
[pipeline-stage] PPU finish mean-ms=0.0036 peak-call-ms=0.0609 calls=60
[pipeline-stage] action total mean-ms=0.2426 peak-call-ms=0.7070 calls=418
[pipeline-stage] action upload mean-ms=0.0542 peak-call-ms=0.5062 calls=60
[pipeline-stage] action analysis mean-ms=0.0007 peak-call-ms=0.0075 calls=60
[pipeline-stage] action setup mean-ms=0.0058 peak-call-ms=0.1084 calls=60
[pipeline-stage] action scanout mean-ms=0.9329 peak-call-ms=7.0565 calls=60
[pipeline-stage] action finish mean-ms=0.0036 peak-call-ms=0.0606 calls=60
[pipeline-stage] action host-post mean-ms=0.0074 peak-call-ms=0.1004 calls=60
[pipeline-stage] action synthesis mean-ms=0.0006 peak-call-ms=0.0027 calls=418
[pipeline-stage] action mesh mean-ms=0.0071 peak-call-ms=0.0205 calls=2090
[pipeline-stage] action supersample mean-ms=0.0235 peak-call-ms=0.1074 calls=418
[pipeline-stage] action DOF mean-ms=0.0556 peak-call-ms=0.1518 calls=418
[pipeline-stage] action submit mean-ms=0.0172 peak-call-ms=0.0392 calls=2926
[pipeline-stage] action callback mean-ms=0.0006 peak-call-ms=0.0172 calls=2090
[pipeline-work] ticks=0.14 repre=0.86 draws=7.0 vertices=494 upload-MiB=0.000 depth-MiB=0.000 depth-copy-MiB=0.000 depth-copy-calls=0.00 jobs=0.00 helpers=0.00 fallback=0.00 failed=0.00 (per-present)
[pipeline-traffic] upload-calls=0.01 skipped=0.57 scan-MiB=1.163 upload-MiB=0.000 mirror-realloc=0.00 (per-present)
[pipeline-atlas] reuse=0.00 copy-MiB=0.000 copy-calls=0.00 (per-present; copies are GPU-only)
[pipeline-path] cpu-project=0.00 cpu-stage=0.00 gpu-reuse=0.00 publish=0.00 opt-out=0.00 limit=0.00 rejected=0.00 (events/present, not view fallbacks)
[present-cadence] tick-presents=1996 re-presents=23484 max-represent-alpha=1.000 no-present-no-sleep=0
[dump] wrote runs/20260912-173856/dump_state.txt + wram/sram/dispatch_log (exit)
[action-bg-hle] provider-summary frames=1293 preflight={layers:2570,tiles:2411645,mismatches:0,outside:0} eligible=2570 layers=2570 lookups=61123680 batches=2965984 tiles=58749120 outside=2374560 band-cache={builds:0,hits:0}
[action-room-scene] provider-summary layers=2570 live-fallbacks=0
[localized-text] cache lookups=56294 hits=56253 misses=41 rasters=41 uploads=41 failures=0
[action-room-load-hle] summary command5=2 command4=2 bytes=20992
[action-room-gfx-hle] summary command7=5 command6=3 bytes=37248
[action-room-video-hle] summary command3=1 bytes=28
[run-dir] all diagnostics from this run: runs/20260912-173856/  (share with: zip -r report.zip runs/20260912-173856)
