[Launcher] Config/saves anchored to '/home/deck/argame/capture-fast-path-20260912.XW1iYR/'.
[run-dir] runs/20260912-173931 (console.log + dumps ringfenced here; AR_NO_RUN_DIR=1 disables)
[runner-trace] recorder=excluded deep_instrumentation=excluded mode=off
Loaded ROM: /home/deck/argame/capture-fast-path-20260912.XW1iYR/ar.sfc (1048576 bytes)
[video-geometry] 16:10 square-PAR -> 120 extra columns/side (render width 496)
[video] driver: wayland (available: x11 wayland offscreen dummy evdev)
[render] ordered GPU interop enabled (offscreen SDL + one swapchain present)
[display] GPU frames in flight: 2
[hd-manifest] [replace:title-logo] game-assets/hd/title-logo.png (2087x754)
[hd-manifest] [replace:title-swirl] game-assets/hd/title-logo.png (2087x754, mode7)
[hd-manifest] 2 entries, 2 with art
[settings-menu] decoded ActRaiser font: $1000 bytes from ROM offset $0BECFB (2725 compressed bytes consumed)
[settings-menu] decoded native dialog frame: chars ROM $06C000, palette ROM $0E3F73
[diorama-layers] loaded diorama-layers.ini: 24 room(s), 34 plane override(s)
[input] gamepad 1 connected: Steam Deck Controller
[music-manifest] [music:title-theme] game-assets/audio/title.ogg (48000 Hz, 8845689 frames, loop 0..8845689)
[music-manifest] [music:song-00] game-assets/audio/fillmore.ogg (44100 Hz, 7050707 frames, loop 0..7050707)
[music-manifest] [music:song-01] game-assets/audio/sky-palace.ogg (48000 Hz, 6389760 frames, loop 0..6389760)
[music-manifest] [music:song-02] game-assets/audio/bp.ogg (44100 Hz, 5369615 frames, loop 0..5369615)
[music-manifest] [music:song-08] game-assets/audio/advent.ogg (48000 Hz, 735609 frames, loop 0..735609)
[music-manifest] [music:song-09] game-assets/audio/act2.ogg (44100 Hz, 6182827 frames, loop 0..6182827)
[music-manifest] [music:song-10] game-assets/audio/birth-of-the-people.ogg (48000 Hz, 16201213 frames, loop 0..16201213)
[music-manifest] [music:song-11] game-assets/audio/level-up.ogg (48000 Hz, 451396 frames, loop 0..451396)
[music-manifest] 17 entries, 8 with audio
[audio-ext] extended sound channels enabled (40 voices, 8 effect lanes)
[saves] loaded native-srm backend from /home/deck/argame/capture-fast-path-20260912.XW1iYR/visible-fillmore-interp-unlimited/seed.srm
[save-editor] boot edits rejected: no staged save edits change the image
[input-replay] 2548 legacy records, max gf=21845 last gf=2508 from /home/deck/argame/capture-fast-path-20260912.XW1iYR/saves/fillmore-act.rec
[audio] stream input 44100 Hz, device 44100 Hz 512-frame buffer (requested 512 frames)
[widescreen] gf=0 $18=00 $19=00 -> pillarbox clamp=00 mirror=00 repeat=00 bands=0/811c9dc5 normal=00 hud=0/0/0 left-only-y=0 bg-plan=0 source=none/none hle=00
[localization] enhanced: Excellent Adventure English - Full Edition
[crt] shader ready
[music] src=1A:94B8 song=01 -> [music:title-theme] game-assets/audio/title.ogg
[pipeline-perf] scene=Native/menu host=0 map=00/00 output=1280x800 frames=1490 fps=1489.0 cadence-ms=0.672 p95=1.197 max=18.395 refresh=3 vsync=0 cap=0 gpu-ms=unavailable
[pipeline-stage] events/input mean-ms=0.0528 peak-call-ms=8.2134 calls=1518
[pipeline-stage] emulation mean-ms=0.0068 peak-call-ms=3.5914 calls=62
[pipeline-stage] PPU + capture mean-ms=0.0104 peak-call-ms=1.2726 calls=62
[pipeline-stage] world map build mean-ms=0.0000 peak-call-ms=0.0009 calls=62
[pipeline-stage] SIM metadata mean-ms=0.0012 peak-call-ms=0.1351 calls=62
[pipeline-stage] town canvas mean-ms=0.0001 peak-call-ms=0.0117 calls=62
[pipeline-stage] frame snapshot mean-ms=0.0065 peak-call-ms=6.6824 calls=62
[pipeline-stage] upload mean-ms=0.0096 peak-call-ms=2.5427 calls=62
[pipeline-stage] presentation mean-ms=0.0619 peak-call-ms=1.5298 calls=1490
[pipeline-stage] CRT/resolve mean-ms=0.0113 peak-call-ms=0.3839 calls=2980
[pipeline-stage] host UI mean-ms=0.0046 peak-call-ms=0.0376 calls=1490
[pipeline-stage] settings UI mean-ms=0.0002 peak-call-ms=0.0017 calls=1490
[pipeline-stage] present/wait mean-ms=0.4651 peak-call-ms=1.8304 calls=1490
[pipeline-stage] pacing/sleep mean-ms=0.0205 peak-call-ms=1.0883 calls=1518
[pipeline-stage] housekeeping mean-ms=0.0001 peak-call-ms=0.0024 calls=62
[pipeline-stage] PPU setup mean-ms=0.0003 peak-call-ms=0.0586 calls=62
[pipeline-stage] PPU scanout mean-ms=0.0091 peak-call-ms=0.8957 calls=62
[pipeline-stage] PPU finish mean-ms=0.0001 peak-call-ms=0.0029 calls=62
[pipeline-work] ticks=0.04 repre=0.96 draws=0.0 vertices=0 upload-MiB=0.002 depth-MiB=0.000 depth-copy-MiB=0.000 depth-copy-calls=0.00 jobs=0.00 helpers=0.00 fallback=0.00 failed=0.00 (per-present)
[pipeline-traffic] upload-calls=0.00 skipped=0.00 scan-MiB=0.104 upload-MiB=0.002 mirror-realloc=0.00 (per-present)
[pipeline-atlas] reuse=0.00 copy-MiB=0.000 copy-calls=0.00 (per-present; copies are GPU-only)
[pipeline-path] cpu-project=0.00 cpu-stage=0.00 gpu-reuse=0.00 publish=0.00 opt-out=0.00 limit=0.00 rejected=0.00 (events/present, not view fallbacks)
[pipeline-perf] scene=Native/menu host=0 map=00/00 output=1280x800 frames=1681 fps=1671.2 cadence-ms=0.598 p95=1.362 max=9.659 refresh=3 vsync=0 cap=0 gpu-ms=unavailable
[pipeline-stage] events/input mean-ms=0.0507 peak-call-ms=8.3141 calls=1681
[pipeline-stage] emulation mean-ms=0.0034 peak-call-ms=0.9617 calls=60
[pipeline-stage] PPU + capture mean-ms=0.0418 peak-call-ms=4.6540 calls=60
[pipeline-stage] world map build mean-ms=0.0000 peak-call-ms=0.0021 calls=60
[pipeline-stage] SIM metadata mean-ms=0.0010 peak-call-ms=0.0475 calls=60
[pipeline-stage] town canvas mean-ms=0.0000 peak-call-ms=0.0022 calls=60
[pipeline-stage] frame snapshot mean-ms=0.0019 peak-call-ms=0.0702 calls=60
[pipeline-stage] upload mean-ms=0.0267 peak-call-ms=3.6561 calls=60
[pipeline-stage] presentation mean-ms=0.0580 peak-call-ms=0.3002 calls=1681
[pipeline-stage] CRT/resolve mean-ms=0.0107 peak-call-ms=0.0846 calls=3362
[pipeline-stage] host UI mean-ms=0.0044 peak-call-ms=0.0305 calls=1681
[pipeline-stage] settings UI mean-ms=0.0002 peak-call-ms=0.0032 calls=1681
[pipeline-stage] present/wait mean-ms=0.3579 peak-call-ms=2.4475 calls=1681
[pipeline-stage] pacing/sleep mean-ms=0.0002 peak-call-ms=0.0012 calls=1681
[pipeline-stage] housekeeping mean-ms=0.0000 peak-call-ms=0.0074 calls=60
[pipeline-stage] PPU setup mean-ms=0.0002 peak-call-ms=0.0179 calls=60
[pipeline-stage] PPU scanout mean-ms=0.0408 peak-call-ms=4.6330 calls=60
[pipeline-stage] PPU finish mean-ms=0.0001 peak-call-ms=0.0038 calls=60
[pipeline-work] ticks=0.04 repre=0.96 draws=0.0 vertices=0 upload-MiB=0.076 depth-MiB=0.000 depth-copy-MiB=0.000 depth-copy-calls=0.00 jobs=0.00 helpers=0.00 fallback=0.00 failed=0.00 (per-present)
[pipeline-traffic] upload-calls=0.01 skipped=0.00 scan-MiB=0.091 upload-MiB=0.076 mirror-realloc=0.00 (per-present)
[pipeline-atlas] reuse=0.00 copy-MiB=0.000 copy-calls=0.00 (per-present; copies are GPU-only)
[pipeline-path] cpu-project=0.00 cpu-stage=0.00 gpu-reuse=0.00 publish=0.00 opt-out=0.00 limit=0.00 rejected=0.00 (events/present, not view fallbacks)
[pipeline-perf] scene=Native/menu host=0 map=00/00 output=1280x800 frames=1087 fps=1085.6 cadence-ms=0.921 p95=2.093 max=15.632 refresh=3 vsync=0 cap=0 gpu-ms=unavailable
[pipeline-stage] events/input mean-ms=0.0611 peak-call-ms=8.2605 calls=1087
[pipeline-stage] emulation mean-ms=0.0095 peak-call-ms=1.4263 calls=60
[pipeline-stage] PPU + capture mean-ms=0.1200 peak-call-ms=4.5939 calls=60
[pipeline-stage] world map build mean-ms=0.0000 peak-call-ms=0.0007 calls=60
[pipeline-stage] SIM metadata mean-ms=0.0012 peak-call-ms=0.0291 calls=60
[pipeline-stage] town canvas mean-ms=0.0001 peak-call-ms=0.0015 calls=60
[pipeline-stage] frame snapshot mean-ms=0.0023 peak-call-ms=0.0665 calls=60
[pipeline-stage] upload mean-ms=0.0486 peak-call-ms=3.2711 calls=60
[pipeline-stage] presentation mean-ms=0.0629 peak-call-ms=0.1790 calls=1087
[pipeline-stage] CRT/resolve mean-ms=0.0107 peak-call-ms=0.0556 calls=2174
[pipeline-stage] host UI mean-ms=0.0047 peak-call-ms=0.0522 calls=1087
[pipeline-stage] settings UI mean-ms=0.0002 peak-call-ms=0.0009 calls=1087
[pipeline-stage] present/wait mean-ms=0.5544 peak-call-ms=1.9963 calls=1087
[pipeline-stage] pacing/sleep mean-ms=0.0003 peak-call-ms=0.0119 calls=1087
[pipeline-stage] housekeeping mean-ms=0.0001 peak-call-ms=0.0016 calls=60
[pipeline-stage] PPU setup mean-ms=0.0003 peak-call-ms=0.0105 calls=60
[pipeline-stage] PPU scanout mean-ms=0.1188 peak-call-ms=4.5723 calls=60
[pipeline-stage] PPU finish mean-ms=0.0001 peak-call-ms=0.0025 calls=60
[pipeline-work] ticks=0.06 repre=0.94 draws=0.0 vertices=0 upload-MiB=0.155 depth-MiB=0.000 depth-copy-MiB=0.000 depth-copy-calls=0.00 jobs=0.00 helpers=0.00 fallback=0.00 failed=0.00 (per-present)
[pipeline-traffic] upload-calls=0.02 skipped=0.00 scan-MiB=0.142 upload-MiB=0.155 mirror-realloc=0.00 (per-present)
[pipeline-atlas] reuse=0.00 copy-MiB=0.000 copy-calls=0.00 (per-present; copies are GPU-only)
[pipeline-path] cpu-project=0.00 cpu-stage=0.00 gpu-reuse=0.00 publish=0.00 opt-out=0.00 limit=0.00 rejected=0.00 (events/present, not view fallbacks)
[pipeline-perf] scene=Native/menu host=0 map=00/00 output=1280x800 frames=1083 fps=1081.9 cadence-ms=0.924 p95=2.430 max=16.138 refresh=3 vsync=0 cap=0 gpu-ms=unavailable
[pipeline-stage] events/input mean-ms=0.0534 peak-call-ms=8.1758 calls=1083
[pipeline-stage] emulation mean-ms=0.0104 peak-call-ms=2.1427 calls=60
[pipeline-stage] PPU + capture mean-ms=0.1212 peak-call-ms=4.6216 calls=60
[pipeline-stage] world map build mean-ms=0.0000 peak-call-ms=0.0008 calls=60
[pipeline-stage] SIM metadata mean-ms=0.0012 peak-call-ms=0.0287 calls=60
[pipeline-stage] town canvas mean-ms=0.0001 peak-call-ms=0.0014 calls=60
[pipeline-stage] frame snapshot mean-ms=0.0025 peak-call-ms=0.1994 calls=60
[pipeline-stage] upload mean-ms=0.0481 peak-call-ms=3.0209 calls=60
[pipeline-stage] presentation mean-ms=0.0764 peak-call-ms=6.9247 calls=1083
[pipeline-stage] CRT/resolve mean-ms=0.0109 peak-call-ms=0.0535 calls=2166
[pipeline-stage] host UI mean-ms=0.0048 peak-call-ms=0.0506 calls=1083
[pipeline-stage] settings UI mean-ms=0.0003 peak-call-ms=0.0146 calls=1083
[pipeline-stage] present/wait mean-ms=0.5504 peak-call-ms=2.2373 calls=1083
[pipeline-stage] pacing/sleep mean-ms=0.0002 peak-call-ms=0.0012 calls=1083
[pipeline-stage] housekeeping mean-ms=0.0001 peak-call-ms=0.0018 calls=60
[pipeline-stage] PPU setup mean-ms=0.0003 peak-call-ms=0.0077 calls=60
[pipeline-stage] PPU scanout mean-ms=0.1200 peak-call-ms=4.5977 calls=60
[pipeline-stage] PPU finish mean-ms=0.0001 peak-call-ms=0.0023 calls=60
[pipeline-work] ticks=0.06 repre=0.94 draws=0.0 vertices=0 upload-MiB=0.147 depth-MiB=0.000 depth-copy-MiB=0.000 depth-copy-calls=0.00 jobs=0.00 helpers=0.00 fallback=0.00 failed=0.00 (per-present)
[pipeline-traffic] upload-calls=0.05 skipped=0.00 scan-MiB=0.146 upload-MiB=0.147 mirror-realloc=0.00 (per-present)
[pipeline-atlas] reuse=0.00 copy-MiB=0.000 copy-calls=0.00 (per-present; copies are GPU-only)
[pipeline-path] cpu-project=0.00 cpu-stage=0.00 gpu-reuse=0.00 publish=0.00 opt-out=0.00 limit=0.00 rejected=0.00 (events/present, not view fallbacks)
[music] stop [music:title-theme] (driver halt $F0)
[widescreen] gf=310 $18=00 $19=07 -> WIDE clamp=00 mirror=00 repeat=00 bands=0/811c9dc5 normal=00 hud=32/168/168 left-only-y=32 bg-plan=0 source=none/none hle=00
[sim-worldmap] HLE built from sim state at gf=310 after Sky Palace entry (2623 tiles changed)
[sim3d-view] gf=310 none -> authentic (view fallback) (inactive, view=authentic_fallback, integrity=$0, mismatch=0 px) after 310 frame(s)
[music] src=1C:A988 song=01 -> [music:song-01] game-assets/audio/sky-palace.ogg
[sim3d-view] gf=311 authentic (view fallback) -> Sky Palace globe (inactive, view=sky_palace, integrity=$0, mismatch=0 px) after 1 frame(s)
[world-navigation-setup] mountains=26.440ms cliffs=17.568ms art=24.874ms
[pipeline-perf] scene=Sky Palace host=0 map=00/07 output=1280x800 frames=229 fps=227.6 cadence-ms=4.393 p95=9.088 max=14.562 refresh=3 vsync=0 cap=0 gpu-ms=unavailable
[pipeline-stage] events/input mean-ms=0.0864 peak-call-ms=7.4195 calls=229
[pipeline-stage] emulation mean-ms=0.0601 peak-call-ms=1.4531 calls=63
[pipeline-stage] PPU + capture mean-ms=1.1854 peak-call-ms=6.8131 calls=61
[pipeline-stage] world map build mean-ms=0.0017 peak-call-ms=0.0352 calls=61
[pipeline-stage] SIM metadata mean-ms=0.0150 peak-call-ms=0.1071 calls=61
[pipeline-stage] town canvas mean-ms=0.0004 peak-call-ms=0.0028 calls=61
[pipeline-stage] frame snapshot mean-ms=0.0184 peak-call-ms=0.1050 calls=61
[pipeline-stage] upload mean-ms=0.3720 peak-call-ms=2.1138 calls=61
[pipeline-stage] presentation mean-ms=1.7368 peak-call-ms=226.8067 calls=229
[pipeline-stage] CRT/resolve mean-ms=0.0168 peak-call-ms=0.1004 calls=458
[pipeline-stage] host UI mean-ms=0.0075 peak-call-ms=0.0308 calls=229
[pipeline-stage] settings UI mean-ms=0.0006 peak-call-ms=0.0016 calls=229
[pipeline-stage] present/wait mean-ms=1.8152 peak-call-ms=5.4234 calls=229
[pipeline-stage] pacing/sleep mean-ms=0.0005 peak-call-ms=0.0021 calls=229
[pipeline-stage] housekeeping mean-ms=0.0004 peak-call-ms=0.0025 calls=61
[pipeline-stage] PPU setup mean-ms=0.0022 peak-call-ms=0.0191 calls=61
[pipeline-stage] PPU scanout mean-ms=1.1676 peak-call-ms=6.7275 calls=61
[pipeline-stage] PPU finish mean-ms=0.0028 peak-call-ms=0.0348 calls=61
[pipeline-stage] job owner mean-ms=0.0297 peak-call-ms=2.0823 calls=6
[pipeline-stage] job helpers* mean-ms=0.0911 peak-call-ms=2.7092 calls=15
[pipeline-stage] job join wait mean-ms=0.0097 peak-call-ms=0.8880 calls=5
[pipeline-stage] SIM upload mean-ms=0.4266 peak-call-ms=68.9040 calls=229
[pipeline-stage] SIM backdrop mean-ms=0.0027 peak-call-ms=0.0237 calls=229
[pipeline-stage] SIM terrain mean-ms=0.2795 peak-call-ms=61.8425 calls=229
[pipeline-stage] SIM depth pass mean-ms=0.0877 peak-call-ms=0.0711 calls=752
[pipeline-stage] SIM model project mean-ms=0.1298 peak-call-ms=29.6235 calls=229
[pipeline-stage] SIM depth submit mean-ms=0.2472 peak-call-ms=2.1222 calls=229
[pipeline-stage] SIM clouds mean-ms=0.2381 peak-call-ms=33.7973 calls=229
[pipeline-stage] world animation mean-ms=0.0418 peak-call-ms=3.5161 calls=3
[pipeline-stage] world transfer mean-ms=0.1010 peak-call-ms=6.8800 calls=62
[pipeline-stage] world prepare mean-ms=0.0911 peak-call-ms=18.7262 calls=458
[pipeline-stage] world atmosphere mean-ms=0.0581 peak-call-ms=0.2730 calls=229
[pipeline-work] ticks=0.28 repre=0.73 draws=27.0 vertices=971161 upload-MiB=0.581 depth-MiB=0.111 depth-copy-MiB=0.029 depth-copy-calls=0.02 jobs=0.03 helpers=0.07 fallback=0.00 failed=0.00 (per-present)
[pipeline-traffic] upload-calls=1.08 skipped=0.00 scan-MiB=0.664 upload-MiB=0.581 mirror-realloc=0.00 (per-present)
[pipeline-atlas] reuse=0.98 copy-MiB=0.279 copy-calls=0.02 (per-present; copies are GPU-only)
[pipeline-path] cpu-project=1.00 cpu-stage=0.00 gpu-reuse=2.00 publish=0.01 opt-out=0.00 limit=0.00 rejected=0.00 (events/present, not view fallbacks)
[widescreen] gf=374 $18=00 $19=09 -> WIDE clamp=00 mirror=00 repeat=00 bands=0/811c9dc5 normal=00 hud=0/0/0 left-only-y=0 bg-plan=0 source=none/none hle=00
[sim-worldmap] HLE built from sim state at gf=374 after world-navigation entry (0 tiles changed)
[world-navigation-capture] gf=374 fallback=forced-blank
[sim3d-view] gf=374 Sky Palace globe -> authentic (view fallback) (inactive, view=authentic_fallback, integrity=$0, mismatch=0 px) after 63 frame(s)
[sim3d-view] gf=375 authentic (view fallback) -> world navigation 3D (inactive, view=world_navigation, integrity=$0, mismatch=0 px) after 1 frame(s)
[warp] from $18=$00 $19=$09 staged region=$01 map=$01 ($1B/$1A/$FB set); transition processor should pick it up.
[world-navigation-capture] gf=402 fallback=forced-blank
[sim3d-view] gf=402 world navigation 3D -> authentic (view fallback) (inactive, view=authentic_fallback, integrity=$0, mismatch=0 px) after 27 frame(s)
[pipeline-perf] scene=Native/menu host=0 map=00/09 output=1280x800 frames=2264 fps=2262.6 cadence-ms=0.442 p95=0.776 max=10.598 refresh=3 vsync=0 cap=0 gpu-ms=unavailable
[pipeline-stage] events/input mean-ms=0.0517 peak-call-ms=8.2500 calls=2264
[pipeline-stage] emulation mean-ms=0.0033 peak-call-ms=1.5481 calls=61
[pipeline-stage] PPU + capture mean-ms=0.0030 peak-call-ms=0.1799 calls=61
[pipeline-stage] world map build mean-ms=0.0000 peak-call-ms=0.0021 calls=61
[pipeline-stage] SIM metadata mean-ms=0.0010 peak-call-ms=0.0733 calls=61
[pipeline-stage] town canvas mean-ms=0.0000 peak-call-ms=0.0014 calls=61
[pipeline-stage] frame snapshot mean-ms=0.0011 peak-call-ms=0.0584 calls=61
[pipeline-stage] upload mean-ms=0.0028 peak-call-ms=0.9657 calls=61
[pipeline-stage] presentation mean-ms=0.0328 peak-call-ms=0.1608 calls=2264
[pipeline-stage] CRT/resolve mean-ms=0.0241 peak-call-ms=0.1397 calls=4528
[pipeline-stage] host UI mean-ms=0.0041 peak-call-ms=0.0556 calls=2264
[pipeline-stage] settings UI mean-ms=0.0002 peak-call-ms=0.0008 calls=2264
[pipeline-stage] present/wait mean-ms=0.2917 peak-call-ms=3.5399 calls=2264
[pipeline-stage] pacing/sleep mean-ms=0.0002 peak-call-ms=0.0008 calls=2264
[pipeline-stage] housekeeping mean-ms=0.0000 peak-call-ms=0.0019 calls=61
[pipeline-stage] PPU setup mean-ms=0.0001 peak-call-ms=0.0090 calls=61
[pipeline-stage] PPU scanout mean-ms=0.0025 peak-call-ms=0.1445 calls=61
[pipeline-stage] PPU finish mean-ms=0.0000 peak-call-ms=0.0017 calls=61
[pipeline-work] ticks=0.03 repre=0.97 draws=0.0 vertices=0 upload-MiB=0.001 depth-MiB=0.000 depth-copy-MiB=0.000 depth-copy-calls=0.00 jobs=0.00 helpers=0.00 fallback=1.00 failed=0.00 (per-present)
[pipeline-traffic] upload-calls=0.00 skipped=0.00 scan-MiB=0.045 upload-MiB=0.001 mirror-realloc=0.00 (per-present)
[pipeline-atlas] reuse=0.00 copy-MiB=0.000 copy-calls=0.00 (per-present; copies are GPU-only)
[pipeline-path] cpu-project=0.00 cpu-stage=0.00 gpu-reuse=0.00 publish=0.00 opt-out=0.00 limit=0.00 rejected=0.00 (events/present, not view fallbacks)
[pipeline-perf] scene=Native/menu host=0 map=00/09 output=1280x800 frames=2148 fps=2147.0 cadence-ms=0.466 p95=1.036 max=9.537 refresh=3 vsync=0 cap=0 gpu-ms=unavailable
[pipeline-stage] events/input mean-ms=0.0547 peak-call-ms=8.2537 calls=2148
[pipeline-stage] emulation mean-ms=0.0025 peak-call-ms=1.4118 calls=60
[pipeline-stage] PPU + capture mean-ms=0.0038 peak-call-ms=0.2126 calls=60
[pipeline-stage] world map build mean-ms=0.0001 peak-call-ms=0.0028 calls=60
[pipeline-stage] SIM metadata mean-ms=0.0012 peak-call-ms=0.0723 calls=60
[pipeline-stage] town canvas mean-ms=0.0000 peak-call-ms=0.0016 calls=60
[pipeline-stage] frame snapshot mean-ms=0.0013 peak-call-ms=0.0644 calls=60
[pipeline-stage] upload mean-ms=0.0032 peak-call-ms=0.1878 calls=60
[pipeline-stage] presentation mean-ms=0.0341 peak-call-ms=0.2418 calls=2148
[pipeline-stage] CRT/resolve mean-ms=0.0250 peak-call-ms=0.1953 calls=4296
[pipeline-stage] host UI mean-ms=0.0043 peak-call-ms=0.1130 calls=2148
[pipeline-stage] settings UI mean-ms=0.0002 peak-call-ms=0.0310 calls=2148
[pipeline-stage] present/wait mean-ms=0.3110 peak-call-ms=1.6291 calls=2148
[pipeline-stage] pacing/sleep mean-ms=0.0002 peak-call-ms=0.0015 calls=2148
[pipeline-stage] housekeeping mean-ms=0.0000 peak-call-ms=0.0025 calls=60
[pipeline-stage] PPU setup mean-ms=0.0002 peak-call-ms=0.0212 calls=60
[pipeline-stage] PPU scanout mean-ms=0.0031 peak-call-ms=0.1648 calls=60
[pipeline-stage] PPU finish mean-ms=0.0000 peak-call-ms=0.0018 calls=60
[pipeline-work] ticks=0.03 repre=0.97 draws=0.0 vertices=0 upload-MiB=0.000 depth-MiB=0.000 depth-copy-MiB=0.000 depth-copy-calls=0.00 jobs=0.00 helpers=0.00 fallback=1.00 failed=0.00 (per-present)
[pipeline-traffic] upload-calls=0.00 skipped=0.00 scan-MiB=0.047 upload-MiB=0.000 mirror-realloc=0.00 (per-present)
[pipeline-atlas] reuse=0.00 copy-MiB=0.000 copy-calls=0.00 (per-present; copies are GPU-only)
[pipeline-path] cpu-project=0.00 cpu-stage=0.00 gpu-reuse=0.00 publish=0.00 opt-out=0.00 limit=0.00 rejected=0.00 (events/present, not view fallbacks)
[pipeline-perf] scene=Native/menu host=0 map=00/09 output=1280x800 frames=2084 fps=2082.4 cadence-ms=0.480 p95=1.010 max=9.306 refresh=3 vsync=0 cap=0 gpu-ms=unavailable
[pipeline-stage] events/input mean-ms=0.0515 peak-call-ms=8.2100 calls=2084
[pipeline-stage] emulation mean-ms=0.0038 peak-call-ms=1.2567 calls=60
[pipeline-stage] PPU + capture mean-ms=0.0043 peak-call-ms=0.1813 calls=60
[pipeline-stage] world map build mean-ms=0.0001 peak-call-ms=0.0205 calls=60
[pipeline-stage] SIM metadata mean-ms=0.0015 peak-call-ms=0.0698 calls=60
[pipeline-stage] town canvas mean-ms=0.0000 peak-call-ms=0.0025 calls=60
[pipeline-stage] frame snapshot mean-ms=0.0016 peak-call-ms=0.0740 calls=60
[pipeline-stage] upload mean-ms=0.0038 peak-call-ms=0.2000 calls=60
[pipeline-stage] presentation mean-ms=0.0358 peak-call-ms=0.2572 calls=2084
[pipeline-stage] CRT/resolve mean-ms=0.0266 peak-call-ms=0.2208 calls=4168
[pipeline-stage] host UI mean-ms=0.0043 peak-call-ms=0.0325 calls=2084
[pipeline-stage] settings UI mean-ms=0.0002 peak-call-ms=0.0088 calls=2084
[pipeline-stage] present/wait mean-ms=0.3214 peak-call-ms=1.5181 calls=2084
[pipeline-stage] pacing/sleep mean-ms=0.0002 peak-call-ms=0.0025 calls=2084
[pipeline-stage] housekeeping mean-ms=0.0000 peak-call-ms=0.0018 calls=60
[pipeline-stage] PPU setup mean-ms=0.0002 peak-call-ms=0.0088 calls=60
[pipeline-stage] PPU scanout mean-ms=0.0036 peak-call-ms=0.1557 calls=60
[pipeline-stage] PPU finish mean-ms=0.0000 peak-call-ms=0.0024 calls=60
[pipeline-work] ticks=0.03 repre=0.97 draws=0.0 vertices=0 upload-MiB=0.000 depth-MiB=0.000 depth-copy-MiB=0.000 depth-copy-calls=0.00 jobs=0.00 helpers=0.00 fallback=1.00 failed=0.00 (per-present)
[pipeline-traffic] upload-calls=0.00 skipped=0.00 scan-MiB=0.049 upload-MiB=0.000 mirror-realloc=0.00 (per-present)
[pipeline-atlas] reuse=0.00 copy-MiB=0.000 copy-calls=0.00 (per-present; copies are GPU-only)
[pipeline-path] cpu-project=0.00 cpu-stage=0.00 gpu-reuse=0.00 publish=0.00 opt-out=0.00 limit=0.00 rejected=0.00 (events/present, not view fallbacks)
[pipeline-perf] scene=Native/menu host=0 map=00/09 output=1280x800 frames=2015 fps=2013.4 cadence-ms=0.497 p95=1.065 max=8.809 refresh=3 vsync=0 cap=0 gpu-ms=unavailable
[pipeline-stage] events/input mean-ms=0.0531 peak-call-ms=8.1360 calls=2015
[pipeline-stage] emulation mean-ms=0.0031 peak-call-ms=1.1425 calls=60
[pipeline-stage] PPU + capture mean-ms=0.0045 peak-call-ms=0.2233 calls=60
[pipeline-stage] world map build mean-ms=0.0001 peak-call-ms=0.0031 calls=60
[pipeline-stage] SIM metadata mean-ms=0.0015 peak-call-ms=0.0789 calls=60
[pipeline-stage] town canvas mean-ms=0.0000 peak-call-ms=0.0034 calls=60
[pipeline-stage] frame snapshot mean-ms=0.0016 peak-call-ms=0.1064 calls=60
[pipeline-stage] upload mean-ms=0.0038 peak-call-ms=0.1861 calls=60
[pipeline-stage] presentation mean-ms=0.0361 peak-call-ms=0.1758 calls=2015
[pipeline-stage] CRT/resolve mean-ms=0.0267 peak-call-ms=0.1509 calls=4030
[pipeline-stage] host UI mean-ms=0.0044 peak-call-ms=0.0432 calls=2015
[pipeline-stage] settings UI mean-ms=0.0002 peak-call-ms=0.0014 calls=2015
[pipeline-stage] present/wait mean-ms=0.3350 peak-call-ms=1.4886 calls=2015
[pipeline-stage] pacing/sleep mean-ms=0.0002 peak-call-ms=0.0010 calls=2015
[pipeline-stage] housekeeping mean-ms=0.0000 peak-call-ms=0.0018 calls=60
[pipeline-stage] PPU setup mean-ms=0.0002 peak-call-ms=0.0413 calls=60
[pipeline-stage] PPU scanout mean-ms=0.0037 peak-call-ms=0.1981 calls=60
[pipeline-stage] PPU finish mean-ms=0.0000 peak-call-ms=0.0028 calls=60
[pipeline-work] ticks=0.03 repre=0.97 draws=0.0 vertices=0 upload-MiB=0.000 depth-MiB=0.000 depth-copy-MiB=0.000 depth-copy-calls=0.00 jobs=0.00 helpers=0.00 fallback=1.00 failed=0.00 (per-present)
[pipeline-traffic] upload-calls=0.00 skipped=0.00 scan-MiB=0.050 upload-MiB=0.000 mirror-realloc=0.00 (per-present)
[pipeline-atlas] reuse=0.00 copy-MiB=0.000 copy-calls=0.00 (per-present; copies are GPU-only)
[pipeline-path] cpu-project=0.00 cpu-stage=0.00 gpu-reuse=0.00 publish=0.00 opt-out=0.00 limit=0.00 rejected=0.00 (events/present, not view fallbacks)
[pipeline-perf] scene=Native/menu host=0 map=00/09 output=1280x800 frames=2023 fps=2021.8 cadence-ms=0.495 p95=1.043 max=9.318 refresh=3 vsync=0 cap=0 gpu-ms=unavailable
[pipeline-stage] events/input mean-ms=0.0526 peak-call-ms=8.2873 calls=2023
[pipeline-stage] emulation mean-ms=0.0038 peak-call-ms=1.3307 calls=60
[pipeline-stage] PPU + capture mean-ms=0.0045 peak-call-ms=0.1814 calls=60
[pipeline-stage] world map build mean-ms=0.0001 peak-call-ms=0.0034 calls=60
[pipeline-stage] SIM metadata mean-ms=0.0015 peak-call-ms=0.0899 calls=60
[pipeline-stage] town canvas mean-ms=0.0000 peak-call-ms=0.0112 calls=60
[pipeline-stage] frame snapshot mean-ms=0.0016 peak-call-ms=0.1168 calls=60
[pipeline-stage] upload mean-ms=0.0037 peak-call-ms=0.1982 calls=60
[pipeline-stage] presentation mean-ms=0.0353 peak-call-ms=0.2038 calls=2023
[pipeline-stage] CRT/resolve mean-ms=0.0262 peak-call-ms=0.1503 calls=4046
[pipeline-stage] host UI mean-ms=0.0043 peak-call-ms=0.0370 calls=2023
[pipeline-stage] settings UI mean-ms=0.0002 peak-call-ms=0.0010 calls=2023
[pipeline-stage] present/wait mean-ms=0.3360 peak-call-ms=1.8773 calls=2023
[pipeline-stage] pacing/sleep mean-ms=0.0002 peak-call-ms=0.0015 calls=2023
[pipeline-stage] housekeeping mean-ms=0.0000 peak-call-ms=0.0020 calls=60
[pipeline-stage] PPU setup mean-ms=0.0002 peak-call-ms=0.0082 calls=60
[pipeline-stage] PPU scanout mean-ms=0.0037 peak-call-ms=0.1568 calls=60
[pipeline-stage] PPU finish mean-ms=0.0000 peak-call-ms=0.0026 calls=60
[pipeline-work] ticks=0.03 repre=0.97 draws=0.0 vertices=0 upload-MiB=0.000 depth-MiB=0.000 depth-copy-MiB=0.000 depth-copy-calls=0.00 jobs=0.00 helpers=0.00 fallback=1.00 failed=0.00 (per-present)
[pipeline-traffic] upload-calls=0.00 skipped=0.00 scan-MiB=0.050 upload-MiB=0.000 mirror-realloc=0.00 (per-present)
[pipeline-atlas] reuse=0.00 copy-MiB=0.000 copy-calls=0.00 (per-present; copies are GPU-only)
[pipeline-path] cpu-project=0.00 cpu-stage=0.00 gpu-reuse=0.00 publish=0.00 opt-out=0.00 limit=0.00 rejected=0.00 (events/present, not view fallbacks)
[music] stop [music:song-01] (driver halt $F0)
[action-bg-hle] full world-layer provider enabled
[action-bg-hle] fallback=forced-blank map=01/01 BG1
[widescreen] gf=402 $18=01 $19=01 -> WIDE clamp=00 mirror=00 repeat=00 bands=0/811c9dc5 normal=00 hud=40/88/168 left-only-y=28 bg-plan=1 source=world/world hle=00
[sim3d-view] gf=402 authentic (view fallback) -> none (inactive, view=none, integrity=$0, mismatch=0 px) after 0 frame(s)
[act-enter] $18=01 $19=01 at game-frame 402
[music] src=18:947F song=01 -> [music:song-00] game-assets/audio/fillmore.ogg
[action-room-scene] ROM-derived world source enabled
[widescreen] gf=403 $18=01 $19=01 -> WIDE clamp=00 mirror=00 repeat=00 bands=0/811c9dc5 normal=00 hud=40/88/168 left-only-y=28 bg-plan=1 source=world/world hle=03
[gpu-fx] blur shader ready
[gpu-fx] DOF shader ready
[gpu-fx] rim light shader ready
[pipeline-perf] scene=Action 3D host=0 map=01/01 output=1280x800 frames=429 fps=428.0 cadence-ms=2.337 p95=13.131 max=30.246 refresh=3 vsync=0 cap=0 gpu-ms=unavailable
[pipeline-stage] events/input mean-ms=0.0820 peak-call-ms=8.2883 calls=429
[pipeline-stage] emulation mean-ms=0.0684 peak-call-ms=8.4174 calls=61
[pipeline-stage] PPU + capture mean-ms=0.8637 peak-call-ms=8.6214 calls=61
[pipeline-stage] world map build mean-ms=0.0001 peak-call-ms=0.0016 calls=61
[pipeline-stage] SIM metadata mean-ms=0.0040 peak-call-ms=0.0526 calls=61
[pipeline-stage] town canvas mean-ms=0.0002 peak-call-ms=0.0028 calls=61
[pipeline-stage] frame snapshot mean-ms=0.0090 peak-call-ms=0.1227 calls=61
[pipeline-stage] upload mean-ms=0.4839 peak-call-ms=9.3941 calls=61
[pipeline-stage] presentation mean-ms=0.2159 peak-call-ms=10.7550 calls=429
[pipeline-stage] CRT/resolve mean-ms=0.0150 peak-call-ms=0.1101 calls=858
[pipeline-stage] host UI mean-ms=0.0049 peak-call-ms=0.0315 calls=429
[pipeline-stage] settings UI mean-ms=0.0003 peak-call-ms=0.0013 calls=429
[pipeline-stage] present/wait mean-ms=0.5744 peak-call-ms=2.8141 calls=429
[pipeline-stage] pacing/sleep mean-ms=0.0003 peak-call-ms=0.0012 calls=429
[pipeline-stage] housekeeping mean-ms=0.0002 peak-call-ms=0.0035 calls=61
[pipeline-stage] PPU setup mean-ms=0.0074 peak-call-ms=0.8894 calls=61
[pipeline-stage] PPU scanout mean-ms=0.8462 peak-call-ms=7.0516 calls=61
[pipeline-stage] PPU finish mean-ms=0.0008 peak-call-ms=0.0115 calls=61
[pipeline-stage] action total mean-ms=0.1933 peak-call-ms=10.6284 calls=212
[pipeline-stage] action upload mean-ms=0.1228 peak-call-ms=4.0788 calls=61
[pipeline-stage] action analysis mean-ms=0.2483 peak-call-ms=5.2795 calls=61
[pipeline-stage] action setup mean-ms=0.0073 peak-call-ms=0.8861 calls=61
[pipeline-stage] action scanout mean-ms=0.8461 peak-call-ms=7.0508 calls=61
[pipeline-stage] action finish mean-ms=0.0007 peak-call-ms=0.0110 calls=61
[pipeline-stage] action host-post mean-ms=0.0077 peak-call-ms=0.1021 calls=61
[pipeline-stage] action synthesis mean-ms=0.0579 peak-call-ms=0.3247 calls=212
[pipeline-stage] action mesh mean-ms=0.0028 peak-call-ms=0.0140 calls=1060
[pipeline-stage] action supersample mean-ms=0.0135 peak-call-ms=0.4022 calls=212
[pipeline-stage] action DOF mean-ms=0.0149 peak-call-ms=0.3513 calls=212
[pipeline-stage] action submit mean-ms=0.0075 peak-call-ms=0.0205 calls=1534
[pipeline-stage] action callback mean-ms=0.0003 peak-call-ms=0.0006 calls=1060
[pipeline-work] ticks=0.14 repre=0.86 draws=3.6 vertices=245 upload-MiB=0.135 depth-MiB=0.000 depth-copy-MiB=0.000 depth-copy-calls=0.00 jobs=0.00 helpers=0.00 fallback=0.00 failed=0.00 (per-present)
[pipeline-traffic] upload-calls=0.54 skipped=0.24 scan-MiB=1.073 upload-MiB=0.135 mirror-realloc=0.02 (per-present)
[pipeline-atlas] reuse=0.00 copy-MiB=0.000 copy-calls=0.00 (per-present; copies are GPU-only)
[pipeline-path] cpu-project=0.00 cpu-stage=0.00 gpu-reuse=0.00 publish=0.00 opt-out=0.00 limit=0.00 rejected=0.00 (events/present, not view fallbacks)
[pipeline-perf] scene=Action 3D host=0 map=01/01 output=1280x800 frames=314 fps=312.8 cadence-ms=3.197 p95=12.893 max=20.710 refresh=3 vsync=0 cap=0 gpu-ms=unavailable
[pipeline-stage] events/input mean-ms=0.0576 peak-call-ms=7.5280 calls=314
[pipeline-stage] emulation mean-ms=0.0654 peak-call-ms=1.7822 calls=61
[pipeline-stage] PPU + capture mean-ms=1.3310 peak-call-ms=7.4958 calls=61
[pipeline-stage] world map build mean-ms=0.0001 peak-call-ms=0.0010 calls=61
[pipeline-stage] SIM metadata mean-ms=0.0051 peak-call-ms=0.0373 calls=61
[pipeline-stage] town canvas mean-ms=0.0004 peak-call-ms=0.0535 calls=61
[pipeline-stage] frame snapshot mean-ms=0.0115 peak-call-ms=0.0739 calls=61
[pipeline-stage] upload mean-ms=0.5537 peak-call-ms=7.6551 calls=61
[pipeline-stage] presentation mean-ms=0.3485 peak-call-ms=1.4477 calls=314
[pipeline-stage] CRT/resolve mean-ms=0.0122 peak-call-ms=0.0467 calls=628
[pipeline-stage] host UI mean-ms=0.0054 peak-call-ms=0.0237 calls=314
[pipeline-stage] settings UI mean-ms=0.0004 peak-call-ms=0.0014 calls=314
[pipeline-stage] present/wait mean-ms=0.7868 peak-call-ms=2.9062 calls=314
[pipeline-stage] pacing/sleep mean-ms=0.0004 peak-call-ms=0.0013 calls=314
[pipeline-stage] housekeeping mean-ms=0.0003 peak-call-ms=0.0036 calls=61
[pipeline-stage] PPU setup mean-ms=0.0080 peak-call-ms=0.0929 calls=61
[pipeline-stage] PPU scanout mean-ms=1.3139 peak-call-ms=7.4138 calls=61
[pipeline-stage] PPU finish mean-ms=0.0012 peak-call-ms=0.0148 calls=61
[pipeline-stage] action total mean-ms=0.3283 peak-call-ms=1.4180 calls=314
[pipeline-stage] action upload mean-ms=0.1695 peak-call-ms=2.3114 calls=61
[pipeline-stage] action analysis mean-ms=0.2554 peak-call-ms=3.5878 calls=61
[pipeline-stage] action setup mean-ms=0.0079 peak-call-ms=0.0926 calls=61
[pipeline-stage] action scanout mean-ms=1.3137 peak-call-ms=7.4129 calls=61
[pipeline-stage] action finish mean-ms=0.0011 peak-call-ms=0.0145 calls=61
[pipeline-stage] action host-post mean-ms=0.0099 peak-call-ms=0.1027 calls=61
[pipeline-stage] action synthesis mean-ms=0.1123 peak-call-ms=0.2406 calls=314
[pipeline-stage] action mesh mean-ms=0.0057 peak-call-ms=0.0149 calls=1570
[pipeline-stage] action supersample mean-ms=0.0223 peak-call-ms=0.0470 calls=314
[pipeline-stage] action DOF mean-ms=0.0278 peak-call-ms=0.0692 calls=314
[pipeline-stage] action submit mean-ms=0.0153 peak-call-ms=0.1767 calls=2250
[pipeline-stage] action callback mean-ms=0.0005 peak-call-ms=0.0007 calls=1570
[pipeline-work] ticks=0.19 repre=0.81 draws=7.2 vertices=495 upload-MiB=0.113 depth-MiB=0.000 depth-copy-MiB=0.000 depth-copy-calls=0.00 jobs=0.00 helpers=0.00 fallback=0.00 failed=0.00 (per-present)
[pipeline-traffic] upload-calls=0.57 skipped=0.46 scan-MiB=1.633 upload-MiB=0.113 mirror-realloc=0.00 (per-present)
[pipeline-atlas] reuse=0.00 copy-MiB=0.000 copy-calls=0.00 (per-present; copies are GPU-only)
[pipeline-path] cpu-project=0.00 cpu-stage=0.00 gpu-reuse=0.00 publish=0.00 opt-out=0.00 limit=0.00 rejected=0.00 (events/present, not view fallbacks)
[pipeline-perf] scene=Action 3D host=0 map=01/01 output=1280x800 frames=304 fps=300.6 cadence-ms=3.326 p95=12.991 max=20.912 refresh=3 vsync=0 cap=0 gpu-ms=unavailable
[pipeline-stage] events/input mean-ms=0.0849 peak-call-ms=8.1937 calls=304
[pipeline-stage] emulation mean-ms=0.0675 peak-call-ms=1.7258 calls=61
[pipeline-stage] PPU + capture mean-ms=1.3773 peak-call-ms=8.1083 calls=61
[pipeline-stage] world map build mean-ms=0.0001 peak-call-ms=0.0009 calls=61
[pipeline-stage] SIM metadata mean-ms=0.0054 peak-call-ms=0.0644 calls=61
[pipeline-stage] town canvas mean-ms=0.0002 peak-call-ms=0.0020 calls=61
[pipeline-stage] frame snapshot mean-ms=0.0120 peak-call-ms=0.1131 calls=61
[pipeline-stage] upload mean-ms=0.5453 peak-call-ms=6.7647 calls=61
[pipeline-stage] presentation mean-ms=0.3564 peak-call-ms=1.3901 calls=304
[pipeline-stage] CRT/resolve mean-ms=0.0121 peak-call-ms=0.0255 calls=608
[pipeline-stage] host UI mean-ms=0.0055 peak-call-ms=0.0215 calls=304
[pipeline-stage] settings UI mean-ms=0.0004 peak-call-ms=0.0010 calls=304
[pipeline-stage] present/wait mean-ms=0.7993 peak-call-ms=2.8110 calls=304
[pipeline-stage] pacing/sleep mean-ms=0.0004 peak-call-ms=0.0016 calls=304
[pipeline-stage] housekeeping mean-ms=0.0003 peak-call-ms=0.0033 calls=61
[pipeline-stage] PPU setup mean-ms=0.0083 peak-call-ms=0.0588 calls=61
[pipeline-stage] PPU scanout mean-ms=1.3596 peak-call-ms=7.9995 calls=61
[pipeline-stage] PPU finish mean-ms=0.0012 peak-call-ms=0.0164 calls=61
[pipeline-stage] action total mean-ms=0.3362 peak-call-ms=1.3600 calls=304
[pipeline-stage] action upload mean-ms=0.1673 peak-call-ms=2.4001 calls=61
[pipeline-stage] action analysis mean-ms=0.2511 peak-call-ms=3.4331 calls=61
[pipeline-stage] action setup mean-ms=0.0082 peak-call-ms=0.0583 calls=61
[pipeline-stage] action scanout mean-ms=1.3595 peak-call-ms=7.9989 calls=61
[pipeline-stage] action finish mean-ms=0.0011 peak-call-ms=0.0160 calls=61
[pipeline-stage] action host-post mean-ms=0.0104 peak-call-ms=0.0875 calls=61
[pipeline-stage] action synthesis mean-ms=0.1145 peak-call-ms=0.3470 calls=304
[pipeline-stage] action mesh mean-ms=0.0057 peak-call-ms=0.0067 calls=1520
[pipeline-stage] action supersample mean-ms=0.0232 peak-call-ms=0.2229 calls=304
[pipeline-stage] action DOF mean-ms=0.0286 peak-call-ms=0.0982 calls=304
[pipeline-stage] action submit mean-ms=0.0149 peak-call-ms=0.0262 calls=2170
[pipeline-stage] action callback mean-ms=0.0005 peak-call-ms=0.0005 calls=1520
[pipeline-work] ticks=0.20 repre=0.80 draws=7.1 vertices=495 upload-MiB=0.110 depth-MiB=0.000 depth-copy-MiB=0.000 depth-copy-calls=0.00 jobs=0.00 helpers=0.00 fallback=0.00 failed=0.00 (per-present)
[pipeline-traffic] upload-calls=0.57 skipped=0.50 scan-MiB=1.684 upload-MiB=0.110 mirror-realloc=0.00 (per-present)
[pipeline-atlas] reuse=0.00 copy-MiB=0.000 copy-calls=0.00 (per-present; copies are GPU-only)
[pipeline-path] cpu-project=0.00 cpu-stage=0.00 gpu-reuse=0.00 publish=0.00 opt-out=0.00 limit=0.00 rejected=0.00 (events/present, not view fallbacks)
[pipeline-perf] scene=Action 3D host=0 map=01/01 output=1280x800 frames=353 fps=351.6 cadence-ms=2.844 p95=9.940 max=17.664 refresh=3 vsync=0 cap=0 gpu-ms=unavailable
[pipeline-stage] events/input mean-ms=0.0558 peak-call-ms=7.6062 calls=353
[pipeline-stage] emulation mean-ms=0.0730 peak-call-ms=2.0790 calls=60
[pipeline-stage] PPU + capture mean-ms=1.1659 peak-call-ms=7.2780 calls=60
[pipeline-stage] world map build mean-ms=0.0001 peak-call-ms=0.0007 calls=60
[pipeline-stage] SIM metadata mean-ms=0.0043 peak-call-ms=0.0332 calls=60
[pipeline-stage] town canvas mean-ms=0.0002 peak-call-ms=0.0017 calls=60
[pipeline-stage] frame snapshot mean-ms=0.0097 peak-call-ms=0.0783 calls=60
[pipeline-stage] upload mean-ms=0.2927 peak-call-ms=2.1084 calls=60
[pipeline-stage] presentation mean-ms=0.3392 peak-call-ms=1.1777 calls=353
[pipeline-stage] CRT/resolve mean-ms=0.0124 peak-call-ms=0.0390 calls=706
[pipeline-stage] host UI mean-ms=0.0055 peak-call-ms=0.0423 calls=353
[pipeline-stage] settings UI mean-ms=0.0004 peak-call-ms=0.0019 calls=353
[pipeline-stage] present/wait mean-ms=0.8255 peak-call-ms=2.1322 calls=353
[pipeline-stage] pacing/sleep mean-ms=0.0004 peak-call-ms=0.0014 calls=353
[pipeline-stage] housekeeping mean-ms=0.0003 peak-call-ms=0.0055 calls=60
[pipeline-stage] PPU setup mean-ms=0.0070 peak-call-ms=0.0675 calls=60
[pipeline-stage] PPU scanout mean-ms=1.1503 peak-call-ms=7.1905 calls=60
[pipeline-stage] PPU finish mean-ms=0.0010 peak-call-ms=0.0220 calls=60
[pipeline-stage] action total mean-ms=0.3188 peak-call-ms=1.1430 calls=353
[pipeline-stage] action upload mean-ms=0.1119 peak-call-ms=0.8736 calls=60
[pipeline-stage] action analysis mean-ms=0.0985 peak-call-ms=0.7373 calls=60
[pipeline-stage] action setup mean-ms=0.0069 peak-call-ms=0.0670 calls=60
[pipeline-stage] action scanout mean-ms=1.1501 peak-call-ms=7.1898 calls=60
[pipeline-stage] action finish mean-ms=0.0010 peak-call-ms=0.0217 calls=60
[pipeline-stage] action host-post mean-ms=0.0082 peak-call-ms=0.0561 calls=60
[pipeline-stage] action synthesis mean-ms=0.1055 peak-call-ms=0.2412 calls=353
[pipeline-stage] action mesh mean-ms=0.0057 peak-call-ms=0.0232 calls=1765
[pipeline-stage] action supersample mean-ms=0.0229 peak-call-ms=0.0555 calls=353
[pipeline-stage] action DOF mean-ms=0.0297 peak-call-ms=0.0663 calls=353
[pipeline-stage] action submit mean-ms=0.0153 peak-call-ms=0.0233 calls=2471
[pipeline-stage] action callback mean-ms=0.0006 peak-call-ms=0.0149 calls=1765
[pipeline-work] ticks=0.17 repre=0.83 draws=7.0 vertices=494 upload-MiB=0.018 depth-MiB=0.000 depth-copy-MiB=0.000 depth-copy-calls=0.00 jobs=0.00 helpers=0.00 fallback=0.00 failed=0.00 (per-present)
[pipeline-traffic] upload-calls=0.35 skipped=0.51 scan-MiB=1.426 upload-MiB=0.018 mirror-realloc=0.00 (per-present)
[pipeline-atlas] reuse=0.00 copy-MiB=0.000 copy-calls=0.00 (per-present; copies are GPU-only)
[pipeline-path] cpu-project=0.00 cpu-stage=0.00 gpu-reuse=0.00 publish=0.00 opt-out=0.00 limit=0.00 rejected=0.00 (events/present, not view fallbacks)
[pipeline-perf] scene=Action 3D host=0 map=01/01 output=1280x800 frames=353 fps=351.9 cadence-ms=2.842 p95=10.074 max=18.533 refresh=3 vsync=0 cap=0 gpu-ms=unavailable
[pipeline-stage] events/input mean-ms=0.0770 peak-call-ms=7.4180 calls=353
[pipeline-stage] emulation mean-ms=0.0759 peak-call-ms=2.3288 calls=60
[pipeline-stage] PPU + capture mean-ms=1.1795 peak-call-ms=7.1277 calls=60
[pipeline-stage] world map build mean-ms=0.0001 peak-call-ms=0.0010 calls=60
[pipeline-stage] SIM metadata mean-ms=0.0044 peak-call-ms=0.0391 calls=60
[pipeline-stage] town canvas mean-ms=0.0002 peak-call-ms=0.0016 calls=60
[pipeline-stage] frame snapshot mean-ms=0.0099 peak-call-ms=0.0991 calls=60
[pipeline-stage] upload mean-ms=0.2967 peak-call-ms=2.0256 calls=60
[pipeline-stage] presentation mean-ms=0.3337 peak-call-ms=0.8942 calls=353
[pipeline-stage] CRT/resolve mean-ms=0.0125 peak-call-ms=0.0390 calls=706
[pipeline-stage] host UI mean-ms=0.0055 peak-call-ms=0.0342 calls=353
[pipeline-stage] settings UI mean-ms=0.0004 peak-call-ms=0.0015 calls=353
[pipeline-stage] present/wait mean-ms=0.7853 peak-call-ms=2.3827 calls=353
[pipeline-stage] pacing/sleep mean-ms=0.0004 peak-call-ms=0.0013 calls=353
[pipeline-stage] housekeeping mean-ms=0.0003 peak-call-ms=0.0046 calls=60
[pipeline-stage] PPU setup mean-ms=0.0071 peak-call-ms=0.0699 calls=60
[pipeline-stage] PPU scanout mean-ms=1.1636 peak-call-ms=7.0376 calls=60
[pipeline-stage] PPU finish mean-ms=0.0010 peak-call-ms=0.0089 calls=60
[pipeline-stage] action total mean-ms=0.3131 peak-call-ms=0.8589 calls=353
[pipeline-stage] action upload mean-ms=0.1160 peak-call-ms=0.8561 calls=60
[pipeline-stage] action analysis mean-ms=0.0969 peak-call-ms=0.6740 calls=60
[pipeline-stage] action setup mean-ms=0.0070 peak-call-ms=0.0682 calls=60
[pipeline-stage] action scanout mean-ms=1.1635 peak-call-ms=7.0369 calls=60
[pipeline-stage] action finish mean-ms=0.0010 peak-call-ms=0.0082 calls=60
[pipeline-stage] action host-post mean-ms=0.0084 peak-call-ms=0.0688 calls=60
[pipeline-stage] action synthesis mean-ms=0.1012 peak-call-ms=0.1958 calls=353
[pipeline-stage] action mesh mean-ms=0.0060 peak-call-ms=0.0295 calls=1765
[pipeline-stage] action supersample mean-ms=0.0223 peak-call-ms=0.0543 calls=353
[pipeline-stage] action DOF mean-ms=0.0308 peak-call-ms=0.0814 calls=353
[pipeline-stage] action submit mean-ms=0.0152 peak-call-ms=0.0368 calls=2471
[pipeline-stage] action callback mean-ms=0.0005 peak-call-ms=0.0009 calls=1765
[pipeline-work] ticks=0.17 repre=0.83 draws=7.0 vertices=494 upload-MiB=0.019 depth-MiB=0.000 depth-copy-MiB=0.000 depth-copy-calls=0.00 jobs=0.00 helpers=0.00 fallback=0.00 failed=0.00 (per-present)
[pipeline-traffic] upload-calls=0.35 skipped=0.51 scan-MiB=1.424 upload-MiB=0.019 mirror-realloc=0.00 (per-present)
[pipeline-atlas] reuse=0.00 copy-MiB=0.000 copy-calls=0.00 (per-present; copies are GPU-only)
[pipeline-path] cpu-project=0.00 cpu-stage=0.00 gpu-reuse=0.00 publish=0.00 opt-out=0.00 limit=0.00 rejected=0.00 (events/present, not view fallbacks)
[pipeline-perf] scene=Action 3D host=0 map=01/01 output=1280x800 frames=363 fps=361.8 cadence-ms=2.764 p95=10.404 max=17.942 refresh=3 vsync=0 cap=0 gpu-ms=unavailable
[pipeline-stage] events/input mean-ms=0.0737 peak-call-ms=7.9807 calls=363
[pipeline-stage] emulation mean-ms=0.0533 peak-call-ms=1.8075 calls=61
[pipeline-stage] PPU + capture mean-ms=1.1519 peak-call-ms=7.5851 calls=61
[pipeline-stage] world map build mean-ms=0.0001 peak-call-ms=0.0009 calls=61
[pipeline-stage] SIM metadata mean-ms=0.0044 peak-call-ms=0.0353 calls=61
[pipeline-stage] town canvas mean-ms=0.0002 peak-call-ms=0.0017 calls=61
[pipeline-stage] frame snapshot mean-ms=0.0101 peak-call-ms=0.0973 calls=61
[pipeline-stage] upload mean-ms=0.3184 peak-call-ms=3.3346 calls=61
[pipeline-stage] presentation mean-ms=0.3385 peak-call-ms=1.5373 calls=363
[pipeline-stage] CRT/resolve mean-ms=0.0125 peak-call-ms=0.0412 calls=726
[pipeline-stage] host UI mean-ms=0.0055 peak-call-ms=0.0299 calls=363
[pipeline-stage] settings UI mean-ms=0.0004 peak-call-ms=0.0012 calls=363
[pipeline-stage] present/wait mean-ms=0.7649 peak-call-ms=2.4981 calls=363
[pipeline-stage] pacing/sleep mean-ms=0.0004 peak-call-ms=0.0012 calls=363
[pipeline-stage] housekeeping mean-ms=0.0003 peak-call-ms=0.0031 calls=61
[pipeline-stage] PPU setup mean-ms=0.0066 peak-call-ms=0.0509 calls=61
[pipeline-stage] PPU scanout mean-ms=1.1373 peak-call-ms=7.5045 calls=61
[pipeline-stage] PPU finish mean-ms=0.0010 peak-call-ms=0.0077 calls=61
[pipeline-stage] action total mean-ms=0.3180 peak-call-ms=1.5064 calls=363
[pipeline-stage] action upload mean-ms=0.1326 peak-call-ms=2.2265 calls=61
[pipeline-stage] action analysis mean-ms=0.1018 peak-call-ms=1.2303 calls=61
[pipeline-stage] action setup mean-ms=0.0066 peak-call-ms=0.0501 calls=61
[pipeline-stage] action scanout mean-ms=1.1372 peak-call-ms=7.5038 calls=61
[pipeline-stage] action finish mean-ms=0.0009 peak-call-ms=0.0073 calls=61
[pipeline-stage] action host-post mean-ms=0.0085 peak-call-ms=0.0615 calls=61
[pipeline-stage] action synthesis mean-ms=0.1032 peak-call-ms=0.1923 calls=363
[pipeline-stage] action mesh mean-ms=0.0058 peak-call-ms=0.0216 calls=1815
[pipeline-stage] action supersample mean-ms=0.0226 peak-call-ms=0.0501 calls=363
[pipeline-stage] action DOF mean-ms=0.0301 peak-call-ms=0.0631 calls=363
[pipeline-stage] action submit mean-ms=0.0154 peak-call-ms=0.0325 calls=2541
[pipeline-stage] action callback mean-ms=0.0005 peak-call-ms=0.0005 calls=1815
[pipeline-work] ticks=0.17 repre=0.83 draws=7.0 vertices=494 upload-MiB=0.016 depth-MiB=0.000 depth-copy-MiB=0.000 depth-copy-calls=0.00 jobs=0.00 helpers=0.00 fallback=0.00 failed=0.00 (per-present)
[pipeline-traffic] upload-calls=0.34 skipped=0.50 scan-MiB=1.407 upload-MiB=0.016 mirror-realloc=0.00 (per-present)
[pipeline-atlas] reuse=0.00 copy-MiB=0.000 copy-calls=0.00 (per-present; copies are GPU-only)
[pipeline-path] cpu-project=0.00 cpu-stage=0.00 gpu-reuse=0.00 publish=0.00 opt-out=0.00 limit=0.00 rejected=0.00 (events/present, not view fallbacks)
[pipeline-perf] scene=Action 3D host=0 map=01/01 output=1280x800 frames=345 fps=343.6 cadence-ms=2.910 p95=10.445 max=19.118 refresh=3 vsync=0 cap=0 gpu-ms=unavailable
[pipeline-stage] events/input mean-ms=0.0776 peak-call-ms=7.7096 calls=345
[pipeline-stage] emulation mean-ms=0.0682 peak-call-ms=1.9749 calls=60
[pipeline-stage] PPU + capture mean-ms=1.2058 peak-call-ms=8.0118 calls=60
[pipeline-stage] world map build mean-ms=0.0001 peak-call-ms=0.0012 calls=60
[pipeline-stage] SIM metadata mean-ms=0.0045 peak-call-ms=0.0529 calls=60
[pipeline-stage] town canvas mean-ms=0.0002 peak-call-ms=0.0015 calls=60
[pipeline-stage] frame snapshot mean-ms=0.0103 peak-call-ms=0.0778 calls=60
[pipeline-stage] upload mean-ms=0.3116 peak-call-ms=3.6435 calls=60
[pipeline-stage] presentation mean-ms=0.3450 peak-call-ms=1.2893 calls=345
[pipeline-stage] CRT/resolve mean-ms=0.0122 peak-call-ms=0.0280 calls=690
[pipeline-stage] host UI mean-ms=0.0057 peak-call-ms=0.0239 calls=345
[pipeline-stage] settings UI mean-ms=0.0005 peak-call-ms=0.0011 calls=345
[pipeline-stage] present/wait mean-ms=0.8125 peak-call-ms=2.2100 calls=345
[pipeline-stage] pacing/sleep mean-ms=0.0004 peak-call-ms=0.0012 calls=345
[pipeline-stage] housekeeping mean-ms=0.0003 peak-call-ms=0.0034 calls=60
[pipeline-stage] PPU setup mean-ms=0.0070 peak-call-ms=0.0624 calls=60
[pipeline-stage] PPU scanout mean-ms=1.1902 peak-call-ms=7.8976 calls=60
[pipeline-stage] PPU finish mean-ms=0.0010 peak-call-ms=0.0074 calls=60
[pipeline-stage] action total mean-ms=0.3246 peak-call-ms=1.2587 calls=345
[pipeline-stage] action upload mean-ms=0.1253 peak-call-ms=2.4207 calls=60
[pipeline-stage] action analysis mean-ms=0.1004 peak-call-ms=0.9122 calls=60
[pipeline-stage] action setup mean-ms=0.0069 peak-call-ms=0.0610 calls=60
[pipeline-stage] action scanout mean-ms=1.1901 peak-call-ms=7.8969 calls=60
[pipeline-stage] action finish mean-ms=0.0009 peak-call-ms=0.0071 calls=60
[pipeline-stage] action host-post mean-ms=0.0087 peak-call-ms=0.0776 calls=60
[pipeline-stage] action synthesis mean-ms=0.1100 peak-call-ms=0.7981 calls=345
[pipeline-stage] action mesh mean-ms=0.0058 peak-call-ms=0.0140 calls=1725
[pipeline-stage] action supersample mean-ms=0.0225 peak-call-ms=0.0620 calls=345
[pipeline-stage] action DOF mean-ms=0.0295 peak-call-ms=0.0627 calls=345
[pipeline-stage] action submit mean-ms=0.0150 peak-call-ms=0.0239 calls=2415
[pipeline-stage] action callback mean-ms=0.0006 peak-call-ms=0.0007 calls=1725
[pipeline-work] ticks=0.17 repre=0.83 draws=7.0 vertices=494 upload-MiB=0.019 depth-MiB=0.000 depth-copy-MiB=0.000 depth-copy-calls=0.00 jobs=0.00 helpers=0.00 fallback=0.00 failed=0.00 (per-present)
[pipeline-traffic] upload-calls=0.35 skipped=0.52 scan-MiB=1.462 upload-MiB=0.019 mirror-realloc=0.00 (per-present)
[pipeline-atlas] reuse=0.00 copy-MiB=0.000 copy-calls=0.00 (per-present; copies are GPU-only)
[pipeline-path] cpu-project=0.00 cpu-stage=0.00 gpu-reuse=0.00 publish=0.00 opt-out=0.00 limit=0.00 rejected=0.00 (events/present, not view fallbacks)
[pipeline-perf] scene=Action 3D host=0 map=01/01 output=1280x800 frames=356 fps=352.5 cadence-ms=2.837 p95=10.216 max=17.485 refresh=3 vsync=0 cap=0 gpu-ms=unavailable
[pipeline-stage] events/input mean-ms=0.0566 peak-call-ms=7.9273 calls=356
[pipeline-stage] emulation mean-ms=0.0558 peak-call-ms=1.7180 calls=61
[pipeline-stage] PPU + capture mean-ms=1.1946 peak-call-ms=7.9559 calls=61
[pipeline-stage] world map build mean-ms=0.0001 peak-call-ms=0.0017 calls=61
[pipeline-stage] SIM metadata mean-ms=0.0044 peak-call-ms=0.0442 calls=61
[pipeline-stage] town canvas mean-ms=0.0002 peak-call-ms=0.0026 calls=61
[pipeline-stage] frame snapshot mean-ms=0.0101 peak-call-ms=0.1024 calls=61
[pipeline-stage] upload mean-ms=0.2965 peak-call-ms=2.2058 calls=61
[pipeline-stage] presentation mean-ms=0.3432 peak-call-ms=0.8474 calls=356
[pipeline-stage] CRT/resolve mean-ms=0.0124 peak-call-ms=0.0402 calls=712
[pipeline-stage] host UI mean-ms=0.0056 peak-call-ms=0.0204 calls=356
[pipeline-stage] settings UI mean-ms=0.0005 peak-call-ms=0.0120 calls=356
[pipeline-stage] present/wait mean-ms=0.7996 peak-call-ms=2.4490 calls=356
[pipeline-stage] pacing/sleep mean-ms=0.0004 peak-call-ms=0.0012 calls=356
[pipeline-stage] housekeeping mean-ms=0.0003 peak-call-ms=0.0035 calls=61
[pipeline-stage] PPU setup mean-ms=0.0072 peak-call-ms=0.0939 calls=61
[pipeline-stage] PPU scanout mean-ms=1.1788 peak-call-ms=7.8464 calls=61
[pipeline-stage] PPU finish mean-ms=0.0010 peak-call-ms=0.0114 calls=61
[pipeline-stage] action total mean-ms=0.3227 peak-call-ms=0.8129 calls=356
[pipeline-stage] action upload mean-ms=0.1121 peak-call-ms=0.8322 calls=61
[pipeline-stage] action analysis mean-ms=0.1026 peak-call-ms=0.8880 calls=61
[pipeline-stage] action setup mean-ms=0.0071 peak-call-ms=0.0934 calls=61
[pipeline-stage] action scanout mean-ms=1.1786 peak-call-ms=7.8457 calls=61
[pipeline-stage] action finish mean-ms=0.0010 peak-call-ms=0.0110 calls=61
[pipeline-stage] action host-post mean-ms=0.0086 peak-call-ms=0.0893 calls=61
[pipeline-stage] action synthesis mean-ms=0.1086 peak-call-ms=0.1858 calls=356
[pipeline-stage] action mesh mean-ms=0.0058 peak-call-ms=0.0125 calls=1780
[pipeline-stage] action supersample mean-ms=0.0232 peak-call-ms=0.0869 calls=356
[pipeline-stage] action DOF mean-ms=0.0294 peak-call-ms=0.0698 calls=356
[pipeline-stage] action submit mean-ms=0.0151 peak-call-ms=0.0203 calls=2492
[pipeline-stage] action callback mean-ms=0.0005 peak-call-ms=0.0005 calls=1780
[pipeline-work] ticks=0.17 repre=0.83 draws=7.0 vertices=494 upload-MiB=0.014 depth-MiB=0.000 depth-copy-MiB=0.000 depth-copy-calls=0.00 jobs=0.00 helpers=0.00 fallback=0.00 failed=0.00 (per-present)
[pipeline-traffic] upload-calls=0.35 skipped=0.51 scan-MiB=1.430 upload-MiB=0.014 mirror-realloc=0.00 (per-present)
[pipeline-atlas] reuse=0.00 copy-MiB=0.000 copy-calls=0.00 (per-present; copies are GPU-only)
[pipeline-path] cpu-project=0.00 cpu-stage=0.00 gpu-reuse=0.00 publish=0.00 opt-out=0.00 limit=0.00 rejected=0.00 (events/present, not view fallbacks)
[pipeline-perf] scene=Action 3D host=0 map=01/01 output=1280x800 frames=375 fps=373.8 cadence-ms=2.675 p95=9.872 max=17.477 refresh=3 vsync=0 cap=0 gpu-ms=unavailable
[pipeline-stage] events/input mean-ms=0.0710 peak-call-ms=7.5079 calls=375
[pipeline-stage] emulation mean-ms=0.0436 peak-call-ms=1.5367 calls=60
[pipeline-stage] PPU + capture mean-ms=1.0957 peak-call-ms=7.0647 calls=60
[pipeline-stage] world map build mean-ms=0.0001 peak-call-ms=0.0010 calls=60
[pipeline-stage] SIM metadata mean-ms=0.0042 peak-call-ms=0.0362 calls=60
[pipeline-stage] town canvas mean-ms=0.0002 peak-call-ms=0.0021 calls=60
[pipeline-stage] frame snapshot mean-ms=0.0096 peak-call-ms=0.0851 calls=60
[pipeline-stage] upload mean-ms=0.2769 peak-call-ms=1.9305 calls=60
[pipeline-stage] presentation mean-ms=0.3345 peak-call-ms=0.8514 calls=375
[pipeline-stage] CRT/resolve mean-ms=0.0119 peak-call-ms=0.0296 calls=750
[pipeline-stage] host UI mean-ms=0.0054 peak-call-ms=0.0388 calls=375
[pipeline-stage] settings UI mean-ms=0.0006 peak-call-ms=0.0327 calls=375
[pipeline-stage] present/wait mean-ms=0.7665 peak-call-ms=2.4225 calls=375
[pipeline-stage] pacing/sleep mean-ms=0.0004 peak-call-ms=0.0018 calls=375
[pipeline-stage] housekeeping mean-ms=0.0003 peak-call-ms=0.0167 calls=60
[pipeline-stage] PPU setup mean-ms=0.0063 peak-call-ms=0.0546 calls=60
[pipeline-stage] PPU scanout mean-ms=1.0819 peak-call-ms=6.9715 calls=60
[pipeline-stage] PPU finish mean-ms=0.0010 peak-call-ms=0.0086 calls=60
[pipeline-stage] action total mean-ms=0.3147 peak-call-ms=0.8240 calls=375
[pipeline-stage] action upload mean-ms=0.1050 peak-call-ms=0.7799 calls=60
[pipeline-stage] action analysis mean-ms=0.0961 peak-call-ms=0.7467 calls=60
[pipeline-stage] action setup mean-ms=0.0062 peak-call-ms=0.0536 calls=60
[pipeline-stage] action scanout mean-ms=1.0818 peak-call-ms=6.9708 calls=60
[pipeline-stage] action finish mean-ms=0.0009 peak-call-ms=0.0083 calls=60
[pipeline-stage] action host-post mean-ms=0.0082 peak-call-ms=0.0684 calls=60
[pipeline-stage] action synthesis mean-ms=0.1060 peak-call-ms=0.1907 calls=375
[pipeline-stage] action mesh mean-ms=0.0056 peak-call-ms=0.0037 calls=1875
[pipeline-stage] action supersample mean-ms=0.0221 peak-call-ms=0.0582 calls=375
[pipeline-stage] action DOF mean-ms=0.0290 peak-call-ms=0.1032 calls=375
[pipeline-stage] action submit mean-ms=0.0147 peak-call-ms=0.0371 calls=2625
[pipeline-stage] action callback mean-ms=0.0005 peak-call-ms=0.0008 calls=1875
[pipeline-work] ticks=0.16 repre=0.84 draws=7.0 vertices=494 upload-MiB=0.010 depth-MiB=0.000 depth-copy-MiB=0.000 depth-copy-calls=0.00 jobs=0.00 helpers=0.00 fallback=0.00 failed=0.00 (per-present)
[pipeline-traffic] upload-calls=0.33 skipped=0.48 scan-MiB=1.338 upload-MiB=0.010 mirror-realloc=0.00 (per-present)
[pipeline-atlas] reuse=0.00 copy-MiB=0.000 copy-calls=0.00 (per-present; copies are GPU-only)
[pipeline-path] cpu-project=0.00 cpu-stage=0.00 gpu-reuse=0.00 publish=0.00 opt-out=0.00 limit=0.00 rejected=0.00 (events/present, not view fallbacks)
[pipeline-perf] scene=Action 3D host=0 map=01/01 output=1280x800 frames=367 fps=365.5 cadence-ms=2.736 p95=10.001 max=17.939 refresh=3 vsync=0 cap=0 gpu-ms=unavailable
[pipeline-stage] events/input mean-ms=0.0751 peak-call-ms=8.0923 calls=367
[pipeline-stage] emulation mean-ms=0.0427 peak-call-ms=1.5005 calls=60
[pipeline-stage] PPU + capture mean-ms=1.1220 peak-call-ms=7.4306 calls=60
[pipeline-stage] world map build mean-ms=0.0001 peak-call-ms=0.0014 calls=60
[pipeline-stage] SIM metadata mean-ms=0.0042 peak-call-ms=0.0319 calls=60
[pipeline-stage] town canvas mean-ms=0.0002 peak-call-ms=0.0017 calls=60
[pipeline-stage] frame snapshot mean-ms=0.0097 peak-call-ms=0.0773 calls=60
[pipeline-stage] upload mean-ms=0.2780 peak-call-ms=2.0243 calls=60
[pipeline-stage] presentation mean-ms=0.3420 peak-call-ms=1.2386 calls=367
[pipeline-stage] CRT/resolve mean-ms=0.0124 peak-call-ms=0.0498 calls=734
[pipeline-stage] host UI mean-ms=0.0054 peak-call-ms=0.0136 calls=367
[pipeline-stage] settings UI mean-ms=0.0004 peak-call-ms=0.0022 calls=367
[pipeline-stage] present/wait mean-ms=0.7874 peak-call-ms=2.1159 calls=367
[pipeline-stage] pacing/sleep mean-ms=0.0005 peak-call-ms=0.0194 calls=367
[pipeline-stage] housekeeping mean-ms=0.0003 peak-call-ms=0.0046 calls=60
[pipeline-stage] PPU setup mean-ms=0.0066 peak-call-ms=0.0671 calls=60
[pipeline-stage] PPU scanout mean-ms=1.1076 peak-call-ms=7.3454 calls=60
[pipeline-stage] PPU finish mean-ms=0.0010 peak-call-ms=0.0127 calls=60
[pipeline-stage] action total mean-ms=0.3216 peak-call-ms=1.2133 calls=367
[pipeline-stage] action upload mean-ms=0.1076 peak-call-ms=0.7967 calls=60
[pipeline-stage] action analysis mean-ms=0.0987 peak-call-ms=0.9332 calls=60
[pipeline-stage] action setup mean-ms=0.0065 peak-call-ms=0.0662 calls=60
[pipeline-stage] action scanout mean-ms=1.1075 peak-call-ms=7.3448 calls=60
[pipeline-stage] action finish mean-ms=0.0009 peak-call-ms=0.0124 calls=60
[pipeline-stage] action host-post mean-ms=0.0082 peak-call-ms=0.0590 calls=60
[pipeline-stage] action synthesis mean-ms=0.1099 peak-call-ms=0.9854 calls=367
[pipeline-stage] action mesh mean-ms=0.0057 peak-call-ms=0.0133 calls=1835
[pipeline-stage] action supersample mean-ms=0.0224 peak-call-ms=0.0699 calls=367
[pipeline-stage] action DOF mean-ms=0.0291 peak-call-ms=0.0572 calls=367
[pipeline-stage] action submit mean-ms=0.0148 peak-call-ms=0.0204 calls=2569
[pipeline-stage] action callback mean-ms=0.0005 peak-call-ms=0.0007 calls=1835
[pipeline-work] ticks=0.16 repre=0.84 draws=7.0 vertices=494 upload-MiB=0.006 depth-MiB=0.000 depth-copy-MiB=0.000 depth-copy-calls=0.00 jobs=0.00 helpers=0.00 fallback=0.00 failed=0.00 (per-present)
[pipeline-traffic] upload-calls=0.31 skipped=0.49 scan-MiB=1.369 upload-MiB=0.006 mirror-realloc=0.00 (per-present)
[pipeline-atlas] reuse=0.00 copy-MiB=0.000 copy-calls=0.00 (per-present; copies are GPU-only)
[pipeline-path] cpu-project=0.00 cpu-stage=0.00 gpu-reuse=0.00 publish=0.00 opt-out=0.00 limit=0.00 rejected=0.00 (events/present, not view fallbacks)
[pipeline-perf] scene=Action 3D host=0 map=01/01 output=1280x800 frames=346 fps=344.9 cadence-ms=2.900 p95=9.774 max=18.134 refresh=3 vsync=0 cap=0 gpu-ms=unavailable
[pipeline-stage] events/input mean-ms=0.0781 peak-call-ms=7.8909 calls=346
[pipeline-stage] emulation mean-ms=0.0564 peak-call-ms=1.4462 calls=61
[pipeline-stage] PPU + capture mean-ms=1.2186 peak-call-ms=7.1279 calls=61
[pipeline-stage] world map build mean-ms=0.0001 peak-call-ms=0.0011 calls=61
[pipeline-stage] SIM metadata mean-ms=0.0046 peak-call-ms=0.0340 calls=61
[pipeline-stage] town canvas mean-ms=0.0002 peak-call-ms=0.0016 calls=61
[pipeline-stage] frame snapshot mean-ms=0.0106 peak-call-ms=0.0723 calls=61
[pipeline-stage] upload mean-ms=0.2816 peak-call-ms=1.8910 calls=61
[pipeline-stage] presentation mean-ms=0.3437 peak-call-ms=0.8570 calls=346
[pipeline-stage] CRT/resolve mean-ms=0.0125 peak-call-ms=0.0357 calls=692
[pipeline-stage] host UI mean-ms=0.0056 peak-call-ms=0.0449 calls=346
[pipeline-stage] settings UI mean-ms=0.0004 peak-call-ms=0.0013 calls=346
[pipeline-stage] present/wait mean-ms=0.8533 peak-call-ms=2.5169 calls=346
[pipeline-stage] pacing/sleep mean-ms=0.0004 peak-call-ms=0.0014 calls=346
[pipeline-stage] housekeeping mean-ms=0.0003 peak-call-ms=0.0022 calls=61
[pipeline-stage] PPU setup mean-ms=0.0071 peak-call-ms=0.0603 calls=61
[pipeline-stage] PPU scanout mean-ms=1.2030 peak-call-ms=7.0302 calls=61
[pipeline-stage] PPU finish mean-ms=0.0011 peak-call-ms=0.0101 calls=61
[pipeline-stage] action total mean-ms=0.3230 peak-call-ms=0.8277 calls=346
[pipeline-stage] action upload mean-ms=0.1291 peak-call-ms=0.8946 calls=61
[pipeline-stage] action analysis mean-ms=0.1082 peak-call-ms=0.8165 calls=61
[pipeline-stage] action setup mean-ms=0.0070 peak-call-ms=0.0598 calls=61
[pipeline-stage] action scanout mean-ms=1.2029 peak-call-ms=7.0296 calls=61
[pipeline-stage] action finish mean-ms=0.0010 peak-call-ms=0.0097 calls=61
[pipeline-stage] action host-post mean-ms=0.0089 peak-call-ms=0.0631 calls=61
[pipeline-stage] action synthesis mean-ms=0.1088 peak-call-ms=0.1850 calls=346
[pipeline-stage] action mesh mean-ms=0.0058 peak-call-ms=0.0127 calls=1730
[pipeline-stage] action supersample mean-ms=0.0229 peak-call-ms=0.0597 calls=346
[pipeline-stage] action DOF mean-ms=0.0297 peak-call-ms=0.0643 calls=346
[pipeline-stage] action submit mean-ms=0.0152 peak-call-ms=0.0259 calls=2422
[pipeline-stage] action callback mean-ms=0.0005 peak-call-ms=0.0009 calls=1730
[pipeline-work] ticks=0.18 repre=0.82 draws=7.0 vertices=494 upload-MiB=0.005 depth-MiB=0.000 depth-copy-MiB=0.000 depth-copy-calls=0.00 jobs=0.00 helpers=0.00 fallback=0.00 failed=0.00 (per-present)
[pipeline-traffic] upload-calls=0.18 skipped=0.53 scan-MiB=1.464 upload-MiB=0.005 mirror-realloc=0.00 (per-present)
[pipeline-atlas] reuse=0.00 copy-MiB=0.000 copy-calls=0.00 (per-present; copies are GPU-only)
[pipeline-path] cpu-project=0.00 cpu-stage=0.00 gpu-reuse=0.00 publish=0.00 opt-out=0.00 limit=0.00 rejected=0.00 (events/present, not view fallbacks)
[pipeline-perf] scene=Action 3D host=0 map=01/01 output=1280x800 frames=354 fps=352.7 cadence-ms=2.835 p95=10.306 max=18.229 refresh=3 vsync=0 cap=0 gpu-ms=unavailable
[pipeline-stage] events/input mean-ms=0.0558 peak-call-ms=8.2526 calls=354
[pipeline-stage] emulation mean-ms=0.0430 peak-call-ms=1.3723 calls=60
[pipeline-stage] PPU + capture mean-ms=1.1870 peak-call-ms=7.7421 calls=60
[pipeline-stage] world map build mean-ms=0.0001 peak-call-ms=0.0008 calls=60
[pipeline-stage] SIM metadata mean-ms=0.0043 peak-call-ms=0.0467 calls=60
[pipeline-stage] town canvas mean-ms=0.0002 peak-call-ms=0.0022 calls=60
[pipeline-stage] frame snapshot mean-ms=0.0100 peak-call-ms=0.1083 calls=60
[pipeline-stage] upload mean-ms=0.3107 peak-call-ms=3.3389 calls=60
[pipeline-stage] presentation mean-ms=0.3504 peak-call-ms=1.0801 calls=354
[pipeline-stage] CRT/resolve mean-ms=0.0124 peak-call-ms=0.0457 calls=708
[pipeline-stage] host UI mean-ms=0.0057 peak-call-ms=0.0490 calls=354
[pipeline-stage] settings UI mean-ms=0.0004 peak-call-ms=0.0016 calls=354
[pipeline-stage] present/wait mean-ms=0.8026 peak-call-ms=2.1559 calls=354
[pipeline-stage] pacing/sleep mean-ms=0.0005 peak-call-ms=0.0148 calls=354
[pipeline-stage] housekeeping mean-ms=0.0003 peak-call-ms=0.0039 calls=60
[pipeline-stage] PPU setup mean-ms=0.0069 peak-call-ms=0.0604 calls=60
[pipeline-stage] PPU scanout mean-ms=1.1718 peak-call-ms=7.6524 calls=60
[pipeline-stage] PPU finish mean-ms=0.0010 peak-call-ms=0.0074 calls=60
[pipeline-stage] action total mean-ms=0.3297 peak-call-ms=1.0520 calls=354
[pipeline-stage] action upload mean-ms=0.1281 peak-call-ms=2.3048 calls=60
[pipeline-stage] action analysis mean-ms=0.1051 peak-call-ms=0.9001 calls=60
[pipeline-stage] action setup mean-ms=0.0069 peak-call-ms=0.0598 calls=60
[pipeline-stage] action scanout mean-ms=1.1716 peak-call-ms=7.6518 calls=60
[pipeline-stage] action finish mean-ms=0.0009 peak-call-ms=0.0071 calls=60
[pipeline-stage] action host-post mean-ms=0.0085 peak-call-ms=0.0858 calls=60
[pipeline-stage] action synthesis mean-ms=0.1119 peak-call-ms=0.8076 calls=354
[pipeline-stage] action mesh mean-ms=0.0062 peak-call-ms=0.0266 calls=1770
[pipeline-stage] action supersample mean-ms=0.0233 peak-call-ms=0.0708 calls=354
[pipeline-stage] action DOF mean-ms=0.0301 peak-call-ms=0.0617 calls=354
[pipeline-stage] action submit mean-ms=0.0159 peak-call-ms=0.0347 calls=2478
[pipeline-stage] action callback mean-ms=0.0005 peak-call-ms=0.0008 calls=1770
[pipeline-work] ticks=0.17 repre=0.83 draws=7.0 vertices=494 upload-MiB=0.014 depth-MiB=0.000 depth-copy-MiB=0.000 depth-copy-calls=0.00 jobs=0.00 helpers=0.00 fallback=0.00 failed=0.00 (per-present)
[pipeline-traffic] upload-calls=0.32 skipped=0.51 scan-MiB=1.417 upload-MiB=0.014 mirror-realloc=0.00 (per-present)
[pipeline-atlas] reuse=0.00 copy-MiB=0.000 copy-calls=0.00 (per-present; copies are GPU-only)
[pipeline-path] cpu-project=0.00 cpu-stage=0.00 gpu-reuse=0.00 publish=0.00 opt-out=0.00 limit=0.00 rejected=0.00 (events/present, not view fallbacks)
[pipeline-perf] scene=Action 3D host=0 map=01/01 output=1280x800 frames=357 fps=355.2 cadence-ms=2.816 p95=10.339 max=18.643 refresh=3 vsync=0 cap=0 gpu-ms=unavailable
[pipeline-stage] events/input mean-ms=0.0783 peak-call-ms=8.3136 calls=357
[pipeline-stage] emulation mean-ms=0.0614 peak-call-ms=1.7980 calls=61
[pipeline-stage] PPU + capture mean-ms=1.1880 peak-call-ms=7.5327 calls=61
[pipeline-stage] world map build mean-ms=0.0001 peak-call-ms=0.0008 calls=61
[pipeline-stage] SIM metadata mean-ms=0.0046 peak-call-ms=0.0665 calls=61
[pipeline-stage] town canvas mean-ms=0.0002 peak-call-ms=0.0028 calls=61
[pipeline-stage] frame snapshot mean-ms=0.0104 peak-call-ms=0.1051 calls=61
[pipeline-stage] upload mean-ms=0.3189 peak-call-ms=2.6551 calls=61
[pipeline-stage] presentation mean-ms=0.3400 peak-call-ms=0.8620 calls=357
[pipeline-stage] CRT/resolve mean-ms=0.0123 peak-call-ms=0.0347 calls=714
[pipeline-stage] host UI mean-ms=0.0054 peak-call-ms=0.0184 calls=357
[pipeline-stage] settings UI mean-ms=0.0004 peak-call-ms=0.0015 calls=357
[pipeline-stage] present/wait mean-ms=0.7662 peak-call-ms=2.3106 calls=357
[pipeline-stage] pacing/sleep mean-ms=0.0004 peak-call-ms=0.0013 calls=357
[pipeline-stage] housekeeping mean-ms=0.0003 peak-call-ms=0.0060 calls=61
[pipeline-stage] PPU setup mean-ms=0.0071 peak-call-ms=0.0603 calls=61
[pipeline-stage] PPU scanout mean-ms=1.1728 peak-call-ms=7.4466 calls=61
[pipeline-stage] PPU finish mean-ms=0.0010 peak-call-ms=0.0094 calls=61
[pipeline-stage] action total mean-ms=0.3199 peak-call-ms=0.8327 calls=357
[pipeline-stage] action upload mean-ms=0.1175 peak-call-ms=0.8217 calls=61
[pipeline-stage] action analysis mean-ms=0.1051 peak-call-ms=1.4787 calls=61
[pipeline-stage] action setup mean-ms=0.0070 peak-call-ms=0.0599 calls=61
[pipeline-stage] action scanout mean-ms=1.1727 peak-call-ms=7.4459 calls=61
[pipeline-stage] action finish mean-ms=0.0010 peak-call-ms=0.0091 calls=61
[pipeline-stage] action host-post mean-ms=0.0088 peak-call-ms=0.1137 calls=61
[pipeline-stage] action synthesis mean-ms=0.1052 peak-call-ms=0.2068 calls=357
[pipeline-stage] action mesh mean-ms=0.0059 peak-call-ms=0.0343 calls=1785
[pipeline-stage] action supersample mean-ms=0.0230 peak-call-ms=0.0645 calls=357
[pipeline-stage] action DOF mean-ms=0.0305 peak-call-ms=0.0804 calls=357
[pipeline-stage] action submit mean-ms=0.0153 peak-call-ms=0.0307 calls=2499
[pipeline-stage] action callback mean-ms=0.0005 peak-call-ms=0.0005 calls=1785
[pipeline-work] ticks=0.17 repre=0.83 draws=7.0 vertices=494 upload-MiB=0.048 depth-MiB=0.000 depth-copy-MiB=0.000 depth-copy-calls=0.00 jobs=0.00 helpers=0.00 fallback=0.00 failed=0.00 (per-present)
[pipeline-traffic] upload-calls=0.35 skipped=0.51 scan-MiB=1.455 upload-MiB=0.048 mirror-realloc=0.00 (per-present)
[pipeline-atlas] reuse=0.00 copy-MiB=0.000 copy-calls=0.00 (per-present; copies are GPU-only)
[pipeline-path] cpu-project=0.00 cpu-stage=0.00 gpu-reuse=0.00 publish=0.00 opt-out=0.00 limit=0.00 rejected=0.00 (events/present, not view fallbacks)
[action-fx] first scene accents captured: actors=1/1 decorations=0/0 (lighting=1 particles=1)
[action-fx] first scene accent geometry submitted: 1 effect(s), 586 vertices / 1548 indices (lighting=1 particles=1)
[pipeline-perf] scene=Action 3D host=0 map=01/01 output=1280x800 frames=327 fps=326.0 cadence-ms=3.068 p95=11.091 max=19.003 refresh=3 vsync=0 cap=0 gpu-ms=unavailable
[pipeline-stage] events/input mean-ms=0.0824 peak-call-ms=8.3153 calls=327
[pipeline-stage] emulation mean-ms=0.0610 peak-call-ms=1.9516 calls=60
[pipeline-stage] PPU + capture mean-ms=1.3374 peak-call-ms=8.1558 calls=60
[pipeline-stage] world map build mean-ms=0.0001 peak-call-ms=0.0009 calls=60
[pipeline-stage] SIM metadata mean-ms=0.0050 peak-call-ms=0.0781 calls=60
[pipeline-stage] town canvas mean-ms=0.0002 peak-call-ms=0.0089 calls=60
[pipeline-stage] frame snapshot mean-ms=0.0109 peak-call-ms=0.0801 calls=60
[pipeline-stage] upload mean-ms=0.3706 peak-call-ms=3.3969 calls=60
[pipeline-stage] presentation mean-ms=0.3798 peak-call-ms=0.9648 calls=327
[pipeline-stage] CRT/resolve mean-ms=0.0134 peak-call-ms=0.0296 calls=654
[pipeline-stage] host UI mean-ms=0.0060 peak-call-ms=0.0975 calls=327
[pipeline-stage] settings UI mean-ms=0.0005 peak-call-ms=0.0014 calls=327
[pipeline-stage] present/wait mean-ms=0.7408 peak-call-ms=2.1233 calls=327
[pipeline-stage] pacing/sleep mean-ms=0.0004 peak-call-ms=0.0014 calls=327
[pipeline-stage] housekeeping mean-ms=0.0003 peak-call-ms=0.0043 calls=60
[pipeline-stage] PPU setup mean-ms=0.0074 peak-call-ms=0.0553 calls=60
[pipeline-stage] PPU scanout mean-ms=1.3211 peak-call-ms=8.0744 calls=60
[pipeline-stage] PPU finish mean-ms=0.0011 peak-call-ms=0.0091 calls=60
[pipeline-stage] action total mean-ms=0.3573 peak-call-ms=0.9370 calls=327
[pipeline-stage] action upload mean-ms=0.1341 peak-call-ms=2.2443 calls=60
[pipeline-stage] action analysis mean-ms=0.1283 peak-call-ms=1.7457 calls=60
[pipeline-stage] action setup mean-ms=0.0073 peak-call-ms=0.0543 calls=60
[pipeline-stage] action scanout mean-ms=1.3210 peak-call-ms=8.0736 calls=60
[pipeline-stage] action finish mean-ms=0.0010 peak-call-ms=0.0087 calls=60
[pipeline-stage] action host-post mean-ms=0.0094 peak-call-ms=0.1015 calls=60
[pipeline-stage] action synthesis mean-ms=0.1127 peak-call-ms=0.2148 calls=327
[pipeline-stage] action mesh mean-ms=0.0063 peak-call-ms=0.0131 calls=1635
[pipeline-stage] action supersample mean-ms=0.0242 peak-call-ms=0.0462 calls=327
[pipeline-stage] action DOF mean-ms=0.0313 peak-call-ms=0.0751 calls=327
[pipeline-stage] action submit mean-ms=0.0169 peak-call-ms=0.0364 calls=2289
[pipeline-stage] action callback mean-ms=0.0124 peak-call-ms=0.2451 calls=1734
[pipeline-work] ticks=0.18 repre=0.82 draws=7.0 vertices=494 upload-MiB=0.058 depth-MiB=0.000 depth-copy-MiB=0.000 depth-copy-calls=0.00 jobs=0.00 helpers=0.00 fallback=0.00 failed=0.00 (per-present)
[pipeline-traffic] upload-calls=0.38 skipped=0.55 scan-MiB=1.571 upload-MiB=0.058 mirror-realloc=0.00 (per-present)
[pipeline-atlas] reuse=0.00 copy-MiB=0.000 copy-calls=0.00 (per-present; copies are GPU-only)
[pipeline-path] cpu-project=0.00 cpu-stage=0.00 gpu-reuse=0.00 publish=0.00 opt-out=0.00 limit=0.00 rejected=0.00 (events/present, not view fallbacks)
[pipeline-perf] scene=Action 3D host=0 map=01/01 output=1280x800 frames=291 fps=289.6 cadence-ms=3.453 p95=12.250 max=19.726 refresh=3 vsync=0 cap=0 gpu-ms=unavailable
[pipeline-stage] events/input mean-ms=0.0611 peak-call-ms=7.6936 calls=291
[pipeline-stage] emulation mean-ms=0.1054 peak-call-ms=2.6581 calls=61
[pipeline-stage] PPU + capture mean-ms=1.4101 peak-call-ms=7.8475 calls=61
[pipeline-stage] world map build mean-ms=0.0001 peak-call-ms=0.0013 calls=61
[pipeline-stage] SIM metadata mean-ms=0.0057 peak-call-ms=0.0673 calls=61
[pipeline-stage] town canvas mean-ms=0.0002 peak-call-ms=0.0024 calls=61
[pipeline-stage] frame snapshot mean-ms=0.0122 peak-call-ms=0.0790 calls=61
[pipeline-stage] upload mean-ms=0.6576 peak-call-ms=5.9434 calls=61
[pipeline-stage] presentation mean-ms=0.3749 peak-call-ms=0.8709 calls=291
[pipeline-stage] CRT/resolve mean-ms=0.0121 peak-call-ms=0.0285 calls=582
[pipeline-stage] host UI mean-ms=0.0055 peak-call-ms=0.0222 calls=291
[pipeline-stage] settings UI mean-ms=0.0005 peak-call-ms=0.0015 calls=291
[pipeline-stage] present/wait mean-ms=0.7882 peak-call-ms=2.6384 calls=291
[pipeline-stage] pacing/sleep mean-ms=0.0005 peak-call-ms=0.0152 calls=291
[pipeline-stage] housekeeping mean-ms=0.0004 peak-call-ms=0.0043 calls=61
[pipeline-stage] PPU setup mean-ms=0.0089 peak-call-ms=0.0746 calls=61
[pipeline-stage] PPU scanout mean-ms=1.3899 peak-call-ms=7.7397 calls=61
[pipeline-stage] PPU finish mean-ms=0.0020 peak-call-ms=0.0448 calls=61
[pipeline-stage] action total mean-ms=0.3546 peak-call-ms=0.8426 calls=291
[pipeline-stage] action upload mean-ms=0.2224 peak-call-ms=3.1798 calls=61
[pipeline-stage] action analysis mean-ms=0.3214 peak-call-ms=2.7817 calls=61
[pipeline-stage] action setup mean-ms=0.0087 peak-call-ms=0.0740 calls=61
[pipeline-stage] action scanout mean-ms=1.3897 peak-call-ms=7.7390 calls=61
[pipeline-stage] action finish mean-ms=0.0019 peak-call-ms=0.0443 calls=61
[pipeline-stage] action host-post mean-ms=0.0108 peak-call-ms=0.1084 calls=61
[pipeline-stage] action synthesis mean-ms=0.1198 peak-call-ms=0.2246 calls=291
[pipeline-stage] action mesh mean-ms=0.0057 peak-call-ms=0.0143 calls=1455
[pipeline-stage] action supersample mean-ms=0.0225 peak-call-ms=0.0832 calls=291
[pipeline-stage] action DOF mean-ms=0.0280 peak-call-ms=0.0530 calls=291
[pipeline-stage] action submit mean-ms=0.0147 peak-call-ms=0.0402 calls=2037
[pipeline-stage] action callback mean-ms=0.0218 peak-call-ms=0.0775 calls=1646
[pipeline-work] ticks=0.21 repre=0.79 draws=7.0 vertices=494 upload-MiB=0.165 depth-MiB=0.000 depth-copy-MiB=0.000 depth-copy-calls=0.00 jobs=0.00 helpers=0.00 fallback=0.00 failed=0.00 (per-present)
[pipeline-traffic] upload-calls=0.66 skipped=0.38 scan-MiB=1.776 upload-MiB=0.165 mirror-realloc=0.00 (per-present)
[pipeline-atlas] reuse=0.00 copy-MiB=0.000 copy-calls=0.00 (per-present; copies are GPU-only)
[pipeline-path] cpu-project=0.00 cpu-stage=0.00 gpu-reuse=0.00 publish=0.00 opt-out=0.00 limit=0.00 rejected=0.00 (events/present, not view fallbacks)
[pipeline-perf] scene=Action 3D host=0 map=01/01 output=1280x800 frames=394 fps=392.6 cadence-ms=2.547 p95=9.561 max=17.969 refresh=3 vsync=0 cap=0 gpu-ms=unavailable
[pipeline-stage] events/input mean-ms=0.0671 peak-call-ms=7.7277 calls=394
[pipeline-stage] emulation mean-ms=0.0567 peak-call-ms=1.5746 calls=61
[pipeline-stage] PPU + capture mean-ms=1.0291 peak-call-ms=7.1676 calls=61
[pipeline-stage] world map build mean-ms=0.0001 peak-call-ms=0.0011 calls=61
[pipeline-stage] SIM metadata mean-ms=0.0042 peak-call-ms=0.0611 calls=61
[pipeline-stage] town canvas mean-ms=0.0002 peak-call-ms=0.0031 calls=61
[pipeline-stage] frame snapshot mean-ms=0.0092 peak-call-ms=0.0847 calls=61
[pipeline-stage] upload mean-ms=0.1791 peak-call-ms=1.9290 calls=61
[pipeline-stage] presentation mean-ms=0.2877 peak-call-ms=0.9337 calls=394
[pipeline-stage] CRT/resolve mean-ms=0.0126 peak-call-ms=0.0422 calls=788
[pipeline-stage] host UI mean-ms=0.0053 peak-call-ms=0.0296 calls=394
[pipeline-stage] settings UI mean-ms=0.0004 peak-call-ms=0.0010 calls=394
[pipeline-stage] present/wait mean-ms=0.8644 peak-call-ms=3.2325 calls=394
[pipeline-stage] pacing/sleep mean-ms=0.0004 peak-call-ms=0.0012 calls=394
[pipeline-stage] housekeeping mean-ms=0.0003 peak-call-ms=0.0029 calls=61
[pipeline-stage] PPU setup mean-ms=0.0061 peak-call-ms=0.0565 calls=61
[pipeline-stage] PPU scanout mean-ms=1.0125 peak-call-ms=7.0649 calls=61
[pipeline-stage] PPU finish mean-ms=0.0039 peak-call-ms=0.0389 calls=61
[pipeline-stage] action total mean-ms=0.2674 peak-call-ms=0.9000 calls=394
[pipeline-stage] action upload mean-ms=0.0890 peak-call-ms=0.8245 calls=61
[pipeline-stage] action analysis mean-ms=0.0510 peak-call-ms=0.8323 calls=61
[pipeline-stage] action setup mean-ms=0.0061 peak-call-ms=0.0551 calls=61
[pipeline-stage] action scanout mean-ms=1.0124 peak-call-ms=7.0643 calls=61
[pipeline-stage] action finish mean-ms=0.0039 peak-call-ms=0.0386 calls=61
[pipeline-stage] action host-post mean-ms=0.0081 peak-call-ms=0.0905 calls=61
[pipeline-stage] action synthesis mean-ms=0.0364 peak-call-ms=0.1736 calls=394
[pipeline-stage] action mesh mean-ms=0.0060 peak-call-ms=0.0185 calls=1970
[pipeline-stage] action supersample mean-ms=0.0234 peak-call-ms=0.0528 calls=394
[pipeline-stage] action DOF mean-ms=0.0450 peak-call-ms=0.1212 calls=394
[pipeline-stage] action submit mean-ms=0.0168 peak-call-ms=0.0238 calls=2758
[pipeline-stage] action callback mean-ms=0.0005 peak-call-ms=0.0007 calls=1970
[pipeline-work] ticks=0.15 repre=0.85 draws=7.0 vertices=494 upload-MiB=0.000 depth-MiB=0.000 depth-copy-MiB=0.000 depth-copy-calls=0.00 jobs=0.00 helpers=0.00 fallback=0.00 failed=0.00 (per-present)
[pipeline-traffic] upload-calls=0.10 skipped=0.53 scan-MiB=1.264 upload-MiB=0.000 mirror-realloc=0.00 (per-present)
[pipeline-atlas] reuse=0.00 copy-MiB=0.000 copy-calls=0.00 (per-present; copies are GPU-only)
[pipeline-path] cpu-project=0.00 cpu-stage=0.00 gpu-reuse=0.00 publish=0.00 opt-out=0.00 limit=0.00 rejected=0.00 (events/present, not view fallbacks)
[pipeline-perf] scene=Action 3D host=0 map=01/01 output=1280x800 frames=407 fps=405.7 cadence-ms=2.465 p95=8.749 max=17.554 refresh=3 vsync=0 cap=0 gpu-ms=unavailable
[pipeline-stage] events/input mean-ms=0.0683 peak-call-ms=8.5252 calls=407
[pipeline-stage] emulation mean-ms=0.0396 peak-call-ms=1.8972 calls=60
[pipeline-stage] PPU + capture mean-ms=0.9842 peak-call-ms=7.2598 calls=60
[pipeline-stage] world map build mean-ms=0.0001 peak-call-ms=0.0013 calls=60
[pipeline-stage] SIM metadata mean-ms=0.0039 peak-call-ms=0.0488 calls=60
[pipeline-stage] town canvas mean-ms=0.0002 peak-call-ms=0.0015 calls=60
[pipeline-stage] frame snapshot mean-ms=0.0085 peak-call-ms=0.0731 calls=60
[pipeline-stage] upload mean-ms=0.0927 peak-call-ms=1.0299 calls=60
[pipeline-stage] presentation mean-ms=0.2688 peak-call-ms=0.7599 calls=407
[pipeline-stage] CRT/resolve mean-ms=0.0128 peak-call-ms=0.0288 calls=814
[pipeline-stage] host UI mean-ms=0.0052 peak-call-ms=0.0255 calls=407
[pipeline-stage] settings UI mean-ms=0.0004 peak-call-ms=0.0011 calls=407
[pipeline-stage] present/wait mean-ms=0.9274 peak-call-ms=2.6120 calls=407
[pipeline-stage] pacing/sleep mean-ms=0.0004 peak-call-ms=0.0010 calls=407
[pipeline-stage] housekeeping mean-ms=0.0002 peak-call-ms=0.0025 calls=60
[pipeline-stage] PPU setup mean-ms=0.0059 peak-call-ms=0.0593 calls=60
[pipeline-stage] PPU scanout mean-ms=0.9682 peak-call-ms=7.1411 calls=60
[pipeline-stage] PPU finish mean-ms=0.0039 peak-call-ms=0.0473 calls=60
[pipeline-stage] action total mean-ms=0.2485 peak-call-ms=0.7317 calls=407
[pipeline-stage] action upload mean-ms=0.0558 peak-call-ms=0.5522 calls=60
[pipeline-stage] action analysis mean-ms=0.0006 peak-call-ms=0.0068 calls=60
[pipeline-stage] action setup mean-ms=0.0059 peak-call-ms=0.0589 calls=60
[pipeline-stage] action scanout mean-ms=0.9681 peak-call-ms=7.1404 calls=60
[pipeline-stage] action finish mean-ms=0.0039 peak-call-ms=0.0469 calls=60
[pipeline-stage] action host-post mean-ms=0.0074 peak-call-ms=0.0730 calls=60
[pipeline-stage] action synthesis mean-ms=0.0006 peak-call-ms=0.0021 calls=407
[pipeline-stage] action mesh mean-ms=0.0062 peak-call-ms=0.0198 calls=2035
[pipeline-stage] action supersample mean-ms=0.0240 peak-call-ms=0.0500 calls=407
[pipeline-stage] action DOF mean-ms=0.0567 peak-call-ms=0.1333 calls=407
[pipeline-stage] action submit mean-ms=0.0181 peak-call-ms=0.0226 calls=2849
[pipeline-stage] action callback mean-ms=0.0006 peak-call-ms=0.0012 calls=2035
[pipeline-work] ticks=0.15 repre=0.85 draws=7.0 vertices=494 upload-MiB=0.000 depth-MiB=0.000 depth-copy-MiB=0.000 depth-copy-calls=0.00 jobs=0.00 helpers=0.00 fallback=0.00 failed=0.00 (per-present)
[pipeline-traffic] upload-calls=0.01 skipped=0.59 scan-MiB=1.194 upload-MiB=0.000 mirror-realloc=0.00 (per-present)
[pipeline-atlas] reuse=0.00 copy-MiB=0.000 copy-calls=0.00 (per-present; copies are GPU-only)
[pipeline-path] cpu-project=0.00 cpu-stage=0.00 gpu-reuse=0.00 publish=0.00 opt-out=0.00 limit=0.00 rejected=0.00 (events/present, not view fallbacks)
[pipeline-perf] scene=Action 3D host=0 map=01/01 output=1280x800 frames=427 fps=425.8 cadence-ms=2.349 p95=8.363 max=17.221 refresh=3 vsync=0 cap=0 gpu-ms=unavailable
[pipeline-stage] events/input mean-ms=0.0646 peak-call-ms=7.9759 calls=427
[pipeline-stage] emulation mean-ms=0.0438 peak-call-ms=1.5789 calls=61
[pipeline-stage] PPU + capture mean-ms=0.9285 peak-call-ms=7.2352 calls=61
[pipeline-stage] world map build mean-ms=0.0001 peak-call-ms=0.0066 calls=61
[pipeline-stage] SIM metadata mean-ms=0.0038 peak-call-ms=0.0572 calls=61
[pipeline-stage] town canvas mean-ms=0.0002 peak-call-ms=0.0017 calls=61
[pipeline-stage] frame snapshot mean-ms=0.0083 peak-call-ms=0.0890 calls=61
[pipeline-stage] upload mean-ms=0.0908 peak-call-ms=0.9753 calls=61
[pipeline-stage] presentation mean-ms=0.2582 peak-call-ms=0.7651 calls=427
[pipeline-stage] CRT/resolve mean-ms=0.0122 peak-call-ms=0.0374 calls=854
[pipeline-stage] host UI mean-ms=0.0051 peak-call-ms=0.0364 calls=427
[pipeline-stage] settings UI mean-ms=0.0004 peak-call-ms=0.0015 calls=427
[pipeline-stage] present/wait mean-ms=0.8982 peak-call-ms=3.3727 calls=427
[pipeline-stage] pacing/sleep mean-ms=0.0004 peak-call-ms=0.0011 calls=427
[pipeline-stage] housekeeping mean-ms=0.0002 peak-call-ms=0.0036 calls=61
[pipeline-stage] PPU setup mean-ms=0.0058 peak-call-ms=0.0692 calls=61
[pipeline-stage] PPU scanout mean-ms=0.9130 peak-call-ms=7.1323 calls=61
[pipeline-stage] PPU finish mean-ms=0.0038 peak-call-ms=0.0419 calls=61
[pipeline-stage] action total mean-ms=0.2385 peak-call-ms=0.7379 calls=427
[pipeline-stage] action upload mean-ms=0.0538 peak-call-ms=0.5285 calls=61
[pipeline-stage] action analysis mean-ms=0.0006 peak-call-ms=0.0064 calls=61
[pipeline-stage] action setup mean-ms=0.0057 peak-call-ms=0.0683 calls=61
[pipeline-stage] action scanout mean-ms=0.9129 peak-call-ms=7.1315 calls=61
[pipeline-stage] action finish mean-ms=0.0037 peak-call-ms=0.0416 calls=61
[pipeline-stage] action host-post mean-ms=0.0073 peak-call-ms=0.1062 calls=61
[pipeline-stage] action synthesis mean-ms=0.0007 peak-call-ms=0.0275 calls=427
[pipeline-stage] action mesh mean-ms=0.0058 peak-call-ms=0.0193 calls=2135
[pipeline-stage] action supersample mean-ms=0.0233 peak-call-ms=0.0507 calls=427
[pipeline-stage] action DOF mean-ms=0.0550 peak-call-ms=0.1528 calls=427
[pipeline-stage] action submit mean-ms=0.0169 peak-call-ms=0.0231 calls=2989
[pipeline-stage] action callback mean-ms=0.0005 peak-call-ms=0.0007 calls=2135
[pipeline-work] ticks=0.14 repre=0.86 draws=7.0 vertices=494 upload-MiB=0.000 depth-MiB=0.000 depth-copy-MiB=0.000 depth-copy-calls=0.00 jobs=0.00 helpers=0.00 fallback=0.00 failed=0.00 (per-present)
[pipeline-traffic] upload-calls=0.01 skipped=0.57 scan-MiB=1.157 upload-MiB=0.000 mirror-realloc=0.00 (per-present)
[pipeline-atlas] reuse=0.00 copy-MiB=0.000 copy-calls=0.00 (per-present; copies are GPU-only)
[pipeline-path] cpu-project=0.00 cpu-stage=0.00 gpu-reuse=0.00 publish=0.00 opt-out=0.00 limit=0.00 rejected=0.00 (events/present, not view fallbacks)
[pipeline-perf] scene=Action 3D host=0 map=01/01 output=1280x800 frames=412 fps=410.5 cadence-ms=2.436 p95=8.723 max=16.322 refresh=3 vsync=0 cap=0 gpu-ms=unavailable
[pipeline-stage] events/input mean-ms=0.0672 peak-call-ms=8.0385 calls=412
[pipeline-stage] emulation mean-ms=0.0458 peak-call-ms=1.5993 calls=60
[pipeline-stage] PPU + capture mean-ms=0.9721 peak-call-ms=7.2968 calls=60
[pipeline-stage] world map build mean-ms=0.0001 peak-call-ms=0.0008 calls=60
[pipeline-stage] SIM metadata mean-ms=0.0040 peak-call-ms=0.0660 calls=60
[pipeline-stage] town canvas mean-ms=0.0002 peak-call-ms=0.0016 calls=60
[pipeline-stage] frame snapshot mean-ms=0.0090 peak-call-ms=0.0846 calls=60
[pipeline-stage] upload mean-ms=0.0976 peak-call-ms=1.1349 calls=60
[pipeline-stage] presentation mean-ms=0.2739 peak-call-ms=0.7269 calls=412
[pipeline-stage] CRT/resolve mean-ms=0.0130 peak-call-ms=0.0255 calls=824
[pipeline-stage] host UI mean-ms=0.0053 peak-call-ms=0.0166 calls=412
[pipeline-stage] settings UI mean-ms=0.0004 peak-call-ms=0.0016 calls=412
[pipeline-stage] present/wait mean-ms=0.8908 peak-call-ms=3.3287 calls=412
[pipeline-stage] pacing/sleep mean-ms=0.0004 peak-call-ms=0.0161 calls=412
[pipeline-stage] housekeeping mean-ms=0.0002 peak-call-ms=0.0024 calls=60
[pipeline-stage] PPU setup mean-ms=0.0057 peak-call-ms=0.0609 calls=60
[pipeline-stage] PPU scanout mean-ms=0.9565 peak-call-ms=7.1941 calls=60
[pipeline-stage] PPU finish mean-ms=0.0039 peak-call-ms=0.0649 calls=60
[pipeline-stage] action total mean-ms=0.2532 peak-call-ms=0.6998 calls=412
[pipeline-stage] action upload mean-ms=0.0582 peak-call-ms=0.5090 calls=60
[pipeline-stage] action analysis mean-ms=0.0009 peak-call-ms=0.0496 calls=60
[pipeline-stage] action setup mean-ms=0.0056 peak-call-ms=0.0602 calls=60
[pipeline-stage] action scanout mean-ms=0.9564 peak-call-ms=7.1935 calls=60
[pipeline-stage] action finish mean-ms=0.0038 peak-call-ms=0.0645 calls=60
[pipeline-stage] action host-post mean-ms=0.0077 peak-call-ms=0.0894 calls=60
[pipeline-stage] action synthesis mean-ms=0.0007 peak-call-ms=0.0027 calls=412
[pipeline-stage] action mesh mean-ms=0.0068 peak-call-ms=0.0811 calls=2060
[pipeline-stage] action supersample mean-ms=0.0244 peak-call-ms=0.0748 calls=412
[pipeline-stage] action DOF mean-ms=0.0592 peak-call-ms=0.1431 calls=412
[pipeline-stage] action submit mean-ms=0.0179 peak-call-ms=0.0303 calls=2884
[pipeline-stage] action callback mean-ms=0.0006 peak-call-ms=0.0007 calls=2060
[pipeline-work] ticks=0.15 repre=0.85 draws=7.0 vertices=494 upload-MiB=0.000 depth-MiB=0.000 depth-copy-MiB=0.000 depth-copy-calls=0.00 jobs=0.00 helpers=0.00 fallback=0.00 failed=0.00 (per-present)
[pipeline-traffic] upload-calls=0.01 skipped=0.58 scan-MiB=1.180 upload-MiB=0.000 mirror-realloc=0.00 (per-present)
[pipeline-atlas] reuse=0.00 copy-MiB=0.000 copy-calls=0.00 (per-present; copies are GPU-only)
[pipeline-path] cpu-project=0.00 cpu-stage=0.00 gpu-reuse=0.00 publish=0.00 opt-out=0.00 limit=0.00 rejected=0.00 (events/present, not view fallbacks)
[pipeline-perf] scene=Action 3D host=0 map=01/01 output=1280x800 frames=405 fps=404.0 cadence-ms=2.476 p95=8.476 max=16.324 refresh=3 vsync=0 cap=0 gpu-ms=unavailable
[pipeline-stage] events/input mean-ms=0.0692 peak-call-ms=7.9549 calls=405
[pipeline-stage] emulation mean-ms=0.0461 peak-call-ms=1.6719 calls=60
[pipeline-stage] PPU + capture mean-ms=0.9737 peak-call-ms=7.2884 calls=60
[pipeline-stage] world map build mean-ms=0.0001 peak-call-ms=0.0013 calls=60
[pipeline-stage] SIM metadata mean-ms=0.0038 peak-call-ms=0.0357 calls=60
[pipeline-stage] town canvas mean-ms=0.0003 peak-call-ms=0.0380 calls=60
[pipeline-stage] frame snapshot mean-ms=0.0089 peak-call-ms=0.1303 calls=60
[pipeline-stage] upload mean-ms=0.0930 peak-call-ms=0.9806 calls=60
[pipeline-stage] presentation mean-ms=0.2762 peak-call-ms=0.7533 calls=405
[pipeline-stage] CRT/resolve mean-ms=0.0133 peak-call-ms=0.0385 calls=810
[pipeline-stage] host UI mean-ms=0.0054 peak-call-ms=0.0231 calls=405
[pipeline-stage] settings UI mean-ms=0.0004 peak-call-ms=0.0010 calls=405
[pipeline-stage] present/wait mean-ms=0.9269 peak-call-ms=2.6145 calls=405
[pipeline-stage] pacing/sleep mean-ms=0.0004 peak-call-ms=0.0012 calls=405
[pipeline-stage] housekeeping mean-ms=0.0003 peak-call-ms=0.0031 calls=60
[pipeline-stage] PPU setup mean-ms=0.0059 peak-call-ms=0.0692 calls=60
[pipeline-stage] PPU scanout mean-ms=0.9577 peak-call-ms=7.1841 calls=60
[pipeline-stage] PPU finish mean-ms=0.0038 peak-call-ms=0.0349 calls=60
[pipeline-stage] action total mean-ms=0.2551 peak-call-ms=0.7242 calls=405
[pipeline-stage] action upload mean-ms=0.0555 peak-call-ms=0.4858 calls=60
[pipeline-stage] action analysis mean-ms=0.0006 peak-call-ms=0.0064 calls=60
[pipeline-stage] action setup mean-ms=0.0059 peak-call-ms=0.0686 calls=60
[pipeline-stage] action scanout mean-ms=0.9576 peak-call-ms=7.1831 calls=60
[pipeline-stage] action finish mean-ms=0.0038 peak-call-ms=0.0344 calls=60
[pipeline-stage] action host-post mean-ms=0.0074 peak-call-ms=0.0858 calls=60
[pipeline-stage] action synthesis mean-ms=0.0007 peak-call-ms=0.0026 calls=405
[pipeline-stage] action mesh mean-ms=0.0063 peak-call-ms=0.0260 calls=2025
[pipeline-stage] action supersample mean-ms=0.0247 peak-call-ms=0.0728 calls=405
[pipeline-stage] action DOF mean-ms=0.0598 peak-call-ms=0.1433 calls=405
[pipeline-stage] action submit mean-ms=0.0181 peak-call-ms=0.0477 calls=2835
[pipeline-stage] action callback mean-ms=0.0006 peak-call-ms=0.0008 calls=2025
[pipeline-work] ticks=0.15 repre=0.85 draws=7.0 vertices=494 upload-MiB=0.000 depth-MiB=0.000 depth-copy-MiB=0.000 depth-copy-calls=0.00 jobs=0.00 helpers=0.00 fallback=0.00 failed=0.00 (per-present)
[pipeline-traffic] upload-calls=0.01 skipped=0.59 scan-MiB=1.200 upload-MiB=0.000 mirror-realloc=0.00 (per-present)
[pipeline-atlas] reuse=0.00 copy-MiB=0.000 copy-calls=0.00 (per-present; copies are GPU-only)
[pipeline-path] cpu-project=0.00 cpu-stage=0.00 gpu-reuse=0.00 publish=0.00 opt-out=0.00 limit=0.00 rejected=0.00 (events/present, not view fallbacks)
[pipeline-perf] scene=Action 3D host=0 map=01/01 output=1280x800 frames=425 fps=423.7 cadence-ms=2.360 p95=8.439 max=16.346 refresh=3 vsync=0 cap=0 gpu-ms=unavailable
[pipeline-stage] events/input mean-ms=0.0802 peak-call-ms=7.9298 calls=425
[pipeline-stage] emulation mean-ms=0.0430 peak-call-ms=1.7532 calls=61
[pipeline-stage] PPU + capture mean-ms=0.9457 peak-call-ms=6.9747 calls=61
[pipeline-stage] world map build mean-ms=0.0001 peak-call-ms=0.0081 calls=61
[pipeline-stage] SIM metadata mean-ms=0.0037 peak-call-ms=0.0559 calls=61
[pipeline-stage] town canvas mean-ms=0.0002 peak-call-ms=0.0028 calls=61
[pipeline-stage] frame snapshot mean-ms=0.0089 peak-call-ms=0.1172 calls=61
[pipeline-stage] upload mean-ms=0.0905 peak-call-ms=1.0098 calls=61
[pipeline-stage] presentation mean-ms=0.2580 peak-call-ms=0.7776 calls=425
[pipeline-stage] CRT/resolve mean-ms=0.0124 peak-call-ms=0.0455 calls=850
[pipeline-stage] host UI mean-ms=0.0051 peak-call-ms=0.0277 calls=425
[pipeline-stage] settings UI mean-ms=0.0004 peak-call-ms=0.0019 calls=425
[pipeline-stage] present/wait mean-ms=0.8791 peak-call-ms=3.1388 calls=425
[pipeline-stage] pacing/sleep mean-ms=0.0003 peak-call-ms=0.0022 calls=425
[pipeline-stage] housekeeping mean-ms=0.0002 peak-call-ms=0.0042 calls=61
[pipeline-stage] PPU setup mean-ms=0.0063 peak-call-ms=0.1038 calls=61
[pipeline-stage] PPU scanout mean-ms=0.9293 peak-call-ms=6.8524 calls=61
[pipeline-stage] PPU finish mean-ms=0.0038 peak-call-ms=0.0448 calls=61
[pipeline-stage] action total mean-ms=0.2383 peak-call-ms=0.7497 calls=425
[pipeline-stage] action upload mean-ms=0.0532 peak-call-ms=0.4354 calls=61
[pipeline-stage] action analysis mean-ms=0.0006 peak-call-ms=0.0120 calls=61
[pipeline-stage] action setup mean-ms=0.0062 peak-call-ms=0.1035 calls=61
[pipeline-stage] action scanout mean-ms=0.9292 peak-call-ms=6.8516 calls=61
[pipeline-stage] action finish mean-ms=0.0038 peak-call-ms=0.0445 calls=61
[pipeline-stage] action host-post mean-ms=0.0074 peak-call-ms=0.0966 calls=61
[pipeline-stage] action synthesis mean-ms=0.0007 peak-call-ms=0.0028 calls=425
[pipeline-stage] action mesh mean-ms=0.0070 peak-call-ms=0.0168 calls=2125
[pipeline-stage] action supersample mean-ms=0.0228 peak-call-ms=0.0623 calls=425
[pipeline-stage] action DOF mean-ms=0.0536 peak-call-ms=0.1512 calls=425
[pipeline-stage] action submit mean-ms=0.0169 peak-call-ms=0.0235 calls=2975
[pipeline-stage] action callback mean-ms=0.0005 peak-call-ms=0.0009 calls=2125
[pipeline-work] ticks=0.14 repre=0.86 draws=7.0 vertices=494 upload-MiB=0.000 depth-MiB=0.000 depth-copy-MiB=0.000 depth-copy-calls=0.00 jobs=0.00 helpers=0.00 fallback=0.00 failed=0.00 (per-present)
[pipeline-traffic] upload-calls=0.01 skipped=0.57 scan-MiB=1.163 upload-MiB=0.000 mirror-realloc=0.00 (per-present)
[pipeline-atlas] reuse=0.00 copy-MiB=0.000 copy-calls=0.00 (per-present; copies are GPU-only)
[pipeline-path] cpu-project=0.00 cpu-stage=0.00 gpu-reuse=0.00 publish=0.00 opt-out=0.00 limit=0.00 rejected=0.00 (events/present, not view fallbacks)
[present-cadence] tick-presents=1996 re-presents=23389 max-represent-alpha=1.000 no-present-no-sleep=0
[dump] wrote runs/20260912-173931/dump_state.txt + wram/sram/dispatch_log (exit)
[action-bg-hle] provider-summary frames=1293 preflight={layers:2570,tiles:2411645,mismatches:0,outside:0} eligible=2570 layers=2570 lookups=61123680 batches=2965984 tiles=58749120 outside=2374560 band-cache={builds:0,hits:0}
[action-room-scene] provider-summary layers=2570 live-fallbacks=0
[localized-text] cache lookups=55930 hits=55889 misses=41 rasters=41 uploads=41 failures=0
[action-room-load-hle] summary command5=2 command4=2 bytes=20992
[action-room-gfx-hle] summary command7=5 command6=3 bytes=37248
[action-room-video-hle] summary command3=1 bytes=28
[run-dir] all diagnostics from this run: runs/20260912-173931/  (share with: zip -r report.zip runs/20260912-173931)
